Archive member included to satisfy reference by file (symbol)

c:/altera_lite/15.1/nios2eds/bin/gnu/h-x86_64-mingw32/bin/../lib/gcc/nios2-elf/4.9.2/../../../../../H-x86_64-mingw32/nios2-elf/lib/mhw-mulx\libc.a(lib_a-printf.o)
                              obj/default/Controller.o (printf)
c:/altera_lite/15.1/nios2eds/bin/gnu/h-x86_64-mingw32/bin/../lib/gcc/nios2-elf/4.9.2/../../../../../H-x86_64-mingw32/nios2-elf/lib/mhw-mulx\libc.a(lib_a-vfprintf.o)
                              c:/altera_lite/15.1/nios2eds/bin/gnu/h-x86_64-mingw32/bin/../lib/gcc/nios2-elf/4.9.2/../../../../../H-x86_64-mingw32/nios2-elf/lib/mhw-mulx\libc.a(lib_a-printf.o) (___vfprintf_internal_r)
c:/altera_lite/15.1/nios2eds/bin/gnu/h-x86_64-mingw32/bin/../lib/gcc/nios2-elf/4.9.2/../../../../../H-x86_64-mingw32/nios2-elf/lib/mhw-mulx\libc.a(lib_a-wsetup.o)
                              c:/altera_lite/15.1/nios2eds/bin/gnu/h-x86_64-mingw32/bin/../lib/gcc/nios2-elf/4.9.2/../../../../../H-x86_64-mingw32/nios2-elf/lib/mhw-mulx\libc.a(lib_a-vfprintf.o) (__swsetup_r)
c:/altera_lite/15.1/nios2eds/bin/gnu/h-x86_64-mingw32/bin/../lib/gcc/nios2-elf/4.9.2/../../../../../H-x86_64-mingw32/nios2-elf/lib/mhw-mulx\libc.a(lib_a-dtoa.o)
                              c:/altera_lite/15.1/nios2eds/bin/gnu/h-x86_64-mingw32/bin/../lib/gcc/nios2-elf/4.9.2/../../../../../H-x86_64-mingw32/nios2-elf/lib/mhw-mulx\libc.a(lib_a-vfprintf.o) (_dtoa_r)
c:/altera_lite/15.1/nios2eds/bin/gnu/h-x86_64-mingw32/bin/../lib/gcc/nios2-elf/4.9.2/../../../../../H-x86_64-mingw32/nios2-elf/lib/mhw-mulx\libc.a(lib_a-fflush.o)
                              c:/altera_lite/15.1/nios2eds/bin/gnu/h-x86_64-mingw32/bin/../lib/gcc/nios2-elf/4.9.2/../../../../../H-x86_64-mingw32/nios2-elf/lib/mhw-mulx\libc.a(lib_a-vfprintf.o) (_fflush_r)
c:/altera_lite/15.1/nios2eds/bin/gnu/h-x86_64-mingw32/bin/../lib/gcc/nios2-elf/4.9.2/../../../../../H-x86_64-mingw32/nios2-elf/lib/mhw-mulx\libc.a(lib_a-findfp.o)
                              c:/altera_lite/15.1/nios2eds/bin/gnu/h-x86_64-mingw32/bin/../lib/gcc/nios2-elf/4.9.2/../../../../../H-x86_64-mingw32/nios2-elf/lib/mhw-mulx\libc.a(lib_a-vfprintf.o) (__sinit)
c:/altera_lite/15.1/nios2eds/bin/gnu/h-x86_64-mingw32/bin/../lib/gcc/nios2-elf/4.9.2/../../../../../H-x86_64-mingw32/nios2-elf/lib/mhw-mulx\libc.a(lib_a-freer.o)
                              c:/altera_lite/15.1/nios2eds/bin/gnu/h-x86_64-mingw32/bin/../lib/gcc/nios2-elf/4.9.2/../../../../../H-x86_64-mingw32/nios2-elf/lib/mhw-mulx\libc.a(lib_a-wsetup.o) (_free_r)
c:/altera_lite/15.1/nios2eds/bin/gnu/h-x86_64-mingw32/bin/../lib/gcc/nios2-elf/4.9.2/../../../../../H-x86_64-mingw32/nios2-elf/lib/mhw-mulx\libc.a(lib_a-fwalk.o)
                              c:/altera_lite/15.1/nios2eds/bin/gnu/h-x86_64-mingw32/bin/../lib/gcc/nios2-elf/4.9.2/../../../../../H-x86_64-mingw32/nios2-elf/lib/mhw-mulx\libc.a(lib_a-findfp.o) (_fwalk)
c:/altera_lite/15.1/nios2eds/bin/gnu/h-x86_64-mingw32/bin/../lib/gcc/nios2-elf/4.9.2/../../../../../H-x86_64-mingw32/nios2-elf/lib/mhw-mulx\libc.a(lib_a-impure.o)
                              c:/altera_lite/15.1/nios2eds/bin/gnu/h-x86_64-mingw32/bin/../lib/gcc/nios2-elf/4.9.2/../../../../../H-x86_64-mingw32/nios2-elf/lib/mhw-mulx\libc.a(lib_a-fflush.o) (_global_impure_ptr)
c:/altera_lite/15.1/nios2eds/bin/gnu/h-x86_64-mingw32/bin/../lib/gcc/nios2-elf/4.9.2/../../../../../H-x86_64-mingw32/nios2-elf/lib/mhw-mulx\libc.a(lib_a-locale.o)
                              c:/altera_lite/15.1/nios2eds/bin/gnu/h-x86_64-mingw32/bin/../lib/gcc/nios2-elf/4.9.2/../../../../../H-x86_64-mingw32/nios2-elf/lib/mhw-mulx\libc.a(lib_a-vfprintf.o) (_localeconv_r)
c:/altera_lite/15.1/nios2eds/bin/gnu/h-x86_64-mingw32/bin/../lib/gcc/nios2-elf/4.9.2/../../../../../H-x86_64-mingw32/nios2-elf/lib/mhw-mulx\libc.a(lib_a-makebuf.o)
                              c:/altera_lite/15.1/nios2eds/bin/gnu/h-x86_64-mingw32/bin/../lib/gcc/nios2-elf/4.9.2/../../../../../H-x86_64-mingw32/nios2-elf/lib/mhw-mulx\libc.a(lib_a-wsetup.o) (__smakebuf_r)
c:/altera_lite/15.1/nios2eds/bin/gnu/h-x86_64-mingw32/bin/../lib/gcc/nios2-elf/4.9.2/../../../../../H-x86_64-mingw32/nios2-elf/lib/mhw-mulx\libc.a(lib_a-mallocr.o)
                              c:/altera_lite/15.1/nios2eds/bin/gnu/h-x86_64-mingw32/bin/../lib/gcc/nios2-elf/4.9.2/../../../../../H-x86_64-mingw32/nios2-elf/lib/mhw-mulx\libc.a(lib_a-findfp.o) (_malloc_r)
c:/altera_lite/15.1/nios2eds/bin/gnu/h-x86_64-mingw32/bin/../lib/gcc/nios2-elf/4.9.2/../../../../../H-x86_64-mingw32/nios2-elf/lib/mhw-mulx\libc.a(lib_a-memchr.o)
                              c:/altera_lite/15.1/nios2eds/bin/gnu/h-x86_64-mingw32/bin/../lib/gcc/nios2-elf/4.9.2/../../../../../H-x86_64-mingw32/nios2-elf/lib/mhw-mulx\libc.a(lib_a-vfprintf.o) (memchr)
c:/altera_lite/15.1/nios2eds/bin/gnu/h-x86_64-mingw32/bin/../lib/gcc/nios2-elf/4.9.2/../../../../../H-x86_64-mingw32/nios2-elf/lib/mhw-mulx\libc.a(lib_a-memcpy.o)
[...]
Memory Configuration

Name             Origin             Length             Attributes
reset            0x0000000000000000 0x0000000000000020
SDRAM            0x0000000000000020 0x0000000003ffffe0
Flash_flash_data 0x000000000c000000 0x0000000000800000
*default*        0x0000000000000000 0xffffffffffffffff

Linker script and memory map

LOAD C:/Users/rickert/Documents/GitHub/KBS_ESA_bsp//obj/HAL/src/crt0.o
LOAD obj/default/.metadata/.plugins/org.eclipse.cdt.make.core/specs.o
LOAD obj/default/.metadata/.plugins/org.eclipse.cdt.managedbuilder.core/spec.o
LOAD obj/default/Controller.o
LOAD obj/default/Game.o
LOAD obj/default/Menu.o
LOAD obj/default/hello_ucosii.o
LOAD obj/default/.metadata/.plugins/org.eclipse.cdt.make.core/specs.o
LOAD c:/altera_lite/15.1/nios2eds/bin/gnu/h-x86_64-mingw32/bin/../lib/gcc/nios2-elf/4.9.2/../../../../../H-x86_64-mingw32/nios2-elf/lib/mhw-mulx\libstdc++.a
LOAD c:/altera_lite/15.1/nios2eds/bin/gnu/h-x86_64-mingw32/bin/../lib/gcc/nios2-elf/4.9.2/../../../../../H-x86_64-mingw32/nios2-elf/lib/mhw-mulx\libm.a
LOAD c:/altera_lite/15.1/nios2eds/bin/gnu/h-x86_64-mingw32/bin/../lib/gcc/nios2-elf/4.9.2/mhw-mulx\libgcc.a
START GROUP
LOAD c:/altera_lite/15.1/nios2eds/bin/gnu/h-x86_64-mingw32/bin/../lib/gcc/nios2-elf/4.9.2/../../../../../H-x86_64-mingw32/nios2-elf/lib/mhw-mulx\libc.a
LOAD c:/altera_lite/15.1/nios2eds/bin/gnu/h-x86_64-mingw32/bin/../lib/gcc/nios2-elf/4.9.2/mhw-mulx\libgcc.a
LOAD C:/Users/rickert/Documents/GitHub/KBS_ESA_bsp/\libucosii_bsp.a
LOAD c:/altera_lite/15.1/nios2eds/bin/gnu/h-x86_64-mingw32/bin/../lib/gcc/nios2-elf/4.9.2/../../../../../H-x86_64-mingw32/nios2-elf/lib/mhw-mulx\libm.a
END GROUP
LOAD c:/altera_lite/15.1/nios2eds/bin/gnu/h-x86_64-mingw32/bin/../lib/gcc/nios2-elf/4.9.2/mhw-mulx\libgcc.a
                0x0000000000000000                __alt_mem_SDRAM = 0x0
                0x000000000c000000                __alt_mem_Flash_flash_data = 0xc000000

.entry          0x0000000000000000       0x20
 *(.entry)
 .entry         0x0000000000000000       0x20 C:/Users/rickert/Documents/GitHub/KBS_ESA_bsp//obj/HAL/src/crt0.o
                0x0000000000000000                __reset

.exceptions     0x0000000000000020      0x224
                0x0000000000000020                PROVIDE (__ram_exceptions_start, ABSOLUTE (.))
                0x0000000000000020                . = ALIGN (0x20)
 *(.irq)
 *(.exceptions.entry.label)
 .exceptions.entry.label
                0x0000000000000020        0x0 C:/Users/rickert/Documents/GitHub/KBS_ESA_bsp/\libucosii_bsp.a(alt_irq_entry.o)
                0x0000000000000020                alt_irq_entry
 .exceptions.entry.label
                0x0000000000000020        0x0 C:/Users/rickert/Documents/GitHub/KBS_ESA_bsp/\libucosii_bsp.a(alt_exception_entry.o)
                0x0000000000000020                alt_exception
 *(.exceptions.entry.user)
 *(.exceptions.entry.ecc_fatal)
 *(.exceptions.entry)
 .exceptions.entry
                0x0000000000000020       0x54 C:/Users/rickert/Documents/GitHub/KBS_ESA_bsp/\libucosii_bsp.a(alt_exception_entry.o)
 *(.exceptions.irqtest.user)
 *(.exceptions.irqtest)
 .exceptions.irqtest
                0x0000000000000074       0x10 C:/Users/rickert/Documents/GitHub/KBS_ESA_bsp/\libucosii_bsp.a(alt_irq_entry.o)
 *(.exceptions.irqhandler.user)
 *(.exceptions.irqhandler)
 .exceptions.irqhandler
                0x0000000000000084        0x4 C:/Users/rickert/Documents/GitHub/KBS_ESA_bsp/\libucosii_bsp.a(alt_irq_entry.o)
 *(.exceptions.irqreturn.user)
 *(.exceptions.irqreturn)
 .exceptions.irqreturn
                0x0000000000000088        0x4 C:/Users/rickert/Documents/GitHub/KBS_ESA_bsp/\libucosii_bsp.a(alt_irq_entry.o)
 *(.exceptions.notirq.label)
 .exceptions.notirq.label
                0x000000000000008c        0x0 C:/Users/rickert/Documents/GitHub/KBS_ESA_bsp/\libucosii_bsp.a(alt_irq_entry.o)
 *(.exceptions.notirq.user)
 *(.exceptions.notirq)
 .exceptions.notirq
                0x000000000000008c        0x8 C:/Users/rickert/Documents/GitHub/KBS_ESA_bsp/\libucosii_bsp.a(alt_exception_entry.o)
 *(.exceptions.soft.user)
 *(.exceptions.soft)
 *(.exceptions.unknown.user)
 *(.exceptions.unknown)
 .exceptions.unknown
                0x0000000000000094       0x14 C:/Users/rickert/Documents/GitHub/KBS_ESA_bsp/\libucosii_bsp.a(alt_exception_entry.o)
 *(.exceptions.exit.label)
 .exceptions.exit.label
                0x00000000000000a8        0x0 C:/Users/rickert/Documents/GitHub/KBS_ESA_bsp/\libucosii_bsp.a(alt_irq_entry.o)
 .exceptions.exit.label
                0x00000000000000a8        0x0 C:/Users/rickert/Documents/GitHub/KBS_ESA_bsp/\libucosii_bsp.a(alt_exception_entry.o)
 *(.exceptions.exit.user)
 *(.exceptions.exit)
 .exceptions.exit
                0x00000000000000a8       0x54 C:/Users/rickert/Documents/GitHub/KBS_ESA_bsp/\libucosii_bsp.a(alt_exception_entry.o)
 *(.exceptions)
 .exceptions    0x00000000000000fc       0xd4 C:/Users/rickert/Documents/GitHub/KBS_ESA_bsp/\libucosii_bsp.a(alt_irq_handler.o)
                0x00000000000000fc                alt_irq_handler
 .exceptions    0x00000000000001d0       0x74 C:/Users/rickert/Documents/GitHub/KBS_ESA_bsp/\libucosii_bsp.a(alt_instruction_exception_entry.o)
                0x00000000000001d0                alt_instruction_exception_entry
                0x0000000000000244                PROVIDE (__ram_exceptions_end, ABSOLUTE (.))
                0x0000000000000020                PROVIDE (__flash_exceptions_start, LOADADDR (.exceptions))

.text           0x0000000000000244    0x193b0
                0x0000000000000244                PROVIDE (stext, ABSOLUTE (.))
 *(.interp)
 *(.hash)
 *(.dynsym)
 *(.dynstr)
 *(.gnu.version)
 *(.gnu.version_d)
 *(.gnu.version_r)
 *(.rel.init)
 *(.rela.init)
 *(.rel.text .rel.text.* .rel.gnu.linkonce.t.*)
 *(.rela.text .rela.text.* .rela.gnu.linkonce.t.*)
 *(.rel.fini)
 *(.rela.fini)
 *(.rel.rodata .rel.rodata.* .rel.gnu.linkonce.r.*)
 *(.rela.rodata .rela.rodata.* .rela.gnu.linkonce.r.*)
 *(.rel.data .rel.data.* .rel.gnu.linkonce.d.*)
 *(.rela.data .rela.data.* .rela.gnu.linkonce.d.*)
 *(.rel.tdata .rel.tdata.* .rel.gnu.linkonce.td.*)
 *(.rela.tdata .rela.tdata.* .rela.gnu.linkonce.td.*)
 *(.rel.tbss .rel.tbss.* .rel.gnu.linkonce.tb.*)
 *(.rela.tbss .rela.tbss.* .rela.gnu.linkonce.tb.*)
 *(.rel.ctors)
 *(.rela.ctors)
 *(.rel.dtors)
 *(.rela.dtors)
 *(.rel.got)
 *(.rela.got)
 *(.rel.sdata .rel.sdata.* .rel.gnu.linkonce.s.*)
 *(.rela.sdata .rela.sdata.* .rela.gnu.linkonce.s.*)
 *(.rel.sbss .rel.sbss.* .rel.gnu.linkonce.sb.*)
 *(.rela.sbss .rela.sbss.* .rela.gnu.linkonce.sb.*)
 *(.rel.sdata2 .rel.sdata2.* .rel.gnu.linkonce.s2.*)
 *(.rela.sdata2 .rela.sdata2.* .rela.gnu.linkonce.s2.*)
 *(.rel.sbss2 .rel.sbss2.* .rel.gnu.linkonce.sb2.*)
 *(.rela.sbss2 .rela.sbss2.* .rela.gnu.linkonce.sb2.*)
 *(.rel.bss .rel.bss.* .rel.gnu.linkonce.b.*)
 *(.rela.bss .rela.bss.* .rela.gnu.linkonce.b.*)
 *(.rel.plt)
 *(.rela.plt)
 *(.rel.dyn)
 *(.init)
 *(.plt)
 *(.text .stub .text.* .gnu.linkonce.t.*)
 .text          0x0000000000000244       0x3c C:/Users/rickert/Documents/GitHub/KBS_ESA_bsp//obj/HAL/src/crt0.o
                0x0000000000000244                _start
 .text          0x0000000000000280        0x0 obj/default/.metadata/.plugins/org.eclipse.cdt.make.core/specs.o
 .text          0x0000000000000280        0x0 obj/default/.metadata/.plugins/org.eclipse.cdt.managedbuilder.core/spec.o
 .text          0x0000000000000280      0x424 obj/default/Controller.o
                0x0000000000000280                controllers
                0x00000000000002fc                controller
                0x0000000000000424                checkID
                0x0000000000000470                moveUp
                0x0000000000000588                moveDown
 .text          0x00000000000006a4        0x0 obj/default/Game.o
 .text          0x00000000000006a4      0x3a8 obj/default/Menu.o
                0x00000000000006a4                menu
                0x0000000000000740                selecteerMenu
 .text          0x0000000000000a4c      0x228 obj/default/hello_ucosii.o
                0x0000000000000a4c                main
                0x0000000000000b30                VGA_box
                0x0000000000000be4                VGA_text
 .text          0x0000000000000c74        0x0 obj/default/.metadata/.plugins/org.eclipse.cdt.make.core/specs.o
 .text          0x0000000000000c74        0x0 c:/altera_lite/15.1/nios2eds/bin/gnu/h-x86_64-mingw32/bin/../lib/gcc/nios2-elf/4.9.2/../../../../../H-x86_64-mingw32/nios2-elf/lib/mhw-mulx\libc.a(lib_a-printf.o)
 .text._printf_r
                0x0000000000000c74       0x2c c:/altera_lite/15.1/nios2eds/bin/gnu/h-x86_64-mingw32/bin/../lib/gcc/nios2-elf/4.9.2/../../../../../H-x86_64-mingw32/nios2-elf/lib/mhw-mulx\libc.a(lib_a-printf.o)
                0x0000000000000c74                _printf_r
 .text.printf   0x0000000000000ca0       0x3c c:/altera_lite/15.1/nios2eds/bin/gnu/h-x86_64-mingw32/bin/../lib/gcc/nios2-elf/4.9.2/../../../../../H-x86_64-mingw32/nios2-elf/lib/mhw-mulx\libc.a(lib_a-printf.o)
                0x0000000000000ca0                printf
 .text          0x0000000000000cdc        0x0 c:/altera_lite/15.1/nios2eds/bin/gnu/h-x86_64-mingw32/bin/../lib/gcc/nios2-elf/4.9.2/../../../../../H-x86_64-mingw32/nios2-elf/lib/mhw-mulx\libc.a(lib_a-vfprintf.o)
 .text.___vfprintf_internal_r
                0x0000000000000cdc     0x1f50 c:/altera_lite/15.1/nios2eds/bin/gnu/h-x86_64-mingw32/bin/../lib/gcc/nios2-elf/4.9.2/../../../../../H-x86_64-mingw32/nios2-elf/lib/mhw-mulx\libc.a(lib_a-vfprintf.o)
                0x0000000000000cdc                ___vfprintf_internal_r
 .text.__vfprintf_internal
                0x0000000000002c2c       0x24 c:/altera_lite/15.1/nios2eds/bin/gnu/h-x86_64-mingw32/bin/../lib/gcc/nios2-elf/4.9.2/../../../../../H-x86_64-mingw32/nios2-elf/lib/mhw-mulx\libc.a(lib_a-vfprintf.o)
                0x0000000000002c2c                __vfprintf_internal
 .text.__sbprintf
                0x0000000000002c50       0xbc c:/altera_lite/15.1/nios2eds/bin/gnu/h-x86_64-mingw32/bin/../lib/gcc/nios2-elf/4.9.2/../../../../../H-x86_64-mingw32/nios2-elf/lib/mhw-mulx\libc.a(lib_a-vfprintf.o)
 .text          0x0000000000002d0c        0x0 c:/altera_lite/15.1/nios2eds/bin/gnu/h-x86_64-mingw32/bin/../lib/gcc/nios2-elf/4.9.2/../../../../../H-x86_64-mingw32/nios2-elf/lib/mhw-mulx\libc.a(lib_a-wsetup.o)
 .text.__swsetup_r
                0x0000000000002d0c      0x154 c:/altera_lite/15.1/nios2eds/bin/gnu/h-x86_64-mingw32/bin/../lib/gcc/nios2-elf/4.9.2/../../../../../H-x86_64-mingw32/nios2-elf/lib/mhw-mulx\libc.a(lib_a-wsetup.o)
                0x0000000000002d0c                __swsetup_r
 .text          0x0000000000002e60        0x0 c:/altera_lite/15.1/nios2eds/bin/gnu/h-x86_64-mingw32/bin/../lib/gcc/nios2-elf/4.9.2/../../../../../H-x86_64-mingw32/nios2-elf/lib/mhw-mulx\libc.a(lib_a-dtoa.o)
 .text.quorem   0x0000000000002e60      0x200 c:/altera_lite/15.1/nios2eds/bin/gnu/h-x86_64-mingw32/bin/../lib/gcc/nios2-elf/4.9.2/../../../../../H-x86_64-mingw32/nios2-elf/lib/mhw-mulx\libc.a(lib_a-dtoa.o)
 .text._dtoa_r  0x0000000000003060     0x1728 c:/altera_lite/15.1/nios2eds/bin/gnu/h-x86_64-mingw32/bin/../lib/gcc/nios2-elf/4.9.2/../../../../../H-x86_64-mingw32/nios2-elf/lib/mhw-mulx\libc.a(lib_a-dtoa.o)
                0x0000000000003060                _dtoa_r
 .text          0x0000000000004788        0x0 c:/altera_lite/15.1/nios2eds/bin/gnu/h-x86_64-mingw32/bin/../lib/gcc/nios2-elf/4.9.2/../../../../../H-x86_64-mingw32/nios2-elf/lib/mhw-mulx\libc.a(lib_a-fflush.o)
 .text.__sflush_r
                0x0000000000004788      0x208 c:/altera_lite/15.1/nios2eds/bin/gnu/h-x86_64-mingw32/bin/../lib/gcc/nios2-elf/4.9.2/../../../../../H-x86_64-mingw32/nios2-elf/lib/mhw-mulx\libc.a(lib_a-fflush.o)
                0x0000000000004788                __sflush_r
 .text._fflush_r
                0x0000000000004990       0x5c c:/altera_lite/15.1/nios2eds/bin/gnu/h-x86_64-mingw32/bin/../lib/gcc/nios2-elf/4.9.2/../../../../../H-x86_64-mingw32/nios2-elf/lib/mhw-mulx\libc.a(lib_a-fflush.o)
                0x0000000000004990                _fflush_r
 .text.fflush   0x00000000000049ec       0x30 c:/altera_lite/15.1/nios2eds/bin/gnu/h-x86_64-mingw32/bin/../lib/gcc/nios2-elf/4.9.2/../../../../../H-x86_64-mingw32/nios2-elf/lib/mhw-mulx\libc.a(lib_a-fflush.o)
                0x00000000000049ec                fflush
 .text          0x0000000000004a1c        0x0 c:/altera_lite/15.1/nios2eds/bin/gnu/h-x86_64-mingw32/bin/../lib/gcc/nios2-elf/4.9.2/../../../../../H-x86_64-mingw32/nios2-elf/lib/mhw-mulx\libc.a(lib_a-findfp.o)
 .text.__fp_lock
                0x0000000000004a1c        0x8 c:/altera_lite/15.1/nios2eds/bin/gnu/h-x86_64-mingw32/bin/../lib/gcc/nios2-elf/4.9.2/../../../../../H-x86_64-mingw32/nios2-elf/lib/mhw-mulx\libc.a(lib_a-findfp.o)
 .text.__fp_unlock
                0x0000000000004a24        0x8 c:/altera_lite/15.1/nios2eds/bin/gnu/h-x86_64-mingw32/bin/../lib/gcc/nios2-elf/4.9.2/../../../../../H-x86_64-mingw32/nios2-elf/lib/mhw-mulx\libc.a(lib_a-findfp.o)
 .text._cleanup_r
                0x0000000000004a2c        0xc c:/altera_lite/15.1/nios2eds/bin/gnu/h-x86_64-mingw32/bin/../lib/gcc/nios2-elf/4.9.2/../../../../../H-x86_64-mingw32/nios2-elf/lib/mhw-mulx\libc.a(lib_a-findfp.o)
                0x0000000000004a2c                _cleanup_r
 .text.__sinit.part.1
                0x0000000000004a38      0x19c c:/altera_lite/15.1/nios2eds/bin/gnu/h-x86_64-mingw32/bin/../lib/gcc/nios2-elf/4.9.2/../../../../../H-x86_64-mingw32/nios2-elf/lib/mhw-mulx\libc.a(lib_a-findfp.o)
 .text.__sfmoreglue
                0x0000000000004bd4       0x68 c:/altera_lite/15.1/nios2eds/bin/gnu/h-x86_64-mingw32/bin/../lib/gcc/nios2-elf/4.9.2/../../../../../H-x86_64-mingw32/nios2-elf/lib/mhw-mulx\libc.a(lib_a-findfp.o)
                0x0000000000004bd4                __sfmoreglue
 .text.__sfp    0x0000000000004c3c      0x118 c:/altera_lite/15.1/nios2eds/bin/gnu/h-x86_64-mingw32/bin/../lib/gcc/nios2-elf/4.9.2/../../../../../H-x86_64-mingw32/nios2-elf/lib/mhw-mulx\libc.a(lib_a-findfp.o)
                0x0000000000004c3c                __sfp
 .text._cleanup
                0x0000000000004d54       0x18 c:/altera_lite/15.1/nios2eds/bin/gnu/h-x86_64-mingw32/bin/../lib/gcc/nios2-elf/4.9.2/../../../../../H-x86_64-mingw32/nios2-elf/lib/mhw-mulx\libc.a(lib_a-findfp.o)
                0x0000000000004d54                _cleanup
 .text.__sinit  0x0000000000004d6c       0x10 c:/altera_lite/15.1/nios2eds/bin/gnu/h-x86_64-mingw32/bin/../lib/gcc/nios2-elf/4.9.2/../../../../../H-x86_64-mingw32/nios2-elf/lib/mhw-mulx\libc.a(lib_a-findfp.o)
                0x0000000000004d6c                __sinit
 .text.__sfp_lock_acquire
                0x0000000000004d7c        0x4 c:/altera_lite/15.1/nios2eds/bin/gnu/h-x86_64-mingw32/bin/../lib/gcc/nios2-elf/4.9.2/../../../../../H-x86_64-mingw32/nios2-elf/lib/mhw-mulx\libc.a(lib_a-findfp.o)
                0x0000000000004d7c                __sfp_lock_acquire
 .text.__sfp_lock_release
                0x0000000000004d80        0x4 c:/altera_lite/15.1/nios2eds/bin/gnu/h-x86_64-mingw32/bin/../lib/gcc/nios2-elf/4.9.2/../../../../../H-x86_64-mingw32/nios2-elf/lib/mhw-mulx\libc.a(lib_a-findfp.o)
                0x0000000000004d80                __sfp_lock_release
 .text.__sinit_lock_acquire
                0x0000000000004d84        0x4 c:/altera_lite/15.1/nios2eds/bin/gnu/h-x86_64-mingw32/bin/../lib/gcc/nios2-elf/4.9.2/../../../../../H-x86_64-mingw32/nios2-elf/lib/mhw-mulx\libc.a(lib_a-findfp.o)
                0x0000000000004d84                __sinit_lock_acquire
 .text.__sinit_lock_release
                0x0000000000004d88        0x4 c:/altera_lite/15.1/nios2eds/bin/gnu/h-x86_64-mingw32/bin/../lib/gcc/nios2-elf/4.9.2/../../../../../H-x86_64-mingw32/nios2-elf/lib/mhw-mulx\libc.a(lib_a-findfp.o)
                0x0000000000004d88                __sinit_lock_release
 .text.__fp_lock_all
                0x0000000000004d8c       0x18 c:/altera_lite/15.1/nios2eds/bin/gnu/h-x86_64-mingw32/bin/../lib/gcc/nios2-elf/4.9.2/../../../../../H-x86_64-mingw32/nios2-elf/lib/mhw-mulx\libc.a(lib_a-findfp.o)
                0x0000000000004d8c                __fp_lock_all
 .text.__fp_unlock_all
                0x0000000000004da4       0x18 c:/altera_lite/15.1/nios2eds/bin/gnu/h-x86_64-mingw32/bin/../lib/gcc/nios2-elf/4.9.2/../../../../../H-x86_64-mingw32/nios2-elf/lib/mhw-mulx\libc.a(lib_a-findfp.o)
                0x0000000000004da4                __fp_unlock_all
 .text          0x0000000000004dbc        0x0 c:/altera_lite/15.1/nios2eds/bin/gnu/h-x86_64-mingw32/bin/../lib/gcc/nios2-elf/4.9.2/../../../../../H-x86_64-mingw32/nios2-elf/lib/mhw-mulx\libc.a(lib_a-freer.o)
 .text._malloc_trim_r
                0x0000000000004dbc      0x124 c:/altera_lite/15.1/nios2eds/bin/gnu/h-x86_64-mingw32/bin/../lib/gcc/nios2-elf/4.9.2/../../../../../H-x86_64-mingw32/nios2-elf/lib/mhw-mulx\libc.a(lib_a-freer.o)
                0x0000000000004dbc                _malloc_trim_r
 .text._free_r  0x0000000000004ee0      0x2f0 c:/altera_lite/15.1/nios2eds/bin/gnu/h-x86_64-mingw32/bin/../lib/gcc/nios2-elf/4.9.2/../../../../../H-x86_64-mingw32/nios2-elf/lib/mhw-mulx\libc.a(lib_a-freer.o)
                0x0000000000004ee0                _free_r
 .text          0x00000000000051d0        0x0 c:/altera_lite/15.1/nios2eds/bin/gnu/h-x86_64-mingw32/bin/../lib/gcc/nios2-elf/4.9.2/../../../../../H-x86_64-mingw32/nios2-elf/lib/mhw-mulx\libc.a(lib_a-fwalk.o)
 .text._fwalk   0x00000000000051d0       0xc4 c:/altera_lite/15.1/nios2eds/bin/gnu/h-x86_64-mingw32/bin/../lib/gcc/nios2-elf/4.9.2/../../../../../H-x86_64-mingw32/nios2-elf/lib/mhw-mulx\libc.a(lib_a-fwalk.o)
                0x00000000000051d0                _fwalk
 .text._fwalk_reent
                0x0000000000005294       0xc4 c:/altera_lite/15.1/nios2eds/bin/gnu/h-x86_64-mingw32/bin/../lib/gcc/nios2-elf/4.9.2/../../../../../H-x86_64-mingw32/nios2-elf/lib/mhw-mulx\libc.a(lib_a-fwalk.o)
                0x0000000000005294                _fwalk_reent
 .text          0x0000000000005358        0x0 c:/altera_lite/15.1/nios2eds/bin/gnu/h-x86_64-mingw32/bin/../lib/gcc/nios2-elf/4.9.2/../../../../../H-x86_64-mingw32/nios2-elf/lib/mhw-mulx\libc.a(lib_a-impure.o)
 .text          0x0000000000005358        0x0 c:/altera_lite/15.1/nios2eds/bin/gnu/h-x86_64-mingw32/bin/../lib/gcc/nios2-elf/4.9.2/../../../../../H-x86_64-mingw32/nios2-elf/lib/mhw-mulx\libc.a(lib_a-locale.o)
 .text._setlocale_r
                0x0000000000005358       0x7c c:/altera_lite/15.1/nios2eds/bin/gnu/h-x86_64-mingw32/bin/../lib/gcc/nios2-elf/4.9.2/../../../../../H-x86_64-mingw32/nios2-elf/lib/mhw-mulx\libc.a(lib_a-locale.o)
                0x0000000000005358                _setlocale_r
 .text.__locale_charset
                0x00000000000053d4        0xc c:/altera_lite/15.1/nios2eds/bin/gnu/h-x86_64-mingw32/bin/../lib/gcc/nios2-elf/4.9.2/../../../../../H-x86_64-mingw32/nios2-elf/lib/mhw-mulx\libc.a(lib_a-locale.o)
                0x00000000000053d4                __locale_charset
 .text.__locale_mb_cur_max
                0x00000000000053e0       0x10 c:/altera_lite/15.1/nios2eds/bin/gnu/h-x86_64-mingw32/bin/../lib/gcc/nios2-elf/4.9.2/../../../../../H-x86_64-mingw32/nios2-elf/lib/mhw-mulx\libc.a(lib_a-locale.o)
                0x00000000000053e0                __locale_mb_cur_max
 .text.__locale_msgcharset
                0x00000000000053f0        0xc c:/altera_lite/15.1/nios2eds/bin/gnu/h-x86_64-mingw32/bin/../lib/gcc/nios2-elf/4.9.2/../../../../../H-x86_64-mingw32/nios2-elf/lib/mhw-mulx\libc.a(lib_a-locale.o)
                0x00000000000053f0                __locale_msgcharset
 .text.__locale_cjk_lang
                0x00000000000053fc        0x8 c:/altera_lite/15.1/nios2eds/bin/gnu/h-x86_64-mingw32/bin/../lib/gcc/nios2-elf/4.9.2/../../../../../H-x86_64-mingw32/nios2-elf/lib/mhw-mulx\libc.a(lib_a-locale.o)
                0x00000000000053fc                __locale_cjk_lang
 .text._localeconv_r
                0x0000000000005404        0xc c:/altera_lite/15.1/nios2eds/bin/gnu/h-x86_64-mingw32/bin/../lib/gcc/nios2-elf/4.9.2/../../../../../H-x86_64-mingw32/nios2-elf/lib/mhw-mulx\libc.a(lib_a-locale.o)
                0x0000000000005404                _localeconv_r
 .text.setlocale
                0x0000000000005410       0x1c c:/altera_lite/15.1/nios2eds/bin/gnu/h-x86_64-mingw32/bin/../lib/gcc/nios2-elf/4.9.2/../../../../../H-x86_64-mingw32/nios2-elf/lib/mhw-mulx\libc.a(lib_a-locale.o)
                0x0000000000005410                setlocale
 .text.localeconv
                0x000000000000542c        0xc c:/altera_lite/15.1/nios2eds/bin/gnu/h-x86_64-mingw32/bin/../lib/gcc/nios2-elf/4.9.2/../../../../../H-x86_64-mingw32/nios2-elf/lib/mhw-mulx\libc.a(lib_a-locale.o)
                0x000000000000542c                localeconv
 .text          0x0000000000005438        0x0 c:/altera_lite/15.1/nios2eds/bin/gnu/h-x86_64-mingw32/bin/../lib/gcc/nios2-elf/4.9.2/../../../../../H-x86_64-mingw32/nios2-elf/lib/mhw-mulx\libc.a(lib_a-makebuf.o)
 .text.__smakebuf_r
                0x0000000000005438      0x1b8 c:/altera_lite/15.1/nios2eds/bin/gnu/h-x86_64-mingw32/bin/../lib/gcc/nios2-elf/4.9.2/../../../../../H-x86_64-mingw32/nios2-elf/lib/mhw-mulx\libc.a(lib_a-makebuf.o)
                0x0000000000005438                __smakebuf_r
 .text          0x00000000000055f0        0x0 c:/altera_lite/15.1/nios2eds/bin/gnu/h-x86_64-mingw32/bin/../lib/gcc/nios2-elf/4.9.2/../../../../../H-x86_64-mingw32/nios2-elf/lib/mhw-mulx\libc.a(lib_a-mallocr.o)
 .text._malloc_r
                0x00000000000055f0      0x7a8 c:/altera_lite/15.1/nios2eds/bin/gnu/h-x86_64-mingw32/bin/../lib/gcc/nios2-elf/4.9.2/../../../../../H-x86_64-mingw32/nios2-elf/lib/mhw-mulx\libc.a(lib_a-mallocr.o)
                0x00000000000055f0                _malloc_r
 .text          0x0000000000005d98        0x0 c:/altera_lite/15.1/nios2eds/bin/gnu/h-x86_64-mingw32/bin/../lib/gcc/nios2-elf/4.9.2/../../../../../H-x86_64-mingw32/nios2-elf/lib/mhw-mulx\libc.a(lib_a-memchr.o)
 .text.memchr   0x0000000000005d98       0xe8 c:/altera_lite/15.1/nios2eds/bin/gnu/h-x86_64-mingw32/bin/../lib/gcc/nios2-elf/4.9.2/../../../../../H-x86_64-mingw32/nios2-elf/lib/mhw-mulx\libc.a(lib_a-memchr.o)
                0x0000000000005d98                memchr
 .text          0x0000000000005e80        0x0 c:/altera_lite/15.1/nios2eds/bin/gnu/h-x86_64-mingw32/bin/../lib/gcc/nios2-elf/4.9.2/../../../../../H-x86_64-mingw32/nios2-elf/lib/mhw-mulx\libc.a(lib_a-memcpy.o)
 .text.memcpy   0x0000000000005e80      0x138 c:/altera_lite/15.1/nios2eds/bin/gnu/h-x86_64-mingw32/bin/../lib/gcc/nios2-elf/4.9.2/../../../../../H-x86_64-mingw32/nios2-elf/lib/mhw-mulx\libc.a(lib_a-memcpy.o)
                0x0000000000005e80                memcpy
 .text          0x0000000000005fb8        0x0 c:/altera_lite/15.1/nios2eds/bin/gnu/h-x86_64-mingw32/bin/../lib/gcc/nios2-elf/4.9.2/../../../../../H-x86_64-mingw32/nios2-elf/lib/mhw-mulx\libc.a(lib_a-memset.o)
 .text.memset   0x0000000000005fb8      0x124 c:/altera_lite/15.1/nios2eds/bin/gnu/h-x86_64-mingw32/bin/../lib/gcc/nios2-elf/4.9.2/../../../../../H-x86_64-mingw32/nios2-elf/lib/mhw-mulx\libc.a(lib_a-memset.o)
                0x0000000000005fb8                memset
 .text          0x00000000000060dc        0x0 c:/altera_lite/15.1/nios2eds/bin/gnu/h-x86_64-mingw32/bin/../lib/gcc/nios2-elf/4.9.2/../../../../../H-x86_64-mingw32/nios2-elf/lib/mhw-mulx\libc.a(lib_a-mprec.o)
 .text._Balloc  0x00000000000060dc       0xa8 c:/altera_lite/15.1/nios2eds/bin/gnu/h-x86_64-mingw32/bin/../lib/gcc/nios2-elf/4.9.2/../../../../../H-x86_64-mingw32/nios2-elf/lib/mhw-mulx\libc.a(lib_a-mprec.o)
                0x00000000000060dc                _Balloc
 .text._Bfree   0x0000000000006184       0x28 c:/altera_lite/15.1/nios2eds/bin/gnu/h-x86_64-mingw32/bin/../lib/gcc/nios2-elf/4.9.2/../../../../../H-x86_64-mingw32/nios2-elf/lib/mhw-mulx\libc.a(lib_a-mprec.o)
                0x0000000000006184                _Bfree
 .text.__multadd
                0x00000000000061ac      0x120 c:/altera_lite/15.1/nios2eds/bin/gnu/h-x86_64-mingw32/bin/../lib/gcc/nios2-elf/4.9.2/../../../../../H-x86_64-mingw32/nios2-elf/lib/mhw-mulx\libc.a(lib_a-mprec.o)
                0x00000000000061ac                __multadd
 .text.__s2b    0x00000000000062cc      0x104 c:/altera_lite/15.1/nios2eds/bin/gnu/h-x86_64-mingw32/bin/../lib/gcc/nios2-elf/4.9.2/../../../../../H-x86_64-mingw32/nios2-elf/lib/mhw-mulx\libc.a(lib_a-mprec.o)
                0x00000000000062cc                __s2b
 .text.__hi0bits
                0x00000000000063d0       0x68 c:/altera_lite/15.1/nios2eds/bin/gnu/h-x86_64-mingw32/bin/../lib/gcc/nios2-elf/4.9.2/../../../../../H-x86_64-mingw32/nios2-elf/lib/mhw-mulx\libc.a(lib_a-mprec.o)
                0x00000000000063d0                __hi0bits
 .text.__lo0bits
                0x0000000000006438       0xb0 c:/altera_lite/15.1/nios2eds/bin/gnu/h-x86_64-mingw32/bin/../lib/gcc/nios2-elf/4.9.2/../../../../../H-x86_64-mingw32/nios2-elf/lib/mhw-mulx\libc.a(lib_a-mprec.o)
                0x0000000000006438                __lo0bits
 .text.__i2b    0x00000000000064e8       0x3c c:/altera_lite/15.1/nios2eds/bin/gnu/h-x86_64-mingw32/bin/../lib/gcc/nios2-elf/4.9.2/../../../../../H-x86_64-mingw32/nios2-elf/lib/mhw-mulx\libc.a(lib_a-mprec.o)
                0x00000000000064e8                __i2b
 .text.__multiply
                0x0000000000006524      0x1fc c:/altera_lite/15.1/nios2eds/bin/gnu/h-x86_64-mingw32/bin/../lib/gcc/nios2-elf/4.9.2/../../../../../H-x86_64-mingw32/nios2-elf/lib/mhw-mulx\libc.a(lib_a-mprec.o)
                0x0000000000006524                __multiply
 .text.__pow5mult
                0x0000000000006720      0x140 c:/altera_lite/15.1/nios2eds/bin/gnu/h-x86_64-mingw32/bin/../lib/gcc/nios2-elf/4.9.2/../../../../../H-x86_64-mingw32/nios2-elf/lib/mhw-mulx\libc.a(lib_a-mprec.o)
                0x0000000000006720                __pow5mult
 .text.__lshift
                0x0000000000006860      0x150 c:/altera_lite/15.1/nios2eds/bin/gnu/h-x86_64-mingw32/bin/../lib/gcc/nios2-elf/4.9.2/../../../../../H-x86_64-mingw32/nios2-elf/lib/mhw-mulx\libc.a(lib_a-mprec.o)
                0x0000000000006860                __lshift
 .text.__mcmp   0x00000000000069b0       0x60 c:/altera_lite/15.1/nios2eds/bin/gnu/h-x86_64-mingw32/bin/../lib/gcc/nios2-elf/4.9.2/../../../../../H-x86_64-mingw32/nios2-elf/lib/mhw-mulx\libc.a(lib_a-mprec.o)
                0x00000000000069b0                __mcmp
 .text.__mdiff  0x0000000000006a10      0x198 c:/altera_lite/15.1/nios2eds/bin/gnu/h-x86_64-mingw32/bin/../lib/gcc/nios2-elf/4.9.2/../../../../../H-x86_64-mingw32/nios2-elf/lib/mhw-mulx\libc.a(lib_a-mprec.o)
                0x0000000000006a10                __mdiff
 .text.__ulp    0x0000000000006ba8       0x60 c:/altera_lite/15.1/nios2eds/bin/gnu/h-x86_64-mingw32/bin/../lib/gcc/nios2-elf/4.9.2/../../../../../H-x86_64-mingw32/nios2-elf/lib/mhw-mulx\libc.a(lib_a-mprec.o)
                0x0000000000006ba8                __ulp
 .text.__b2d    0x0000000000006c08      0x11c c:/altera_lite/15.1/nios2eds/bin/gnu/h-x86_64-mingw32/bin/../lib/gcc/nios2-elf/4.9.2/../../../../../H-x86_64-mingw32/nios2-elf/lib/mhw-mulx\libc.a(lib_a-mprec.o)
                0x0000000000006c08                __b2d
 .text.__d2b    0x0000000000006d24      0x13c c:/altera_lite/15.1/nios2eds/bin/gnu/h-x86_64-mingw32/bin/../lib/gcc/nios2-elf/4.9.2/../../../../../H-x86_64-mingw32/nios2-elf/lib/mhw-mulx\libc.a(lib_a-mprec.o)
                0x0000000000006d24                __d2b
 .text.__ratio  0x0000000000006e60       0xa4 c:/altera_lite/15.1/nios2eds/bin/gnu/h-x86_64-mingw32/bin/../lib/gcc/nios2-elf/4.9.2/../../../../../H-x86_64-mingw32/nios2-elf/lib/mhw-mulx\libc.a(lib_a-mprec.o)
                0x0000000000006e60                __ratio
 .text._mprec_log10
                0x0000000000006f04       0x74 c:/altera_lite/15.1/nios2eds/bin/gnu/h-x86_64-mingw32/bin/../lib/gcc/nios2-elf/4.9.2/../../../../../H-x86_64-mingw32/nios2-elf/lib/mhw-mulx\libc.a(lib_a-mprec.o)
                0x0000000000006f04                _mprec_log10
 .text.__copybits
                0x0000000000006f78       0x78 c:/altera_lite/15.1/nios2eds/bin/gnu/h-x86_64-mingw32/bin/../lib/gcc/nios2-elf/4.9.2/../../../../../H-x86_64-mingw32/nios2-elf/lib/mhw-mulx\libc.a(lib_a-mprec.o)
                0x0000000000006f78                __copybits
 .text.__any_on
                0x0000000000006ff0       0x8c c:/altera_lite/15.1/nios2eds/bin/gnu/h-x86_64-mingw32/bin/../lib/gcc/nios2-elf/4.9.2/../../../../../H-x86_64-mingw32/nios2-elf/lib/mhw-mulx\libc.a(lib_a-mprec.o)
                0x0000000000006ff0                __any_on
 .text          0x000000000000707c        0x0 c:/altera_lite/15.1/nios2eds/bin/gnu/h-x86_64-mingw32/bin/../lib/gcc/nios2-elf/4.9.2/../../../../../H-x86_64-mingw32/nios2-elf/lib/mhw-mulx\libc.a(lib_a-s_fpclassify.o)
 .text.__fpclassifyd
                0x000000000000707c       0x74 c:/altera_lite/15.1/nios2eds/bin/gnu/h-x86_64-mingw32/bin/../lib/gcc/nios2-elf/4.9.2/../../../../../H-x86_64-mingw32/nios2-elf/lib/mhw-mulx\libc.a(lib_a-s_fpclassify.o)
                0x000000000000707c                __fpclassifyd
 .text          0x00000000000070f0        0x0 c:/altera_lite/15.1/nios2eds/bin/gnu/h-x86_64-mingw32/bin/../lib/gcc/nios2-elf/4.9.2/../../../../../H-x86_64-mingw32/nios2-elf/lib/mhw-mulx\libc.a(lib_a-sbrkr.o)
 .text._sbrk_r  0x00000000000070f0       0x54 c:/altera_lite/15.1/nios2eds/bin/gnu/h-x86_64-mingw32/bin/../lib/gcc/nios2-elf/4.9.2/../../../../../H-x86_64-mingw32/nios2-elf/lib/mhw-mulx\libc.a(lib_a-sbrkr.o)
                0x00000000000070f0                _sbrk_r
 .text          0x0000000000007144        0x0 c:/altera_lite/15.1/nios2eds/bin/gnu/h-x86_64-mingw32/bin/../lib/gcc/nios2-elf/4.9.2/../../../../../H-x86_64-mingw32/nios2-elf/lib/mhw-mulx\libc.a(lib_a-stdio.o)
 .text.__sread  0x0000000000007144       0x54 c:/altera_lite/15.1/nios2eds/bin/gnu/h-x86_64-mingw32/bin/../lib/gcc/nios2-elf/4.9.2/../../../../../H-x86_64-mingw32/nios2-elf/lib/mhw-mulx\libc.a(lib_a-stdio.o)
                0x0000000000007144                __sread
 .text.__seofread
                0x0000000000007198        0x8 c:/altera_lite/15.1/nios2eds/bin/gnu/h-x86_64-mingw32/bin/../lib/gcc/nios2-elf/4.9.2/../../../../../H-x86_64-mingw32/nios2-elf/lib/mhw-mulx\libc.a(lib_a-stdio.o)
                0x0000000000007198                __seofread
 .text.__swrite
                0x00000000000071a0       0x7c c:/altera_lite/15.1/nios2eds/bin/gnu/h-x86_64-mingw32/bin/../lib/gcc/nios2-elf/4.9.2/../../../../../H-x86_64-mingw32/nios2-elf/lib/mhw-mulx\libc.a(lib_a-stdio.o)
                0x00000000000071a0                __swrite
 .text.__sseek  0x000000000000721c       0x5c c:/altera_lite/15.1/nios2eds/bin/gnu/h-x86_64-mingw32/bin/../lib/gcc/nios2-elf/4.9.2/../../../../../H-x86_64-mingw32/nios2-elf/lib/mhw-mulx\libc.a(lib_a-stdio.o)
                0x000000000000721c                __sseek
 .text.__sclose
                0x0000000000007278        0x8 c:/altera_lite/15.1/nios2eds/bin/gnu/h-x86_64-mingw32/bin/../lib/gcc/nios2-elf/4.9.2/../../../../../H-x86_64-mingw32/nios2-elf/lib/mhw-mulx\libc.a(lib_a-stdio.o)
                0x0000000000007278                __sclose
 .text          0x0000000000007280        0x0 c:/altera_lite/15.1/nios2eds/bin/gnu/h-x86_64-mingw32/bin/../lib/gcc/nios2-elf/4.9.2/../../../../../H-x86_64-mingw32/nios2-elf/lib/mhw-mulx\libc.a(lib_a-strcmp.o)
 .text.strcmp   0x0000000000007280       0xa4 c:/altera_lite/15.1/nios2eds/bin/gnu/h-x86_64-mingw32/bin/../lib/gcc/nios2-elf/4.9.2/../../../../../H-x86_64-mingw32/nios2-elf/lib/mhw-mulx\libc.a(lib_a-strcmp.o)
                0x0000000000007280                strcmp
 .text          0x0000000000007324        0x0 c:/altera_lite/15.1/nios2eds/bin/gnu/h-x86_64-mingw32/bin/../lib/gcc/nios2-elf/4.9.2/../../../../../H-x86_64-mingw32/nios2-elf/lib/mhw-mulx\libc.a(lib_a-strlen.o)
 .text.strlen   0x0000000000007324       0x98 c:/altera_lite/15.1/nios2eds/bin/gnu/h-x86_64-mingw32/bin/../lib/gcc/nios2-elf/4.9.2/../../../../../H-x86_64-mingw32/nios2-elf/lib/mhw-mulx\libc.a(lib_a-strlen.o)
                0x0000000000007324                strlen
 .text          0x00000000000073bc        0x0 c:/altera_lite/15.1/nios2eds/bin/gnu/h-x86_64-mingw32/bin/../lib/gcc/nios2-elf/4.9.2/../../../../../H-x86_64-mingw32/nios2-elf/lib/mhw-mulx\libc.a(lib_a-vfiprintf.o)
 .text.__sprint_r.part.0
                0x00000000000073bc       0xfc c:/altera_lite/15.1/nios2eds/bin/gnu/h-x86_64-mingw32/bin/../lib/gcc/nios2-elf/4.9.2/../../../../../H-x86_64-mingw32/nios2-elf/lib/mhw-mulx\libc.a(lib_a-vfiprintf.o)
 .text.__sprint_r
                0x00000000000074b8       0x18 c:/altera_lite/15.1/nios2eds/bin/gnu/h-x86_64-mingw32/bin/../lib/gcc/nios2-elf/4.9.2/../../../../../H-x86_64-mingw32/nios2-elf/lib/mhw-mulx\libc.a(lib_a-vfiprintf.o)
                0x00000000000074b8                __sprint_r
 .text.___vfiprintf_internal_r
                0x00000000000074d0     0x12d0 c:/altera_lite/15.1/nios2eds/bin/gnu/h-x86_64-mingw32/bin/../lib/gcc/nios2-elf/4.9.2/../../../../../H-x86_64-mingw32/nios2-elf/lib/mhw-mulx\libc.a(lib_a-vfiprintf.o)
                0x00000000000074d0                ___vfiprintf_internal_r
 .text.__vfiprintf_internal
                0x00000000000087a0       0x24 c:/altera_lite/15.1/nios2eds/bin/gnu/h-x86_64-mingw32/bin/../lib/gcc/nios2-elf/4.9.2/../../../../../H-x86_64-mingw32/nios2-elf/lib/mhw-mulx\libc.a(lib_a-vfiprintf.o)
                0x00000000000087a0                __vfiprintf_internal
 .text.__sbprintf
                0x00000000000087c4       0xbc c:/altera_lite/15.1/nios2eds/bin/gnu/h-x86_64-mingw32/bin/../lib/gcc/nios2-elf/4.9.2/../../../../../H-x86_64-mingw32/nios2-elf/lib/mhw-mulx\libc.a(lib_a-vfiprintf.o)
 .text          0x0000000000008880        0x0 c:/altera_lite/15.1/nios2eds/bin/gnu/h-x86_64-mingw32/bin/../lib/gcc/nios2-elf/4.9.2/../../../../../H-x86_64-mingw32/nios2-elf/lib/mhw-mulx\libc.a(lib_a-writer.o)
 .text._write_r
                0x0000000000008880       0x5c c:/altera_lite/15.1/nios2eds/bin/gnu/h-x86_64-mingw32/bin/../lib/gcc/nios2-elf/4.9.2/../../../../../H-x86_64-mingw32/nios2-elf/lib/mhw-mulx\libc.a(lib_a-writer.o)
                0x0000000000008880                _write_r
 .text          0x00000000000088dc        0x0 c:/altera_lite/15.1/nios2eds/bin/gnu/h-x86_64-mingw32/bin/../lib/gcc/nios2-elf/4.9.2/../../../../../H-x86_64-mingw32/nios2-elf/lib/mhw-mulx\libc.a(closer.o)
 .text._close_r
                0x00000000000088dc       0x54 c:/altera_lite/15.1/nios2eds/bin/gnu/h-x86_64-mingw32/bin/../lib/gcc/nios2-elf/4.9.2/../../../../../H-x86_64-mingw32/nios2-elf/lib/mhw-mulx\libc.a(closer.o)
                0x00000000000088dc                _close_r
 .text          0x0000000000008930        0x0 c:/altera_lite/15.1/nios2eds/bin/gnu/h-x86_64-mingw32/bin/../lib/gcc/nios2-elf/4.9.2/../../../../../H-x86_64-mingw32/nios2-elf/lib/mhw-mulx\libc.a(lib_a-callocr.o)
 .text._calloc_r
                0x0000000000008930       0xc4 c:/altera_lite/15.1/nios2eds/bin/gnu/h-x86_64-mingw32/bin/../lib/gcc/nios2-elf/4.9.2/../../../../../H-x86_64-mingw32/nios2-elf/lib/mhw-mulx\libc.a(lib_a-callocr.o)
                0x0000000000008930                _calloc_r
 .text          0x00000000000089f4        0x0 c:/altera_lite/15.1/nios2eds/bin/gnu/h-x86_64-mingw32/bin/../lib/gcc/nios2-elf/4.9.2/../../../../../H-x86_64-mingw32/nios2-elf/lib/mhw-mulx\libc.a(lib_a-fclose.o)
 .text._fclose_r
                0x00000000000089f4       0xf0 c:/altera_lite/15.1/nios2eds/bin/gnu/h-x86_64-mingw32/bin/../lib/gcc/nios2-elf/4.9.2/../../../../../H-x86_64-mingw32/nios2-elf/lib/mhw-mulx\libc.a(lib_a-fclose.o)
                0x00000000000089f4                _fclose_r
 .text.fclose   0x0000000000008ae4       0x14 c:/altera_lite/15.1/nios2eds/bin/gnu/h-x86_64-mingw32/bin/../lib/gcc/nios2-elf/4.9.2/../../../../../H-x86_64-mingw32/nios2-elf/lib/mhw-mulx\libc.a(lib_a-fclose.o)
                0x0000000000008ae4                fclose
 .text          0x0000000000008af8        0x0 c:/altera_lite/15.1/nios2eds/bin/gnu/h-x86_64-mingw32/bin/../lib/gcc/nios2-elf/4.9.2/../../../../../H-x86_64-mingw32/nios2-elf/lib/mhw-mulx\libc.a(lib_a-fputwc.o)
 .text._fputwc_r
                0x0000000000008af8      0x184 c:/altera_lite/15.1/nios2eds/bin/gnu/h-x86_64-mingw32/bin/../lib/gcc/nios2-elf/4.9.2/../../../../../H-x86_64-mingw32/nios2-elf/lib/mhw-mulx\libc.a(lib_a-fputwc.o)
                0x0000000000008af8                _fputwc_r
 .text.fputwc   0x0000000000008c7c       0x5c c:/altera_lite/15.1/nios2eds/bin/gnu/h-x86_64-mingw32/bin/../lib/gcc/nios2-elf/4.9.2/../../../../../H-x86_64-mingw32/nios2-elf/lib/mhw-mulx\libc.a(lib_a-fputwc.o)
                0x0000000000008c7c                fputwc
 .text          0x0000000000008cd8        0x0 c:/altera_lite/15.1/nios2eds/bin/gnu/h-x86_64-mingw32/bin/../lib/gcc/nios2-elf/4.9.2/../../../../../H-x86_64-mingw32/nios2-elf/lib/mhw-mulx\libc.a(lib_a-fstatr.o)
 .text._fstat_r
                0x0000000000008cd8       0x58 c:/altera_lite/15.1/nios2eds/bin/gnu/h-x86_64-mingw32/bin/../lib/gcc/nios2-elf/4.9.2/../../../../../H-x86_64-mingw32/nios2-elf/lib/mhw-mulx\libc.a(lib_a-fstatr.o)
                0x0000000000008cd8                _fstat_r
 .text          0x0000000000008d30        0x0 c:/altera_lite/15.1/nios2eds/bin/gnu/h-x86_64-mingw32/bin/../lib/gcc/nios2-elf/4.9.2/../../../../../H-x86_64-mingw32/nios2-elf/lib/mhw-mulx\libc.a(lib_a-fvwrite.o)
 .text.__sfvwrite_r
                0x0000000000008d30      0x4c0 c:/altera_lite/15.1/nios2eds/bin/gnu/h-x86_64-mingw32/bin/../lib/gcc/nios2-elf/4.9.2/../../../../../H-x86_64-mingw32/nios2-elf/lib/mhw-mulx\libc.a(lib_a-fvwrite.o)
                0x0000000000008d30                __sfvwrite_r
 .text          0x00000000000091f0        0x0 c:/altera_lite/15.1/nios2eds/bin/gnu/h-x86_64-mingw32/bin/../lib/gcc/nios2-elf/4.9.2/../../../../../H-x86_64-mingw32/nios2-elf/lib/mhw-mulx\libc.a(lib_a-int_errno.o)
 .text          0x00000000000091f0        0x0 c:/altera_lite/15.1/nios2eds/bin/gnu/h-x86_64-mingw32/bin/../lib/gcc/nios2-elf/4.9.2/../../../../../H-x86_64-mingw32/nios2-elf/lib/mhw-mulx\libc.a(lib_a-isattyr.o)
 .text._isatty_r
                0x00000000000091f0       0x54 c:/altera_lite/15.1/nios2eds/bin/gnu/h-x86_64-mingw32/bin/../lib/gcc/nios2-elf/4.9.2/../../../../../H-x86_64-mingw32/nios2-elf/lib/mhw-mulx\libc.a(lib_a-isattyr.o)
                0x00000000000091f0                _isatty_r
 .text          0x0000000000009244        0x0 c:/altera_lite/15.1/nios2eds/bin/gnu/h-x86_64-mingw32/bin/../lib/gcc/nios2-elf/4.9.2/../../../../../H-x86_64-mingw32/nios2-elf/lib/mhw-mulx\libc.a(lib_a-lseekr.o)
 .text._lseek_r
                0x0000000000009244       0x5c c:/altera_lite/15.1/nios2eds/bin/gnu/h-x86_64-mingw32/bin/../lib/gcc/nios2-elf/4.9.2/../../../../../H-x86_64-mingw32/nios2-elf/lib/mhw-mulx\libc.a(lib_a-lseekr.o)
                0x0000000000009244                _lseek_r
 .text          0x00000000000092a0        0x0 c:/altera_lite/15.1/nios2eds/bin/gnu/h-x86_64-mingw32/bin/../lib/gcc/nios2-elf/4.9.2/../../../../../H-x86_64-mingw32/nios2-elf/lib/mhw-mulx\libc.a(lib_a-memmove.o)
 .text.memmove  0x00000000000092a0      0x15c c:/altera_lite/15.1/nios2eds/bin/gnu/h-x86_64-mingw32/bin/../lib/gcc/nios2-elf/4.9.2/../../../../../H-x86_64-mingw32/nios2-elf/lib/mhw-mulx\libc.a(lib_a-memmove.o)
                0x00000000000092a0                memmove
 .text          0x00000000000093fc        0x0 c:/altera_lite/15.1/nios2eds/bin/gnu/h-x86_64-mingw32/bin/../lib/gcc/nios2-elf/4.9.2/../../../../../H-x86_64-mingw32/nios2-elf/lib/mhw-mulx\libc.a(lib_a-readr.o)
 .text._read_r  0x00000000000093fc       0x5c c:/altera_lite/15.1/nios2eds/bin/gnu/h-x86_64-mingw32/bin/../lib/gcc/nios2-elf/4.9.2/../../../../../H-x86_64-mingw32/nios2-elf/lib/mhw-mulx\libc.a(lib_a-readr.o)
                0x00000000000093fc                _read_r
 .text          0x0000000000009458        0x0 c:/altera_lite/15.1/nios2eds/bin/gnu/h-x86_64-mingw32/bin/../lib/gcc/nios2-elf/4.9.2/../../../../../H-x86_64-mingw32/nios2-elf/lib/mhw-mulx\libc.a(lib_a-reallocr.o)
 .text._realloc_r
                0x0000000000009458      0x568 c:/altera_lite/15.1/nios2eds/bin/gnu/h-x86_64-mingw32/bin/../lib/gcc/nios2-elf/4.9.2/../../../../../H-x86_64-mingw32/nios2-elf/lib/mhw-mulx\libc.a(lib_a-reallocr.o)
                0x0000000000009458                _realloc_r
 .text          0x00000000000099c0        0x0 c:/altera_lite/15.1/nios2eds/bin/gnu/h-x86_64-mingw32/bin/../lib/gcc/nios2-elf/4.9.2/../../../../../H-x86_64-mingw32/nios2-elf/lib/mhw-mulx\libc.a(lib_a-wbuf.o)
 .text.__swbuf_r
                0x00000000000099c0      0x138 c:/altera_lite/15.1/nios2eds/bin/gnu/h-x86_64-mingw32/bin/../lib/gcc/nios2-elf/4.9.2/../../../../../H-x86_64-mingw32/nios2-elf/lib/mhw-mulx\libc.a(lib_a-wbuf.o)
                0x00000000000099c0                __swbuf_r
 .text.__swbuf  0x0000000000009af8       0x1c c:/altera_lite/15.1/nios2eds/bin/gnu/h-x86_64-mingw32/bin/../lib/gcc/nios2-elf/4.9.2/../../../../../H-x86_64-mingw32/nios2-elf/lib/mhw-mulx\libc.a(lib_a-wbuf.o)
                0x0000000000009af8                __swbuf
 .text          0x0000000000009b14        0x0 c:/altera_lite/15.1/nios2eds/bin/gnu/h-x86_64-mingw32/bin/../lib/gcc/nios2-elf/4.9.2/../../../../../H-x86_64-mingw32/nios2-elf/lib/mhw-mulx\libc.a(lib_a-wcrtomb.o)
 .text._wcrtomb_r
                0x0000000000009b14       0x9c c:/altera_lite/15.1/nios2eds/bin/gnu/h-x86_64-mingw32/bin/../lib/gcc/nios2-elf/4.9.2/../../../../../H-x86_64-mingw32/nios2-elf/lib/mhw-mulx\libc.a(lib_a-wcrtomb.o)
                0x0000000000009b14                _wcrtomb_r
 .text.wcrtomb  0x0000000000009bb0       0xc0 c:/altera_lite/15.1/nios2eds/bin/gnu/h-x86_64-mingw32/bin/../lib/gcc/nios2-elf/4.9.2/../../../../../H-x86_64-mingw32/nios2-elf/lib/mhw-mulx\libc.a(lib_a-wcrtomb.o)
                0x0000000000009bb0                wcrtomb
 .text          0x0000000000009c70        0x0 c:/altera_lite/15.1/nios2eds/bin/gnu/h-x86_64-mingw32/bin/../lib/gcc/nios2-elf/4.9.2/../../../../../H-x86_64-mingw32/nios2-elf/lib/mhw-mulx\libc.a(lib_a-wctomb_r.o)
 .text.__ascii_wctomb
                0x0000000000009c70       0x30 c:/altera_lite/15.1/nios2eds/bin/gnu/h-x86_64-mingw32/bin/../lib/gcc/nios2-elf/4.9.2/../../../../../H-x86_64-mingw32/nios2-elf/lib/mhw-mulx\libc.a(lib_a-wctomb_r.o)
                0x0000000000009c70                __ascii_wctomb
 .text._wctomb_r
                0x0000000000009ca0       0x5c c:/altera_lite/15.1/nios2eds/bin/gnu/h-x86_64-mingw32/bin/../lib/gcc/nios2-elf/4.9.2/../../../../../H-x86_64-mingw32/nios2-elf/lib/mhw-mulx\libc.a(lib_a-wctomb_r.o)
                0x0000000000009ca0                _wctomb_r
 .text          0x0000000000009cfc      0x5c0 c:/altera_lite/15.1/nios2eds/bin/gnu/h-x86_64-mingw32/bin/../lib/gcc/nios2-elf/4.9.2/mhw-mulx\libgcc.a(_udivdi3.o)
                0x0000000000009cfc                __udivdi3
 .text          0x000000000000a2bc      0x590 c:/altera_lite/15.1/nios2eds/bin/gnu/h-x86_64-mingw32/bin/../lib/gcc/nios2-elf/4.9.2/mhw-mulx\libgcc.a(_umoddi3.o)
                0x000000000000a2bc                __umoddi3
 .text          0x000000000000a84c      0x12c c:/altera_lite/15.1/nios2eds/bin/gnu/h-x86_64-mingw32/bin/../lib/gcc/nios2-elf/4.9.2/mhw-mulx\libgcc.a(lib2-divmod.o)
                0x000000000000a8b8                __divsi3
                0x000000000000a90c                __modsi3
                0x000000000000a968                __udivsi3
                0x000000000000a970                __umodsi3
 .text          0x000000000000a978      0x89c c:/altera_lite/15.1/nios2eds/bin/gnu/h-x86_64-mingw32/bin/../lib/gcc/nios2-elf/4.9.2/mhw-mulx\libgcc.a(adddf3.o)
                0x000000000000a978                __adddf3
 .text          0x000000000000b214      0x8cc c:/altera_lite/15.1/nios2eds/bin/gnu/h-x86_64-mingw32/bin/../lib/gcc/nios2-elf/4.9.2/mhw-mulx\libgcc.a(divdf3.o)
                0x000000000000b214                __divdf3
 .text          0x000000000000bae0       0x84 c:/altera_lite/15.1/nios2eds/bin/gnu/h-x86_64-mingw32/bin/../lib/gcc/nios2-elf/4.9.2/mhw-mulx\libgcc.a(eqdf2.o)
                0x000000000000bae0                __nedf2
                0x000000000000bae0                __eqdf2
 .text          0x000000000000bb64       0xe0 c:/altera_lite/15.1/nios2eds/bin/gnu/h-x86_64-mingw32/bin/../lib/gcc/nios2-elf/4.9.2/mhw-mulx\libgcc.a(gedf2.o)
                0x000000000000bb64                __gedf2
                0x000000000000bb64                __gtdf2
 .text          0x000000000000bc44       0xe0 c:/altera_lite/15.1/nios2eds/bin/gnu/h-x86_64-mingw32/bin/../lib/gcc/nios2-elf/4.9.2/mhw-mulx\libgcc.a(ledf2.o)
                0x000000000000bc44                __ledf2
                0x000000000000bc44                __ltdf2
 .text          0x000000000000bd24      0x724 c:/altera_lite/15.1/nios2eds/bin/gnu/h-x86_64-mingw32/bin/../lib/gcc/nios2-elf/4.9.2/mhw-mulx\libgcc.a(muldf3.o)
                0x000000000000bd24                __muldf3
 .text          0x000000000000c448      0x8d0 c:/altera_lite/15.1/nios2eds/bin/gnu/h-x86_64-mingw32/bin/../lib/gcc/nios2-elf/4.9.2/mhw-mulx\libgcc.a(subdf3.o)
                0x000000000000c448                __subdf3
 .text          0x000000000000cd18       0x88 c:/altera_lite/15.1/nios2eds/bin/gnu/h-x86_64-mingw32/bin/../lib/gcc/nios2-elf/4.9.2/mhw-mulx\libgcc.a(fixdfsi.o)
                0x000000000000cd18                __fixdfsi
 .text          0x000000000000cda0       0xd0 c:/altera_lite/15.1/nios2eds/bin/gnu/h-x86_64-mingw32/bin/../lib/gcc/nios2-elf/4.9.2/mhw-mulx\libgcc.a(floatsidf.o)
                0x000000000000cda0                __floatsidf
 .text          0x000000000000ce70       0xa4 c:/altera_lite/15.1/nios2eds/bin/gnu/h-x86_64-mingw32/bin/../lib/gcc/nios2-elf/4.9.2/mhw-mulx\libgcc.a(floatunsidf.o)
                0x000000000000ce70                __floatunsidf
 .text          0x000000000000cf14        0x0 c:/altera_lite/15.1/nios2eds/bin/gnu/h-x86_64-mingw32/bin/../lib/gcc/nios2-elf/4.9.2/mhw-mulx\libgcc.a(_clz.o)
 .text          0x000000000000cf14       0x64 c:/altera_lite/15.1/nios2eds/bin/gnu/h-x86_64-mingw32/bin/../lib/gcc/nios2-elf/4.9.2/mhw-mulx\libgcc.a(_clzsi2.o)
                0x000000000000cf14                __clzsi2
 .text          0x000000000000cf78      0x120 C:/Users/rickert/Documents/GitHub/KBS_ESA_bsp/\libucosii_bsp.a(alt_close.o)
                0x000000000000cfc8                close
 .text          0x000000000000d098       0x2c C:/Users/rickert/Documents/GitHub/KBS_ESA_bsp/\libucosii_bsp.a(alt_dev.o)
 .text          0x000000000000d0c4        0x0 C:/Users/rickert/Documents/GitHub/KBS_ESA_bsp/\libucosii_bsp.a(alt_errno.o)
 .text          0x000000000000d0c4      0x100 C:/Users/rickert/Documents/GitHub/KBS_ESA_bsp/\libucosii_bsp.a(alt_fstat.o)
                0x000000000000d114                fstat
 .text          0x000000000000d1c4       0xf4 C:/Users/rickert/Documents/GitHub/KBS_ESA_bsp/\libucosii_bsp.a(alt_isatty.o)
                0x000000000000d214                isatty
 .text          0x000000000000d2b8       0xe4 C:/Users/rickert/Documents/GitHub/KBS_ESA_bsp/\libucosii_bsp.a(alt_load.o)
                0x000000000000d31c                alt_load
 .text          0x000000000000d39c      0x124 C:/Users/rickert/Documents/GitHub/KBS_ESA_bsp/\libucosii_bsp.a(alt_lseek.o)
                0x000000000000d3ec                lseek
 .text          0x000000000000d4c0       0xd4 C:/Users/rickert/Documents/GitHub/KBS_ESA_bsp/\libucosii_bsp.a(alt_main.o)
                0x000000000000d4c0                alt_main
 .text          0x000000000000d594      0x14c C:/Users/rickert/Documents/GitHub/KBS_ESA_bsp/\libucosii_bsp.a(alt_read.o)
                0x000000000000d5e4                read
 .text          0x000000000000d6e0       0x60 C:/Users/rickert/Documents/GitHub/KBS_ESA_bsp/\libucosii_bsp.a(alt_release_fd.o)
                0x000000000000d6e0                alt_release_fd
 .text          0x000000000000d740       0xb0 C:/Users/rickert/Documents/GitHub/KBS_ESA_bsp/\libucosii_bsp.a(alt_sbrk.o)
                0x000000000000d740                sbrk
 .text          0x000000000000d7f0      0x148 C:/Users/rickert/Documents/GitHub/KBS_ESA_bsp/\libucosii_bsp.a(alt_write.o)
                0x000000000000d840                write
 .text          0x000000000000d938      0x11c C:/Users/rickert/Documents/GitHub/KBS_ESA_bsp/\libucosii_bsp.a(alt_env_lock.o)
                0x000000000000d938                __env_lock
                0x000000000000d9f8                __env_unlock
 .text          0x000000000000da54      0x1f0 C:/Users/rickert/Documents/GitHub/KBS_ESA_bsp/\libucosii_bsp.a(alt_malloc_lock.o)
                0x000000000000da54                __malloc_lock
                0x000000000000db74                __malloc_unlock
 .text          0x000000000000dc44     0x1ff0 C:/Users/rickert/Documents/GitHub/KBS_ESA_bsp/\libucosii_bsp.a(os_core.o)
                0x000000000000dc44                OSEventNameGet
                0x000000000000dd64                OSEventNameSet
                0x000000000000dea0                OSEventPendMulti
                0x000000000000e4b0                OSInit
                0x000000000000e504                OSIntEnter
                0x000000000000e580                OSIntExit
                0x000000000000e674                OSSchedLock
                0x000000000000e6fc                OSSchedUnlock
                0x000000000000e7d4                OSStart
                0x000000000000e840                OSStatInit
                0x000000000000e8ec                OSTimeTick
                0x000000000000eb08                OSVersion
                0x000000000000eb28                OS_Dummy
                0x000000000000eb44                OS_EventTaskRdy
                0x000000000000ecdc                OS_EventTaskWait
                0x000000000000ede8                OS_EventTaskWaitMulti
                0x000000000000ef34                OS_EventTaskRemove
                0x000000000000efe8                OS_EventTaskRemoveMulti
                0x000000000000f0e4                OS_EventWaitListInit
                0x000000000000f4a8                OS_MemClr
                0x000000000000f4f8                OS_MemCopy
                0x000000000000f55c                OS_Sched
                0x000000000000f698                OS_StrCopy
                0x000000000000f70c                OS_StrLen
                0x000000000000f760                OS_TaskIdle
                0x000000000000f7bc                OS_TaskStat
                0x000000000000f898                OS_TaskStatStkChk
                0x000000000000f960                OS_TCBInit
 .text          0x000000000000fc34      0x18c C:/Users/rickert/Documents/GitHub/KBS_ESA_bsp/\libucosii_bsp.a(os_dbg.o)
                0x000000000000fc34                OSDebugInit
 .text          0x000000000000fdc0     0x181c C:/Users/rickert/Documents/GitHub/KBS_ESA_bsp/\libucosii_bsp.a(os_flag.o)
                0x000000000000fdc0                OSFlagAccept
                0x00000000000100c8                OSFlagCreate
                0x00000000000101f0                OSFlagDel
                0x0000000000010460                OSFlagNameGet
                0x0000000000010590                OSFlagNameSet
                0x00000000000106e0                OSFlagPend
                0x0000000000010cd0                OSFlagPendGetFlagsRdy
                0x0000000000010d38                OSFlagPost
                0x00000000000110c0                OSFlagQuery
                0x0000000000011348                OS_FlagInit
                0x000000000001153c                OS_FlagUnlink
 .text          0x00000000000115dc      0x784 C:/Users/rickert/Documents/GitHub/KBS_ESA_bsp/\libucosii_bsp.a(os_mem.o)
                0x00000000000115dc                OSMemCreate
                0x00000000000117d0                OSMemGet
                0x00000000000118c0                OSMemNameGet
                0x00000000000119b8                OSMemNameSet
                0x0000000000011ad0                OSMemPut
                0x0000000000011ba8                OSMemQuery
                0x0000000000011c90                OS_MemInit
 .text          0x0000000000011d60     0x1210 C:/Users/rickert/Documents/GitHub/KBS_ESA_bsp/\libucosii_bsp.a(os_q.o)
                0x0000000000011d60                OSQAccept
                0x0000000000011ea0                OSQCreate
                0x000000000001209c                OSQDel
                0x0000000000012364                OSQFlush
                0x000000000001241c                OSQPend
                0x0000000000012718                OSQPendAbort
                0x0000000000012884                OSQPost
                0x00000000000129ec                OSQPostFront
                0x0000000000012b5c                OSQPostOpt
                0x0000000000012d68                OSQQuery
                0x0000000000012ec4                OS_QInit
 .text          0x0000000000012f70      0xb08 C:/Users/rickert/Documents/GitHub/KBS_ESA_bsp/\libucosii_bsp.a(os_sem.o)
                0x0000000000012f70                OSSemAccept
                0x0000000000013020                OSSemCreate
                0x0000000000013120                OSSemDel
                0x0000000000013388                OSSemPend
                0x00000000000135f0                OSSemPendAbort
                0x000000000001375c                OSSemPost
                0x000000000001386c                OSSemQuery
                0x000000000001397c                OSSemSet
 .text          0x0000000000013a78     0x18f4 C:/Users/rickert/Documents/GitHub/KBS_ESA_bsp/\libucosii_bsp.a(os_task.o)
                0x0000000000013a78                OSTaskChangePrio
                0x0000000000013fb8                OSTaskCreate
                0x0000000000014174                OSTaskCreateExt
                0x0000000000014360                OSTaskDel
                0x0000000000014740                OSTaskDelReq
                0x0000000000014898                OSTaskNameGet
                0x0000000000014a40                OSTaskNameSet
                0x0000000000014c00                OSTaskResume
                0x0000000000014df8                OSTaskStkChk
                0x0000000000014fc0                OSTaskSuspend
                0x00000000000151d4                OSTaskQuery
                0x0000000000015300                OS_TaskStkClr
 .text          0x000000000001536c      0x568 C:/Users/rickert/Documents/GitHub/KBS_ESA_bsp/\libucosii_bsp.a(os_time.o)
                0x000000000001536c                OSTimeDly
                0x00000000000154b4                OSTimeDlyHMSM
                0x000000000001561c                OSTimeDlyResume
                0x000000000001580c                OSTimeGet
                0x0000000000015870                OSTimeSet
 .text          0x00000000000158d4      0x444 C:/Users/rickert/Documents/GitHub/KBS_ESA_bsp/\libucosii_bsp.a(alt_sys_init.o)
                0x000000000001590c                alt_irq_init
                0x0000000000015940                alt_sys_init
 .text          0x0000000000015d18      0x164 C:/Users/rickert/Documents/GitHub/KBS_ESA_bsp/\libucosii_bsp.a(altera_avalon_jtag_uart_fd.o)
                0x0000000000015d18                altera_avalon_jtag_uart_read_fd
                0x0000000000015d78                altera_avalon_jtag_uart_write_fd
                0x0000000000015dd8                altera_avalon_jtag_uart_close_fd
                0x0000000000015e28                altera_avalon_jtag_uart_ioctl_fd
 .text          0x0000000000015e7c      0x560 C:/Users/rickert/Documents/GitHub/KBS_ESA_bsp/\libucosii_bsp.a(altera_avalon_jtag_uart_init.o)
                0x0000000000015e7c                altera_avalon_jtag_uart_init
                0x0000000000016374                altera_avalon_jtag_uart_close
 .text          0x00000000000163dc       0xec C:/Users/rickert/Documents/GitHub/KBS_ESA_bsp/\libucosii_bsp.a(altera_avalon_jtag_uart_ioctl.o)
                0x00000000000163dc                altera_avalon_jtag_uart_ioctl
 .text          0x00000000000164c8      0x2b4 C:/Users/rickert/Documents/GitHub/KBS_ESA_bsp/\libucosii_bsp.a(altera_avalon_jtag_uart_read.o)
                0x00000000000164c8                altera_avalon_jtag_uart_read
 .text          0x000000000001677c      0x2c0 C:/Users/rickert/Documents/GitHub/KBS_ESA_bsp/\libucosii_bsp.a(altera_avalon_jtag_uart_write.o)
                0x000000000001677c                altera_avalon_jtag_uart_write
 .text          0x0000000000016a3c       0xf8 C:/Users/rickert/Documents/GitHub/KBS_ESA_bsp/\libucosii_bsp.a(altera_avalon_timer_sc.o)
                0x0000000000016ab4                alt_avalon_timer_sc_init
 .text          0x0000000000016b34      0x4d8 C:/Users/rickert/Documents/GitHub/KBS_ESA_bsp/\libucosii_bsp.a(altera_up_avalon_character_lcd.o)
                0x0000000000016b34                get_DDRAM_addr
                0x0000000000016ba8                alt_up_character_lcd_send_cmd
                0x0000000000016be4                alt_up_character_lcd_init
                0x0000000000016c18                alt_up_character_lcd_open_dev
                0x0000000000016c58                alt_up_character_lcd_write
                0x0000000000016cd0                alt_up_character_lcd_string
                0x0000000000016d44                alt_up_character_lcd_write_fd
                0x0000000000016d94                alt_up_character_lcd_set_cursor_pos
                0x0000000000016e08                alt_up_character_lcd_shift_cursor
                0x0000000000016e90                alt_up_character_lcd_shift_display
                0x0000000000016f18                alt_up_character_lcd_erase_pos
                0x0000000000016fa4                alt_up_character_lcd_cursor_off
                0x0000000000016fd8                alt_up_character_lcd_cursor_blink_on
 .text          0x000000000001700c      0x388 C:/Users/rickert/Documents/GitHub/KBS_ESA_bsp/\libucosii_bsp.a(altera_up_avalon_irda.o)
                0x000000000001700c                alt_up_irda_enable_read_interrupt
                0x0000000000017064                alt_up_irda_disable_read_interrupt
                0x00000000000170c0                alt_up_irda_get_used_space_in_read_FIFO
                0x0000000000017100                alt_up_irda_get_available_space_in_write_FIFO
                0x000000000001713c                alt_up_irda_check_parity
                0x0000000000017180                alt_up_irda_write_data
                0x00000000000171c0                alt_up_irda_read_data
                0x0000000000017234                alt_up_irda_read_fd
                0x00000000000172c4                alt_up_irda_write_fd
                0x0000000000017354                alt_up_irda_open_dev
 .text          0x0000000000017394       0x40 C:/Users/rickert/Documents/GitHub/KBS_ESA_bsp/\libucosii_bsp.a(altera_up_avalon_parallel_port.o)
                0x0000000000017394                alt_up_parallel_port_open_dev
 .text          0x00000000000173d4      0x6b4 C:/Users/rickert/Documents/GitHub/KBS_ESA_bsp/\libucosii_bsp.a(altera_up_avalon_ps2.o)
                0x00000000000173d4                read_RI_bit
                0x0000000000017408                read_RE_bit
                0x0000000000017438                read_CE_bit
                0x000000000001746c                read_num_bytes_available
                0x000000000001749c                read_data_valid
                0x00000000000174d0                read_data_byte
                0x00000000000174fc                alt_up_ps2_init
                0x00000000000175c0                alt_up_ps2_enable_read_interrupt
                0x0000000000017618                alt_up_ps2_disable_read_interrupt
                0x0000000000017674                alt_up_ps2_write_data_byte
                0x00000000000176e8                alt_up_ps2_wait_for_ack
                0x0000000000017758                alt_up_ps2_write_data_byte_with_ack
                0x00000000000177bc                alt_up_ps2_read_data_byte_timeout
                0x0000000000017860                alt_up_ps2_read_data_byte
                0x00000000000178d0                alt_up_ps2_clear_fifo
                0x0000000000017924                alt_up_ps2_read_fd
                0x00000000000179b0                alt_up_ps2_write_fd
                0x0000000000017a48                alt_up_ps2_open_dev
 .text          0x0000000000017a88      0x38c C:/Users/rickert/Documents/GitHub/KBS_ESA_bsp/\libucosii_bsp.a(altera_up_avalon_rs232.o)
                0x0000000000017a88                alt_up_rs232_enable_read_interrupt
                0x0000000000017ae0                alt_up_rs232_disable_read_interrupt
                0x0000000000017b3c                alt_up_rs232_get_used_space_in_read_FIFO
                0x0000000000017b7c                alt_up_rs232_get_available_space_in_write_FIFO
                0x0000000000017bb8                alt_up_rs232_check_parity
                0x0000000000017bfc                alt_up_rs232_write_data
                0x0000000000017c3c                alt_up_rs232_read_data
                0x0000000000017cb0                alt_up_rs232_read_fd
                0x0000000000017d40                alt_up_rs232_write_fd
                0x0000000000017dd4                alt_up_rs232_open_dev
 .text          0x0000000000017e14      0x2e8 C:/Users/rickert/Documents/GitHub/KBS_ESA_bsp/\libucosii_bsp.a(altera_up_avalon_video_character_buffer_with_dma.o)
                0x0000000000017e14                alt_up_char_buffer_init
                0x0000000000017e94                alt_up_char_buffer_open_dev
                0x0000000000017ed4                alt_up_char_buffer_draw
                0x0000000000017fa0                alt_up_char_buffer_string
                0x00000000000180a0                alt_up_char_buffer_clear
 .text          0x00000000000180fc      0x140 C:/Users/rickert/Documents/GitHub/KBS_ESA_bsp/\libucosii_bsp.a(alt_alarm_start.o)
                0x00000000000180fc                alt_alarm_start
 .text          0x000000000001823c       0x1c C:/Users/rickert/Documents/GitHub/KBS_ESA_bsp/\libucosii_bsp.a(alt_dcache_flush_all.o)
                0x000000000001823c                alt_dcache_flush_all
 .text          0x0000000000018258       0xf4 C:/Users/rickert/Documents/GitHub/KBS_ESA_bsp/\libucosii_bsp.a(alt_dev_llist_insert.o)
                0x00000000000182a8                alt_dev_llist_insert
 .text          0x000000000001834c       0x5c C:/Users/rickert/Documents/GitHub/KBS_ESA_bsp/\libucosii_bsp.a(alt_do_ctors.o)
                0x000000000001834c                _do_ctors
 .text          0x00000000000183a8       0x5c C:/Users/rickert/Documents/GitHub/KBS_ESA_bsp/\libucosii_bsp.a(alt_do_dtors.o)
                0x00000000000183a8                _do_dtors
 .text          0x0000000000018404       0x90 C:/Users/rickert/Documents/GitHub/KBS_ESA_bsp/\libucosii_bsp.a(alt_find_dev.o)
                0x0000000000018404                alt_find_dev
 .text          0x0000000000018494       0x30 C:/Users/rickert/Documents/GitHub/KBS_ESA_bsp/\libucosii_bsp.a(alt_icache_flush_all.o)
                0x0000000000018494                alt_icache_flush_all
 .text          0x00000000000184c4      0x138 C:/Users/rickert/Documents/GitHub/KBS_ESA_bsp/\libucosii_bsp.a(alt_io_redirect.o)
                0x0000000000018584                alt_io_redirect
 .text          0x00000000000185fc      0x1b0 C:/Users/rickert/Documents/GitHub/KBS_ESA_bsp/\libucosii_bsp.a(alt_irq_register.o)
                0x00000000000185fc                alt_irq_register
 .text          0x00000000000187ac        0x0 C:/Users/rickert/Documents/GitHub/KBS_ESA_bsp/\libucosii_bsp.a(alt_irq_vars.o)
 .text          0x00000000000187ac      0x274 C:/Users/rickert/Documents/GitHub/KBS_ESA_bsp/\libucosii_bsp.a(alt_open.o)
                0x00000000000188c8                open
 .text          0x0000000000018a20      0x19c C:/Users/rickert/Documents/GitHub/KBS_ESA_bsp/\libucosii_bsp.a(alt_tick.o)
                0x0000000000018a20                alt_alarm_stop
                0x0000000000018ab8                alt_tick
 .text          0x0000000000018bbc       0x20 C:/Users/rickert/Documents/GitHub/KBS_ESA_bsp/\libucosii_bsp.a(altera_nios2_gen2_irq.o)
                0x0000000000018bbc                altera_nios2_gen2_irq_init
 .text          0x0000000000018bdc       0xd0 C:/Users/rickert/Documents/GitHub/KBS_ESA_bsp/\libucosii_bsp.a(os_cpu_a.o)
                0x0000000000018bdc                OSCtxSw
                0x0000000000018bdc                OSIntCtxSw
                0x0000000000018c68                OSStartHighRdy
                0x0000000000018c88                OSStartTsk
 .text          0x0000000000018cac      0x264 C:/Users/rickert/Documents/GitHub/KBS_ESA_bsp/\libucosii_bsp.a(os_cpu_c.o)
                0x0000000000018cac                OSTaskStkInit
                0x0000000000018e08                OSTaskCreateHook
                0x0000000000018e28                OSTaskDelHook
                0x0000000000018e48                OSTaskSwHook
                0x0000000000018e64                OSTaskStatHook
                0x0000000000018e80                OSTimeTickHook
                0x0000000000018e9c                OSInitHookBegin
                0x0000000000018eb8                OSInitHookEnd
                0x0000000000018ed4                OSTaskIdleHook
                0x0000000000018ef0                OSTCBInitHook
 .text          0x0000000000018f10      0x114 C:/Users/rickert/Documents/GitHub/KBS_ESA_bsp/\libucosii_bsp.a(alt_find_file.o)
                0x0000000000018f10                alt_find_file
 .text          0x0000000000019024       0xfc C:/Users/rickert/Documents/GitHub/KBS_ESA_bsp/\libucosii_bsp.a(alt_get_fd.o)
                0x0000000000019024                alt_get_fd
 .text          0x0000000000019120       0x8c C:/Users/rickert/Documents/GitHub/KBS_ESA_bsp/\libucosii_bsp.a(alt_icache_flush.o)
                0x0000000000019120                alt_icache_flush
 .text          0x00000000000191ac        0x0 C:/Users/rickert/Documents/GitHub/KBS_ESA_bsp/\libucosii_bsp.a(alt_irq_entry.o)
 .text          0x00000000000191ac        0x0 C:/Users/rickert/Documents/GitHub/KBS_ESA_bsp/\libucosii_bsp.a(alt_irq_handler.o)
 .text          0x00000000000191ac        0x0 C:/Users/rickert/Documents/GitHub/KBS_ESA_bsp/\libucosii_bsp.a(alt_exception_entry.o)
 .text          0x00000000000191ac       0x9c C:/Users/rickert/Documents/GitHub/KBS_ESA_bsp/\libucosii_bsp.a(alt_instruction_exception_entry.o)
                0x00000000000191ac                alt_exception_cause_generated_bad_addr
 .text          0x0000000000019248        0x0 c:/altera_lite/15.1/nios2eds/bin/gnu/h-x86_64-mingw32/bin/../lib/gcc/nios2-elf/4.9.2/../../../../../H-x86_64-mingw32/nios2-elf/lib/mhw-mulx\libc.a(lib_a-atexit.o)
 .text.atexit   0x0000000000019248       0x14 c:/altera_lite/15.1/nios2eds/bin/gnu/h-x86_64-mingw32/bin/../lib/gcc/nios2-elf/4.9.2/../../../../../H-x86_64-mingw32/nios2-elf/lib/mhw-mulx\libc.a(lib_a-atexit.o)
                0x0000000000019248                atexit
 .text          0x000000000001925c        0x0 c:/altera_lite/15.1/nios2eds/bin/gnu/h-x86_64-mingw32/bin/../lib/gcc/nios2-elf/4.9.2/../../../../../H-x86_64-mingw32/nios2-elf/lib/mhw-mulx\libc.a(lib_a-exit.o)
 .text.exit     0x000000000001925c       0x38 c:/altera_lite/15.1/nios2eds/bin/gnu/h-x86_64-mingw32/bin/../lib/gcc/nios2-elf/4.9.2/../../../../../H-x86_64-mingw32/nios2-elf/lib/mhw-mulx\libc.a(lib_a-exit.o)
                0x000000000001925c                exit
 .text          0x0000000000019294        0x0 c:/altera_lite/15.1/nios2eds/bin/gnu/h-x86_64-mingw32/bin/../lib/gcc/nios2-elf/4.9.2/../../../../../H-x86_64-mingw32/nios2-elf/lib/mhw-mulx\libc.a(lib_a-memcmp.o)
 .text.memcmp   0x0000000000019294       0x7c c:/altera_lite/15.1/nios2eds/bin/gnu/h-x86_64-mingw32/bin/../lib/gcc/nios2-elf/4.9.2/../../../../../H-x86_64-mingw32/nios2-elf/lib/mhw-mulx\libc.a(lib_a-memcmp.o)
                0x0000000000019294                memcmp
 .text          0x0000000000019310        0x0 c:/altera_lite/15.1/nios2eds/bin/gnu/h-x86_64-mingw32/bin/../lib/gcc/nios2-elf/4.9.2/../../../../../H-x86_64-mingw32/nios2-elf/lib/mhw-mulx\libc.a(lib_a-__atexit.o)
 .text.__register_exitproc
                0x0000000000019310      0x114 c:/altera_lite/15.1/nios2eds/bin/gnu/h-x86_64-mingw32/bin/../lib/gcc/nios2-elf/4.9.2/../../../../../H-x86_64-mingw32/nios2-elf/lib/mhw-mulx\libc.a(lib_a-__atexit.o)
                0x0000000000019310                __register_exitproc
 .text          0x0000000000019424        0x0 c:/altera_lite/15.1/nios2eds/bin/gnu/h-x86_64-mingw32/bin/../lib/gcc/nios2-elf/4.9.2/../../../../../H-x86_64-mingw32/nios2-elf/lib/mhw-mulx\libc.a(lib_a-__call_atexit.o)
 .text.__call_exitprocs
                0x0000000000019424      0x194 c:/altera_lite/15.1/nios2eds/bin/gnu/h-x86_64-mingw32/bin/../lib/gcc/nios2-elf/4.9.2/../../../../../H-x86_64-mingw32/nios2-elf/lib/mhw-mulx\libc.a(lib_a-__call_atexit.o)
                0x0000000000019424                __call_exitprocs
 .text          0x00000000000195b8       0x3c C:/Users/rickert/Documents/GitHub/KBS_ESA_bsp/\libucosii_bsp.a(alt_exit.o)
                0x00000000000195b8                _exit
 *(.gnu.warning.*)
 *(.fini)
                0x00000000000195f4                PROVIDE (__etext, ABSOLUTE (.))
                0x00000000000195f4                PROVIDE (_etext, ABSOLUTE (.))
                0x00000000000195f4                PROVIDE (etext, ABSOLUTE (.))
 *(.eh_frame_hdr)
                0x00000000000195f4                . = ALIGN (0x4)
                0x00000000000195f4                PROVIDE (__preinit_array_start, ABSOLUTE (.))
 *(.preinit_array)
                0x00000000000195f4                PROVIDE (__preinit_array_end, ABSOLUTE (.))
                0x00000000000195f4                PROVIDE (__init_array_start, ABSOLUTE (.))
 *(.init_array)
                0x00000000000195f4                PROVIDE (__init_array_end, ABSOLUTE (.))
                0x00000000000195f4                PROVIDE (__fini_array_start, ABSOLUTE (.))
 *(.fini_array)
                0x00000000000195f4                PROVIDE (__fini_array_end, ABSOLUTE (.))
 *(.eh_frame)
 *(.gcc_except_table .gcc_except_table.*)
 *(.dynamic)
                0x00000000000195f4                PROVIDE (__CTOR_LIST__, ABSOLUTE (.))
 *(.ctors)
 *(SORT(.ctors.*))
                0x00000000000195f4                PROVIDE (__CTOR_END__, ABSOLUTE (.))
                0x00000000000195f4                PROVIDE (__DTOR_LIST__, ABSOLUTE (.))
 *(.dtors)
 *(SORT(.dtors.*))
                0x00000000000195f4                PROVIDE (__DTOR_END__, ABSOLUTE (.))
 *(.jcr)
                0x00000000000195f4                . = ALIGN (0x4)

.rodata         0x00000000000195f4      0x5fc
                0x00000000000195f4                PROVIDE (__ram_rodata_start, ABSOLUTE (.))
                0x00000000000195f4                . = ALIGN (0x4)
 *(.rodata .rodata.* .gnu.linkonce.r.*)
 .rodata        0x00000000000195f4       0x48 obj/default/Controller.o
 .rodata.str1.4
                0x000000000001963c       0x42 c:/altera_lite/15.1/nios2eds/bin/gnu/h-x86_64-mingw32/bin/../lib/gcc/nios2-elf/4.9.2/../../../../../H-x86_64-mingw32/nios2-elf/lib/mhw-mulx\libc.a(lib_a-vfprintf.o)
                                         0x44 (size before relaxing)
 .rodata.zeroes.4255
                0x000000000001967e       0x10 c:/altera_lite/15.1/nios2eds/bin/gnu/h-x86_64-mingw32/bin/../lib/gcc/nios2-elf/4.9.2/../../../../../H-x86_64-mingw32/nios2-elf/lib/mhw-mulx\libc.a(lib_a-vfprintf.o)
 .rodata.blanks.4254
                0x000000000001968e       0x10 c:/altera_lite/15.1/nios2eds/bin/gnu/h-x86_64-mingw32/bin/../lib/gcc/nios2-elf/4.9.2/../../../../../H-x86_64-mingw32/nios2-elf/lib/mhw-mulx\libc.a(lib_a-vfprintf.o)
 *fill*         0x000000000001969e        0x2 
 .rodata.str1.4
                0x00000000000196a0       0x10 c:/altera_lite/15.1/nios2eds/bin/gnu/h-x86_64-mingw32/bin/../lib/gcc/nios2-elf/4.9.2/../../../../../H-x86_64-mingw32/nios2-elf/lib/mhw-mulx\libc.a(lib_a-dtoa.o)
                                         0x14 (size before relaxing)
 .rodata.str1.4
                0x00000000000196b0        0x2 c:/altera_lite/15.1/nios2eds/bin/gnu/h-x86_64-mingw32/bin/../lib/gcc/nios2-elf/4.9.2/../../../../../H-x86_64-mingw32/nios2-elf/lib/mhw-mulx\libc.a(lib_a-impure.o)
                                          0x4 (size before relaxing)
 *fill*         0x00000000000196b2        0x2 
 .rodata.str1.4
                0x00000000000196b4        0xc c:/altera_lite/15.1/nios2eds/bin/gnu/h-x86_64-mingw32/bin/../lib/gcc/nios2-elf/4.9.2/../../../../../H-x86_64-mingw32/nios2-elf/lib/mhw-mulx\libc.a(lib_a-locale.o)
                                         0x14 (size before relaxing)
 .rodata.p05.2710
                0x00000000000196c0        0xc c:/altera_lite/15.1/nios2eds/bin/gnu/h-x86_64-mingw32/bin/../lib/gcc/nios2-elf/4.9.2/../../../../../H-x86_64-mingw32/nios2-elf/lib/mhw-mulx\libc.a(lib_a-mprec.o)
 .rodata.__mprec_tinytens
                0x00000000000196cc       0x28 c:/altera_lite/15.1/nios2eds/bin/gnu/h-x86_64-mingw32/bin/../lib/gcc/nios2-elf/4.9.2/../../../../../H-x86_64-mingw32/nios2-elf/lib/mhw-mulx\libc.a(lib_a-mprec.o)
                0x00000000000196cc                __mprec_tinytens
 .rodata.__mprec_bigtens
                0x00000000000196f4       0x28 c:/altera_lite/15.1/nios2eds/bin/gnu/h-x86_64-mingw32/bin/../lib/gcc/nios2-elf/4.9.2/../../../../../H-x86_64-mingw32/nios2-elf/lib/mhw-mulx\libc.a(lib_a-mprec.o)
                0x00000000000196f4                __mprec_bigtens
 .rodata.__mprec_tens
                0x000000000001971c       0xc8 c:/altera_lite/15.1/nios2eds/bin/gnu/h-x86_64-mingw32/bin/../lib/gcc/nios2-elf/4.9.2/../../../../../H-x86_64-mingw32/nios2-elf/lib/mhw-mulx\libc.a(lib_a-mprec.o)
                0x000000000001971c                __mprec_tens
 .rodata.str1.4
                0x0000000000000000       0x30 c:/altera_lite/15.1/nios2eds/bin/gnu/h-x86_64-mingw32/bin/../lib/gcc/nios2-elf/4.9.2/../../../../../H-x86_64-mingw32/nios2-elf/lib/mhw-mulx\libc.a(lib_a-vfiprintf.o)
 .rodata.zeroes.4200
                0x00000000000197e4       0x10 c:/altera_lite/15.1/nios2eds/bin/gnu/h-x86_64-mingw32/bin/../lib/gcc/nios2-elf/4.9.2/../../../../../H-x86_64-mingw32/nios2-elf/lib/mhw-mulx\libc.a(lib_a-vfiprintf.o)
 .rodata.blanks.4199
                0x00000000000197f4       0x10 c:/altera_lite/15.1/nios2eds/bin/gnu/h-x86_64-mingw32/bin/../lib/gcc/nios2-elf/4.9.2/../../../../../H-x86_64-mingw32/nios2-elf/lib/mhw-mulx\libc.a(lib_a-vfiprintf.o)
 .rodata        0x0000000000019804      0x100 c:/altera_lite/15.1/nios2eds/bin/gnu/h-x86_64-mingw32/bin/../lib/gcc/nios2-elf/4.9.2/mhw-mulx\libgcc.a(_clz.o)
                0x0000000000019804                __clz_tab
 .rodata        0x0000000000019904        0xc C:/Users/rickert/Documents/GitHub/KBS_ESA_bsp/\libucosii_bsp.a(alt_dev.o)
 .rodata        0x0000000000019910       0x10 C:/Users/rickert/Documents/GitHub/KBS_ESA_bsp/\libucosii_bsp.a(alt_main.o)
 .rodata        0x0000000000019920      0x120 C:/Users/rickert/Documents/GitHub/KBS_ESA_bsp/\libucosii_bsp.a(os_core.o)
                0x0000000000019920                OSUnMapTbl
 .rodata        0x0000000000019a40      0x190 C:/Users/rickert/Documents/GitHub/KBS_ESA_bsp/\libucosii_bsp.a(alt_sys_init.o)
 .rodata        0x0000000000019bd0       0x1c C:/Users/rickert/Documents/GitHub/KBS_ESA_bsp/\libucosii_bsp.a(altera_up_avalon_video_character_buffer_with_dma.o)
 .rodata        0x0000000000019bec        0x4 C:/Users/rickert/Documents/GitHub/KBS_ESA_bsp/\libucosii_bsp.a(os_cpu_c.o)
 *(.rodata1)
                0x0000000000019bf0                . = ALIGN (0x4)
                0x0000000000019bf0                PROVIDE (__ram_rodata_end, ABSOLUTE (.))
                0x00000000000195f4                PROVIDE (__flash_rodata_start, LOADADDR (.rodata))

.rwdata         0x0000000000019bf0     0x1f00 load address 0x000000000001baf0
                0x0000000000019bf0                PROVIDE (__ram_rwdata_start, ABSOLUTE (.))
                0x0000000000019bf0                . = ALIGN (0x4)
 *(.got.plt)
 *(.got)
 *(.data1)
 *(.data .data.* .gnu.linkonce.d.*)
 .data          0x0000000000019bf0        0x0 C:/Users/rickert/Documents/GitHub/KBS_ESA_bsp//obj/HAL/src/crt0.o
 .data          0x0000000000019bf0        0x0 obj/default/.metadata/.plugins/org.eclipse.cdt.make.core/specs.o
 .data          0x0000000000019bf0        0x0 obj/default/.metadata/.plugins/org.eclipse.cdt.managedbuilder.core/spec.o
 .data          0x0000000000019bf0        0x0 obj/default/Controller.o
 .data          0x0000000000019bf0        0x0 obj/default/Game.o
 .data          0x0000000000019bf0        0x0 obj/default/Menu.o
 .data          0x0000000000019bf0        0x0 obj/default/hello_ucosii.o
 .data          0x0000000000019bf0        0x0 obj/default/.metadata/.plugins/org.eclipse.cdt.make.core/specs.o
 .data          0x0000000000019bf0        0x0 c:/altera_lite/15.1/nios2eds/bin/gnu/h-x86_64-mingw32/bin/../lib/gcc/nios2-elf/4.9.2/../../../../../H-x86_64-mingw32/nios2-elf/lib/mhw-mulx\libc.a(lib_a-printf.o)
 .data          0x0000000000019bf0        0x0 c:/altera_lite/15.1/nios2eds/bin/gnu/h-x86_64-mingw32/bin/../lib/gcc/nios2-elf/4.9.2/../../../../../H-x86_64-mingw32/nios2-elf/lib/mhw-mulx\libc.a(lib_a-vfprintf.o)
 .data          0x0000000000019bf0        0x0 c:/altera_lite/15.1/nios2eds/bin/gnu/h-x86_64-mingw32/bin/../lib/gcc/nios2-elf/4.9.2/../../../../../H-x86_64-mingw32/nios2-elf/lib/mhw-mulx\libc.a(lib_a-wsetup.o)
 .data          0x0000000000019bf0        0x0 c:/altera_lite/15.1/nios2eds/bin/gnu/h-x86_64-mingw32/bin/../lib/gcc/nios2-elf/4.9.2/../../../../../H-x86_64-mingw32/nios2-elf/lib/mhw-mulx\libc.a(lib_a-dtoa.o)
 .data          0x0000000000019bf0        0x0 c:/altera_lite/15.1/nios2eds/bin/gnu/h-x86_64-mingw32/bin/../lib/gcc/nios2-elf/4.9.2/../../../../../H-x86_64-mingw32/nios2-elf/lib/mhw-mulx\libc.a(lib_a-fflush.o)
 .data          0x0000000000019bf0        0x0 c:/altera_lite/15.1/nios2eds/bin/gnu/h-x86_64-mingw32/bin/../lib/gcc/nios2-elf/4.9.2/../../../../../H-x86_64-mingw32/nios2-elf/lib/mhw-mulx\libc.a(lib_a-findfp.o)
 .data          0x0000000000019bf0        0x0 c:/altera_lite/15.1/nios2eds/bin/gnu/h-x86_64-mingw32/bin/../lib/gcc/nios2-elf/4.9.2/../../../../../H-x86_64-mingw32/nios2-elf/lib/mhw-mulx\libc.a(lib_a-freer.o)
 .data          0x0000000000019bf0        0x0 c:/altera_lite/15.1/nios2eds/bin/gnu/h-x86_64-mingw32/bin/../lib/gcc/nios2-elf/4.9.2/../../../../../H-x86_64-mingw32/nios2-elf/lib/mhw-mulx\libc.a(lib_a-fwalk.o)
 .data          0x0000000000019bf0        0x0 c:/altera_lite/15.1/nios2eds/bin/gnu/h-x86_64-mingw32/bin/../lib/gcc/nios2-elf/4.9.2/../../../../../H-x86_64-mingw32/nios2-elf/lib/mhw-mulx\libc.a(lib_a-impure.o)
 .data.impure_data
                0x0000000000019bf0      0x424 c:/altera_lite/15.1/nios2eds/bin/gnu/h-x86_64-mingw32/bin/../lib/gcc/nios2-elf/4.9.2/../../../../../H-x86_64-mingw32/nios2-elf/lib/mhw-mulx\libc.a(lib_a-impure.o)
 .data          0x000000000001a014        0x0 c:/altera_lite/15.1/nios2eds/bin/gnu/h-x86_64-mingw32/bin/../lib/gcc/nios2-elf/4.9.2/../../../../../H-x86_64-mingw32/nios2-elf/lib/mhw-mulx\libc.a(lib_a-locale.o)
 .data.lc_message_charset
                0x000000000001a014       0x20 c:/altera_lite/15.1/nios2eds/bin/gnu/h-x86_64-mingw32/bin/../lib/gcc/nios2-elf/4.9.2/../../../../../H-x86_64-mingw32/nios2-elf/lib/mhw-mulx\libc.a(lib_a-locale.o)
 .data.lc_ctype_charset
                0x000000000001a034       0x20 c:/altera_lite/15.1/nios2eds/bin/gnu/h-x86_64-mingw32/bin/../lib/gcc/nios2-elf/4.9.2/../../../../../H-x86_64-mingw32/nios2-elf/lib/mhw-mulx\libc.a(lib_a-locale.o)
 .data.lconv    0x000000000001a054       0x38 c:/altera_lite/15.1/nios2eds/bin/gnu/h-x86_64-mingw32/bin/../lib/gcc/nios2-elf/4.9.2/../../../../../H-x86_64-mingw32/nios2-elf/lib/mhw-mulx\libc.a(lib_a-locale.o)
 .data          0x000000000001a08c        0x0 c:/altera_lite/15.1/nios2eds/bin/gnu/h-x86_64-mingw32/bin/../lib/gcc/nios2-elf/4.9.2/../../../../../H-x86_64-mingw32/nios2-elf/lib/mhw-mulx\libc.a(lib_a-makebuf.o)
 .data          0x000000000001a08c        0x0 c:/altera_lite/15.1/nios2eds/bin/gnu/h-x86_64-mingw32/bin/../lib/gcc/nios2-elf/4.9.2/../../../../../H-x86_64-mingw32/nios2-elf/lib/mhw-mulx\libc.a(lib_a-mallocr.o)
 .data.__malloc_av_
                0x000000000001a08c      0x408 c:/altera_lite/15.1/nios2eds/bin/gnu/h-x86_64-mingw32/bin/../lib/gcc/nios2-elf/4.9.2/../../../../../H-x86_64-mingw32/nios2-elf/lib/mhw-mulx\libc.a(lib_a-mallocr.o)
                0x000000000001a08c                __malloc_av_
 .data          0x000000000001a494        0x0 c:/altera_lite/15.1/nios2eds/bin/gnu/h-x86_64-mingw32/bin/../lib/gcc/nios2-elf/4.9.2/../../../../../H-x86_64-mingw32/nios2-elf/lib/mhw-mulx\libc.a(lib_a-memchr.o)
 .data          0x000000000001a494        0x0 c:/altera_lite/15.1/nios2eds/bin/gnu/h-x86_64-mingw32/bin/../lib/gcc/nios2-elf/4.9.2/../../../../../H-x86_64-mingw32/nios2-elf/lib/mhw-mulx\libc.a(lib_a-memcpy.o)
 .data          0x000000000001a494        0x0 c:/altera_lite/15.1/nios2eds/bin/gnu/h-x86_64-mingw32/bin/../lib/gcc/nios2-elf/4.9.2/../../../../../H-x86_64-mingw32/nios2-elf/lib/mhw-mulx\libc.a(lib_a-memset.o)
 .data          0x000000000001a494        0x0 c:/altera_lite/15.1/nios2eds/bin/gnu/h-x86_64-mingw32/bin/../lib/gcc/nios2-elf/4.9.2/../../../../../H-x86_64-mingw32/nios2-elf/lib/mhw-mulx\libc.a(lib_a-mprec.o)
 .data          0x000000000001a494        0x0 c:/altera_lite/15.1/nios2eds/bin/gnu/h-x86_64-mingw32/bin/../lib/gcc/nios2-elf/4.9.2/../../../../../H-x86_64-mingw32/nios2-elf/lib/mhw-mulx\libc.a(lib_a-s_fpclassify.o)
 .data          0x000000000001a494        0x0 c:/altera_lite/15.1/nios2eds/bin/gnu/h-x86_64-mingw32/bin/../lib/gcc/nios2-elf/4.9.2/../../../../../H-x86_64-mingw32/nios2-elf/lib/mhw-mulx\libc.a(lib_a-sbrkr.o)
 .data          0x000000000001a494        0x0 c:/altera_lite/15.1/nios2eds/bin/gnu/h-x86_64-mingw32/bin/../lib/gcc/nios2-elf/4.9.2/../../../../../H-x86_64-mingw32/nios2-elf/lib/mhw-mulx\libc.a(lib_a-stdio.o)
 .data          0x000000000001a494        0x0 c:/altera_lite/15.1/nios2eds/bin/gnu/h-x86_64-mingw32/bin/../lib/gcc/nios2-elf/4.9.2/../../../../../H-x86_64-mingw32/nios2-elf/lib/mhw-mulx\libc.a(lib_a-strcmp.o)
 .data          0x000000000001a494        0x0 c:/altera_lite/15.1/nios2eds/bin/gnu/h-x86_64-mingw32/bin/../lib/gcc/nios2-elf/4.9.2/../../../../../H-x86_64-mingw32/nios2-elf/lib/mhw-mulx\libc.a(lib_a-strlen.o)
 .data          0x000000000001a494        0x0 c:/altera_lite/15.1/nios2eds/bin/gnu/h-x86_64-mingw32/bin/../lib/gcc/nios2-elf/4.9.2/../../../../../H-x86_64-mingw32/nios2-elf/lib/mhw-mulx\libc.a(lib_a-vfiprintf.o)
 .data          0x000000000001a494        0x0 c:/altera_lite/15.1/nios2eds/bin/gnu/h-x86_64-mingw32/bin/../lib/gcc/nios2-elf/4.9.2/../../../../../H-x86_64-mingw32/nios2-elf/lib/mhw-mulx\libc.a(lib_a-writer.o)
 .data          0x000000000001a494        0x0 c:/altera_lite/15.1/nios2eds/bin/gnu/h-x86_64-mingw32/bin/../lib/gcc/nios2-elf/4.9.2/../../../../../H-x86_64-mingw32/nios2-elf/lib/mhw-mulx\libc.a(closer.o)
 .data          0x000000000001a494        0x0 c:/altera_lite/15.1/nios2eds/bin/gnu/h-x86_64-mingw32/bin/../lib/gcc/nios2-elf/4.9.2/../../../../../H-x86_64-mingw32/nios2-elf/lib/mhw-mulx\libc.a(lib_a-callocr.o)
 .data          0x000000000001a494        0x0 c:/altera_lite/15.1/nios2eds/bin/gnu/h-x86_64-mingw32/bin/../lib/gcc/nios2-elf/4.9.2/../../../../../H-x86_64-mingw32/nios2-elf/lib/mhw-mulx\libc.a(lib_a-fclose.o)
 .data          0x000000000001a494        0x0 c:/altera_lite/15.1/nios2eds/bin/gnu/h-x86_64-mingw32/bin/../lib/gcc/nios2-elf/4.9.2/../../../../../H-x86_64-mingw32/nios2-elf/lib/mhw-mulx\libc.a(lib_a-fputwc.o)
 .data          0x000000000001a494        0x0 c:/altera_lite/15.1/nios2eds/bin/gnu/h-x86_64-mingw32/bin/../lib/gcc/nios2-elf/4.9.2/../../../../../H-x86_64-mingw32/nios2-elf/lib/mhw-mulx\libc.a(lib_a-fstatr.o)
 .data          0x000000000001a494        0x0 c:/altera_lite/15.1/nios2eds/bin/gnu/h-x86_64-mingw32/bin/../lib/gcc/nios2-elf/4.9.2/../../../../../H-x86_64-mingw32/nios2-elf/lib/mhw-mulx\libc.a(lib_a-fvwrite.o)
 .data          0x000000000001a494        0x0 c:/altera_lite/15.1/nios2eds/bin/gnu/h-x86_64-mingw32/bin/../lib/gcc/nios2-elf/4.9.2/../../../../../H-x86_64-mingw32/nios2-elf/lib/mhw-mulx\libc.a(lib_a-int_errno.o)
 .data          0x000000000001a494        0x0 c:/altera_lite/15.1/nios2eds/bin/gnu/h-x86_64-mingw32/bin/../lib/gcc/nios2-elf/4.9.2/../../../../../H-x86_64-mingw32/nios2-elf/lib/mhw-mulx\libc.a(lib_a-isattyr.o)
 .data          0x000000000001a494        0x0 c:/altera_lite/15.1/nios2eds/bin/gnu/h-x86_64-mingw32/bin/../lib/gcc/nios2-elf/4.9.2/../../../../../H-x86_64-mingw32/nios2-elf/lib/mhw-mulx\libc.a(lib_a-lseekr.o)
 .data          0x000000000001a494        0x0 c:/altera_lite/15.1/nios2eds/bin/gnu/h-x86_64-mingw32/bin/../lib/gcc/nios2-elf/4.9.2/../../../../../H-x86_64-mingw32/nios2-elf/lib/mhw-mulx\libc.a(lib_a-memmove.o)
 .data          0x000000000001a494        0x0 c:/altera_lite/15.1/nios2eds/bin/gnu/h-x86_64-mingw32/bin/../lib/gcc/nios2-elf/4.9.2/../../../../../H-x86_64-mingw32/nios2-elf/lib/mhw-mulx\libc.a(lib_a-readr.o)
 .data          0x000000000001a494        0x0 c:/altera_lite/15.1/nios2eds/bin/gnu/h-x86_64-mingw32/bin/../lib/gcc/nios2-elf/4.9.2/../../../../../H-x86_64-mingw32/nios2-elf/lib/mhw-mulx\libc.a(lib_a-reallocr.o)
 .data          0x000000000001a494        0x0 c:/altera_lite/15.1/nios2eds/bin/gnu/h-x86_64-mingw32/bin/../lib/gcc/nios2-elf/4.9.2/../../../../../H-x86_64-mingw32/nios2-elf/lib/mhw-mulx\libc.a(lib_a-wbuf.o)
 .data          0x000000000001a494        0x0 c:/altera_lite/15.1/nios2eds/bin/gnu/h-x86_64-mingw32/bin/../lib/gcc/nios2-elf/4.9.2/../../../../../H-x86_64-mingw32/nios2-elf/lib/mhw-mulx\libc.a(lib_a-wcrtomb.o)
 .data          0x000000000001a494        0x0 c:/altera_lite/15.1/nios2eds/bin/gnu/h-x86_64-mingw32/bin/../lib/gcc/nios2-elf/4.9.2/../../../../../H-x86_64-mingw32/nios2-elf/lib/mhw-mulx\libc.a(lib_a-wctomb_r.o)
 .data          0x000000000001a494        0x0 c:/altera_lite/15.1/nios2eds/bin/gnu/h-x86_64-mingw32/bin/../lib/gcc/nios2-elf/4.9.2/mhw-mulx\libgcc.a(_udivdi3.o)
 .data          0x000000000001a494        0x0 c:/altera_lite/15.1/nios2eds/bin/gnu/h-x86_64-mingw32/bin/../lib/gcc/nios2-elf/4.9.2/mhw-mulx\libgcc.a(_umoddi3.o)
 .data          0x000000000001a494        0x0 c:/altera_lite/15.1/nios2eds/bin/gnu/h-x86_64-mingw32/bin/../lib/gcc/nios2-elf/4.9.2/mhw-mulx\libgcc.a(lib2-divmod.o)
 .data          0x000000000001a494        0x0 c:/altera_lite/15.1/nios2eds/bin/gnu/h-x86_64-mingw32/bin/../lib/gcc/nios2-elf/4.9.2/mhw-mulx\libgcc.a(adddf3.o)
 .data          0x000000000001a494        0x0 c:/altera_lite/15.1/nios2eds/bin/gnu/h-x86_64-mingw32/bin/../lib/gcc/nios2-elf/4.9.2/mhw-mulx\libgcc.a(divdf3.o)
 .data          0x000000000001a494        0x0 c:/altera_lite/15.1/nios2eds/bin/gnu/h-x86_64-mingw32/bin/../lib/gcc/nios2-elf/4.9.2/mhw-mulx\libgcc.a(eqdf2.o)
 .data          0x000000000001a494        0x0 c:/altera_lite/15.1/nios2eds/bin/gnu/h-x86_64-mingw32/bin/../lib/gcc/nios2-elf/4.9.2/mhw-mulx\libgcc.a(gedf2.o)
 .data          0x000000000001a494        0x0 c:/altera_lite/15.1/nios2eds/bin/gnu/h-x86_64-mingw32/bin/../lib/gcc/nios2-elf/4.9.2/mhw-mulx\libgcc.a(ledf2.o)
 .data          0x000000000001a494        0x0 c:/altera_lite/15.1/nios2eds/bin/gnu/h-x86_64-mingw32/bin/../lib/gcc/nios2-elf/4.9.2/mhw-mulx\libgcc.a(muldf3.o)
 .data          0x000000000001a494        0x0 c:/altera_lite/15.1/nios2eds/bin/gnu/h-x86_64-mingw32/bin/../lib/gcc/nios2-elf/4.9.2/mhw-mulx\libgcc.a(subdf3.o)
 .data          0x000000000001a494        0x0 c:/altera_lite/15.1/nios2eds/bin/gnu/h-x86_64-mingw32/bin/../lib/gcc/nios2-elf/4.9.2/mhw-mulx\libgcc.a(fixdfsi.o)
 .data          0x000000000001a494        0x0 c:/altera_lite/15.1/nios2eds/bin/gnu/h-x86_64-mingw32/bin/../lib/gcc/nios2-elf/4.9.2/mhw-mulx\libgcc.a(floatsidf.o)
 .data          0x000000000001a494        0x0 c:/altera_lite/15.1/nios2eds/bin/gnu/h-x86_64-mingw32/bin/../lib/gcc/nios2-elf/4.9.2/mhw-mulx\libgcc.a(floatunsidf.o)
 .data          0x000000000001a494        0x0 c:/altera_lite/15.1/nios2eds/bin/gnu/h-x86_64-mingw32/bin/../lib/gcc/nios2-elf/4.9.2/mhw-mulx\libgcc.a(_clz.o)
 .data          0x000000000001a494        0x0 c:/altera_lite/15.1/nios2eds/bin/gnu/h-x86_64-mingw32/bin/../lib/gcc/nios2-elf/4.9.2/mhw-mulx\libgcc.a(_clzsi2.o)
 .data          0x000000000001a494        0x0 C:/Users/rickert/Documents/GitHub/KBS_ESA_bsp/\libucosii_bsp.a(alt_close.o)
 .data          0x000000000001a494      0x1a8 C:/Users/rickert/Documents/GitHub/KBS_ESA_bsp/\libucosii_bsp.a(alt_dev.o)
                0x000000000001a494                alt_dev_null
                0x000000000001a4bc                alt_fd_list
 .data          0x000000000001a63c        0x0 C:/Users/rickert/Documents/GitHub/KBS_ESA_bsp/\libucosii_bsp.a(alt_errno.o)
 .data          0x000000000001a63c        0x0 C:/Users/rickert/Documents/GitHub/KBS_ESA_bsp/\libucosii_bsp.a(alt_fstat.o)
 .data          0x000000000001a63c        0x0 C:/Users/rickert/Documents/GitHub/KBS_ESA_bsp/\libucosii_bsp.a(alt_isatty.o)
 .data          0x000000000001a63c        0x0 C:/Users/rickert/Documents/GitHub/KBS_ESA_bsp/\libucosii_bsp.a(alt_load.o)
 .data          0x000000000001a63c        0x0 C:/Users/rickert/Documents/GitHub/KBS_ESA_bsp/\libucosii_bsp.a(alt_lseek.o)
 .data          0x000000000001a63c        0x0 C:/Users/rickert/Documents/GitHub/KBS_ESA_bsp/\libucosii_bsp.a(alt_main.o)
 .data          0x000000000001a63c        0x0 C:/Users/rickert/Documents/GitHub/KBS_ESA_bsp/\libucosii_bsp.a(alt_read.o)
 .data          0x000000000001a63c        0x0 C:/Users/rickert/Documents/GitHub/KBS_ESA_bsp/\libucosii_bsp.a(alt_release_fd.o)
 .data          0x000000000001a63c        0x0 C:/Users/rickert/Documents/GitHub/KBS_ESA_bsp/\libucosii_bsp.a(alt_sbrk.o)
 .data          0x000000000001a63c        0x0 C:/Users/rickert/Documents/GitHub/KBS_ESA_bsp/\libucosii_bsp.a(alt_write.o)
 .data          0x000000000001a63c        0x0 C:/Users/rickert/Documents/GitHub/KBS_ESA_bsp/\libucosii_bsp.a(alt_env_lock.o)
 .data          0x000000000001a63c        0x0 C:/Users/rickert/Documents/GitHub/KBS_ESA_bsp/\libucosii_bsp.a(alt_malloc_lock.o)
 .data          0x000000000001a63c        0x0 C:/Users/rickert/Documents/GitHub/KBS_ESA_bsp/\libucosii_bsp.a(os_core.o)
 .data          0x000000000001a63c        0x0 C:/Users/rickert/Documents/GitHub/KBS_ESA_bsp/\libucosii_bsp.a(os_dbg.o)
 .data          0x000000000001a63c        0x0 C:/Users/rickert/Documents/GitHub/KBS_ESA_bsp/\libucosii_bsp.a(os_flag.o)
 .data          0x000000000001a63c        0x0 C:/Users/rickert/Documents/GitHub/KBS_ESA_bsp/\libucosii_bsp.a(os_mem.o)
 .data          0x000000000001a63c        0x0 C:/Users/rickert/Documents/GitHub/KBS_ESA_bsp/\libucosii_bsp.a(os_q.o)
 .data          0x000000000001a63c        0x0 C:/Users/rickert/Documents/GitHub/KBS_ESA_bsp/\libucosii_bsp.a(os_sem.o)
 .data          0x000000000001a63c        0x0 C:/Users/rickert/Documents/GitHub/KBS_ESA_bsp/\libucosii_bsp.a(os_task.o)
 .data          0x000000000001a63c        0x0 C:/Users/rickert/Documents/GitHub/KBS_ESA_bsp/\libucosii_bsp.a(os_time.o)
 .data          0x000000000001a63c     0x13f0 C:/Users/rickert/Documents/GitHub/KBS_ESA_bsp/\libucosii_bsp.a(alt_sys_init.o)
 .data          0x000000000001ba2c        0x0 C:/Users/rickert/Documents/GitHub/KBS_ESA_bsp/\libucosii_bsp.a(altera_avalon_jtag_uart_fd.o)
 .data          0x000000000001ba2c        0x0 C:/Users/rickert/Documents/GitHub/KBS_ESA_bsp/\libucosii_bsp.a(altera_avalon_jtag_uart_init.o)
 .data          0x000000000001ba2c        0x0 C:/Users/rickert/Documents/GitHub/KBS_ESA_bsp/\libucosii_bsp.a(altera_avalon_jtag_uart_ioctl.o)
 .data          0x000000000001ba2c        0x0 C:/Users/rickert/Documents/GitHub/KBS_ESA_bsp/\libucosii_bsp.a(altera_avalon_jtag_uart_read.o)
 .data          0x000000000001ba2c        0x0 C:/Users/rickert/Documents/GitHub/KBS_ESA_bsp/\libucosii_bsp.a(altera_avalon_jtag_uart_write.o)
 .data          0x000000000001ba2c        0x0 C:/Users/rickert/Documents/GitHub/KBS_ESA_bsp/\libucosii_bsp.a(altera_avalon_timer_sc.o)
 .data          0x000000000001ba2c        0x0 C:/Users/rickert/Documents/GitHub/KBS_ESA_bsp/\libucosii_bsp.a(altera_up_avalon_character_lcd.o)
 .data          0x000000000001ba2c        0x0 C:/Users/rickert/Documents/GitHub/KBS_ESA_bsp/\libucosii_bsp.a(altera_up_avalon_irda.o)
 .data          0x000000000001ba2c        0x0 C:/Users/rickert/Documents/GitHub/KBS_ESA_bsp/\libucosii_bsp.a(altera_up_avalon_parallel_port.o)
 .data          0x000000000001ba2c        0x0 C:/Users/rickert/Documents/GitHub/KBS_ESA_bsp/\libucosii_bsp.a(altera_up_avalon_ps2.o)
 .data          0x000000000001ba2c        0x0 C:/Users/rickert/Documents/GitHub/KBS_ESA_bsp/\libucosii_bsp.a(altera_up_avalon_rs232.o)
 .data          0x000000000001ba2c        0x0 C:/Users/rickert/Documents/GitHub/KBS_ESA_bsp/\libucosii_bsp.a(altera_up_avalon_video_character_buffer_with_dma.o)
 .data          0x000000000001ba2c        0x0 C:/Users/rickert/Documents/GitHub/KBS_ESA_bsp/\libucosii_bsp.a(alt_alarm_start.o)
 .data          0x000000000001ba2c        0x0 C:/Users/rickert/Documents/GitHub/KBS_ESA_bsp/\libucosii_bsp.a(alt_dcache_flush_all.o)
 .data          0x000000000001ba2c        0x0 C:/Users/rickert/Documents/GitHub/KBS_ESA_bsp/\libucosii_bsp.a(alt_dev_llist_insert.o)
 .data          0x000000000001ba2c        0x0 C:/Users/rickert/Documents/GitHub/KBS_ESA_bsp/\libucosii_bsp.a(alt_do_ctors.o)
 .data          0x000000000001ba2c        0x0 C:/Users/rickert/Documents/GitHub/KBS_ESA_bsp/\libucosii_bsp.a(alt_do_dtors.o)
 .data          0x000000000001ba2c        0x0 C:/Users/rickert/Documents/GitHub/KBS_ESA_bsp/\libucosii_bsp.a(alt_find_dev.o)
 .data          0x000000000001ba2c        0x0 C:/Users/rickert/Documents/GitHub/KBS_ESA_bsp/\libucosii_bsp.a(alt_icache_flush_all.o)
 .data          0x000000000001ba2c        0x0 C:/Users/rickert/Documents/GitHub/KBS_ESA_bsp/\libucosii_bsp.a(alt_io_redirect.o)
 .data          0x000000000001ba2c        0x0 C:/Users/rickert/Documents/GitHub/KBS_ESA_bsp/\libucosii_bsp.a(alt_irq_register.o)
 .data          0x000000000001ba2c        0x0 C:/Users/rickert/Documents/GitHub/KBS_ESA_bsp/\libucosii_bsp.a(alt_irq_vars.o)
 .data          0x000000000001ba2c        0x0 C:/Users/rickert/Documents/GitHub/KBS_ESA_bsp/\libucosii_bsp.a(alt_open.o)