Archive member included to satisfy reference by file (symbol)

c:/altera_lite/15.1/nios2eds/bin/gnu/h-x86_64-mingw32/bin/../lib/gcc/nios2-elf/4.9.2/../../../../../H-x86_64-mingw32/nios2-elf/lib/mhw-mulx\libc.a(lib_a-puts.o)
                              obj/default/Game.o (puts)
c:/altera_lite/15.1/nios2eds/bin/gnu/h-x86_64-mingw32/bin/../lib/gcc/nios2-elf/4.9.2/../../../../../H-x86_64-mingw32/nios2-elf/lib/mhw-mulx\libc.a(lib_a-strlen.o)
                              c:/altera_lite/15.1/nios2eds/bin/gnu/h-x86_64-mingw32/bin/../lib/gcc/nios2-elf/4.9.2/../../../../../H-x86_64-mingw32/nios2-elf/lib/mhw-mulx\libc.a(lib_a-puts.o) (strlen)
c:/altera_lite/15.1/nios2eds/bin/gnu/h-x86_64-mingw32/bin/../lib/gcc/nios2-elf/4.9.2/../../../../../H-x86_64-mingw32/nios2-elf/lib/mhw-mulx\libc.a(lib_a-fvwrite.o)
                              c:/altera_lite/15.1/nios2eds/bin/gnu/h-x86_64-mingw32/bin/../lib/gcc/nios2-elf/4.9.2/../../../../../H-x86_64-mingw32/nios2-elf/lib/mhw-mulx\libc.a(lib_a-puts.o) (__sfvwrite_r)
c:/altera_lite/15.1/nios2eds/bin/gnu/h-x86_64-mingw32/bin/../lib/gcc/nios2-elf/4.9.2/../../../../../H-x86_64-mingw32/nios2-elf/lib/mhw-mulx\libc.a(lib_a-impure.o)
                              c:/altera_lite/15.1/nios2eds/bin/gnu/h-x86_64-mingw32/bin/../lib/gcc/nios2-elf/4.9.2/../../../../../H-x86_64-mingw32/nios2-elf/lib/mhw-mulx\libc.a(lib_a-puts.o) (_impure_ptr)
c:/altera_lite/15.1/nios2eds/bin/gnu/h-x86_64-mingw32/bin/../lib/gcc/nios2-elf/4.9.2/../../../../../H-x86_64-mingw32/nios2-elf/lib/mhw-mulx\libc.a(lib_a-mallocr.o)
                              c:/altera_lite/15.1/nios2eds/bin/gnu/h-x86_64-mingw32/bin/../lib/gcc/nios2-elf/4.9.2/../../../../../H-x86_64-mingw32/nios2-elf/lib/mhw-mulx\libc.a(lib_a-fvwrite.o) (_malloc_r)
c:/altera_lite/15.1/nios2eds/bin/gnu/h-x86_64-mingw32/bin/../lib/gcc/nios2-elf/4.9.2/../../../../../H-x86_64-mingw32/nios2-elf/lib/mhw-mulx\libc.a(lib_a-memchr.o)
                              c:/altera_lite/15.1/nios2eds/bin/gnu/h-x86_64-mingw32/bin/../lib/gcc/nios2-elf/4.9.2/../../../../../H-x86_64-mingw32/nios2-elf/lib/mhw-mulx\libc.a(lib_a-fvwrite.o) (memchr)
c:/altera_lite/15.1/nios2eds/bin/gnu/h-x86_64-mingw32/bin/../lib/gcc/nios2-elf/4.9.2/../../../../../H-x86_64-mingw32/nios2-elf/lib/mhw-mulx\libc.a(lib_a-memcpy.o)
                              c:/altera_lite/15.1/nios2eds/bin/gnu/h-x86_64-mingw32/bin/../lib/gcc/nios2-elf/4.9.2/../../../../../H-x86_64-mingw32/nios2-elf/lib/mhw-mulx\libc.a(lib_a-fvwrite.o) (memcpy)
c:/altera_lite/15.1/nios2eds/bin/gnu/h-x86_64-mingw32/bin/../lib/gcc/nios2-elf/4.9.2/../../../../../H-x86_64-mingw32/nios2-elf/lib/mhw-mulx\libc.a(lib_a-memmove.o)
                              c:/altera_lite/15.1/nios2eds/bin/gnu/h-x86_64-mingw32/bin/../lib/gcc/nios2-elf/4.9.2/../../../../../H-x86_64-mingw32/nios2-elf/lib/mhw-mulx\libc.a(lib_a-fvwrite.o) (memmove)
c:/altera_lite/15.1/nios2eds/bin/gnu/h-x86_64-mingw32/bin/../lib/gcc/nios2-elf/4.9.2/../../../../../H-x86_64-mingw32/nios2-elf/lib/mhw-mulx\libc.a(lib_a-reallocr.o)
                              c:/altera_lite/15.1/nios2eds/bin/gnu/h-x86_64-mingw32/bin/../lib/gcc/nios2-elf/4.9.2/../../../../../H-x86_64-mingw32/nios2-elf/lib/mhw-mulx\libc.a(lib_a-fvwrite.o) (_realloc_r)
c:/altera_lite/15.1/nios2eds/bin/gnu/h-x86_64-mingw32/bin/../lib/gcc/nios2-elf/4.9.2/../../../../../H-x86_64-mingw32/nios2-elf/lib/mhw-mulx\libc.a(lib_a-sbrkr.o)
                              c:/altera_lite/15.1/nios2eds/bin/gnu/h-x86_64-mingw32/bin/../lib/gcc/nios2-elf/4.9.2/../../../../../H-x86_64-mingw32/nios2-elf/lib/mhw-mulx\libc.a(lib_a-mallocr.o) (_sbrk_r)
c:/altera_lite/15.1/nios2eds/bin/gnu/h-x86_64-mingw32/bin/../lib/gcc/nios2-elf/4.9.2/../../../../../H-x86_64-mingw32/nios2-elf/lib/mhw-mulx\libc.a(lib_a-wsetup.o)
                              c:/altera_lite/15.1/nios2eds/bin/gnu/h-x86_64-mingw32/bin/../lib/gcc/nios2-elf/4.9.2/../../../../../H-x86_64-mingw32/nios2-elf/lib/mhw-mulx\libc.a(lib_a-fvwrite.o) (__swsetup_r)
c:/altera_lite/15.1/nios2eds/bin/gnu/h-x86_64-mingw32/bin/../lib/gcc/nios2-elf/4.9.2/../../../../../H-x86_64-mingw32/nios2-elf/lib/mhw-mulx\libc.a(lib_a-fflush.o)
                              c:/altera_lite/15.1/nios2eds/bin/gnu/h-x86_64-mingw32/bin/../lib/gcc/nios2-elf/4.9.2/../../../../../H-x86_64-mingw32/nios2-elf/lib/mhw-mulx\libc.a(lib_a-fvwrite.o) (_fflush_r)
c:/altera_lite/15.1/nios2eds/bin/gnu/h-x86_64-mingw32/bin/../lib/gcc/nios2-elf/4.9.2/../../../../../H-x86_64-mingw32/nios2-elf/lib/mhw-mulx\libc.a(lib_a-findfp.o)
                              c:/altera_lite/15.1/nios2eds/bin/gnu/h-x86_64-mingw32/bin/../lib/gcc/nios2-elf/4.9.2/../../../../../H-x86_64-mingw32/nios2-elf/lib/mhw-mulx\libc.a(lib_a-wsetup.o) (__sinit)
c:/altera_lite/15.1/nios2eds/bin/gnu/h-x86_64-mingw32/bin/../lib/gcc/nios2-elf/4.9.2/../../../../../H-x86_64-mingw32/nios2-elf/lib/mhw-mulx\libc.a(lib_a-freer.o)
[...]
Memory Configuration

Name             Origin             Length             Attributes
reset            0x0000000000000000 0x0000000000000020
SDRAM            0x0000000000000020 0x0000000003ffffe0
Flash_flash_data 0x000000000c000000 0x0000000000800000
*default*        0x0000000000000000 0xffffffffffffffff

Linker script and memory map

LOAD C:/Users/rickert/Documents/GitHub/KBS_ESA_PAINGAME/KBS_ESA_PAINGAME_bsp//obj/HAL/src/crt0.o
LOAD obj/default/Contoller.o
LOAD obj/default/Game.o
LOAD obj/default/Menu.o
LOAD obj/default/hello_ucosii.o
LOAD c:/altera_lite/15.1/nios2eds/bin/gnu/h-x86_64-mingw32/bin/../lib/gcc/nios2-elf/4.9.2/../../../../../H-x86_64-mingw32/nios2-elf/lib/mhw-mulx\libstdc++.a
LOAD c:/altera_lite/15.1/nios2eds/bin/gnu/h-x86_64-mingw32/bin/../lib/gcc/nios2-elf/4.9.2/../../../../../H-x86_64-mingw32/nios2-elf/lib/mhw-mulx\libm.a
LOAD c:/altera_lite/15.1/nios2eds/bin/gnu/h-x86_64-mingw32/bin/../lib/gcc/nios2-elf/4.9.2/mhw-mulx\libgcc.a
START GROUP
LOAD c:/altera_lite/15.1/nios2eds/bin/gnu/h-x86_64-mingw32/bin/../lib/gcc/nios2-elf/4.9.2/../../../../../H-x86_64-mingw32/nios2-elf/lib/mhw-mulx\libc.a
LOAD c:/altera_lite/15.1/nios2eds/bin/gnu/h-x86_64-mingw32/bin/../lib/gcc/nios2-elf/4.9.2/mhw-mulx\libgcc.a
LOAD C:/Users/rickert/Documents/GitHub/KBS_ESA_PAINGAME/KBS_ESA_PAINGAME_bsp/\libucosii_bsp.a
LOAD c:/altera_lite/15.1/nios2eds/bin/gnu/h-x86_64-mingw32/bin/../lib/gcc/nios2-elf/4.9.2/../../../../../H-x86_64-mingw32/nios2-elf/lib/mhw-mulx\libm.a
END GROUP
LOAD c:/altera_lite/15.1/nios2eds/bin/gnu/h-x86_64-mingw32/bin/../lib/gcc/nios2-elf/4.9.2/mhw-mulx\libgcc.a
                0x0000000000000000                __alt_mem_SDRAM = 0x0
                0x000000000c000000                __alt_mem_Flash_flash_data = 0xc000000

.entry          0x0000000000000000       0x20
 *(.entry)
 .entry         0x0000000000000000       0x20 C:/Users/rickert/Documents/GitHub/KBS_ESA_PAINGAME/KBS_ESA_PAINGAME_bsp//obj/HAL/src/crt0.o
                0x0000000000000000                __reset

.exceptions     0x0000000000000020      0x224
                0x0000000000000020                PROVIDE (__ram_exceptions_start, ABSOLUTE (.))
                0x0000000000000020                . = ALIGN (0x20)
 *(.irq)
 *(.exceptions.entry.label)
 .exceptions.entry.label
                0x0000000000000020        0x0 C:/Users/rickert/Documents/GitHub/KBS_ESA_PAINGAME/KBS_ESA_PAINGAME_bsp/\libucosii_bsp.a(alt_irq_entry.o)
                0x0000000000000020                alt_irq_entry
 .exceptions.entry.label
                0x0000000000000020        0x0 C:/Users/rickert/Documents/GitHub/KBS_ESA_PAINGAME/KBS_ESA_PAINGAME_bsp/\libucosii_bsp.a(alt_exception_entry.o)
                0x0000000000000020                alt_exception
 *(.exceptions.entry.user)
 *(.exceptions.entry.ecc_fatal)
 *(.exceptions.entry)
 .exceptions.entry
                0x0000000000000020       0x54 C:/Users/rickert/Documents/GitHub/KBS_ESA_PAINGAME/KBS_ESA_PAINGAME_bsp/\libucosii_bsp.a(alt_exception_entry.o)
 *(.exceptions.irqtest.user)
 *(.exceptions.irqtest)
 .exceptions.irqtest
                0x0000000000000074       0x10 C:/Users/rickert/Documents/GitHub/KBS_ESA_PAINGAME/KBS_ESA_PAINGAME_bsp/\libucosii_bsp.a(alt_irq_entry.o)
 *(.exceptions.irqhandler.user)
 *(.exceptions.irqhandler)
 .exceptions.irqhandler
                0x0000000000000084        0x4 C:/Users/rickert/Documents/GitHub/KBS_ESA_PAINGAME/KBS_ESA_PAINGAME_bsp/\libucosii_bsp.a(alt_irq_entry.o)
 *(.exceptions.irqreturn.user)
 *(.exceptions.irqreturn)
 .exceptions.irqreturn
                0x0000000000000088        0x4 C:/Users/rickert/Documents/GitHub/KBS_ESA_PAINGAME/KBS_ESA_PAINGAME_bsp/\libucosii_bsp.a(alt_irq_entry.o)
 *(.exceptions.notirq.label)
 .exceptions.notirq.label
                0x000000000000008c        0x0 C:/Users/rickert/Documents/GitHub/KBS_ESA_PAINGAME/KBS_ESA_PAINGAME_bsp/\libucosii_bsp.a(alt_irq_entry.o)
 *(.exceptions.notirq.user)
 *(.exceptions.notirq)
 .exceptions.notirq
                0x000000000000008c        0x8 C:/Users/rickert/Documents/GitHub/KBS_ESA_PAINGAME/KBS_ESA_PAINGAME_bsp/\libucosii_bsp.a(alt_exception_entry.o)
 *(.exceptions.soft.user)
 *(.exceptions.soft)
 *(.exceptions.unknown.user)
 *(.exceptions.unknown)
 .exceptions.unknown
                0x0000000000000094       0x14 C:/Users/rickert/Documents/GitHub/KBS_ESA_PAINGAME/KBS_ESA_PAINGAME_bsp/\libucosii_bsp.a(alt_exception_entry.o)
 *(.exceptions.exit.label)
 .exceptions.exit.label
                0x00000000000000a8        0x0 C:/Users/rickert/Documents/GitHub/KBS_ESA_PAINGAME/KBS_ESA_PAINGAME_bsp/\libucosii_bsp.a(alt_irq_entry.o)
 .exceptions.exit.label
                0x00000000000000a8        0x0 C:/Users/rickert/Documents/GitHub/KBS_ESA_PAINGAME/KBS_ESA_PAINGAME_bsp/\libucosii_bsp.a(alt_exception_entry.o)
 *(.exceptions.exit.user)
 *(.exceptions.exit)
 .exceptions.exit
                0x00000000000000a8       0x54 C:/Users/rickert/Documents/GitHub/KBS_ESA_PAINGAME/KBS_ESA_PAINGAME_bsp/\libucosii_bsp.a(alt_exception_entry.o)
 *(.exceptions)
 .exceptions    0x00000000000000fc       0xd4 C:/Users/rickert/Documents/GitHub/KBS_ESA_PAINGAME/KBS_ESA_PAINGAME_bsp/\libucosii_bsp.a(alt_irq_handler.o)
                0x00000000000000fc                alt_irq_handler
 .exceptions    0x00000000000001d0       0x74 C:/Users/rickert/Documents/GitHub/KBS_ESA_PAINGAME/KBS_ESA_PAINGAME_bsp/\libucosii_bsp.a(alt_instruction_exception_entry.o)
                0x00000000000001d0                alt_instruction_exception_entry
                0x0000000000000244                PROVIDE (__ram_exceptions_end, ABSOLUTE (.))
                0x0000000000000020                PROVIDE (__flash_exceptions_start, LOADADDR (.exceptions))

.text           0x0000000000000244    0x10e00
                0x0000000000000244                PROVIDE (stext, ABSOLUTE (.))
 *(.interp)
 *(.hash)
 *(.dynsym)
 *(.dynstr)
 *(.gnu.version)
 *(.gnu.version_d)
 *(.gnu.version_r)
 *(.rel.init)
 *(.rela.init)
 *(.rel.text .rel.text.* .rel.gnu.linkonce.t.*)
 *(.rela.text .rela.text.* .rela.gnu.linkonce.t.*)
 *(.rel.fini)
 *(.rela.fini)
 *(.rel.rodata .rel.rodata.* .rel.gnu.linkonce.r.*)
 *(.rela.rodata .rela.rodata.* .rela.gnu.linkonce.r.*)
 *(.rel.data .rel.data.* .rel.gnu.linkonce.d.*)
 *(.rela.data .rela.data.* .rela.gnu.linkonce.d.*)
 *(.rel.tdata .rel.tdata.* .rel.gnu.linkonce.td.*)
 *(.rela.tdata .rela.tdata.* .rela.gnu.linkonce.td.*)
 *(.rel.tbss .rel.tbss.* .rel.gnu.linkonce.tb.*)
 *(.rela.tbss .rela.tbss.* .rela.gnu.linkonce.tb.*)
 *(.rel.ctors)
 *(.rela.ctors)
 *(.rel.dtors)
 *(.rela.dtors)
 *(.rel.got)
 *(.rela.got)
 *(.rel.sdata .rel.sdata.* .rel.gnu.linkonce.s.*)
 *(.rela.sdata .rela.sdata.* .rela.gnu.linkonce.s.*)
 *(.rel.sbss .rel.sbss.* .rel.gnu.linkonce.sb.*)
 *(.rela.sbss .rela.sbss.* .rela.gnu.linkonce.sb.*)
 *(.rel.sdata2 .rel.sdata2.* .rel.gnu.linkonce.s2.*)
 *(.rela.sdata2 .rela.sdata2.* .rela.gnu.linkonce.s2.*)
 *(.rel.sbss2 .rel.sbss2.* .rel.gnu.linkonce.sb2.*)
 *(.rela.sbss2 .rela.sbss2.* .rela.gnu.linkonce.sb2.*)
 *(.rel.bss .rel.bss.* .rel.gnu.linkonce.b.*)
 *(.rela.bss .rela.bss.* .rela.gnu.linkonce.b.*)
 *(.rel.plt)
 *(.rela.plt)
 *(.rel.dyn)
 *(.init)
 *(.plt)
 *(.text .stub .text.* .gnu.linkonce.t.*)
 .text          0x0000000000000244       0x3c C:/Users/rickert/Documents/GitHub/KBS_ESA_PAINGAME/KBS_ESA_PAINGAME_bsp//obj/HAL/src/crt0.o
                0x0000000000000244                _start
 .text          0x0000000000000280      0x414 obj/default/Contoller.o
                0x0000000000000280                controllers
                0x0000000000000310                controller
                0x0000000000000414                checkID
                0x0000000000000460                moveUp
                0x0000000000000578                moveDown
 .text          0x0000000000000694      0x310 obj/default/Game.o
                0x0000000000000694                Game
                0x00000000000008c0                endGame
 .text          0x00000000000009a4      0x6e0 obj/default/Menu.o
                0x00000000000009a4                menu
                0x0000000000000a90                selecteerMenu
                0x0000000000000dc4                clearScreen
                0x0000000000000e00                clearText
                0x0000000000000ea0                tekenBox
                0x0000000000000ef8                tekenBox2
                0x0000000000000f80                teken_menu
 .text          0x0000000000001084      0xc2c obj/default/hello_ucosii.o
                0x0000000000001084                main
                0x0000000000001264                VGA_box
                0x0000000000001318                VGA_text
                0x00000000000013a8                draw_middenlijn
                0x000000000000141c                draw_number
                0x0000000000001c64                checkIDScore
 .text          0x0000000000001cb0        0x0 c:/altera_lite/15.1/nios2eds/bin/gnu/h-x86_64-mingw32/bin/../lib/gcc/nios2-elf/4.9.2/../../../../../H-x86_64-mingw32/nios2-elf/lib/mhw-mulx\libc.a(lib_a-puts.o)
 .text._puts_r  0x0000000000001cb0       0xa8 c:/altera_lite/15.1/nios2eds/bin/gnu/h-x86_64-mingw32/bin/../lib/gcc/nios2-elf/4.9.2/../../../../../H-x86_64-mingw32/nios2-elf/lib/mhw-mulx\libc.a(lib_a-puts.o)
                0x0000000000001cb0                _puts_r
 .text.puts     0x0000000000001d58       0x14 c:/altera_lite/15.1/nios2eds/bin/gnu/h-x86_64-mingw32/bin/../lib/gcc/nios2-elf/4.9.2/../../../../../H-x86_64-mingw32/nios2-elf/lib/mhw-mulx\libc.a(lib_a-puts.o)
                0x0000000000001d58                puts
 .text          0x0000000000001d6c        0x0 c:/altera_lite/15.1/nios2eds/bin/gnu/h-x86_64-mingw32/bin/../lib/gcc/nios2-elf/4.9.2/../../../../../H-x86_64-mingw32/nios2-elf/lib/mhw-mulx\libc.a(lib_a-strlen.o)
 .text.strlen   0x0000000000001d6c       0x98 c:/altera_lite/15.1/nios2eds/bin/gnu/h-x86_64-mingw32/bin/../lib/gcc/nios2-elf/4.9.2/../../../../../H-x86_64-mingw32/nios2-elf/lib/mhw-mulx\libc.a(lib_a-strlen.o)
                0x0000000000001d6c                strlen
 .text          0x0000000000001e04        0x0 c:/altera_lite/15.1/nios2eds/bin/gnu/h-x86_64-mingw32/bin/../lib/gcc/nios2-elf/4.9.2/../../../../../H-x86_64-mingw32/nios2-elf/lib/mhw-mulx\libc.a(lib_a-fvwrite.o)
 .text.__sfvwrite_r
                0x0000000000001e04      0x4c0 c:/altera_lite/15.1/nios2eds/bin/gnu/h-x86_64-mingw32/bin/../lib/gcc/nios2-elf/4.9.2/../../../../../H-x86_64-mingw32/nios2-elf/lib/mhw-mulx\libc.a(lib_a-fvwrite.o)
                0x0000000000001e04                __sfvwrite_r
 .text          0x00000000000022c4        0x0 c:/altera_lite/15.1/nios2eds/bin/gnu/h-x86_64-mingw32/bin/../lib/gcc/nios2-elf/4.9.2/../../../../../H-x86_64-mingw32/nios2-elf/lib/mhw-mulx\libc.a(lib_a-impure.o)
 .text          0x00000000000022c4        0x0 c:/altera_lite/15.1/nios2eds/bin/gnu/h-x86_64-mingw32/bin/../lib/gcc/nios2-elf/4.9.2/../../../../../H-x86_64-mingw32/nios2-elf/lib/mhw-mulx\libc.a(lib_a-mallocr.o)
 .text._malloc_r
                0x00000000000022c4      0x7a8 c:/altera_lite/15.1/nios2eds/bin/gnu/h-x86_64-mingw32/bin/../lib/gcc/nios2-elf/4.9.2/../../../../../H-x86_64-mingw32/nios2-elf/lib/mhw-mulx\libc.a(lib_a-mallocr.o)
                0x00000000000022c4                _malloc_r
 .text          0x0000000000002a6c        0x0 c:/altera_lite/15.1/nios2eds/bin/gnu/h-x86_64-mingw32/bin/../lib/gcc/nios2-elf/4.9.2/../../../../../H-x86_64-mingw32/nios2-elf/lib/mhw-mulx\libc.a(lib_a-memchr.o)
 .text.memchr   0x0000000000002a6c       0xe8 c:/altera_lite/15.1/nios2eds/bin/gnu/h-x86_64-mingw32/bin/../lib/gcc/nios2-elf/4.9.2/../../../../../H-x86_64-mingw32/nios2-elf/lib/mhw-mulx\libc.a(lib_a-memchr.o)
                0x0000000000002a6c                memchr
 .text          0x0000000000002b54        0x0 c:/altera_lite/15.1/nios2eds/bin/gnu/h-x86_64-mingw32/bin/../lib/gcc/nios2-elf/4.9.2/../../../../../H-x86_64-mingw32/nios2-elf/lib/mhw-mulx\libc.a(lib_a-memcpy.o)
 .text.memcpy   0x0000000000002b54      0x138 c:/altera_lite/15.1/nios2eds/bin/gnu/h-x86_64-mingw32/bin/../lib/gcc/nios2-elf/4.9.2/../../../../../H-x86_64-mingw32/nios2-elf/lib/mhw-mulx\libc.a(lib_a-memcpy.o)
                0x0000000000002b54                memcpy
 .text          0x0000000000002c8c        0x0 c:/altera_lite/15.1/nios2eds/bin/gnu/h-x86_64-mingw32/bin/../lib/gcc/nios2-elf/4.9.2/../../../../../H-x86_64-mingw32/nios2-elf/lib/mhw-mulx\libc.a(lib_a-memmove.o)
 .text.memmove  0x0000000000002c8c      0x15c c:/altera_lite/15.1/nios2eds/bin/gnu/h-x86_64-mingw32/bin/../lib/gcc/nios2-elf/4.9.2/../../../../../H-x86_64-mingw32/nios2-elf/lib/mhw-mulx\libc.a(lib_a-memmove.o)
                0x0000000000002c8c                memmove
 .text          0x0000000000002de8        0x0 c:/altera_lite/15.1/nios2eds/bin/gnu/h-x86_64-mingw32/bin/../lib/gcc/nios2-elf/4.9.2/../../../../../H-x86_64-mingw32/nios2-elf/lib/mhw-mulx\libc.a(lib_a-reallocr.o)
 .text._realloc_r
                0x0000000000002de8      0x568 c:/altera_lite/15.1/nios2eds/bin/gnu/h-x86_64-mingw32/bin/../lib/gcc/nios2-elf/4.9.2/../../../../../H-x86_64-mingw32/nios2-elf/lib/mhw-mulx\libc.a(lib_a-reallocr.o)
                0x0000000000002de8                _realloc_r
 .text          0x0000000000003350        0x0 c:/altera_lite/15.1/nios2eds/bin/gnu/h-x86_64-mingw32/bin/../lib/gcc/nios2-elf/4.9.2/../../../../../H-x86_64-mingw32/nios2-elf/lib/mhw-mulx\libc.a(lib_a-sbrkr.o)
 .text._sbrk_r  0x0000000000003350       0x54 c:/altera_lite/15.1/nios2eds/bin/gnu/h-x86_64-mingw32/bin/../lib/gcc/nios2-elf/4.9.2/../../../../../H-x86_64-mingw32/nios2-elf/lib/mhw-mulx\libc.a(lib_a-sbrkr.o)
                0x0000000000003350                _sbrk_r
 .text          0x00000000000033a4        0x0 c:/altera_lite/15.1/nios2eds/bin/gnu/h-x86_64-mingw32/bin/../lib/gcc/nios2-elf/4.9.2/../../../../../H-x86_64-mingw32/nios2-elf/lib/mhw-mulx\libc.a(lib_a-wsetup.o)
 .text.__swsetup_r
                0x00000000000033a4      0x154 c:/altera_lite/15.1/nios2eds/bin/gnu/h-x86_64-mingw32/bin/../lib/gcc/nios2-elf/4.9.2/../../../../../H-x86_64-mingw32/nios2-elf/lib/mhw-mulx\libc.a(lib_a-wsetup.o)
                0x00000000000033a4                __swsetup_r
 .text          0x00000000000034f8        0x0 c:/altera_lite/15.1/nios2eds/bin/gnu/h-x86_64-mingw32/bin/../lib/gcc/nios2-elf/4.9.2/../../../../../H-x86_64-mingw32/nios2-elf/lib/mhw-mulx\libc.a(lib_a-fflush.o)
 .text.__sflush_r
                0x00000000000034f8      0x208 c:/altera_lite/15.1/nios2eds/bin/gnu/h-x86_64-mingw32/bin/../lib/gcc/nios2-elf/4.9.2/../../../../../H-x86_64-mingw32/nios2-elf/lib/mhw-mulx\libc.a(lib_a-fflush.o)
                0x00000000000034f8                __sflush_r
 .text._fflush_r
                0x0000000000003700       0x5c c:/altera_lite/15.1/nios2eds/bin/gnu/h-x86_64-mingw32/bin/../lib/gcc/nios2-elf/4.9.2/../../../../../H-x86_64-mingw32/nios2-elf/lib/mhw-mulx\libc.a(lib_a-fflush.o)
                0x0000000000003700                _fflush_r
 .text.fflush   0x000000000000375c       0x30 c:/altera_lite/15.1/nios2eds/bin/gnu/h-x86_64-mingw32/bin/../lib/gcc/nios2-elf/4.9.2/../../../../../H-x86_64-mingw32/nios2-elf/lib/mhw-mulx\libc.a(lib_a-fflush.o)
                0x000000000000375c                fflush
 .text          0x000000000000378c        0x0 c:/altera_lite/15.1/nios2eds/bin/gnu/h-x86_64-mingw32/bin/../lib/gcc/nios2-elf/4.9.2/../../../../../H-x86_64-mingw32/nios2-elf/lib/mhw-mulx\libc.a(lib_a-findfp.o)
 .text.__fp_lock
                0x000000000000378c        0x8 c:/altera_lite/15.1/nios2eds/bin/gnu/h-x86_64-mingw32/bin/../lib/gcc/nios2-elf/4.9.2/../../../../../H-x86_64-mingw32/nios2-elf/lib/mhw-mulx\libc.a(lib_a-findfp.o)
 .text.__fp_unlock
                0x0000000000003794        0x8 c:/altera_lite/15.1/nios2eds/bin/gnu/h-x86_64-mingw32/bin/../lib/gcc/nios2-elf/4.9.2/../../../../../H-x86_64-mingw32/nios2-elf/lib/mhw-mulx\libc.a(lib_a-findfp.o)
 .text._cleanup_r
                0x000000000000379c        0xc c:/altera_lite/15.1/nios2eds/bin/gnu/h-x86_64-mingw32/bin/../lib/gcc/nios2-elf/4.9.2/../../../../../H-x86_64-mingw32/nios2-elf/lib/mhw-mulx\libc.a(lib_a-findfp.o)
                0x000000000000379c                _cleanup_r
 .text.__sinit.part.1
                0x00000000000037a8      0x19c c:/altera_lite/15.1/nios2eds/bin/gnu/h-x86_64-mingw32/bin/../lib/gcc/nios2-elf/4.9.2/../../../../../H-x86_64-mingw32/nios2-elf/lib/mhw-mulx\libc.a(lib_a-findfp.o)
 .text.__sfmoreglue
                0x0000000000003944       0x68 c:/altera_lite/15.1/nios2eds/bin/gnu/h-x86_64-mingw32/bin/../lib/gcc/nios2-elf/4.9.2/../../../../../H-x86_64-mingw32/nios2-elf/lib/mhw-mulx\libc.a(lib_a-findfp.o)
                0x0000000000003944                __sfmoreglue
 .text.__sfp    0x00000000000039ac      0x118 c:/altera_lite/15.1/nios2eds/bin/gnu/h-x86_64-mingw32/bin/../lib/gcc/nios2-elf/4.9.2/../../../../../H-x86_64-mingw32/nios2-elf/lib/mhw-mulx\libc.a(lib_a-findfp.o)
                0x00000000000039ac                __sfp
 .text._cleanup
                0x0000000000003ac4       0x18 c:/altera_lite/15.1/nios2eds/bin/gnu/h-x86_64-mingw32/bin/../lib/gcc/nios2-elf/4.9.2/../../../../../H-x86_64-mingw32/nios2-elf/lib/mhw-mulx\libc.a(lib_a-findfp.o)
                0x0000000000003ac4                _cleanup
 .text.__sinit  0x0000000000003adc       0x10 c:/altera_lite/15.1/nios2eds/bin/gnu/h-x86_64-mingw32/bin/../lib/gcc/nios2-elf/4.9.2/../../../../../H-x86_64-mingw32/nios2-elf/lib/mhw-mulx\libc.a(lib_a-findfp.o)
                0x0000000000003adc                __sinit
 .text.__sfp_lock_acquire
                0x0000000000003aec        0x4 c:/altera_lite/15.1/nios2eds/bin/gnu/h-x86_64-mingw32/bin/../lib/gcc/nios2-elf/4.9.2/../../../../../H-x86_64-mingw32/nios2-elf/lib/mhw-mulx\libc.a(lib_a-findfp.o)
                0x0000000000003aec                __sfp_lock_acquire
 .text.__sfp_lock_release
                0x0000000000003af0        0x4 c:/altera_lite/15.1/nios2eds/bin/gnu/h-x86_64-mingw32/bin/../lib/gcc/nios2-elf/4.9.2/../../../../../H-x86_64-mingw32/nios2-elf/lib/mhw-mulx\libc.a(lib_a-findfp.o)
                0x0000000000003af0                __sfp_lock_release
 .text.__sinit_lock_acquire
                0x0000000000003af4        0x4 c:/altera_lite/15.1/nios2eds/bin/gnu/h-x86_64-mingw32/bin/../lib/gcc/nios2-elf/4.9.2/../../../../../H-x86_64-mingw32/nios2-elf/lib/mhw-mulx\libc.a(lib_a-findfp.o)
                0x0000000000003af4                __sinit_lock_acquire
 .text.__sinit_lock_release
                0x0000000000003af8        0x4 c:/altera_lite/15.1/nios2eds/bin/gnu/h-x86_64-mingw32/bin/../lib/gcc/nios2-elf/4.9.2/../../../../../H-x86_64-mingw32/nios2-elf/lib/mhw-mulx\libc.a(lib_a-findfp.o)
                0x0000000000003af8                __sinit_lock_release
 .text.__fp_lock_all
                0x0000000000003afc       0x18 c:/altera_lite/15.1/nios2eds/bin/gnu/h-x86_64-mingw32/bin/../lib/gcc/nios2-elf/4.9.2/../../../../../H-x86_64-mingw32/nios2-elf/lib/mhw-mulx\libc.a(lib_a-findfp.o)
                0x0000000000003afc                __fp_lock_all
 .text.__fp_unlock_all
                0x0000000000003b14       0x18 c:/altera_lite/15.1/nios2eds/bin/gnu/h-x86_64-mingw32/bin/../lib/gcc/nios2-elf/4.9.2/../../../../../H-x86_64-mingw32/nios2-elf/lib/mhw-mulx\libc.a(lib_a-findfp.o)
                0x0000000000003b14                __fp_unlock_all
 .text          0x0000000000003b2c        0x0 c:/altera_lite/15.1/nios2eds/bin/gnu/h-x86_64-mingw32/bin/../lib/gcc/nios2-elf/4.9.2/../../../../../H-x86_64-mingw32/nios2-elf/lib/mhw-mulx\libc.a(lib_a-freer.o)
 .text._malloc_trim_r
                0x0000000000003b2c      0x124 c:/altera_lite/15.1/nios2eds/bin/gnu/h-x86_64-mingw32/bin/../lib/gcc/nios2-elf/4.9.2/../../../../../H-x86_64-mingw32/nios2-elf/lib/mhw-mulx\libc.a(lib_a-freer.o)
                0x0000000000003b2c                _malloc_trim_r
 .text._free_r  0x0000000000003c50      0x2f0 c:/altera_lite/15.1/nios2eds/bin/gnu/h-x86_64-mingw32/bin/../lib/gcc/nios2-elf/4.9.2/../../../../../H-x86_64-mingw32/nios2-elf/lib/mhw-mulx\libc.a(lib_a-freer.o)
                0x0000000000003c50                _free_r
 .text          0x0000000000003f40        0x0 c:/altera_lite/15.1/nios2eds/bin/gnu/h-x86_64-mingw32/bin/../lib/gcc/nios2-elf/4.9.2/../../../../../H-x86_64-mingw32/nios2-elf/lib/mhw-mulx\libc.a(lib_a-fwalk.o)
 .text._fwalk   0x0000000000003f40       0xc4 c:/altera_lite/15.1/nios2eds/bin/gnu/h-x86_64-mingw32/bin/../lib/gcc/nios2-elf/4.9.2/../../../../../H-x86_64-mingw32/nios2-elf/lib/mhw-mulx\libc.a(lib_a-fwalk.o)
                0x0000000000003f40                _fwalk
 .text._fwalk_reent
                0x0000000000004004       0xc4 c:/altera_lite/15.1/nios2eds/bin/gnu/h-x86_64-mingw32/bin/../lib/gcc/nios2-elf/4.9.2/../../../../../H-x86_64-mingw32/nios2-elf/lib/mhw-mulx\libc.a(lib_a-fwalk.o)
                0x0000000000004004                _fwalk_reent
 .text          0x00000000000040c8        0x0 c:/altera_lite/15.1/nios2eds/bin/gnu/h-x86_64-mingw32/bin/../lib/gcc/nios2-elf/4.9.2/../../../../../H-x86_64-mingw32/nios2-elf/lib/mhw-mulx\libc.a(lib_a-int_errno.o)
 .text          0x00000000000040c8        0x0 c:/altera_lite/15.1/nios2eds/bin/gnu/h-x86_64-mingw32/bin/../lib/gcc/nios2-elf/4.9.2/../../../../../H-x86_64-mingw32/nios2-elf/lib/mhw-mulx\libc.a(lib_a-makebuf.o)
 .text.__smakebuf_r
                0x00000000000040c8      0x1b8 c:/altera_lite/15.1/nios2eds/bin/gnu/h-x86_64-mingw32/bin/../lib/gcc/nios2-elf/4.9.2/../../../../../H-x86_64-mingw32/nios2-elf/lib/mhw-mulx\libc.a(lib_a-makebuf.o)
                0x00000000000040c8                __smakebuf_r
 .text          0x0000000000004280        0x0 c:/altera_lite/15.1/nios2eds/bin/gnu/h-x86_64-mingw32/bin/../lib/gcc/nios2-elf/4.9.2/../../../../../H-x86_64-mingw32/nios2-elf/lib/mhw-mulx\libc.a(lib_a-memset.o)
 .text.memset   0x0000000000004280      0x124 c:/altera_lite/15.1/nios2eds/bin/gnu/h-x86_64-mingw32/bin/../lib/gcc/nios2-elf/4.9.2/../../../../../H-x86_64-mingw32/nios2-elf/lib/mhw-mulx\libc.a(lib_a-memset.o)
                0x0000000000004280                memset
 .text          0x00000000000043a4        0x0 c:/altera_lite/15.1/nios2eds/bin/gnu/h-x86_64-mingw32/bin/../lib/gcc/nios2-elf/4.9.2/../../../../../H-x86_64-mingw32/nios2-elf/lib/mhw-mulx\libc.a(lib_a-stdio.o)
 .text.__sread  0x00000000000043a4       0x54 c:/altera_lite/15.1/nios2eds/bin/gnu/h-x86_64-mingw32/bin/../lib/gcc/nios2-elf/4.9.2/../../../../../H-x86_64-mingw32/nios2-elf/lib/mhw-mulx\libc.a(lib_a-stdio.o)
                0x00000000000043a4                __sread
 .text.__seofread
                0x00000000000043f8        0x8 c:/altera_lite/15.1/nios2eds/bin/gnu/h-x86_64-mingw32/bin/../lib/gcc/nios2-elf/4.9.2/../../../../../H-x86_64-mingw32/nios2-elf/lib/mhw-mulx\libc.a(lib_a-stdio.o)
                0x00000000000043f8                __seofread
 .text.__swrite
                0x0000000000004400       0x7c c:/altera_lite/15.1/nios2eds/bin/gnu/h-x86_64-mingw32/bin/../lib/gcc/nios2-elf/4.9.2/../../../../../H-x86_64-mingw32/nios2-elf/lib/mhw-mulx\libc.a(lib_a-stdio.o)
                0x0000000000004400                __swrite
 .text.__sseek  0x000000000000447c       0x5c c:/altera_lite/15.1/nios2eds/bin/gnu/h-x86_64-mingw32/bin/../lib/gcc/nios2-elf/4.9.2/../../../../../H-x86_64-mingw32/nios2-elf/lib/mhw-mulx\libc.a(lib_a-stdio.o)
                0x000000000000447c                __sseek
 .text.__sclose
                0x00000000000044d8        0x8 c:/altera_lite/15.1/nios2eds/bin/gnu/h-x86_64-mingw32/bin/../lib/gcc/nios2-elf/4.9.2/../../../../../H-x86_64-mingw32/nios2-elf/lib/mhw-mulx\libc.a(lib_a-stdio.o)
                0x00000000000044d8                __sclose
 .text          0x00000000000044e0        0x0 c:/altera_lite/15.1/nios2eds/bin/gnu/h-x86_64-mingw32/bin/../lib/gcc/nios2-elf/4.9.2/../../../../../H-x86_64-mingw32/nios2-elf/lib/mhw-mulx\libc.a(lib_a-writer.o)
 .text._write_r
                0x00000000000044e0       0x5c c:/altera_lite/15.1/nios2eds/bin/gnu/h-x86_64-mingw32/bin/../lib/gcc/nios2-elf/4.9.2/../../../../../H-x86_64-mingw32/nios2-elf/lib/mhw-mulx\libc.a(lib_a-writer.o)
                0x00000000000044e0                _write_r
 .text          0x000000000000453c        0x0 c:/altera_lite/15.1/nios2eds/bin/gnu/h-x86_64-mingw32/bin/../lib/gcc/nios2-elf/4.9.2/../../../../../H-x86_64-mingw32/nios2-elf/lib/mhw-mulx\libc.a(closer.o)
 .text._close_r
                0x000000000000453c       0x54 c:/altera_lite/15.1/nios2eds/bin/gnu/h-x86_64-mingw32/bin/../lib/gcc/nios2-elf/4.9.2/../../../../../H-x86_64-mingw32/nios2-elf/lib/mhw-mulx\libc.a(closer.o)
                0x000000000000453c                _close_r
 .text          0x0000000000004590        0x0 c:/altera_lite/15.1/nios2eds/bin/gnu/h-x86_64-mingw32/bin/../lib/gcc/nios2-elf/4.9.2/../../../../../H-x86_64-mingw32/nios2-elf/lib/mhw-mulx\libc.a(lib_a-fclose.o)
 .text._fclose_r
                0x0000000000004590       0xf0 c:/altera_lite/15.1/nios2eds/bin/gnu/h-x86_64-mingw32/bin/../lib/gcc/nios2-elf/4.9.2/../../../../../H-x86_64-mingw32/nios2-elf/lib/mhw-mulx\libc.a(lib_a-fclose.o)
                0x0000000000004590                _fclose_r
 .text.fclose   0x0000000000004680       0x14 c:/altera_lite/15.1/nios2eds/bin/gnu/h-x86_64-mingw32/bin/../lib/gcc/nios2-elf/4.9.2/../../../../../H-x86_64-mingw32/nios2-elf/lib/mhw-mulx\libc.a(lib_a-fclose.o)
                0x0000000000004680                fclose
 .text          0x0000000000004694        0x0 c:/altera_lite/15.1/nios2eds/bin/gnu/h-x86_64-mingw32/bin/../lib/gcc/nios2-elf/4.9.2/../../../../../H-x86_64-mingw32/nios2-elf/lib/mhw-mulx\libc.a(lib_a-fstatr.o)
 .text._fstat_r
                0x0000000000004694       0x58 c:/altera_lite/15.1/nios2eds/bin/gnu/h-x86_64-mingw32/bin/../lib/gcc/nios2-elf/4.9.2/../../../../../H-x86_64-mingw32/nios2-elf/lib/mhw-mulx\libc.a(lib_a-fstatr.o)
                0x0000000000004694                _fstat_r
 .text          0x00000000000046ec        0x0 c:/altera_lite/15.1/nios2eds/bin/gnu/h-x86_64-mingw32/bin/../lib/gcc/nios2-elf/4.9.2/../../../../../H-x86_64-mingw32/nios2-elf/lib/mhw-mulx\libc.a(lib_a-isattyr.o)
 .text._isatty_r
                0x00000000000046ec       0x54 c:/altera_lite/15.1/nios2eds/bin/gnu/h-x86_64-mingw32/bin/../lib/gcc/nios2-elf/4.9.2/../../../../../H-x86_64-mingw32/nios2-elf/lib/mhw-mulx\libc.a(lib_a-isattyr.o)
                0x00000000000046ec                _isatty_r
 .text          0x0000000000004740        0x0 c:/altera_lite/15.1/nios2eds/bin/gnu/h-x86_64-mingw32/bin/../lib/gcc/nios2-elf/4.9.2/../../../../../H-x86_64-mingw32/nios2-elf/lib/mhw-mulx\libc.a(lib_a-lseekr.o)
 .text._lseek_r
                0x0000000000004740       0x5c c:/altera_lite/15.1/nios2eds/bin/gnu/h-x86_64-mingw32/bin/../lib/gcc/nios2-elf/4.9.2/../../../../../H-x86_64-mingw32/nios2-elf/lib/mhw-mulx\libc.a(lib_a-lseekr.o)
                0x0000000000004740                _lseek_r
 .text          0x000000000000479c        0x0 c:/altera_lite/15.1/nios2eds/bin/gnu/h-x86_64-mingw32/bin/../lib/gcc/nios2-elf/4.9.2/../../../../../H-x86_64-mingw32/nios2-elf/lib/mhw-mulx\libc.a(lib_a-readr.o)
 .text._read_r  0x000000000000479c       0x5c c:/altera_lite/15.1/nios2eds/bin/gnu/h-x86_64-mingw32/bin/../lib/gcc/nios2-elf/4.9.2/../../../../../H-x86_64-mingw32/nios2-elf/lib/mhw-mulx\libc.a(lib_a-readr.o)
                0x000000000000479c                _read_r
 .text          0x00000000000047f8      0x12c c:/altera_lite/15.1/nios2eds/bin/gnu/h-x86_64-mingw32/bin/../lib/gcc/nios2-elf/4.9.2/mhw-mulx\libgcc.a(lib2-divmod.o)
                0x0000000000004864                __divsi3
                0x00000000000048b8                __modsi3
                0x0000000000004914                __udivsi3
                0x000000000000491c                __umodsi3
 .text          0x0000000000004924      0x120 C:/Users/rickert/Documents/GitHub/KBS_ESA_PAINGAME/KBS_ESA_PAINGAME_bsp/\libucosii_bsp.a(alt_close.o)
                0x0000000000004974                close
 .text          0x0000000000004a44       0x2c C:/Users/rickert/Documents/GitHub/KBS_ESA_PAINGAME/KBS_ESA_PAINGAME_bsp/\libucosii_bsp.a(alt_dev.o)
 .text          0x0000000000004a70        0x0 C:/Users/rickert/Documents/GitHub/KBS_ESA_PAINGAME/KBS_ESA_PAINGAME_bsp/\libucosii_bsp.a(alt_errno.o)
 .text          0x0000000000004a70      0x100 C:/Users/rickert/Documents/GitHub/KBS_ESA_PAINGAME/KBS_ESA_PAINGAME_bsp/\libucosii_bsp.a(alt_fstat.o)
                0x0000000000004ac0                fstat
 .text          0x0000000000004b70       0xf4 C:/Users/rickert/Documents/GitHub/KBS_ESA_PAINGAME/KBS_ESA_PAINGAME_bsp/\libucosii_bsp.a(alt_isatty.o)
                0x0000000000004bc0                isatty
 .text          0x0000000000004c64       0xe4 C:/Users/rickert/Documents/GitHub/KBS_ESA_PAINGAME/KBS_ESA_PAINGAME_bsp/\libucosii_bsp.a(alt_load.o)
                0x0000000000004cc8                alt_load
 .text          0x0000000000004d48      0x124 C:/Users/rickert/Documents/GitHub/KBS_ESA_PAINGAME/KBS_ESA_PAINGAME_bsp/\libucosii_bsp.a(alt_lseek.o)
                0x0000000000004d98                lseek
 .text          0x0000000000004e6c       0xd4 C:/Users/rickert/Documents/GitHub/KBS_ESA_PAINGAME/KBS_ESA_PAINGAME_bsp/\libucosii_bsp.a(alt_main.o)
                0x0000000000004e6c                alt_main
 .text          0x0000000000004f40      0x14c C:/Users/rickert/Documents/GitHub/KBS_ESA_PAINGAME/KBS_ESA_PAINGAME_bsp/\libucosii_bsp.a(alt_read.o)
                0x0000000000004f90                read
 .text          0x000000000000508c       0x60 C:/Users/rickert/Documents/GitHub/KBS_ESA_PAINGAME/KBS_ESA_PAINGAME_bsp/\libucosii_bsp.a(alt_release_fd.o)
                0x000000000000508c                alt_release_fd
 .text          0x00000000000050ec       0xb0 C:/Users/rickert/Documents/GitHub/KBS_ESA_PAINGAME/KBS_ESA_PAINGAME_bsp/\libucosii_bsp.a(alt_sbrk.o)
                0x00000000000050ec                sbrk
 .text          0x000000000000519c      0x148 C:/Users/rickert/Documents/GitHub/KBS_ESA_PAINGAME/KBS_ESA_PAINGAME_bsp/\libucosii_bsp.a(alt_write.o)
                0x00000000000051ec                write
 .text          0x00000000000052e4      0x11c C:/Users/rickert/Documents/GitHub/KBS_ESA_PAINGAME/KBS_ESA_PAINGAME_bsp/\libucosii_bsp.a(alt_env_lock.o)
                0x00000000000052e4                __env_lock
                0x00000000000053a4                __env_unlock
 .text          0x0000000000005400      0x1f0 C:/Users/rickert/Documents/GitHub/KBS_ESA_PAINGAME/KBS_ESA_PAINGAME_bsp/\libucosii_bsp.a(alt_malloc_lock.o)
                0x0000000000005400                __malloc_lock
                0x0000000000005520                __malloc_unlock
 .text          0x00000000000055f0     0x1ff0 C:/Users/rickert/Documents/GitHub/KBS_ESA_PAINGAME/KBS_ESA_PAINGAME_bsp/\libucosii_bsp.a(os_core.o)
                0x00000000000055f0                OSEventNameGet
                0x0000000000005710                OSEventNameSet
                0x000000000000584c                OSEventPendMulti
                0x0000000000005e5c                OSInit
                0x0000000000005eb0                OSIntEnter
                0x0000000000005f2c                OSIntExit
                0x0000000000006020                OSSchedLock
                0x00000000000060a8                OSSchedUnlock
                0x0000000000006180                OSStart
                0x00000000000061ec                OSStatInit
                0x0000000000006298                OSTimeTick
                0x00000000000064b4                OSVersion
                0x00000000000064d4                OS_Dummy
                0x00000000000064f0                OS_EventTaskRdy
                0x0000000000006688                OS_EventTaskWait
                0x0000000000006794                OS_EventTaskWaitMulti
                0x00000000000068e0                OS_EventTaskRemove
                0x0000000000006994                OS_EventTaskRemoveMulti
                0x0000000000006a90                OS_EventWaitListInit
                0x0000000000006e54                OS_MemClr
                0x0000000000006ea4                OS_MemCopy
                0x0000000000006f08                OS_Sched
                0x0000000000007044                OS_StrCopy
                0x00000000000070b8                OS_StrLen
                0x000000000000710c                OS_TaskIdle
                0x0000000000007168                OS_TaskStat
                0x0000000000007244                OS_TaskStatStkChk
                0x000000000000730c                OS_TCBInit
 .text          0x00000000000075e0      0x18c C:/Users/rickert/Documents/GitHub/KBS_ESA_PAINGAME/KBS_ESA_PAINGAME_bsp/\libucosii_bsp.a(os_dbg.o)
                0x00000000000075e0                OSDebugInit
 .text          0x000000000000776c     0x181c C:/Users/rickert/Documents/GitHub/KBS_ESA_PAINGAME/KBS_ESA_PAINGAME_bsp/\libucosii_bsp.a(os_flag.o)
                0x000000000000776c                OSFlagAccept
                0x0000000000007a74                OSFlagCreate
                0x0000000000007b9c                OSFlagDel
                0x0000000000007e0c                OSFlagNameGet
                0x0000000000007f3c                OSFlagNameSet
                0x000000000000808c                OSFlagPend
                0x000000000000867c                OSFlagPendGetFlagsRdy
                0x00000000000086e4                OSFlagPost
                0x0000000000008a6c                OSFlagQuery
                0x0000000000008cf4                OS_FlagInit
                0x0000000000008ee8                OS_FlagUnlink
 .text          0x0000000000008f88      0x784 C:/Users/rickert/Documents/GitHub/KBS_ESA_PAINGAME/KBS_ESA_PAINGAME_bsp/\libucosii_bsp.a(os_mem.o)
                0x0000000000008f88                OSMemCreate
                0x000000000000917c                OSMemGet
                0x000000000000926c                OSMemNameGet
                0x0000000000009364                OSMemNameSet
                0x000000000000947c                OSMemPut
                0x0000000000009554                OSMemQuery
                0x000000000000963c                OS_MemInit
 .text          0x000000000000970c     0x1210 C:/Users/rickert/Documents/GitHub/KBS_ESA_PAINGAME/KBS_ESA_PAINGAME_bsp/\libucosii_bsp.a(os_q.o)
                0x000000000000970c                OSQAccept
                0x000000000000984c                OSQCreate
                0x0000000000009a48                OSQDel
                0x0000000000009d10                OSQFlush
                0x0000000000009dc8                OSQPend
                0x000000000000a0c4                OSQPendAbort
                0x000000000000a230                OSQPost
                0x000000000000a398                OSQPostFront
                0x000000000000a508                OSQPostOpt
                0x000000000000a714                OSQQuery
                0x000000000000a870                OS_QInit
 .text          0x000000000000a91c      0xb08 C:/Users/rickert/Documents/GitHub/KBS_ESA_PAINGAME/KBS_ESA_PAINGAME_bsp/\libucosii_bsp.a(os_sem.o)
                0x000000000000a91c                OSSemAccept
                0x000000000000a9cc                OSSemCreate
                0x000000000000aacc                OSSemDel
                0x000000000000ad34                OSSemPend
                0x000000000000af9c                OSSemPendAbort
                0x000000000000b108                OSSemPost
                0x000000000000b218                OSSemQuery
                0x000000000000b328                OSSemSet
 .text          0x000000000000b424     0x18f4 C:/Users/rickert/Documents/GitHub/KBS_ESA_PAINGAME/KBS_ESA_PAINGAME_bsp/\libucosii_bsp.a(os_task.o)
                0x000000000000b424                OSTaskChangePrio
                0x000000000000b964                OSTaskCreate
                0x000000000000bb20                OSTaskCreateExt
                0x000000000000bd0c                OSTaskDel
                0x000000000000c0ec                OSTaskDelReq
                0x000000000000c244                OSTaskNameGet
                0x000000000000c3ec                OSTaskNameSet
                0x000000000000c5ac                OSTaskResume
                0x000000000000c7a4                OSTaskStkChk
                0x000000000000c96c                OSTaskSuspend
                0x000000000000cb80                OSTaskQuery
                0x000000000000ccac                OS_TaskStkClr
 .text          0x000000000000cd18      0x568 C:/Users/rickert/Documents/GitHub/KBS_ESA_PAINGAME/KBS_ESA_PAINGAME_bsp/\libucosii_bsp.a(os_time.o)
                0x000000000000cd18                OSTimeDly
                0x000000000000ce60                OSTimeDlyHMSM
                0x000000000000cfc8                OSTimeDlyResume
                0x000000000000d1b8                OSTimeGet
                0x000000000000d21c                OSTimeSet
 .text          0x000000000000d280      0x444 C:/Users/rickert/Documents/GitHub/KBS_ESA_PAINGAME/KBS_ESA_PAINGAME_bsp/\libucosii_bsp.a(alt_sys_init.o)
                0x000000000000d2b8                alt_irq_init
                0x000000000000d2ec                alt_sys_init
 .text          0x000000000000d6c4      0x164 C:/Users/rickert/Documents/GitHub/KBS_ESA_PAINGAME/KBS_ESA_PAINGAME_bsp/\libucosii_bsp.a(altera_avalon_jtag_uart_fd.o)
                0x000000000000d6c4                altera_avalon_jtag_uart_read_fd
                0x000000000000d724                altera_avalon_jtag_uart_write_fd
                0x000000000000d784                altera_avalon_jtag_uart_close_fd
                0x000000000000d7d4                altera_avalon_jtag_uart_ioctl_fd
 .text          0x000000000000d828      0x560 C:/Users/rickert/Documents/GitHub/KBS_ESA_PAINGAME/KBS_ESA_PAINGAME_bsp/\libucosii_bsp.a(altera_avalon_jtag_uart_init.o)
                0x000000000000d828                altera_avalon_jtag_uart_init
                0x000000000000dd20                altera_avalon_jtag_uart_close
 .text          0x000000000000dd88       0xec C:/Users/rickert/Documents/GitHub/KBS_ESA_PAINGAME/KBS_ESA_PAINGAME_bsp/\libucosii_bsp.a(altera_avalon_jtag_uart_ioctl.o)
                0x000000000000dd88                altera_avalon_jtag_uart_ioctl
 .text          0x000000000000de74      0x2b4 C:/Users/rickert/Documents/GitHub/KBS_ESA_PAINGAME/KBS_ESA_PAINGAME_bsp/\libucosii_bsp.a(altera_avalon_jtag_uart_read.o)
                0x000000000000de74                altera_avalon_jtag_uart_read
 .text          0x000000000000e128      0x2c0 C:/Users/rickert/Documents/GitHub/KBS_ESA_PAINGAME/KBS_ESA_PAINGAME_bsp/\libucosii_bsp.a(altera_avalon_jtag_uart_write.o)
                0x000000000000e128                altera_avalon_jtag_uart_write
 .text          0x000000000000e3e8       0xf8 C:/Users/rickert/Documents/GitHub/KBS_ESA_PAINGAME/KBS_ESA_PAINGAME_bsp/\libucosii_bsp.a(altera_avalon_timer_sc.o)
                0x000000000000e460                alt_avalon_timer_sc_init
 .text          0x000000000000e4e0      0x4d8 C:/Users/rickert/Documents/GitHub/KBS_ESA_PAINGAME/KBS_ESA_PAINGAME_bsp/\libucosii_bsp.a(altera_up_avalon_character_lcd.o)
                0x000000000000e4e0                get_DDRAM_addr
                0x000000000000e554                alt_up_character_lcd_send_cmd
                0x000000000000e590                alt_up_character_lcd_init
                0x000000000000e5c4                alt_up_character_lcd_open_dev
                0x000000000000e604                alt_up_character_lcd_write
                0x000000000000e67c                alt_up_character_lcd_string
                0x000000000000e6f0                alt_up_character_lcd_write_fd
                0x000000000000e740                alt_up_character_lcd_set_cursor_pos
                0x000000000000e7b4                alt_up_character_lcd_shift_cursor
                0x000000000000e83c                alt_up_character_lcd_shift_display
                0x000000000000e8c4                alt_up_character_lcd_erase_pos
                0x000000000000e950                alt_up_character_lcd_cursor_off
                0x000000000000e984                alt_up_character_lcd_cursor_blink_on
 .text          0x000000000000e9b8      0x388 C:/Users/rickert/Documents/GitHub/KBS_ESA_PAINGAME/KBS_ESA_PAINGAME_bsp/\libucosii_bsp.a(altera_up_avalon_irda.o)
                0x000000000000e9b8                alt_up_irda_enable_read_interrupt
                0x000000000000ea10                alt_up_irda_disable_read_interrupt
                0x000000000000ea6c                alt_up_irda_get_used_space_in_read_FIFO
                0x000000000000eaac                alt_up_irda_get_available_space_in_write_FIFO
                0x000000000000eae8                alt_up_irda_check_parity
                0x000000000000eb2c                alt_up_irda_write_data
                0x000000000000eb6c                alt_up_irda_read_data
                0x000000000000ebe0                alt_up_irda_read_fd
                0x000000000000ec70                alt_up_irda_write_fd
                0x000000000000ed00                alt_up_irda_open_dev
 .text          0x000000000000ed40       0x40 C:/Users/rickert/Documents/GitHub/KBS_ESA_PAINGAME/KBS_ESA_PAINGAME_bsp/\libucosii_bsp.a(altera_up_avalon_parallel_port.o)
                0x000000000000ed40                alt_up_parallel_port_open_dev
 .text          0x000000000000ed80      0x6b4 C:/Users/rickert/Documents/GitHub/KBS_ESA_PAINGAME/KBS_ESA_PAINGAME_bsp/\libucosii_bsp.a(altera_up_avalon_ps2.o)
                0x000000000000ed80                read_RI_bit
                0x000000000000edb4                read_RE_bit
                0x000000000000ede4                read_CE_bit
                0x000000000000ee18                read_num_bytes_available
                0x000000000000ee48                read_data_valid
                0x000000000000ee7c                read_data_byte
                0x000000000000eea8                alt_up_ps2_init
                0x000000000000ef6c                alt_up_ps2_enable_read_interrupt
                0x000000000000efc4                alt_up_ps2_disable_read_interrupt
                0x000000000000f020                alt_up_ps2_write_data_byte
                0x000000000000f094                alt_up_ps2_wait_for_ack
                0x000000000000f104                alt_up_ps2_write_data_byte_with_ack
                0x000000000000f168                alt_up_ps2_read_data_byte_timeout
                0x000000000000f20c                alt_up_ps2_read_data_byte
                0x000000000000f27c                alt_up_ps2_clear_fifo
                0x000000000000f2d0                alt_up_ps2_read_fd
                0x000000000000f35c                alt_up_ps2_write_fd
                0x000000000000f3f4                alt_up_ps2_open_dev
 .text          0x000000000000f434      0x38c C:/Users/rickert/Documents/GitHub/KBS_ESA_PAINGAME/KBS_ESA_PAINGAME_bsp/\libucosii_bsp.a(altera_up_avalon_rs232.o)
                0x000000000000f434                alt_up_rs232_enable_read_interrupt
                0x000000000000f48c                alt_up_rs232_disable_read_interrupt
                0x000000000000f4e8                alt_up_rs232_get_used_space_in_read_FIFO
                0x000000000000f528                alt_up_rs232_get_available_space_in_write_FIFO
                0x000000000000f564                alt_up_rs232_check_parity
                0x000000000000f5a8                alt_up_rs232_write_data
                0x000000000000f5e8                alt_up_rs232_read_data
                0x000000000000f65c                alt_up_rs232_read_fd
                0x000000000000f6ec                alt_up_rs232_write_fd
                0x000000000000f780                alt_up_rs232_open_dev
 .text          0x000000000000f7c0      0x2e8 C:/Users/rickert/Documents/GitHub/KBS_ESA_PAINGAME/KBS_ESA_PAINGAME_bsp/\libucosii_bsp.a(altera_up_avalon_video_character_buffer_with_dma.o)
                0x000000000000f7c0                alt_up_char_buffer_init
                0x000000000000f840                alt_up_char_buffer_open_dev
                0x000000000000f880                alt_up_char_buffer_draw
                0x000000000000f94c                alt_up_char_buffer_string
                0x000000000000fa4c                alt_up_char_buffer_clear
 .text          0x000000000000faa8      0x140 C:/Users/rickert/Documents/GitHub/KBS_ESA_PAINGAME/KBS_ESA_PAINGAME_bsp/\libucosii_bsp.a(alt_alarm_start.o)
                0x000000000000faa8                alt_alarm_start
 .text          0x000000000000fbe8       0x1c C:/Users/rickert/Documents/GitHub/KBS_ESA_PAINGAME/KBS_ESA_PAINGAME_bsp/\libucosii_bsp.a(alt_dcache_flush_all.o)
                0x000000000000fbe8                alt_dcache_flush_all
 .text          0x000000000000fc04       0xf4 C:/Users/rickert/Documents/GitHub/KBS_ESA_PAINGAME/KBS_ESA_PAINGAME_bsp/\libucosii_bsp.a(alt_dev_llist_insert.o)
                0x000000000000fc54                alt_dev_llist_insert
 .text          0x000000000000fcf8       0x5c C:/Users/rickert/Documents/GitHub/KBS_ESA_PAINGAME/KBS_ESA_PAINGAME_bsp/\libucosii_bsp.a(alt_do_ctors.o)
                0x000000000000fcf8                _do_ctors
 .text          0x000000000000fd54       0x5c C:/Users/rickert/Documents/GitHub/KBS_ESA_PAINGAME/KBS_ESA_PAINGAME_bsp/\libucosii_bsp.a(alt_do_dtors.o)
                0x000000000000fd54                _do_dtors
 .text          0x000000000000fdb0       0x90 C:/Users/rickert/Documents/GitHub/KBS_ESA_PAINGAME/KBS_ESA_PAINGAME_bsp/\libucosii_bsp.a(alt_find_dev.o)
                0x000000000000fdb0                alt_find_dev
 .text          0x000000000000fe40       0x30 C:/Users/rickert/Documents/GitHub/KBS_ESA_PAINGAME/KBS_ESA_PAINGAME_bsp/\libucosii_bsp.a(alt_icache_flush_all.o)
                0x000000000000fe40                alt_icache_flush_all
 .text          0x000000000000fe70      0x138 C:/Users/rickert/Documents/GitHub/KBS_ESA_PAINGAME/KBS_ESA_PAINGAME_bsp/\libucosii_bsp.a(alt_io_redirect.o)
                0x000000000000ff30                alt_io_redirect
 .text          0x000000000000ffa8      0x1b0 C:/Users/rickert/Documents/GitHub/KBS_ESA_PAINGAME/KBS_ESA_PAINGAME_bsp/\libucosii_bsp.a(alt_irq_register.o)
                0x000000000000ffa8                alt_irq_register
 .text          0x0000000000010158        0x0 C:/Users/rickert/Documents/GitHub/KBS_ESA_PAINGAME/KBS_ESA_PAINGAME_bsp/\libucosii_bsp.a(alt_irq_vars.o)
 .text          0x0000000000010158      0x274 C:/Users/rickert/Documents/GitHub/KBS_ESA_PAINGAME/KBS_ESA_PAINGAME_bsp/\libucosii_bsp.a(alt_open.o)
                0x0000000000010274                open
 .text          0x00000000000103cc      0x19c C:/Users/rickert/Documents/GitHub/KBS_ESA_PAINGAME/KBS_ESA_PAINGAME_bsp/\libucosii_bsp.a(alt_tick.o)
                0x00000000000103cc                alt_alarm_stop
                0x0000000000010464                alt_tick
 .text          0x0000000000010568       0x20 C:/Users/rickert/Documents/GitHub/KBS_ESA_PAINGAME/KBS_ESA_PAINGAME_bsp/\libucosii_bsp.a(altera_nios2_gen2_irq.o)
                0x0000000000010568                altera_nios2_gen2_irq_init
 .text          0x0000000000010588       0xd0 C:/Users/rickert/Documents/GitHub/KBS_ESA_PAINGAME/KBS_ESA_PAINGAME_bsp/\libucosii_bsp.a(os_cpu_a.o)
                0x0000000000010588                OSCtxSw
                0x0000000000010588                OSIntCtxSw
                0x0000000000010614                OSStartHighRdy
                0x0000000000010634                OSStartTsk
 .text          0x0000000000010658      0x264 C:/Users/rickert/Documents/GitHub/KBS_ESA_PAINGAME/KBS_ESA_PAINGAME_bsp/\libucosii_bsp.a(os_cpu_c.o)
                0x0000000000010658                OSTaskStkInit
                0x00000000000107b4                OSTaskCreateHook
                0x00000000000107d4                OSTaskDelHook
                0x00000000000107f4                OSTaskSwHook
                0x0000000000010810                OSTaskStatHook
                0x000000000001082c                OSTimeTickHook
                0x0000000000010848                OSInitHookBegin
                0x0000000000010864                OSInitHookEnd
                0x0000000000010880                OSTaskIdleHook
                0x000000000001089c                OSTCBInitHook
 .text          0x00000000000108bc      0x114 C:/Users/rickert/Documents/GitHub/KBS_ESA_PAINGAME/KBS_ESA_PAINGAME_bsp/\libucosii_bsp.a(alt_find_file.o)
                0x00000000000108bc                alt_find_file
 .text          0x00000000000109d0       0xfc C:/Users/rickert/Documents/GitHub/KBS_ESA_PAINGAME/KBS_ESA_PAINGAME_bsp/\libucosii_bsp.a(alt_get_fd.o)
                0x00000000000109d0                alt_get_fd
 .text          0x0000000000010acc       0x8c C:/Users/rickert/Documents/GitHub/KBS_ESA_PAINGAME/KBS_ESA_PAINGAME_bsp/\libucosii_bsp.a(alt_icache_flush.o)
                0x0000000000010acc                alt_icache_flush
 .text          0x0000000000010b58        0x0 C:/Users/rickert/Documents/GitHub/KBS_ESA_PAINGAME/KBS_ESA_PAINGAME_bsp/\libucosii_bsp.a(alt_irq_entry.o)
 .text          0x0000000000010b58        0x0 C:/Users/rickert/Documents/GitHub/KBS_ESA_PAINGAME/KBS_ESA_PAINGAME_bsp/\libucosii_bsp.a(alt_irq_handler.o)
 .text          0x0000000000010b58        0x0 C:/Users/rickert/Documents/GitHub/KBS_ESA_PAINGAME/KBS_ESA_PAINGAME_bsp/\libucosii_bsp.a(alt_exception_entry.o)
 .text          0x0000000000010b58       0x9c C:/Users/rickert/Documents/GitHub/KBS_ESA_PAINGAME/KBS_ESA_PAINGAME_bsp/\libucosii_bsp.a(alt_instruction_exception_entry.o)
                0x0000000000010b58                alt_exception_cause_generated_bad_addr
 .text          0x0000000000010bf4        0x0 c:/altera_lite/15.1/nios2eds/bin/gnu/h-x86_64-mingw32/bin/../lib/gcc/nios2-elf/4.9.2/../../../../../H-x86_64-mingw32/nios2-elf/lib/mhw-mulx\libc.a(lib_a-atexit.o)
 .text.atexit   0x0000000000010bf4       0x14 c:/altera_lite/15.1/nios2eds/bin/gnu/h-x86_64-mingw32/bin/../lib/gcc/nios2-elf/4.9.2/../../../../../H-x86_64-mingw32/nios2-elf/lib/mhw-mulx\libc.a(lib_a-atexit.o)
                0x0000000000010bf4                atexit
 .text          0x0000000000010c08        0x0 c:/altera_lite/15.1/nios2eds/bin/gnu/h-x86_64-mingw32/bin/../lib/gcc/nios2-elf/4.9.2/../../../../../H-x86_64-mingw32/nios2-elf/lib/mhw-mulx\libc.a(lib_a-exit.o)
 .text.exit     0x0000000000010c08       0x38 c:/altera_lite/15.1/nios2eds/bin/gnu/h-x86_64-mingw32/bin/../lib/gcc/nios2-elf/4.9.2/../../../../../H-x86_64-mingw32/nios2-elf/lib/mhw-mulx\libc.a(lib_a-exit.o)
                0x0000000000010c08                exit
 .text          0x0000000000010c40        0x0 c:/altera_lite/15.1/nios2eds/bin/gnu/h-x86_64-mingw32/bin/../lib/gcc/nios2-elf/4.9.2/../../../../../H-x86_64-mingw32/nios2-elf/lib/mhw-mulx\libc.a(lib_a-memcmp.o)
 .text.memcmp   0x0000000000010c40       0x7c c:/altera_lite/15.1/nios2eds/bin/gnu/h-x86_64-mingw32/bin/../lib/gcc/nios2-elf/4.9.2/../../../../../H-x86_64-mingw32/nios2-elf/lib/mhw-mulx\libc.a(lib_a-memcmp.o)
                0x0000000000010c40                memcmp
 .text          0x0000000000010cbc        0x0 c:/altera_lite/15.1/nios2eds/bin/gnu/h-x86_64-mingw32/bin/../lib/gcc/nios2-elf/4.9.2/../../../../../H-x86_64-mingw32/nios2-elf/lib/mhw-mulx\libc.a(lib_a-strcmp.o)
 .text.strcmp   0x0000000000010cbc       0xa4 c:/altera_lite/15.1/nios2eds/bin/gnu/h-x86_64-mingw32/bin/../lib/gcc/nios2-elf/4.9.2/../../../../../H-x86_64-mingw32/nios2-elf/lib/mhw-mulx\libc.a(lib_a-strcmp.o)
                0x0000000000010cbc                strcmp
 .text          0x0000000000010d60        0x0 c:/altera_lite/15.1/nios2eds/bin/gnu/h-x86_64-mingw32/bin/../lib/gcc/nios2-elf/4.9.2/../../../../../H-x86_64-mingw32/nios2-elf/lib/mhw-mulx\libc.a(lib_a-__atexit.o)
 .text.__register_exitproc
                0x0000000000010d60      0x114 c:/altera_lite/15.1/nios2eds/bin/gnu/h-x86_64-mingw32/bin/../lib/gcc/nios2-elf/4.9.2/../../../../../H-x86_64-mingw32/nios2-elf/lib/mhw-mulx\libc.a(lib_a-__atexit.o)
                0x0000000000010d60                __register_exitproc
 .text          0x0000000000010e74        0x0 c:/altera_lite/15.1/nios2eds/bin/gnu/h-x86_64-mingw32/bin/../lib/gcc/nios2-elf/4.9.2/../../../../../H-x86_64-mingw32/nios2-elf/lib/mhw-mulx\libc.a(lib_a-__call_atexit.o)
 .text.__call_exitprocs
                0x0000000000010e74      0x194 c:/altera_lite/15.1/nios2eds/bin/gnu/h-x86_64-mingw32/bin/../lib/gcc/nios2-elf/4.9.2/../../../../../H-x86_64-mingw32/nios2-elf/lib/mhw-mulx\libc.a(lib_a-__call_atexit.o)
                0x0000000000010e74                __call_exitprocs
 .text          0x0000000000011008       0x3c C:/Users/rickert/Documents/GitHub/KBS_ESA_PAINGAME/KBS_ESA_PAINGAME_bsp/\libucosii_bsp.a(alt_exit.o)
                0x0000000000011008                _exit
 *(.gnu.warning.*)
 *(.fini)
                0x0000000000011044                PROVIDE (__etext, ABSOLUTE (.))
                0x0000000000011044                PROVIDE (_etext, ABSOLUTE (.))
                0x0000000000011044                PROVIDE (etext, ABSOLUTE (.))
 *(.eh_frame_hdr)
                0x0000000000011044                . = ALIGN (0x4)
                0x0000000000011044                PROVIDE (__preinit_array_start, ABSOLUTE (.))
 *(.preinit_array)
                0x0000000000011044                PROVIDE (__preinit_array_end, ABSOLUTE (.))
                0x0000000000011044                PROVIDE (__init_array_start, ABSOLUTE (.))
 *(.init_array)
                0x0000000000011044                PROVIDE (__init_array_end, ABSOLUTE (.))
                0x0000000000011044                PROVIDE (__fini_array_start, ABSOLUTE (.))
 *(.fini_array)
                0x0000000000011044                PROVIDE (__fini_array_end, ABSOLUTE (.))
 *(.eh_frame)
 *(.gcc_except_table .gcc_except_table.*)
 *(.dynamic)
                0x0000000000011044                PROVIDE (__CTOR_LIST__, ABSOLUTE (.))
 *(.ctors)
 *(SORT(.ctors.*))
                0x0000000000011044                PROVIDE (__CTOR_END__, ABSOLUTE (.))
                0x0000000000011044                PROVIDE (__DTOR_LIST__, ABSOLUTE (.))
 *(.dtors)
 *(SORT(.dtors.*))
                0x0000000000011044                PROVIDE (__DTOR_END__, ABSOLUTE (.))
 *(.jcr)
                0x0000000000011044                . = ALIGN (0x4)

.rodata         0x0000000000011044      0x418
                0x0000000000011044                PROVIDE (__ram_rodata_start, ABSOLUTE (.))
                0x0000000000011044                . = ALIGN (0x4)
 *(.rodata .rodata.* .gnu.linkonce.r.*)
 .rodata        0x0000000000011044       0x2c obj/default/Contoller.o
 .rodata        0x0000000000011070       0x5c obj/default/Game.o
 .rodata        0x00000000000110cc       0x9c obj/default/Menu.o
 .rodata.str1.4
                0x0000000000011168        0x2 c:/altera_lite/15.1/nios2eds/bin/gnu/h-x86_64-mingw32/bin/../lib/gcc/nios2-elf/4.9.2/../../../../../H-x86_64-mingw32/nios2-elf/lib/mhw-mulx\libc.a(lib_a-puts.o)
                                          0x4 (size before relaxing)
 *fill*         0x000000000001116a        0x2 
 .rodata.str1.4
                0x000000000001116c        0x4 c:/altera_lite/15.1/nios2eds/bin/gnu/h-x86_64-mingw32/bin/../lib/gcc/nios2-elf/4.9.2/../../../../../H-x86_64-mingw32/nios2-elf/lib/mhw-mulx\libc.a(lib_a-impure.o)
 .rodata        0x0000000000011170        0xc C:/Users/rickert/Documents/GitHub/KBS_ESA_PAINGAME/KBS_ESA_PAINGAME_bsp/\libucosii_bsp.a(alt_dev.o)
 .rodata        0x000000000001117c       0x10 C:/Users/rickert/Documents/GitHub/KBS_ESA_PAINGAME/KBS_ESA_PAINGAME_bsp/\libucosii_bsp.a(alt_main.o)
 .rodata        0x000000000001118c      0x120 C:/Users/rickert/Documents/GitHub/KBS_ESA_PAINGAME/KBS_ESA_PAINGAME_bsp/\libucosii_bsp.a(os_core.o)
                0x000000000001118c                OSUnMapTbl
 .rodata        0x00000000000112ac      0x190 C:/Users/rickert/Documents/GitHub/KBS_ESA_PAINGAME/KBS_ESA_PAINGAME_bsp/\libucosii_bsp.a(alt_sys_init.o)
 .rodata        0x000000000001143c       0x1c C:/Users/rickert/Documents/GitHub/KBS_ESA_PAINGAME/KBS_ESA_PAINGAME_bsp/\libucosii_bsp.a(altera_up_avalon_video_character_buffer_with_dma.o)
 .rodata        0x0000000000011458        0x4 C:/Users/rickert/Documents/GitHub/KBS_ESA_PAINGAME/KBS_ESA_PAINGAME_bsp/\libucosii_bsp.a(os_cpu_c.o)
 *(.rodata1)
                0x000000000001145c                . = ALIGN (0x4)
                0x000000000001145c                PROVIDE (__ram_rodata_end, ABSOLUTE (.))
                0x0000000000011044                PROVIDE (__flash_rodata_start, LOADADDR (.rodata))

.rwdata         0x000000000001145c     0x1eb8 load address 0x0000000000013314
                0x000000000001145c                PROVIDE (__ram_rwdata_start, ABSOLUTE (.))
                0x000000000001145c                . = ALIGN (0x4)
 *(.got.plt)
 *(.got)
 *(.data1)
 *(.data .data.* .gnu.linkonce.d.*)
 .data          0x000000000001145c        0x0 C:/Users/rickert/Documents/GitHub/KBS_ESA_PAINGAME/KBS_ESA_PAINGAME_bsp//obj/HAL/src/crt0.o
 .data          0x000000000001145c        0x0 obj/default/Contoller.o
 .data          0x000000000001145c        0x0 obj/default/Game.o
 .data          0x000000000001145c        0x0 obj/default/Menu.o
 .data          0x000000000001145c        0x0 obj/default/hello_ucosii.o
 .data          0x000000000001145c        0x0 c:/altera_lite/15.1/nios2eds/bin/gnu/h-x86_64-mingw32/bin/../lib/gcc/nios2-elf/4.9.2/../../../../../H-x86_64-mingw32/nios2-elf/lib/mhw-mulx\libc.a(lib_a-puts.o)
 .data          0x000000000001145c        0x0 c:/altera_lite/15.1/nios2eds/bin/gnu/h-x86_64-mingw32/bin/../lib/gcc/nios2-elf/4.9.2/../../../../../H-x86_64-mingw32/nios2-elf/lib/mhw-mulx\libc.a(lib_a-strlen.o)
 .data          0x000000000001145c        0x0 c:/altera_lite/15.1/nios2eds/bin/gnu/h-x86_64-mingw32/bin/../lib/gcc/nios2-elf/4.9.2/../../../../../H-x86_64-mingw32/nios2-elf/lib/mhw-mulx\libc.a(lib_a-fvwrite.o)
 .data          0x000000000001145c        0x0 c:/altera_lite/15.1/nios2eds/bin/gnu/h-x86_64-mingw32/bin/../lib/gcc/nios2-elf/4.9.2/../../../../../H-x86_64-mingw32/nios2-elf/lib/mhw-mulx\libc.a(lib_a-impure.o)
 .data.impure_data
                0x000000000001145c      0x424 c:/altera_lite/15.1/nios2eds/bin/gnu/h-x86_64-mingw32/bin/../lib/gcc/nios2-elf/4.9.2/../../../../../H-x86_64-mingw32/nios2-elf/lib/mhw-mulx\libc.a(lib_a-impure.o)
 .data          0x0000000000011880        0x0 c:/altera_lite/15.1/nios2eds/bin/gnu/h-x86_64-mingw32/bin/../lib/gcc/nios2-elf/4.9.2/../../../../../H-x86_64-mingw32/nios2-elf/lib/mhw-mulx\libc.a(lib_a-mallocr.o)
 .data.__malloc_av_
                0x0000000000011880      0x408 c:/altera_lite/15.1/nios2eds/bin/gnu/h-x86_64-mingw32/bin/../lib/gcc/nios2-elf/4.9.2/../../../../../H-x86_64-mingw32/nios2-elf/lib/mhw-mulx\libc.a(lib_a-mallocr.o)
                0x0000000000011880                __malloc_av_
 .data          0x0000000000011c88        0x0 c:/altera_lite/15.1/nios2eds/bin/gnu/h-x86_64-mingw32/bin/../lib/gcc/nios2-elf/4.9.2/../../../../../H-x86_64-mingw32/nios2-elf/lib/mhw-mulx\libc.a(lib_a-memchr.o)
 .data          0x0000000000011c88        0x0 c:/altera_lite/15.1/nios2eds/bin/gnu/h-x86_64-mingw32/bin/../lib/gcc/nios2-elf/4.9.2/../../../../../H-x86_64-mingw32/nios2-elf/lib/mhw-mulx\libc.a(lib_a-memcpy.o)
 .data          0x0000000000011c88        0x0 c:/altera_lite/15.1/nios2eds/bin/gnu/h-x86_64-mingw32/bin/../lib/gcc/nios2-elf/4.9.2/../../../../../H-x86_64-mingw32/nios2-elf/lib/mhw-mulx\libc.a(lib_a-memmove.o)
 .data          0x0000000000011c88        0x0 c:/altera_lite/15.1/nios2eds/bin/gnu/h-x86_64-mingw32/bin/../lib/gcc/nios2-elf/4.9.2/../../../../../H-x86_64-mingw32/nios2-elf/lib/mhw-mulx\libc.a(lib_a-reallocr.o)
 .data          0x0000000000011c88        0x0 c:/altera_lite/15.1/nios2eds/bin/gnu/h-x86_64-mingw32/bin/../lib/gcc/nios2-elf/4.9.2/../../../../../H-x86_64-mingw32/nios2-elf/lib/mhw-mulx\libc.a(lib_a-sbrkr.o)
 .data          0x0000000000011c88        0x0 c:/altera_lite/15.1/nios2eds/bin/gnu/h-x86_64-mingw32/bin/../lib/gcc/nios2-elf/4.9.2/../../../../../H-x86_64-mingw32/nios2-elf/lib/mhw-mulx\libc.a(lib_a-wsetup.o)
 .data          0x0000000000011c88        0x0 c:/altera_lite/15.1/nios2eds/bin/gnu/h-x86_64-mingw32/bin/../lib/gcc/nios2-elf/4.9.2/../../../../../H-x86_64-mingw32/nios2-elf/lib/mhw-mulx\libc.a(lib_a-fflush.o)
 .data          0x0000000000011c88        0x0 c:/altera_lite/15.1/nios2eds/bin/gnu/h-x86_64-mingw32/bin/../lib/gcc/nios2-elf/4.9.2/../../../../../H-x86_64-mingw32/nios2-elf/lib/mhw-mulx\libc.a(lib_a-findfp.o)
 .data          0x0000000000011c88        0x0 c:/altera_lite/15.1/nios2eds/bin/gnu/h-x86_64-mingw32/bin/../lib/gcc/nios2-elf/4.9.2/../../../../../H-x86_64-mingw32/nios2-elf/lib/mhw-mulx\libc.a(lib_a-freer.o)
 .data          0x0000000000011c88        0x0 c:/altera_lite/15.1/nios2eds/bin/gnu/h-x86_64-mingw32/bin/../lib/gcc/nios2-elf/4.9.2/../../../../../H-x86_64-mingw32/nios2-elf/lib/mhw-mulx\libc.a(lib_a-fwalk.o)
 .data          0x0000000000011c88        0x0 c:/altera_lite/15.1/nios2eds/bin/gnu/h-x86_64-mingw32/bin/../lib/gcc/nios2-elf/4.9.2/../../../../../H-x86_64-mingw32/nios2-elf/lib/mhw-mulx\libc.a(lib_a-int_errno.o)
 .data          0x0000000000011c88        0x0 c:/altera_lite/15.1/nios2eds/bin/gnu/h-x86_64-mingw32/bin/../lib/gcc/nios2-elf/4.9.2/../../../../../H-x86_64-mingw32/nios2-elf/lib/mhw-mulx\libc.a(lib_a-makebuf.o)
 .data          0x0000000000011c88        0x0 c:/altera_lite/15.1/nios2eds/bin/gnu/h-x86_64-mingw32/bin/../lib/gcc/nios2-elf/4.9.2/../../../../../H-x86_64-mingw32/nios2-elf/lib/mhw-mulx\libc.a(lib_a-memset.o)
 .data          0x0000000000011c88        0x0 c:/altera_lite/15.1/nios2eds/bin/gnu/h-x86_64-mingw32/bin/../lib/gcc/nios2-elf/4.9.2/../../../../../H-x86_64-mingw32/nios2-elf/lib/mhw-mulx\libc.a(lib_a-stdio.o)
 .data          0x0000000000011c88        0x0 c:/altera_lite/15.1/nios2eds/bin/gnu/h-x86_64-mingw32/bin/../lib/gcc/nios2-elf/4.9.2/../../../../../H-x86_64-mingw32/nios2-elf/lib/mhw-mulx\libc.a(lib_a-writer.o)
 .data          0x0000000000011c88        0x0 c:/altera_lite/15.1/nios2eds/bin/gnu/h-x86_64-mingw32/bin/../lib/gcc/nios2-elf/4.9.2/../../../../../H-x86_64-mingw32/nios2-elf/lib/mhw-mulx\libc.a(closer.o)
 .data          0x0000000000011c88        0x0 c:/altera_lite/15.1/nios2eds/bin/gnu/h-x86_64-mingw32/bin/../lib/gcc/nios2-elf/4.9.2/../../../../../H-x86_64-mingw32/nios2-elf/lib/mhw-mulx\libc.a(lib_a-fclose.o)
 .data          0x0000000000011c88        0x0 c:/altera_lite/15.1/nios2eds/bin/gnu/h-x86_64-mingw32/bin/../lib/gcc/nios2-elf/4.9.2/../../../../../H-x86_64-mingw32/nios2-elf/lib/mhw-mulx\libc.a(lib_a-fstatr.o)
 .data          0x0000000000011c88        0x0 c:/altera_lite/15.1/nios2eds/bin/gnu/h-x86_64-mingw32/bin/../lib/gcc/nios2-elf/4.9.2/../../../../../H-x86_64-mingw32/nios2-elf/lib/mhw-mulx\libc.a(lib_a-isattyr.o)
 .data          0x0000000000011c88        0x0 c:/altera_lite/15.1/nios2eds/bin/gnu/h-x86_64-mingw32/bin/../lib/gcc/nios2-elf/4.9.2/../../../../../H-x86_64-mingw32/nios2-elf/lib/mhw-mulx\libc.a(lib_a-lseekr.o)
 .data          0x0000000000011c88        0x0 c:/altera_lite/15.1/nios2eds/bin/gnu/h-x86_64-mingw32/bin/../lib/gcc/nios2-elf/4.9.2/../../../../../H-x86_64-mingw32/nios2-elf/lib/mhw-mulx\libc.a(lib_a-readr.o)
 .data          0x0000000000011c88        0x0 c:/altera_lite/15.1/nios2eds/bin/gnu/h-x86_64-mingw32/bin/../lib/gcc/nios2-elf/4.9.2/mhw-mulx\libgcc.a(lib2-divmod.o)
 .data          0x0000000000011c88        0x0 C:/Users/rickert/Documents/GitHub/KBS_ESA_PAINGAME/KBS_ESA_PAINGAME_bsp/\libucosii_bsp.a(alt_close.o)
 .data          0x0000000000011c88      0x1a8 C:/Users/rickert/Documents/GitHub/KBS_ESA_PAINGAME/KBS_ESA_PAINGAME_bsp/\libucosii_bsp.a(alt_dev.o)
                0x0000000000011c88                alt_dev_null
                0x0000000000011cb0                alt_fd_list
 .data          0x0000000000011e30        0x0 C:/Users/rickert/Documents/GitHub/KBS_ESA_PAINGAME/KBS_ESA_PAINGAME_bsp/\libucosii_bsp.a(alt_errno.o)
 .data          0x0000000000011e30        0x0 C:/Users/rickert/Documents/GitHub/KBS_ESA_PAINGAME/KBS_ESA_PAINGAME_bsp/\libucosii_bsp.a(alt_fstat.o)
 .data          0x0000000000011e30        0x0 C:/Users/rickert/Documents/GitHub/KBS_ESA_PAINGAME/KBS_ESA_PAINGAME_bsp/\libucosii_bsp.a(alt_isatty.o)
 .data          0x0000000000011e30        0x0 C:/Users/rickert/Documents/GitHub/KBS_ESA_PAINGAME/KBS_ESA_PAINGAME_bsp/\libucosii_bsp.a(alt_load.o)
 .data          0x0000000000011e30        0x0 C:/Users/rickert/Documents/GitHub/KBS_ESA_PAINGAME/KBS_ESA_PAINGAME_bsp/\libucosii_bsp.a(alt_lseek.o)
 .data          0x0000000000011e30        0x0 C:/Users/rickert/Documents/GitHub/KBS_ESA_PAINGAME/KBS_ESA_PAINGAME_bsp/\libucosii_bsp.a(alt_main.o)
 .data          0x0000000000011e30        0x0 C:/Users/rickert/Documents/GitHub/KBS_ESA_PAINGAME/KBS_ESA_PAINGAME_bsp/\libucosii_bsp.a(alt_read.o)
 .data          0x0000000000011e30        0x0 C:/Users/rickert/Documents/GitHub/KBS_ESA_PAINGAME/KBS_ESA_PAINGAME_bsp/\libucosii_bsp.a(alt_release_fd.o)
 .data          0x0000000000011e30        0x0 C:/Users/rickert/Documents/GitHub/KBS_ESA_PAINGAME/KBS_ESA_PAINGAME_bsp/\libucosii_bsp.a(alt_sbrk.o)
 .data          0x0000000000011e30        0x0 C:/Users/rickert/Documents/GitHub/KBS_ESA_PAINGAME/KBS_ESA_PAINGAME_bsp/\libucosii_bsp.a(alt_write.o)
 .data          0x0000000000011e30        0x0 C:/Users/rickert/Documents/GitHub/KBS_ESA_PAINGAME/KBS_ESA_PAINGAME_bsp/\libucosii_bsp.a(alt_env_lock.o)
 .data          0x0000000000011e30        0x0 C:/Users/rickert/Documents/GitHub/KBS_ESA_PAINGAME/KBS_ESA_PAINGAME_bsp/\libucosii_bsp.a(alt_malloc_lock.o)
 .data          0x0000000000011e30        0x0 C:/Users/rickert/Documents/GitHub/KBS_ESA_PAINGAME/KBS_ESA_PAINGAME_bsp/\libucosii_bsp.a(os_core.o)
 .data          0x0000000000011e30        0x0 C:/Users/rickert/Documents/GitHub/KBS_ESA_PAINGAME/KBS_ESA_PAINGAME_bsp/\libucosii_bsp.a(os_dbg.o)
 .data          0x0000000000011e30        0x0 C:/Users/rickert/Documents/GitHub/KBS_ESA_PAINGAME/KBS_ESA_PAINGAME_bsp/\libucosii_bsp.a(os_flag.o)
 .data          0x0000000000011e30        0x0 C:/Users/rickert/Documents/GitHub/KBS_ESA_PAINGAME/KBS_ESA_PAINGAME_bsp/\libucosii_bsp.a(os_mem.o)
 .data          0x0000000000011e30        0x0 C:/Users/rickert/Documents/GitHub/KBS_ESA_PAINGAME/KBS_ESA_PAINGAME_bsp/\libucosii_bsp.a(os_q.o)
 .data          0x0000000000011e30        0x0 C:/Users/rickert/Documents/GitHub/KBS_ESA_PAINGAME/KBS_ESA_PAINGAME_bsp/\libucosii_bsp.a(os_sem.o)
 .data          0x0000000000011e30        0x0 C:/Users/rickert/Documents/GitHub/KBS_ESA_PAINGAME/KBS_ESA_PAINGAME_bsp/\libucosii_bsp.a(os_task.o)
 .data          0x0000000000011e30        0x0 C:/Users/rickert/Documents/GitHub/KBS_ESA_PAINGAME/KBS_ESA_PAINGAME_bsp/\libucosii_bsp.a(os_time.o)
 .data          0x0000000000011e30     0x13f0 C:/Users/rickert/Documents/GitHub/KBS_ESA_PAINGAME/KBS_ESA_PAINGAME_bsp/\libucosii_bsp.a(alt_sys_init.o)
 .data          0x0000000000013220        0x0 C:/Users/rickert/Documents/GitHub/KBS_ESA_PAINGAME/KBS_ESA_PAINGAME_bsp/\libucosii_bsp.a(altera_avalon_jtag_uart_fd.o)
 .data          0x0000000000013220        0x0 C:/Users/rickert/Documents/GitHub/KBS_ESA_PAINGAME/KBS_ESA_PAINGAME_bsp/\libucosii_bsp.a(altera_avalon_jtag_uart_init.o)
 .data          0x0000000000013220        0x0 C:/Users/rickert/Documents/GitHub/KBS_ESA_PAINGAME/KBS_ESA_PAINGAME_bsp/\libucosii_bsp.a(altera_avalon_jtag_uart_ioctl.o)
 .data          0x0000000000013220        0x0 C:/Users/rickert/Documents/GitHub/KBS_ESA_PAINGAME/KBS_ESA_PAINGAME_bsp/\libucosii_bsp.a(altera_avalon_jtag_uart_read.o)
 .data          0x0000000000013220        0x0 C:/Users/rickert/Documents/GitHub/KBS_ESA_PAINGAME/KBS_ESA_PAINGAME_bsp/\libucosii_bsp.a(altera_avalon_jtag_uart_write.o)
 .data          0x0000000000013220        0x0 C:/Users/rickert/Documents/GitHub/KBS_ESA_PAINGAME/KBS_ESA_PAINGAME_bsp/\libucosii_bsp.a(altera_avalon_timer_sc.o)
 .data          0x0000000000013220        0x0 C:/Users/rickert/Documents/GitHub/KBS_ESA_PAINGAME/KBS_ESA_PAINGAME_bsp/\libucosii_bsp.a(altera_up_avalon_character_lcd.o)
 .data          0x0000000000013220        0x0 C:/Users/rickert/Documents/GitHub/KBS_ESA_PAINGAME/KBS_ESA_PAINGAME_bsp/\libucosii_bsp.a(altera_up_avalon_irda.o)
 .data          0x0000000000013220        0x0 C:/Users/rickert/Documents/GitHub/KBS_ESA_PAINGAME/KBS_ESA_PAINGAME_bsp/\libucosii_bsp.a(altera_up_avalon_parallel_port.o)
 .data          0x0000000000013220        0x0 C:/Users/rickert/Documents/GitHub/KBS_ESA_PAINGAME/KBS_ESA_PAINGAME_bsp/\libucosii_bsp.a(altera_up_avalon_ps2.o)
 .data          0x0000000000013220        0x0 C:/Users/rickert/Documents/GitHub/KBS_ESA_PAINGAME/KBS_ESA_PAINGAME_bsp/\libucosii_bsp.a(altera_up_avalon_rs232.o)
 .data          0x0000000000013220        0x0 C:/Users/rickert/Documents/GitHub/KBS_ESA_PAINGAME/KBS_ESA_PAINGAME_bsp/\libucosii_bsp.a(altera_up_avalon_video_character_buffer_with_dma.o)
 .data          0x0000000000013220        0x0 C:/Users/rickert/Documents/GitHub/KBS_ESA_PAINGAME/KBS_ESA_PAINGAME_bsp/\libucosii_bsp.a(alt_alarm_start.o)
 .data          0x0000000000013220        0x0 C:/Users/rickert/Documents/GitHub/KBS_ESA_PAINGAME/KBS_ESA_PAINGAME_bsp/\libucosii_bsp.a(alt_dcache_flush_all.o)
 .data          0x0000000000013220        0x0 C:/Users/rickert/Documents/GitHub/KBS_ESA_PAINGAME/KBS_ESA_PAINGAME_bsp/\libucosii_bsp.a(alt_dev_llist_insert.o)
 .data          0x0000000000013220        0x0 C:/Users/rickert/Documents/GitHub/KBS_ESA_PAINGAME/KBS_ESA_PAINGAME_bsp/\libucosii_bsp.a(alt_do_ctors.o)
 .data          0x0000000000013220        0x0 C:/Users/rickert/Documents/GitHub/KBS_ESA_PAINGAME/KBS_ESA_PAINGAME_bsp/\libucosii_bsp.a(alt_do_dtors.o)
 .data          0x0000000000013220        0x0 C:/Users/rickert/Documents/GitHub/KBS_ESA_PAINGAME/KBS_ESA_PAINGAME_bsp/\libucosii_bsp.a(alt_find_dev.o)
 .data          0x0000000000013220        0x0 C:/Users/rickert/Documents/GitHub/KBS_ESA_PAINGAME/KBS_ESA_PAINGAME_bsp/\libucosii_bsp.a(alt_icache_flush_all.o)
 .data          0x0000000000013220        0x0 C:/Users/rickert/Documents/GitHub/KBS_ESA_PAINGAME/KBS_ESA_PAINGAME_bsp/\libucosii_bsp.a(alt_io_redirect.o)
 .data          0x0000000000013220        0x0 C:/Users/rickert/Documents/GitHub/KBS_ESA_PAINGAME/KBS_ESA_PAINGAME_bsp/\libucosii_bsp.a(alt_irq_register.o)
 .data          0x0000000000013220        0x0 C:/Users/rickert/Documents/GitHub/KBS_ESA_PAINGAME/KBS_ESA_PAINGAME_bsp/\libucosii_bsp.a(alt_irq_vars.o)
 .data          0x0000000000013220        0x0 C:/Users/rickert/Documents/GitHub/KBS_ESA_PAINGAME/KBS_ESA_PAINGAME_bsp/\libucosii_bsp.a(alt_open.o)
 .data          0x0000000000013220        0x0 C:/Users/rickert/Documents/GitHub/KBS_ESA_PAINGAME/KBS_ESA_PAINGAME_bsp/\libucosii_bsp.a(alt_tick.o)
 .data          0x0000000000013220        0x0 C:/Users/rickert/Documents/GitHub/KBS_ESA_PAINGAME/KBS_ESA_PAINGAME_bsp/\libucosii_bsp.a(altera_nios2_gen2_irq.o)
 .data          0x0000000000013220        0x0 C:/Users/rickert/Documents/GitHub/KBS_ESA_PAINGAME/KBS_ESA_PAINGAME_bsp/\libucosii_bsp.a(os_cpu_a.o)
 .data          0x0000000000013220        0x0 C:/Users/rickert/Documents/GitHub/KBS_ESA_PAINGAME/KBS_ESA_PAINGAME_bsp/\libucosii_bsp.a(os_cpu_c.o)
 .data          0x0000000000013220        0x0 C:/Users/rickert/Documents/GitHub/KBS_ESA_PAINGAME/KBS_ESA_PAINGAME_bsp/\libucosii_bsp.a(alt_find_file.o)
 .data          0x0000000000013220        0x0 C:/Users/rickert/Documents/GitHub/KBS_ESA_PAINGAME/KBS_ESA_PAINGAME_bsp/\libucosii_bsp.a(alt_get_fd.o)
 .data          0x0000000000013220        0x0 C:/Users/rickert/Documents/GitHub/KBS_ESA_PAINGAME/KBS_ESA_PAINGAME_bsp/\libucosii_bsp.a(alt_icache_flush.o)
 .data          0x0000000000013220        0x0 C:/Users/rickert/Documents/GitHub/KBS_ESA_PAINGAME/KBS_ESA_PAINGAME_bsp/\libucosii_bsp.a(alt_irq_entry.o)
 .data          0x0000000000013220        0x0 C:/Users/rickert/Documents/GitHub/KBS_ESA_PAINGAME/KBS_ESA_PAINGAME_bsp/\libucosii_bsp.a(alt_irq_handler.o)
 .data          0x0000000000013220        0x0 C:/Users/rickert/Documents/GitHub/KBS_ESA_PAINGAME/KBS_ESA_PAINGAME_bsp/\libucosii_bsp.a(alt_exception_entry.o)
 .data          0x0000000000013220        0x0 C:/Users/rickert/Documents/GitHub/KBS_ESA_PAINGAME/KBS_ESA_PAINGAME_bsp/\libucosii_bsp.a(alt_instruction_exception_entry.o)
 .data          0x0000000000013220        0x0 c:/altera_lite/15.1/nios2eds/bin/gnu/h-x86_64-mingw32/bin/../lib/gcc/nios2-elf/4.9.2/../../../../../H-x86_64-mingw32/nios2-elf/lib/mhw-mulx\libc.a(lib_a-atexit.o)
 .data          0x0000000000013220        0x0 c:/altera_lite/15.1/nios2eds/bin/gnu/h-x86_64-mingw32/bin/../lib/gcc/nios2-elf/4.9.2/../../../../../H-x86_64-mingw32/nios2-elf/lib/mhw-mulx\libc.a(lib_a-exit.o)
 .data          0x0000000000013220        0x0 c:/altera_lite/15.1/nios2eds/bin/gnu/h-x86_64-mingw32/bin/../lib/gcc/nios2-elf/4.9.2/../../../../../H-x86_64-mingw32/nios2-elf/lib/mhw-mulx\libc.a(lib_a-memcmp.o)
 .data          0x0000000000013220        0x0 c:/altera_lite/15.1/nios2eds/bin/gnu/h-x86_64-mingw32/bin/../lib/gcc/nios2-elf/4.9.2/../../../../../H-x86_64-mingw32/nios2-elf/lib/mhw-mulx\libc.a(lib_a-strcmp.o)
 .data          0x0000000000013220        0x0 c:/altera_lite/15.1/nios2eds/bin/gnu/h-x86_64-mingw32/bin/../lib/gcc/nios2-elf/4.9.2/../../../../../H-x86_64-mingw32/nios2-elf/lib/mhw-mulx\libc.a(lib_a-__atexit.o)
 .data          0x0000000000013220        0x0 c:/altera_lite/15.1/nios2eds/bin/gnu/h-x86_64-mingw32/bin/../lib/gcc/nios2-elf/4.9.2/../../../../../H-x86_64-mingw32/nios2-elf/lib/mhw-mulx\libc.a(lib_a-__call_atexit.o)
 .data          0x0000000000013220        0x0 C:/Users/rickert/Documents/GitHub/KBS_ESA_PAINGAME/KBS_ESA_PAINGAME_bsp/\libucosii_bsp.a(alt_exit.o)
                0x000000000001b220                _gp = ABSOLUTE ((. + 0x8000))
                0x000000000001b220                PROVIDE (gp, _gp)
 *(.rwdata .rwdata.*)
 *(.sdata .sdata.* .gnu.linkonce.s.*)
 .sdata         0x0000000000013220        0x2 obj/default/Contoller.o
                0x0000000000013220                kleur
 *fill*         0x0000000000013222        0x2 
 .sdata         0x0000000000013224        0xc obj/default/Game.o
                0x0000000000013224                balWit
                0x0000000000013228                first
                0x000000000001322c                check
 .sdata         0x0000000000013230       0x28 obj/default/Menu.o
                0x0000000000013230                gameModeMenu
                0x0000000000013234                xLinks
                0x0000000000013238                xRechts
                0x000000000001323c                xBoven
                0x0000000000013240                xOnder
                0x0000000000013244                xMenu
                0x0000000000013248                yMenu
                0x000000000001324c                geel
                0x000000000001324e                rood
                0x0000000000013250                eenkeer
                0x0000000000013254                onePress
 .sdata         0x0000000000013258        0x8 obj/default/hello_ucosii.o
                0x0000000000013258                interval_timer_ptr
                0x000000000001325c                wit
                0x000000000001325e                groen
 .sdata._global_impure_ptr
                0x0000000000013260        0x4 c:/altera_lite/15.1/nios2eds/bin/gnu/h-x86_64-mingw32/bin/../lib/gcc/nios2-elf/4.9.2/../../../../../H-x86_64-mingw32/nios2-elf/lib/mhw-mulx\libc.a(lib_a-impure.o)
                0x0000000000013260                _global_impure_ptr
 .sdata._impure_ptr
                0x0000000000013264        0x4 c:/altera_lite/15.1/nios2eds/bin/gnu/h-x86_64-mingw32/bin/../lib/gcc/nios2-elf/4.9.2/../../../../../H-x86_64-mingw32/nios2-elf/lib/mhw-mulx\libc.a(lib_a-impure.o)
                0x0000000000013264                _impure_ptr
 .sdata.__malloc_sbrk_base
                0x0000000000013268        0x4 c:/altera_lite/15.1/nios2eds/bin/gnu/h-x86_64-mingw32/bin/../lib/gcc/nios2-elf/4.9.2/../../../../../H-x86_64-mingw32/nios2-elf/lib/mhw-mulx\libc.a(lib_a-mallocr.o)
                0x0000000000013268                __malloc_sbrk_base
 .sdata.__malloc_trim_threshold
                0x000000000001326c        0x4 c:/altera_lite/15.1/nios2eds/bin/gnu/h-x86_64-mingw32/bin/../lib/gcc/nios2-elf/4.9.2/../../../../../H-x86_64-mingw32/nios2-elf/lib/mhw-mulx\libc.a(lib_a-mallocr.o)
                0x000000000001326c                __malloc_trim_threshold
 .sdata         0x0000000000013270       0x14 C:/Users/rickert/Documents/GitHub/KBS_ESA_PAINGAME/KBS_ESA_PAINGAME_bsp/\libucosii_bsp.a(alt_dev.o)
                0x0000000000013270                alt_fs_list
                0x0000000000013278                alt_dev_list
                0x0000000000013280                alt_max_fd
 .sdata         0x0000000000013284        0x4 C:/Users/rickert/Documents/GitHub/KBS_ESA_PAINGAME/KBS_ESA_PAINGAME_bsp/\libucosii_bsp.a(alt_errno.o)
                0x0000000000013284                alt_errno
 .sdata         0x0000000000013288        0x4 C:/Users/rickert/Documents/GitHub/KBS_ESA_PAINGAME/KBS_ESA_PAINGAME_bsp/\libucosii_bsp.a(alt_sbrk.o)
 .sdata         0x000000000001328c        0x4 C:/Users/rickert/Documents/GitHub/KBS_ESA_PAINGAME/KBS_ESA_PAINGAME_bsp/\libucosii_bsp.a(alt_env_lock.o)
 .sdata         0x0000000000013290        0x4 C:/Users/rickert/Documents/GitHub/KBS_ESA_PAINGAME/KBS_ESA_PAINGAME_bsp/\libucosii_bsp.a(alt_malloc_lock.o)
 .sdata         0x0000000000013294       0x74 C:/Users/rickert/Documents/GitHub/KBS_ESA_PAINGAME/KBS_ESA_PAINGAME_bsp/\libucosii_bsp.a(os_dbg.o)
                0x0000000000013294                OSDebugEn
                0x0000000000013298                OSEndiannessTest
                0x000000000001329c                OSEventEn
                0x000000000001329e                OSEventMax
                0x00000000000132a0                OSEventNameSize
                0x00000000000132a2                OSEventSize
                0x00000000000132a4                OSEventTblSize
                0x00000000000132a6                OSEventMultiEn
                0x00000000000132a8                OSFlagEn
                0x00000000000132aa                OSFlagGrpSize
                0x00000000000132ac                OSFlagNodeSize
                0x00000000000132ae                OSFlagWidth
                0x00000000000132b0                OSFlagMax
                0x00000000000132b2                OSFlagNameSize
                0x00000000000132b4                OSLowestPrio
                0x00000000000132b6                OSMboxEn
                0x00000000000132b8                OSMemEn
                0x00000000000132ba                OSMemMax
                0x00000000000132bc                OSMemNameSize
                0x00000000000132be                OSMemSize
                0x00000000000132c0                OSMemTblSize
                0x00000000000132c2                OSMutexEn
                0x00000000000132c4                OSPtrSize
                0x00000000000132c6                OSQEn
                0x00000000000132c8                OSQMax
                0x00000000000132ca                OSQSize
                0x00000000000132cc                OSRdyTblSize
                0x00000000000132ce                OSSemEn
                0x00000000000132d0                OSStkWidth
                0x00000000000132d2                OSTaskCreateEn
                0x00000000000132d4                OSTaskCreateExtEn
                0x00000000000132d6                OSTaskDelEn
                0x00000000000132d8                OSTaskIdleStkSize
                0x00000000000132da                OSTaskProfileEn
                0x00000000000132dc                OSTaskMax
                0x00000000000132de                OSTaskNameSize
                0x00000000000132e0                OSTaskStatEn
                0x00000000000132e2                OSTaskStatStkSize
                0x00000000000132e4                OSTaskStatStkChkEn
                0x00000000000132e6                OSTaskSwHookEn
                0x00000000000132e8                OSTCBPrioTblMax
                0x00000000000132ea                OSTCBSize
                0x00000000000132ec                OSTicksPerSec
                0x00000000000132ee                OSTimeTickHookEn
                0x00000000000132f0                OSVersionNbr
                0x00000000000132f2                OSTmrEn
                0x00000000000132f4                OSTmrCfgMax
                0x00000000000132f6                OSTmrCfgNameSize
                0x00000000000132f8                OSTmrCfgWheelSize
                0x00000000000132fa                OSTmrCfgTicksPerSec
                0x00000000000132fc                OSTmrSize
                0x00000000000132fe                OSTmrTblSize
                0x0000000000013300                OSTmrWheelSize
                0x0000000000013302                OSTmrWheelTblSize
                0x0000000000013304                OSDataSize
 .sdata         0x0000000000013308        0x4 C:/Users/rickert/Documents/GitHub/KBS_ESA_PAINGAME/KBS_ESA_PAINGAME_bsp/\libucosii_bsp.a(alt_irq_vars.o)
                0x0000000000013308                alt_priority_mask
 .sdata         0x000000000001330c        0x8 C:/Users/rickert/Documents/GitHub/KBS_ESA_PAINGAME/KBS_ESA_PAINGAME_bsp/\libucosii_bsp.a(alt_tick.o)
                0x000000000001330c                alt_alarm_list
 *(.sdata2 .sdata2.* .gnu.linkonce.s2.*)
                0x0000000000013314                . = ALIGN (0x4)
                0x0000000000013314                _edata = ABSOLUTE (.)
                0x0000000000013314                PROVIDE (edata, ABSOLUTE (.))
                0x0000000000013314                PROVIDE (__ram_rwdata_end, ABSOLUTE (.))
                0x0000000000013314                PROVIDE (__flash_rwdata_start, LOADADDR (.rwdata))

.bss            0x00000000000151cc     0xd43c
                0x00000000000151cc                __bss_start = ABSOLUTE (.)
                0x00000000000151cc                PROVIDE (__sbss_start, ABSOLUTE (.))
                0x00000000000151cc                PROVIDE (___sbss_start, ABSOLUTE (.))
 *(.dynsbss)
 *(.sbss .sbss.* .gnu.linkonce.sb.*)
 .sbss          0x00000000000151cc        0x4 obj/default/Contoller.o
                0x00000000000151cc                counter3
 .sbss          0x00000000000151d0       0x10 obj/default/Contoller.o
                0x00000000000151d0                controllerSem
                0x00000000000151d4                counter1
                0x00000000000151d8                Flags
                0x00000000000151dc                counter2
 .sbss          0x00000000000151e0       0x34 obj/default/Game.o
                0x00000000000151e0                balZwart
                0x00000000000151e4                pixel_buffer_y
                0x00000000000151e8                blue_y2
                0x00000000000151ec                pixel_buffer_x
                0x00000000000151f0                blue_x1
                0x00000000000151f4                blue_y1
                0x00000000000151f8                ALT_y
                0x00000000000151fc                ALT_inc_y
                0x0000000000015200                gameSem
                0x0000000000015204                ALT_x1
                0x0000000000015208                ALT_inc_x
                0x000000000001520c                ALT_x2
                0x0000000000015210                blue_x2
 .sbss          0x0000000000015214       0x14 obj/default/Menu.o
                0x0000000000015214                vorige
                0x0000000000015218                zwart
                0x000000000001521c                last
                0x0000000000015220                changed
                0x0000000000015224                menuSem
 .sbss          0x0000000000015228        0x4 obj/default/hello_ucosii.o
                0x0000000000015228                timeout
 .sbss.__malloc_max_total_mem
                0x000000000001522c        0x4 c:/altera_lite/15.1/nios2eds/bin/gnu/h-x86_64-mingw32/bin/../lib/gcc/nios2-elf/4.9.2/../../../../../H-x86_64-mingw32/nios2-elf/lib/mhw-mulx\libc.a(lib_a-mallocr.o)
                0x000000000001522c                __malloc_max_total_mem
 .sbss.__malloc_max_sbrked_mem
                0x0000000000015230        0x4 c:/altera_lite/15.1/nios2eds/bin/gnu/h-x86_64-mingw32/bin/../lib/gcc/nios2-elf/4.9.2/../../../../../H-x86_64-mingw32/nios2-elf/lib/mhw-mulx\libc.a(lib_a-mallocr.o)
                0x0000000000015230                __malloc_max_sbrked_mem
 .sbss.__malloc_top_pad
                0x0000000000015234        0x4 c:/altera_lite/15.1/nios2eds/bin/gnu/h-x86_64-mingw32/bin/../lib/gcc/nios2-elf/4.9.2/../../../../../H-x86_64-mingw32/nios2-elf/lib/mhw-mulx\libc.a(lib_a-mallocr.o)
                0x0000000000015234                __malloc_top_pad
 .sbss          0x0000000000015238        0x4 c:/altera_lite/15.1/nios2eds/bin/gnu/h-x86_64-mingw32/bin/../lib/gcc/nios2-elf/4.9.2/../../../../../H-x86_64-mingw32/nios2-elf/lib/mhw-mulx\libc.a(lib_a-int_errno.o)
                0x0000000000015238                errno
 .sbss          0x000000000001523c        0x4 C:/Users/rickert/Documents/GitHub/KBS_ESA_PAINGAME/KBS_ESA_PAINGAME_bsp/\libucosii_bsp.a(alt_dev.o)
                0x000000000001523c                alt_fd_list_lock
 .sbss          0x0000000000015240        0xc C:/Users/rickert/Documents/GitHub/KBS_ESA_PAINGAME/KBS_ESA_PAINGAME_bsp/\libucosii_bsp.a(alt_main.o)
                0x0000000000015240                alt_argc
                0x0000000000015244                alt_argv
                0x0000000000015248                alt_envp
 .sbss          0x000000000001524c        0x8 C:/Users/rickert/Documents/GitHub/KBS_ESA_PAINGAME/KBS_ESA_PAINGAME_bsp/\libucosii_bsp.a(alt_env_lock.o)
                0x0000000000015250                alt_envsem
 .sbss          0x0000000000015254        0x8 C:/Users/rickert/Documents/GitHub/KBS_ESA_PAINGAME/KBS_ESA_PAINGAME_bsp/\libucosii_bsp.a(alt_malloc_lock.o)
                0x0000000000015258                alt_heapsem
 .sbss          0x000000000001525c       0x50 C:/Users/rickert/Documents/GitHub/KBS_ESA_PAINGAME/KBS_ESA_PAINGAME_bsp/\libucosii_bsp.a(os_core.o)
                0x000000000001525c                OSLockNesting
                0x000000000001525d                OSRunning
                0x0000000000015260                OSIdleCtr
                0x0000000000015264                OSPrioHighRdy
                0x0000000000015265                OSPrioCur
                0x0000000000015268                OSTCBList
                0x000000000001526c                OSTickStepState
                0x0000000000015270                OSCtxSwCtr
                0x0000000000015274                OSIdleCtrMax
                0x0000000000015278                OSTCBFreeList
                0x000000000001527c                OSCPUUsage
                0x000000000001527d                OSTaskCtr
                0x0000000000015280                OSMemFreeList
                0x0000000000015284                OSTCBHighRdy
                0x0000000000015288                OSQFreeList
                0x000000000001528c                OSRdyGrp
                0x000000000001528d                OSRdyTbl
                0x0000000000015290                OSEventFreeList
                0x0000000000015294                OSIntNesting
                0x0000000000015298                OSTCBCur
                0x000000000001529c                OSTime
                0x00000000000152a0                OSFlagFreeList
                0x00000000000152a4                OSStatRdy
                0x00000000000152a8                OSIdleCtrRun
 .sbss          0x00000000000152ac        0x4 C:/Users/rickert/Documents/GitHub/KBS_ESA_PAINGAME/KBS_ESA_PAINGAME_bsp/\libucosii_bsp.a(alt_irq_vars.o)
                0x00000000000152ac                alt_irq_active
 .sbss          0x00000000000152b0        0x8 C:/Users/rickert/Documents/GitHub/KBS_ESA_PAINGAME/KBS_ESA_PAINGAME_bsp/\libucosii_bsp.a(alt_tick.o)
                0x00000000000152b0                _alt_tick_rate
                0x00000000000152b4                _alt_nticks
 .sbss          0x00000000000152b8        0x4 C:/Users/rickert/Documents/GitHub/KBS_ESA_PAINGAME/KBS_ESA_PAINGAME_bsp/\libucosii_bsp.a(alt_instruction_exception_entry.o)
                0x00000000000152b8                alt_instruction_exception_handler
 *(.sbss2 .sbss2.* .gnu.linkonce.sb2.*)
 *(.scommon)
                0x00000000000152bc                PROVIDE (__sbss_end, ABSOLUTE (.))
                0x00000000000152bc                PROVIDE (___sbss_end, ABSOLUTE (.))
 *(.dynbss)
 *(.bss .bss.* .gnu.linkonce.b.*)
 .bss           0x00000000000152bc        0x0 C:/Users/rickert/Documents/GitHub/KBS_ESA_PAINGAME/KBS_ESA_PAINGAME_bsp//obj/HAL/src/crt0.o
 .bss           0x00000000000152bc        0x0 obj/default/Contoller.o
 .bss           0x00000000000152bc        0x0 obj/default/Game.o
 .bss           0x00000000000152bc        0x0 obj/default/Menu.o
 .bss           0x00000000000152bc        0x0 obj/default/hello_ucosii.o
 .bss           0x00000000000152bc        0x0 c:/altera_lite/15.1/nios2eds/bin/gnu/h-x86_64-mingw32/bin/../lib/gcc/nios2-elf/4.9.2/../../../../../H-x86_64-mingw32/nios2-elf/lib/mhw-mulx\libc.a(lib_a-puts.o)
 .bss           0x00000000000152bc        0x0 c:/altera_lite/15.1/nios2eds/bin/gnu/h-x86_64-mingw32/bin/../lib/gcc/nios2-elf/4.9.2/../../../../../H-x86_64-mingw32/nios2-elf/lib/mhw-mulx\libc.a(lib_a-strlen.o)
 .bss           0x00000000000152bc        0x0 c:/altera_lite/15.1/nios2eds/bin/gnu/h-x86_64-mingw32/bin/../lib/gcc/nios2-elf/4.9.2/../../../../../H-x86_64-mingw32/nios2-elf/lib/mhw-mulx\libc.a(lib_a-fvwrite.o)
 .bss           0x00000000000152bc        0x0 c:/altera_lite/15.1/nios2eds/bin/gnu/h-x86_64-mingw32/bin/../lib/gcc/nios2-elf/4.9.2/../../../../../H-x86_64-mingw32/nios2-elf/lib/mhw-mulx\libc.a(lib_a-impure.o)
 .bss           0x00000000000152bc        0x0 c:/altera_lite/15.1/nios2eds/bin/gnu/h-x86_64-mingw32/bin/../lib/gcc/nios2-elf/4.9.2/../../../../../H-x86_64-mingw32/nios2-elf/lib/mhw-mulx\libc.a(lib_a-mallocr.o)
 .bss.__malloc_current_mallinfo
                0x00000000000152bc       0x28 c:/altera_lite/15.1/nios2eds/bin/gnu/h-x86_64-mingw32/bin/../lib/gcc/nios2-elf/4.9.2/../../../../../H-x86_64-mingw32/nios2-elf/lib/mhw-mulx\libc.a(lib_a-mallocr.o)
                0x00000000000152bc                __malloc_current_mallinfo
 .bss           0x00000000000152e4        0x0 c:/altera_lite/15.1/nios2eds/bin/gnu/h-x86_64-mingw32/bin/../lib/gcc/nios2-elf/4.9.2/../../../../../H-x86_64-mingw32/nios2-elf/lib/mhw-mulx\libc.a(lib_a-memchr.o)
 .bss           0x00000000000152e4        0x0 c:/altera_lite/15.1/nios2eds/bin/gnu/h-x86_64-mingw32/bin/../lib/gcc/nios2-elf/4.9.2/../../../../../H-x86_64-mingw32/nios2-elf/lib/mhw-mulx\libc.a(lib_a-memcpy.o)
 .bss           0x00000000000152e4        0x0 c:/altera_lite/15.1/nios2eds/bin/gnu/h-x86_64-mingw32/bin/../lib/gcc/nios2-elf/4.9.2/../../../../../H-x86_64-mingw32/nios2-elf/lib/mhw-mulx\libc.a(lib_a-memmove.o)
 .bss           0x00000000000152e4        0x0 c:/altera_lite/15.1/nios2eds/bin/gnu/h-x86_64-mingw32/bin/../lib/gcc/nios2-elf/4.9.2/../../../../../H-x86_64-mingw32/nios2-elf/lib/mhw-mulx\libc.a(lib_a-reallocr.o)
 .bss           0x00000000000152e4        0x0 c:/altera_lite/15.1/nios2eds/bin/gnu/h-x86_64-mingw32/bin/../lib/gcc/nios2-elf/4.9.2/../../../../../H-x86_64-mingw32/nios2-elf/lib/mhw-mulx\libc.a(lib_a-sbrkr.o)
 .bss           0x00000000000152e4        0x0 c:/altera_lite/15.1/nios2eds/bin/gnu/h-x86_64-mingw32/bin/../lib/gcc/nios2-elf/4.9.2/../../../../../H-x86_64-mingw32/nios2-elf/lib/mhw-mulx\libc.a(lib_a-wsetup.o)
 .bss           0x00000000000152e4        0x0 c:/altera_lite/15.1/nios2eds/bin/gnu/h-x86_64-mingw32/bin/../lib/gcc/nios2-elf/4.9.2/../../../../../H-x86_64-mingw32/nios2-elf/lib/mhw-mulx\libc.a(lib_a-fflush.o)
 .bss           0x00000000000152e4        0x0 c:/altera_lite/15.1/nios2eds/bin/gnu/h-x86_64-mingw32/bin/../lib/gcc/nios2-elf/4.9.2/../../../../../H-x86_64-mingw32/nios2-elf/lib/mhw-mulx\libc.a(lib_a-findfp.o)
 .bss           0x00000000000152e4        0x0 c:/altera_lite/15.1/nios2eds/bin/gnu/h-x86_64-mingw32/bin/../lib/gcc/nios2-elf/4.9.2/../../../../../H-x86_64-mingw32/nios2-elf/lib/mhw-mulx\libc.a(lib_a-freer.o)
 .bss           0x00000000000152e4        0x0 c:/altera_lite/15.1/nios2eds/bin/gnu/h-x86_64-mingw32/bin/../lib/gcc/nios2-elf/4.9.2/../../../../../H-x86_64-mingw32/nios2-elf/lib/mhw-mulx\libc.a(lib_a-fwalk.o)
 .bss           0x00000000000152e4        0x0 c:/altera_lite/15.1/nios2eds/bin/gnu/h-x86_64-mingw32/bin/../lib/gcc/nios2-elf/4.9.2/../../../../../H-x86_64-mingw32/nios2-elf/lib/mhw-mulx\libc.a(lib_a-int_errno.o)
 .bss           0x00000000000152e4        0x0 c:/altera_lite/15.1/nios2eds/bin/gnu/h-x86_64-mingw32/bin/../lib/gcc/nios2-elf/4.9.2/../../../../../H-x86_64-mingw32/nios2-elf/lib/mhw-mulx\libc.a(lib_a-makebuf.o)
 .bss           0x00000000000152e4        0x0 c:/altera_lite/15.1/nios2eds/bin/gnu/h-x86_64-mingw32/bin/../lib/gcc/nios2-elf/4.9.2/../../../../../H-x86_64-mingw32/nios2-elf/lib/mhw-mulx\libc.a(lib_a-memset.o)
 .bss           0x00000000000152e4        0x0 c:/altera_lite/15.1/nios2eds/bin/gnu/h-x86_64-mingw32/bin/../lib/gcc/nios2-elf/4.9.2/../../../../../H-x86_64-mingw32/nios2-elf/lib/mhw-mulx\libc.a(lib_a-stdio.o)
 .bss           0x00000000000152e4        0x0 c:/altera_lite/15.1/nios2eds/bin/gnu/h-x86_64-mingw32/bin/../lib/gcc/nios2-elf/4.9.2/../../../../../H-x86_64-mingw32/nios2-elf/lib/mhw-mulx\libc.a(lib_a-writer.o)
 .bss           0x00000000000152e4        0x0 c:/altera_lite/15.1/nios2eds/bin/gnu/h-x86_64-mingw32/bin/../lib/gcc/nios2-elf/4.9.2/../../../../../H-x86_64-mingw32/nios2-elf/lib/mhw-mulx\libc.a(closer.o)
 .bss           0x00000000000152e4        0x0 c:/altera_lite/15.1/nios2eds/bin/gnu/h-x86_64-mingw32/bin/../lib/gcc/nios2-elf/4.9.2/../../../../../H-x86_64-mingw32/nios2-elf/lib/mhw-mulx\libc.a(lib_a-fclose.o)
 .bss           0x00000000000152e4        0x0 c:/altera_lite/15.1/nios2eds/bin/gnu/h-x86_64-mingw32/bin/../lib/gcc/nios2-elf/4.9.2/../../../../../H-x86_64-mingw32/nios2-elf/lib/mhw-mulx\libc.a(lib_a-fstatr.o)
 .bss           0x00000000000152e4        0x0 c:/altera_lite/15.1/nios2eds/bin/gnu/h-x86_64-mingw32/bin/../lib/gcc/nios2-elf/4.9.2/../../../../../H-x86_64-mingw32/nios2-elf/lib/mhw-mulx\libc.a(lib_a-isattyr.o)