Archive member included to satisfy reference by file (symbol)

c:/altera_lite/15.1/nios2eds/bin/gnu/h-x86_64-mingw32/bin/../lib/gcc/nios2-elf/4.9.2/../../../../../H-x86_64-mingw32/nios2-elf/lib/mhw-mulx\libc.a(lib_a-puts.o)
                              obj/default/Game.o (puts)
c:/altera_lite/15.1/nios2eds/bin/gnu/h-x86_64-mingw32/bin/../lib/gcc/nios2-elf/4.9.2/../../../../../H-x86_64-mingw32/nios2-elf/lib/mhw-mulx\libc.a(lib_a-strlen.o)
                              c:/altera_lite/15.1/nios2eds/bin/gnu/h-x86_64-mingw32/bin/../lib/gcc/nios2-elf/4.9.2/../../../../../H-x86_64-mingw32/nios2-elf/lib/mhw-mulx\libc.a(lib_a-puts.o) (strlen)
c:/altera_lite/15.1/nios2eds/bin/gnu/h-x86_64-mingw32/bin/../lib/gcc/nios2-elf/4.9.2/../../../../../H-x86_64-mingw32/nios2-elf/lib/mhw-mulx\libc.a(lib_a-fvwrite.o)
                              c:/altera_lite/15.1/nios2eds/bin/gnu/h-x86_64-mingw32/bin/../lib/gcc/nios2-elf/4.9.2/../../../../../H-x86_64-mingw32/nios2-elf/lib/mhw-mulx\libc.a(lib_a-puts.o) (__sfvwrite_r)
c:/altera_lite/15.1/nios2eds/bin/gnu/h-x86_64-mingw32/bin/../lib/gcc/nios2-elf/4.9.2/../../../../../H-x86_64-mingw32/nios2-elf/lib/mhw-mulx\libc.a(lib_a-impure.o)
                              c:/altera_lite/15.1/nios2eds/bin/gnu/h-x86_64-mingw32/bin/../lib/gcc/nios2-elf/4.9.2/../../../../../H-x86_64-mingw32/nios2-elf/lib/mhw-mulx\libc.a(lib_a-puts.o) (_impure_ptr)
c:/altera_lite/15.1/nios2eds/bin/gnu/h-x86_64-mingw32/bin/../lib/gcc/nios2-elf/4.9.2/../../../../../H-x86_64-mingw32/nios2-elf/lib/mhw-mulx\libc.a(lib_a-mallocr.o)
                              c:/altera_lite/15.1/nios2eds/bin/gnu/h-x86_64-mingw32/bin/../lib/gcc/nios2-elf/4.9.2/../../../../../H-x86_64-mingw32/nios2-elf/lib/mhw-mulx\libc.a(lib_a-fvwrite.o) (_malloc_r)
c:/altera_lite/15.1/nios2eds/bin/gnu/h-x86_64-mingw32/bin/../lib/gcc/nios2-elf/4.9.2/../../../../../H-x86_64-mingw32/nios2-elf/lib/mhw-mulx\libc.a(lib_a-memchr.o)
                              c:/altera_lite/15.1/nios2eds/bin/gnu/h-x86_64-mingw32/bin/../lib/gcc/nios2-elf/4.9.2/../../../../../H-x86_64-mingw32/nios2-elf/lib/mhw-mulx\libc.a(lib_a-fvwrite.o) (memchr)
c:/altera_lite/15.1/nios2eds/bin/gnu/h-x86_64-mingw32/bin/../lib/gcc/nios2-elf/4.9.2/../../../../../H-x86_64-mingw32/nios2-elf/lib/mhw-mulx\libc.a(lib_a-memcpy.o)
                              c:/altera_lite/15.1/nios2eds/bin/gnu/h-x86_64-mingw32/bin/../lib/gcc/nios2-elf/4.9.2/../../../../../H-x86_64-mingw32/nios2-elf/lib/mhw-mulx\libc.a(lib_a-fvwrite.o) (memcpy)
c:/altera_lite/15.1/nios2eds/bin/gnu/h-x86_64-mingw32/bin/../lib/gcc/nios2-elf/4.9.2/../../../../../H-x86_64-mingw32/nios2-elf/lib/mhw-mulx\libc.a(lib_a-memmove.o)
                              c:/altera_lite/15.1/nios2eds/bin/gnu/h-x86_64-mingw32/bin/../lib/gcc/nios2-elf/4.9.2/../../../../../H-x86_64-mingw32/nios2-elf/lib/mhw-mulx\libc.a(lib_a-fvwrite.o) (memmove)
c:/altera_lite/15.1/nios2eds/bin/gnu/h-x86_64-mingw32/bin/../lib/gcc/nios2-elf/4.9.2/../../../../../H-x86_64-mingw32/nios2-elf/lib/mhw-mulx\libc.a(lib_a-reallocr.o)
                              c:/altera_lite/15.1/nios2eds/bin/gnu/h-x86_64-mingw32/bin/../lib/gcc/nios2-elf/4.9.2/../../../../../H-x86_64-mingw32/nios2-elf/lib/mhw-mulx\libc.a(lib_a-fvwrite.o) (_realloc_r)
c:/altera_lite/15.1/nios2eds/bin/gnu/h-x86_64-mingw32/bin/../lib/gcc/nios2-elf/4.9.2/../../../../../H-x86_64-mingw32/nios2-elf/lib/mhw-mulx\libc.a(lib_a-sbrkr.o)
                              c:/altera_lite/15.1/nios2eds/bin/gnu/h-x86_64-mingw32/bin/../lib/gcc/nios2-elf/4.9.2/../../../../../H-x86_64-mingw32/nios2-elf/lib/mhw-mulx\libc.a(lib_a-mallocr.o) (_sbrk_r)
c:/altera_lite/15.1/nios2eds/bin/gnu/h-x86_64-mingw32/bin/../lib/gcc/nios2-elf/4.9.2/../../../../../H-x86_64-mingw32/nios2-elf/lib/mhw-mulx\libc.a(lib_a-wsetup.o)
                              c:/altera_lite/15.1/nios2eds/bin/gnu/h-x86_64-mingw32/bin/../lib/gcc/nios2-elf/4.9.2/../../../../../H-x86_64-mingw32/nios2-elf/lib/mhw-mulx\libc.a(lib_a-fvwrite.o) (__swsetup_r)
c:/altera_lite/15.1/nios2eds/bin/gnu/h-x86_64-mingw32/bin/../lib/gcc/nios2-elf/4.9.2/../../../../../H-x86_64-mingw32/nios2-elf/lib/mhw-mulx\libc.a(lib_a-fflush.o)
                              c:/altera_lite/15.1/nios2eds/bin/gnu/h-x86_64-mingw32/bin/../lib/gcc/nios2-elf/4.9.2/../../../../../H-x86_64-mingw32/nios2-elf/lib/mhw-mulx\libc.a(lib_a-fvwrite.o) (_fflush_r)
c:/altera_lite/15.1/nios2eds/bin/gnu/h-x86_64-mingw32/bin/../lib/gcc/nios2-elf/4.9.2/../../../../../H-x86_64-mingw32/nios2-elf/lib/mhw-mulx\libc.a(lib_a-findfp.o)
                              c:/altera_lite/15.1/nios2eds/bin/gnu/h-x86_64-mingw32/bin/../lib/gcc/nios2-elf/4.9.2/../../../../../H-x86_64-mingw32/nios2-elf/lib/mhw-mulx\libc.a(lib_a-wsetup.o) (__sinit)
c:/altera_lite/15.1/nios2eds/bin/gnu/h-x86_64-mingw32/bin/../lib/gcc/nios2-elf/4.9.2/../../../../../H-x86_64-mingw32/nios2-elf/lib/mhw-mulx\libc.a(lib_a-freer.o)
[...]
Memory Configuration

Name             Origin             Length             Attributes
reset            0x0000000000000000 0x0000000000000020
SDRAM            0x0000000000000020 0x0000000003ffffe0
Flash_flash_data 0x000000000c000000 0x0000000000800000
*default*        0x0000000000000000 0xffffffffffffffff

Linker script and memory map

LOAD C:/Users/rickert/Documents/GitHub/KBS_ESA_PAINGAME/KBS_ESA_PAINGAME_bsp//obj/HAL/src/crt0.o
LOAD obj/default/Contoller.o
LOAD obj/default/Game.o
LOAD obj/default/Menu.o
LOAD obj/default/Singleplayer.o
LOAD obj/default/Tutorial.o
LOAD obj/default/hello_ucosii.o
LOAD c:/altera_lite/15.1/nios2eds/bin/gnu/h-x86_64-mingw32/bin/../lib/gcc/nios2-elf/4.9.2/../../../../../H-x86_64-mingw32/nios2-elf/lib/mhw-mulx\libstdc++.a
LOAD c:/altera_lite/15.1/nios2eds/bin/gnu/h-x86_64-mingw32/bin/../lib/gcc/nios2-elf/4.9.2/../../../../../H-x86_64-mingw32/nios2-elf/lib/mhw-mulx\libm.a
LOAD c:/altera_lite/15.1/nios2eds/bin/gnu/h-x86_64-mingw32/bin/../lib/gcc/nios2-elf/4.9.2/mhw-mulx\libgcc.a
START GROUP
LOAD c:/altera_lite/15.1/nios2eds/bin/gnu/h-x86_64-mingw32/bin/../lib/gcc/nios2-elf/4.9.2/../../../../../H-x86_64-mingw32/nios2-elf/lib/mhw-mulx\libc.a
LOAD c:/altera_lite/15.1/nios2eds/bin/gnu/h-x86_64-mingw32/bin/../lib/gcc/nios2-elf/4.9.2/mhw-mulx\libgcc.a
LOAD C:/Users/rickert/Documents/GitHub/KBS_ESA_PAINGAME/KBS_ESA_PAINGAME_bsp/\libucosii_bsp.a
LOAD c:/altera_lite/15.1/nios2eds/bin/gnu/h-x86_64-mingw32/bin/../lib/gcc/nios2-elf/4.9.2/../../../../../H-x86_64-mingw32/nios2-elf/lib/mhw-mulx\libm.a
END GROUP
LOAD c:/altera_lite/15.1/nios2eds/bin/gnu/h-x86_64-mingw32/bin/../lib/gcc/nios2-elf/4.9.2/mhw-mulx\libgcc.a
                0x0000000000000000                __alt_mem_SDRAM = 0x0
                0x000000000c000000                __alt_mem_Flash_flash_data = 0xc000000

.entry          0x0000000000000000       0x20
 *(.entry)
 .entry         0x0000000000000000       0x20 C:/Users/rickert/Documents/GitHub/KBS_ESA_PAINGAME/KBS_ESA_PAINGAME_bsp//obj/HAL/src/crt0.o
                0x0000000000000000                __reset

.exceptions     0x0000000000000020      0x224
                0x0000000000000020                PROVIDE (__ram_exceptions_start, ABSOLUTE (.))
                0x0000000000000020                . = ALIGN (0x20)
 *(.irq)
 *(.exceptions.entry.label)
 .exceptions.entry.label
                0x0000000000000020        0x0 C:/Users/rickert/Documents/GitHub/KBS_ESA_PAINGAME/KBS_ESA_PAINGAME_bsp/\libucosii_bsp.a(alt_irq_entry.o)
                0x0000000000000020                alt_irq_entry
 .exceptions.entry.label
                0x0000000000000020        0x0 C:/Users/rickert/Documents/GitHub/KBS_ESA_PAINGAME/KBS_ESA_PAINGAME_bsp/\libucosii_bsp.a(alt_exception_entry.o)
                0x0000000000000020                alt_exception
 *(.exceptions.entry.user)
 *(.exceptions.entry.ecc_fatal)
 *(.exceptions.entry)
 .exceptions.entry
                0x0000000000000020       0x54 C:/Users/rickert/Documents/GitHub/KBS_ESA_PAINGAME/KBS_ESA_PAINGAME_bsp/\libucosii_bsp.a(alt_exception_entry.o)
 *(.exceptions.irqtest.user)
 *(.exceptions.irqtest)
 .exceptions.irqtest
                0x0000000000000074       0x10 C:/Users/rickert/Documents/GitHub/KBS_ESA_PAINGAME/KBS_ESA_PAINGAME_bsp/\libucosii_bsp.a(alt_irq_entry.o)
 *(.exceptions.irqhandler.user)
 *(.exceptions.irqhandler)
 .exceptions.irqhandler
                0x0000000000000084        0x4 C:/Users/rickert/Documents/GitHub/KBS_ESA_PAINGAME/KBS_ESA_PAINGAME_bsp/\libucosii_bsp.a(alt_irq_entry.o)
 *(.exceptions.irqreturn.user)
 *(.exceptions.irqreturn)
 .exceptions.irqreturn
                0x0000000000000088        0x4 C:/Users/rickert/Documents/GitHub/KBS_ESA_PAINGAME/KBS_ESA_PAINGAME_bsp/\libucosii_bsp.a(alt_irq_entry.o)
 *(.exceptions.notirq.label)
 .exceptions.notirq.label
                0x000000000000008c        0x0 C:/Users/rickert/Documents/GitHub/KBS_ESA_PAINGAME/KBS_ESA_PAINGAME_bsp/\libucosii_bsp.a(alt_irq_entry.o)
 *(.exceptions.notirq.user)
 *(.exceptions.notirq)
 .exceptions.notirq
                0x000000000000008c        0x8 C:/Users/rickert/Documents/GitHub/KBS_ESA_PAINGAME/KBS_ESA_PAINGAME_bsp/\libucosii_bsp.a(alt_exception_entry.o)
 *(.exceptions.soft.user)
 *(.exceptions.soft)
 *(.exceptions.unknown.user)
 *(.exceptions.unknown)
 .exceptions.unknown
                0x0000000000000094       0x14 C:/Users/rickert/Documents/GitHub/KBS_ESA_PAINGAME/KBS_ESA_PAINGAME_bsp/\libucosii_bsp.a(alt_exception_entry.o)
 *(.exceptions.exit.label)
 .exceptions.exit.label
                0x00000000000000a8        0x0 C:/Users/rickert/Documents/GitHub/KBS_ESA_PAINGAME/KBS_ESA_PAINGAME_bsp/\libucosii_bsp.a(alt_irq_entry.o)
 .exceptions.exit.label
                0x00000000000000a8        0x0 C:/Users/rickert/Documents/GitHub/KBS_ESA_PAINGAME/KBS_ESA_PAINGAME_bsp/\libucosii_bsp.a(alt_exception_entry.o)
 *(.exceptions.exit.user)
 *(.exceptions.exit)
 .exceptions.exit
                0x00000000000000a8       0x54 C:/Users/rickert/Documents/GitHub/KBS_ESA_PAINGAME/KBS_ESA_PAINGAME_bsp/\libucosii_bsp.a(alt_exception_entry.o)
 *(.exceptions)
 .exceptions    0x00000000000000fc       0xd4 C:/Users/rickert/Documents/GitHub/KBS_ESA_PAINGAME/KBS_ESA_PAINGAME_bsp/\libucosii_bsp.a(alt_irq_handler.o)
                0x00000000000000fc                alt_irq_handler
 .exceptions    0x00000000000001d0       0x74 C:/Users/rickert/Documents/GitHub/KBS_ESA_PAINGAME/KBS_ESA_PAINGAME_bsp/\libucosii_bsp.a(alt_instruction_exception_entry.o)
                0x00000000000001d0                alt_instruction_exception_entry
                0x0000000000000244                PROVIDE (__ram_exceptions_end, ABSOLUTE (.))
                0x0000000000000020                PROVIDE (__flash_exceptions_start, LOADADDR (.exceptions))

.text           0x0000000000000244    0x12ba4
                0x0000000000000244                PROVIDE (stext, ABSOLUTE (.))
 *(.interp)
 *(.hash)
 *(.dynsym)
 *(.dynstr)
 *(.gnu.version)
 *(.gnu.version_d)
 *(.gnu.version_r)
 *(.rel.init)
 *(.rela.init)
 *(.rel.text .rel.text.* .rel.gnu.linkonce.t.*)
 *(.rela.text .rela.text.* .rela.gnu.linkonce.t.*)
 *(.rel.fini)
 *(.rela.fini)
 *(.rel.rodata .rel.rodata.* .rel.gnu.linkonce.r.*)
 *(.rela.rodata .rela.rodata.* .rela.gnu.linkonce.r.*)
 *(.rel.data .rel.data.* .rel.gnu.linkonce.d.*)
 *(.rela.data .rela.data.* .rela.gnu.linkonce.d.*)
 *(.rel.tdata .rel.tdata.* .rel.gnu.linkonce.td.*)
 *(.rela.tdata .rela.tdata.* .rela.gnu.linkonce.td.*)
 *(.rel.tbss .rel.tbss.* .rel.gnu.linkonce.tb.*)
 *(.rela.tbss .rela.tbss.* .rela.gnu.linkonce.tb.*)
 *(.rel.ctors)
 *(.rela.ctors)
 *(.rel.dtors)
 *(.rela.dtors)
 *(.rel.got)
 *(.rela.got)
 *(.rel.sdata .rel.sdata.* .rel.gnu.linkonce.s.*)
 *(.rela.sdata .rela.sdata.* .rela.gnu.linkonce.s.*)
 *(.rel.sbss .rel.sbss.* .rel.gnu.linkonce.sb.*)
 *(.rela.sbss .rela.sbss.* .rela.gnu.linkonce.sb.*)
 *(.rel.sdata2 .rel.sdata2.* .rel.gnu.linkonce.s2.*)
 *(.rela.sdata2 .rela.sdata2.* .rela.gnu.linkonce.s2.*)
 *(.rel.sbss2 .rel.sbss2.* .rel.gnu.linkonce.sb2.*)
 *(.rela.sbss2 .rela.sbss2.* .rela.gnu.linkonce.sb2.*)
 *(.rel.bss .rel.bss.* .rel.gnu.linkonce.b.*)
 *(.rela.bss .rela.bss.* .rela.gnu.linkonce.b.*)
 *(.rel.plt)
 *(.rela.plt)
 *(.rel.dyn)
 *(.init)
 *(.plt)
 *(.text .stub .text.* .gnu.linkonce.t.*)
 .text          0x0000000000000244       0x3c C:/Users/rickert/Documents/GitHub/KBS_ESA_PAINGAME/KBS_ESA_PAINGAME_bsp//obj/HAL/src/crt0.o
                0x0000000000000244                _start
 .text          0x0000000000000280      0x4cc obj/default/Contoller.o
                0x0000000000000280                controllers
                0x000000000000035c                controller
                0x00000000000004fc                checkID
                0x0000000000000548                moveUp
                0x0000000000000648                moveDown
 .text          0x000000000000074c     0x1510 obj/default/Game.o
                0x000000000000074c                Game
                0x0000000000000bbc                gescoord
                0x0000000000000de0                endGame
                0x0000000000000f3c                endSingleplayer
                0x0000000000001054                Singleplayer
                0x0000000000001be8                exec
 .text          0x0000000000001c5c      0x724 obj/default/Menu.o
                0x0000000000001c5c                menu
                0x0000000000001d48                selecteerMenu
                0x00000000000020c8                clearScreen
                0x0000000000002108                clearText
                0x00000000000021a8                tekenBox
                0x0000000000002200                tekenBox2
                0x0000000000002288                teken_menu
 .text          0x0000000000002380        0x0 obj/default/Singleplayer.o
 .text          0x0000000000002380        0x0 obj/default/Tutorial.o
 .text          0x0000000000002380      0xb4c obj/default/hello_ucosii.o
                0x0000000000002380                main
                0x0000000000002564                VGA_box
                0x0000000000002618                VGA_text
                0x00000000000026a8                draw_middenlijn
                0x0000000000002710                del_middenlijn
                0x000000000000274c                del_number
                0x00000000000027bc                deleteNummer
                0x00000000000027f8                draw_number
                0x0000000000002e6c                checkIDScore
 .text          0x0000000000002ecc        0x0 c:/altera_lite/15.1/nios2eds/bin/gnu/h-x86_64-mingw32/bin/../lib/gcc/nios2-elf/4.9.2/../../../../../H-x86_64-mingw32/nios2-elf/lib/mhw-mulx\libc.a(lib_a-puts.o)
 .text._puts_r  0x0000000000002ecc       0xa8 c:/altera_lite/15.1/nios2eds/bin/gnu/h-x86_64-mingw32/bin/../lib/gcc/nios2-elf/4.9.2/../../../../../H-x86_64-mingw32/nios2-elf/lib/mhw-mulx\libc.a(lib_a-puts.o)
                0x0000000000002ecc                _puts_r
 .text.puts     0x0000000000002f74       0x14 c:/altera_lite/15.1/nios2eds/bin/gnu/h-x86_64-mingw32/bin/../lib/gcc/nios2-elf/4.9.2/../../../../../H-x86_64-mingw32/nios2-elf/lib/mhw-mulx\libc.a(lib_a-puts.o)
                0x0000000000002f74                puts
 .text          0x0000000000002f88        0x0 c:/altera_lite/15.1/nios2eds/bin/gnu/h-x86_64-mingw32/bin/../lib/gcc/nios2-elf/4.9.2/../../../../../H-x86_64-mingw32/nios2-elf/lib/mhw-mulx\libc.a(lib_a-strlen.o)
 .text.strlen   0x0000000000002f88       0x98 c:/altera_lite/15.1/nios2eds/bin/gnu/h-x86_64-mingw32/bin/../lib/gcc/nios2-elf/4.9.2/../../../../../H-x86_64-mingw32/nios2-elf/lib/mhw-mulx\libc.a(lib_a-strlen.o)
                0x0000000000002f88                strlen
 .text          0x0000000000003020        0x0 c:/altera_lite/15.1/nios2eds/bin/gnu/h-x86_64-mingw32/bin/../lib/gcc/nios2-elf/4.9.2/../../../../../H-x86_64-mingw32/nios2-elf/lib/mhw-mulx\libc.a(lib_a-fvwrite.o)
 .text.__sfvwrite_r
                0x0000000000003020      0x4c0 c:/altera_lite/15.1/nios2eds/bin/gnu/h-x86_64-mingw32/bin/../lib/gcc/nios2-elf/4.9.2/../../../../../H-x86_64-mingw32/nios2-elf/lib/mhw-mulx\libc.a(lib_a-fvwrite.o)
                0x0000000000003020                __sfvwrite_r
 .text          0x00000000000034e0        0x0 c:/altera_lite/15.1/nios2eds/bin/gnu/h-x86_64-mingw32/bin/../lib/gcc/nios2-elf/4.9.2/../../../../../H-x86_64-mingw32/nios2-elf/lib/mhw-mulx\libc.a(lib_a-impure.o)
 .text          0x00000000000034e0        0x0 c:/altera_lite/15.1/nios2eds/bin/gnu/h-x86_64-mingw32/bin/../lib/gcc/nios2-elf/4.9.2/../../../../../H-x86_64-mingw32/nios2-elf/lib/mhw-mulx\libc.a(lib_a-mallocr.o)
 .text._malloc_r
                0x00000000000034e0      0x7a8 c:/altera_lite/15.1/nios2eds/bin/gnu/h-x86_64-mingw32/bin/../lib/gcc/nios2-elf/4.9.2/../../../../../H-x86_64-mingw32/nios2-elf/lib/mhw-mulx\libc.a(lib_a-mallocr.o)
                0x00000000000034e0                _malloc_r
 .text          0x0000000000003c88        0x0 c:/altera_lite/15.1/nios2eds/bin/gnu/h-x86_64-mingw32/bin/../lib/gcc/nios2-elf/4.9.2/../../../../../H-x86_64-mingw32/nios2-elf/lib/mhw-mulx\libc.a(lib_a-memchr.o)
 .text.memchr   0x0000000000003c88       0xe8 c:/altera_lite/15.1/nios2eds/bin/gnu/h-x86_64-mingw32/bin/../lib/gcc/nios2-elf/4.9.2/../../../../../H-x86_64-mingw32/nios2-elf/lib/mhw-mulx\libc.a(lib_a-memchr.o)
                0x0000000000003c88                memchr
 .text          0x0000000000003d70        0x0 c:/altera_lite/15.1/nios2eds/bin/gnu/h-x86_64-mingw32/bin/../lib/gcc/nios2-elf/4.9.2/../../../../../H-x86_64-mingw32/nios2-elf/lib/mhw-mulx\libc.a(lib_a-memcpy.o)
 .text.memcpy   0x0000000000003d70      0x138 c:/altera_lite/15.1/nios2eds/bin/gnu/h-x86_64-mingw32/bin/../lib/gcc/nios2-elf/4.9.2/../../../../../H-x86_64-mingw32/nios2-elf/lib/mhw-mulx\libc.a(lib_a-memcpy.o)
                0x0000000000003d70                memcpy
 .text          0x0000000000003ea8        0x0 c:/altera_lite/15.1/nios2eds/bin/gnu/h-x86_64-mingw32/bin/../lib/gcc/nios2-elf/4.9.2/../../../../../H-x86_64-mingw32/nios2-elf/lib/mhw-mulx\libc.a(lib_a-memmove.o)
 .text.memmove  0x0000000000003ea8      0x15c c:/altera_lite/15.1/nios2eds/bin/gnu/h-x86_64-mingw32/bin/../lib/gcc/nios2-elf/4.9.2/../../../../../H-x86_64-mingw32/nios2-elf/lib/mhw-mulx\libc.a(lib_a-memmove.o)
                0x0000000000003ea8                memmove
 .text          0x0000000000004004        0x0 c:/altera_lite/15.1/nios2eds/bin/gnu/h-x86_64-mingw32/bin/../lib/gcc/nios2-elf/4.9.2/../../../../../H-x86_64-mingw32/nios2-elf/lib/mhw-mulx\libc.a(lib_a-reallocr.o)
 .text._realloc_r
                0x0000000000004004      0x568 c:/altera_lite/15.1/nios2eds/bin/gnu/h-x86_64-mingw32/bin/../lib/gcc/nios2-elf/4.9.2/../../../../../H-x86_64-mingw32/nios2-elf/lib/mhw-mulx\libc.a(lib_a-reallocr.o)
                0x0000000000004004                _realloc_r
 .text          0x000000000000456c        0x0 c:/altera_lite/15.1/nios2eds/bin/gnu/h-x86_64-mingw32/bin/../lib/gcc/nios2-elf/4.9.2/../../../../../H-x86_64-mingw32/nios2-elf/lib/mhw-mulx\libc.a(lib_a-sbrkr.o)
 .text._sbrk_r  0x000000000000456c       0x54 c:/altera_lite/15.1/nios2eds/bin/gnu/h-x86_64-mingw32/bin/../lib/gcc/nios2-elf/4.9.2/../../../../../H-x86_64-mingw32/nios2-elf/lib/mhw-mulx\libc.a(lib_a-sbrkr.o)
                0x000000000000456c                _sbrk_r
 .text          0x00000000000045c0        0x0 c:/altera_lite/15.1/nios2eds/bin/gnu/h-x86_64-mingw32/bin/../lib/gcc/nios2-elf/4.9.2/../../../../../H-x86_64-mingw32/nios2-elf/lib/mhw-mulx\libc.a(lib_a-wsetup.o)
 .text.__swsetup_r
                0x00000000000045c0      0x154 c:/altera_lite/15.1/nios2eds/bin/gnu/h-x86_64-mingw32/bin/../lib/gcc/nios2-elf/4.9.2/../../../../../H-x86_64-mingw32/nios2-elf/lib/mhw-mulx\libc.a(lib_a-wsetup.o)
                0x00000000000045c0                __swsetup_r
 .text          0x0000000000004714        0x0 c:/altera_lite/15.1/nios2eds/bin/gnu/h-x86_64-mingw32/bin/../lib/gcc/nios2-elf/4.9.2/../../../../../H-x86_64-mingw32/nios2-elf/lib/mhw-mulx\libc.a(lib_a-fflush.o)
 .text.__sflush_r
                0x0000000000004714      0x208 c:/altera_lite/15.1/nios2eds/bin/gnu/h-x86_64-mingw32/bin/../lib/gcc/nios2-elf/4.9.2/../../../../../H-x86_64-mingw32/nios2-elf/lib/mhw-mulx\libc.a(lib_a-fflush.o)
                0x0000000000004714                __sflush_r
 .text._fflush_r
                0x000000000000491c       0x5c c:/altera_lite/15.1/nios2eds/bin/gnu/h-x86_64-mingw32/bin/../lib/gcc/nios2-elf/4.9.2/../../../../../H-x86_64-mingw32/nios2-elf/lib/mhw-mulx\libc.a(lib_a-fflush.o)
                0x000000000000491c                _fflush_r
 .text.fflush   0x0000000000004978       0x30 c:/altera_lite/15.1/nios2eds/bin/gnu/h-x86_64-mingw32/bin/../lib/gcc/nios2-elf/4.9.2/../../../../../H-x86_64-mingw32/nios2-elf/lib/mhw-mulx\libc.a(lib_a-fflush.o)
                0x0000000000004978                fflush
 .text          0x00000000000049a8        0x0 c:/altera_lite/15.1/nios2eds/bin/gnu/h-x86_64-mingw32/bin/../lib/gcc/nios2-elf/4.9.2/../../../../../H-x86_64-mingw32/nios2-elf/lib/mhw-mulx\libc.a(lib_a-findfp.o)
 .text.__fp_lock
                0x00000000000049a8        0x8 c:/altera_lite/15.1/nios2eds/bin/gnu/h-x86_64-mingw32/bin/../lib/gcc/nios2-elf/4.9.2/../../../../../H-x86_64-mingw32/nios2-elf/lib/mhw-mulx\libc.a(lib_a-findfp.o)
 .text.__fp_unlock
                0x00000000000049b0        0x8 c:/altera_lite/15.1/nios2eds/bin/gnu/h-x86_64-mingw32/bin/../lib/gcc/nios2-elf/4.9.2/../../../../../H-x86_64-mingw32/nios2-elf/lib/mhw-mulx\libc.a(lib_a-findfp.o)
 .text._cleanup_r
                0x00000000000049b8        0xc c:/altera_lite/15.1/nios2eds/bin/gnu/h-x86_64-mingw32/bin/../lib/gcc/nios2-elf/4.9.2/../../../../../H-x86_64-mingw32/nios2-elf/lib/mhw-mulx\libc.a(lib_a-findfp.o)
                0x00000000000049b8                _cleanup_r
 .text.__sinit.part.1
                0x00000000000049c4      0x19c c:/altera_lite/15.1/nios2eds/bin/gnu/h-x86_64-mingw32/bin/../lib/gcc/nios2-elf/4.9.2/../../../../../H-x86_64-mingw32/nios2-elf/lib/mhw-mulx\libc.a(lib_a-findfp.o)
 .text.__sfmoreglue
                0x0000000000004b60       0x68 c:/altera_lite/15.1/nios2eds/bin/gnu/h-x86_64-mingw32/bin/../lib/gcc/nios2-elf/4.9.2/../../../../../H-x86_64-mingw32/nios2-elf/lib/mhw-mulx\libc.a(lib_a-findfp.o)
                0x0000000000004b60                __sfmoreglue
 .text.__sfp    0x0000000000004bc8      0x118 c:/altera_lite/15.1/nios2eds/bin/gnu/h-x86_64-mingw32/bin/../lib/gcc/nios2-elf/4.9.2/../../../../../H-x86_64-mingw32/nios2-elf/lib/mhw-mulx\libc.a(lib_a-findfp.o)
                0x0000000000004bc8                __sfp
 .text._cleanup
                0x0000000000004ce0       0x18 c:/altera_lite/15.1/nios2eds/bin/gnu/h-x86_64-mingw32/bin/../lib/gcc/nios2-elf/4.9.2/../../../../../H-x86_64-mingw32/nios2-elf/lib/mhw-mulx\libc.a(lib_a-findfp.o)
                0x0000000000004ce0                _cleanup
 .text.__sinit  0x0000000000004cf8       0x10 c:/altera_lite/15.1/nios2eds/bin/gnu/h-x86_64-mingw32/bin/../lib/gcc/nios2-elf/4.9.2/../../../../../H-x86_64-mingw32/nios2-elf/lib/mhw-mulx\libc.a(lib_a-findfp.o)
                0x0000000000004cf8                __sinit
 .text.__sfp_lock_acquire
                0x0000000000004d08        0x4 c:/altera_lite/15.1/nios2eds/bin/gnu/h-x86_64-mingw32/bin/../lib/gcc/nios2-elf/4.9.2/../../../../../H-x86_64-mingw32/nios2-elf/lib/mhw-mulx\libc.a(lib_a-findfp.o)
                0x0000000000004d08                __sfp_lock_acquire
 .text.__sfp_lock_release
                0x0000000000004d0c        0x4 c:/altera_lite/15.1/nios2eds/bin/gnu/h-x86_64-mingw32/bin/../lib/gcc/nios2-elf/4.9.2/../../../../../H-x86_64-mingw32/nios2-elf/lib/mhw-mulx\libc.a(lib_a-findfp.o)
                0x0000000000004d0c                __sfp_lock_release
 .text.__sinit_lock_acquire
                0x0000000000004d10        0x4 c:/altera_lite/15.1/nios2eds/bin/gnu/h-x86_64-mingw32/bin/../lib/gcc/nios2-elf/4.9.2/../../../../../H-x86_64-mingw32/nios2-elf/lib/mhw-mulx\libc.a(lib_a-findfp.o)
                0x0000000000004d10                __sinit_lock_acquire
 .text.__sinit_lock_release
                0x0000000000004d14        0x4 c:/altera_lite/15.1/nios2eds/bin/gnu/h-x86_64-mingw32/bin/../lib/gcc/nios2-elf/4.9.2/../../../../../H-x86_64-mingw32/nios2-elf/lib/mhw-mulx\libc.a(lib_a-findfp.o)
                0x0000000000004d14                __sinit_lock_release
 .text.__fp_lock_all
                0x0000000000004d18       0x18 c:/altera_lite/15.1/nios2eds/bin/gnu/h-x86_64-mingw32/bin/../lib/gcc/nios2-elf/4.9.2/../../../../../H-x86_64-mingw32/nios2-elf/lib/mhw-mulx\libc.a(lib_a-findfp.o)
                0x0000000000004d18                __fp_lock_all
 .text.__fp_unlock_all
                0x0000000000004d30       0x18 c:/altera_lite/15.1/nios2eds/bin/gnu/h-x86_64-mingw32/bin/../lib/gcc/nios2-elf/4.9.2/../../../../../H-x86_64-mingw32/nios2-elf/lib/mhw-mulx\libc.a(lib_a-findfp.o)
                0x0000000000004d30                __fp_unlock_all
 .text          0x0000000000004d48        0x0 c:/altera_lite/15.1/nios2eds/bin/gnu/h-x86_64-mingw32/bin/../lib/gcc/nios2-elf/4.9.2/../../../../../H-x86_64-mingw32/nios2-elf/lib/mhw-mulx\libc.a(lib_a-freer.o)
 .text._malloc_trim_r
                0x0000000000004d48      0x124 c:/altera_lite/15.1/nios2eds/bin/gnu/h-x86_64-mingw32/bin/../lib/gcc/nios2-elf/4.9.2/../../../../../H-x86_64-mingw32/nios2-elf/lib/mhw-mulx\libc.a(lib_a-freer.o)
                0x0000000000004d48                _malloc_trim_r
 .text._free_r  0x0000000000004e6c      0x2f0 c:/altera_lite/15.1/nios2eds/bin/gnu/h-x86_64-mingw32/bin/../lib/gcc/nios2-elf/4.9.2/../../../../../H-x86_64-mingw32/nios2-elf/lib/mhw-mulx\libc.a(lib_a-freer.o)
                0x0000000000004e6c                _free_r
 .text          0x000000000000515c        0x0 c:/altera_lite/15.1/nios2eds/bin/gnu/h-x86_64-mingw32/bin/../lib/gcc/nios2-elf/4.9.2/../../../../../H-x86_64-mingw32/nios2-elf/lib/mhw-mulx\libc.a(lib_a-fwalk.o)
 .text._fwalk   0x000000000000515c       0xc4 c:/altera_lite/15.1/nios2eds/bin/gnu/h-x86_64-mingw32/bin/../lib/gcc/nios2-elf/4.9.2/../../../../../H-x86_64-mingw32/nios2-elf/lib/mhw-mulx\libc.a(lib_a-fwalk.o)
                0x000000000000515c                _fwalk
 .text._fwalk_reent
                0x0000000000005220       0xc4 c:/altera_lite/15.1/nios2eds/bin/gnu/h-x86_64-mingw32/bin/../lib/gcc/nios2-elf/4.9.2/../../../../../H-x86_64-mingw32/nios2-elf/lib/mhw-mulx\libc.a(lib_a-fwalk.o)
                0x0000000000005220                _fwalk_reent
 .text          0x00000000000052e4        0x0 c:/altera_lite/15.1/nios2eds/bin/gnu/h-x86_64-mingw32/bin/../lib/gcc/nios2-elf/4.9.2/../../../../../H-x86_64-mingw32/nios2-elf/lib/mhw-mulx\libc.a(lib_a-int_errno.o)
 .text          0x00000000000052e4        0x0 c:/altera_lite/15.1/nios2eds/bin/gnu/h-x86_64-mingw32/bin/../lib/gcc/nios2-elf/4.9.2/../../../../../H-x86_64-mingw32/nios2-elf/lib/mhw-mulx\libc.a(lib_a-makebuf.o)
 .text.__smakebuf_r
                0x00000000000052e4      0x1b8 c:/altera_lite/15.1/nios2eds/bin/gnu/h-x86_64-mingw32/bin/../lib/gcc/nios2-elf/4.9.2/../../../../../H-x86_64-mingw32/nios2-elf/lib/mhw-mulx\libc.a(lib_a-makebuf.o)
                0x00000000000052e4                __smakebuf_r
 .text          0x000000000000549c        0x0 c:/altera_lite/15.1/nios2eds/bin/gnu/h-x86_64-mingw32/bin/../lib/gcc/nios2-elf/4.9.2/../../../../../H-x86_64-mingw32/nios2-elf/lib/mhw-mulx\libc.a(lib_a-memset.o)
 .text.memset   0x000000000000549c      0x124 c:/altera_lite/15.1/nios2eds/bin/gnu/h-x86_64-mingw32/bin/../lib/gcc/nios2-elf/4.9.2/../../../../../H-x86_64-mingw32/nios2-elf/lib/mhw-mulx\libc.a(lib_a-memset.o)
                0x000000000000549c                memset
 .text          0x00000000000055c0        0x0 c:/altera_lite/15.1/nios2eds/bin/gnu/h-x86_64-mingw32/bin/../lib/gcc/nios2-elf/4.9.2/../../../../../H-x86_64-mingw32/nios2-elf/lib/mhw-mulx\libc.a(lib_a-stdio.o)
 .text.__sread  0x00000000000055c0       0x54 c:/altera_lite/15.1/nios2eds/bin/gnu/h-x86_64-mingw32/bin/../lib/gcc/nios2-elf/4.9.2/../../../../../H-x86_64-mingw32/nios2-elf/lib/mhw-mulx\libc.a(lib_a-stdio.o)
                0x00000000000055c0                __sread
 .text.__seofread
                0x0000000000005614        0x8 c:/altera_lite/15.1/nios2eds/bin/gnu/h-x86_64-mingw32/bin/../lib/gcc/nios2-elf/4.9.2/../../../../../H-x86_64-mingw32/nios2-elf/lib/mhw-mulx\libc.a(lib_a-stdio.o)
                0x0000000000005614                __seofread
 .text.__swrite
                0x000000000000561c       0x7c c:/altera_lite/15.1/nios2eds/bin/gnu/h-x86_64-mingw32/bin/../lib/gcc/nios2-elf/4.9.2/../../../../../H-x86_64-mingw32/nios2-elf/lib/mhw-mulx\libc.a(lib_a-stdio.o)
                0x000000000000561c                __swrite
 .text.__sseek  0x0000000000005698       0x5c c:/altera_lite/15.1/nios2eds/bin/gnu/h-x86_64-mingw32/bin/../lib/gcc/nios2-elf/4.9.2/../../../../../H-x86_64-mingw32/nios2-elf/lib/mhw-mulx\libc.a(lib_a-stdio.o)
                0x0000000000005698                __sseek
 .text.__sclose
                0x00000000000056f4        0x8 c:/altera_lite/15.1/nios2eds/bin/gnu/h-x86_64-mingw32/bin/../lib/gcc/nios2-elf/4.9.2/../../../../../H-x86_64-mingw32/nios2-elf/lib/mhw-mulx\libc.a(lib_a-stdio.o)
                0x00000000000056f4                __sclose
 .text          0x00000000000056fc        0x0 c:/altera_lite/15.1/nios2eds/bin/gnu/h-x86_64-mingw32/bin/../lib/gcc/nios2-elf/4.9.2/../../../../../H-x86_64-mingw32/nios2-elf/lib/mhw-mulx\libc.a(lib_a-writer.o)
 .text._write_r
                0x00000000000056fc       0x5c c:/altera_lite/15.1/nios2eds/bin/gnu/h-x86_64-mingw32/bin/../lib/gcc/nios2-elf/4.9.2/../../../../../H-x86_64-mingw32/nios2-elf/lib/mhw-mulx\libc.a(lib_a-writer.o)
                0x00000000000056fc                _write_r
 .text          0x0000000000005758        0x0 c:/altera_lite/15.1/nios2eds/bin/gnu/h-x86_64-mingw32/bin/../lib/gcc/nios2-elf/4.9.2/../../../../../H-x86_64-mingw32/nios2-elf/lib/mhw-mulx\libc.a(closer.o)
 .text._close_r
                0x0000000000005758       0x54 c:/altera_lite/15.1/nios2eds/bin/gnu/h-x86_64-mingw32/bin/../lib/gcc/nios2-elf/4.9.2/../../../../../H-x86_64-mingw32/nios2-elf/lib/mhw-mulx\libc.a(closer.o)
                0x0000000000005758                _close_r
 .text          0x00000000000057ac        0x0 c:/altera_lite/15.1/nios2eds/bin/gnu/h-x86_64-mingw32/bin/../lib/gcc/nios2-elf/4.9.2/../../../../../H-x86_64-mingw32/nios2-elf/lib/mhw-mulx\libc.a(lib_a-fclose.o)
 .text._fclose_r
                0x00000000000057ac       0xf0 c:/altera_lite/15.1/nios2eds/bin/gnu/h-x86_64-mingw32/bin/../lib/gcc/nios2-elf/4.9.2/../../../../../H-x86_64-mingw32/nios2-elf/lib/mhw-mulx\libc.a(lib_a-fclose.o)
                0x00000000000057ac                _fclose_r
 .text.fclose   0x000000000000589c       0x14 c:/altera_lite/15.1/nios2eds/bin/gnu/h-x86_64-mingw32/bin/../lib/gcc/nios2-elf/4.9.2/../../../../../H-x86_64-mingw32/nios2-elf/lib/mhw-mulx\libc.a(lib_a-fclose.o)
                0x000000000000589c                fclose
 .text          0x00000000000058b0        0x0 c:/altera_lite/15.1/nios2eds/bin/gnu/h-x86_64-mingw32/bin/../lib/gcc/nios2-elf/4.9.2/../../../../../H-x86_64-mingw32/nios2-elf/lib/mhw-mulx\libc.a(lib_a-fstatr.o)
 .text._fstat_r
                0x00000000000058b0       0x58 c:/altera_lite/15.1/nios2eds/bin/gnu/h-x86_64-mingw32/bin/../lib/gcc/nios2-elf/4.9.2/../../../../../H-x86_64-mingw32/nios2-elf/lib/mhw-mulx\libc.a(lib_a-fstatr.o)
                0x00000000000058b0                _fstat_r
 .text          0x0000000000005908        0x0 c:/altera_lite/15.1/nios2eds/bin/gnu/h-x86_64-mingw32/bin/../lib/gcc/nios2-elf/4.9.2/../../../../../H-x86_64-mingw32/nios2-elf/lib/mhw-mulx\libc.a(lib_a-isattyr.o)
 .text._isatty_r
                0x0000000000005908       0x54 c:/altera_lite/15.1/nios2eds/bin/gnu/h-x86_64-mingw32/bin/../lib/gcc/nios2-elf/4.9.2/../../../../../H-x86_64-mingw32/nios2-elf/lib/mhw-mulx\libc.a(lib_a-isattyr.o)
                0x0000000000005908                _isatty_r
 .text          0x000000000000595c        0x0 c:/altera_lite/15.1/nios2eds/bin/gnu/h-x86_64-mingw32/bin/../lib/gcc/nios2-elf/4.9.2/../../../../../H-x86_64-mingw32/nios2-elf/lib/mhw-mulx\libc.a(lib_a-lseekr.o)
 .text._lseek_r
                0x000000000000595c       0x5c c:/altera_lite/15.1/nios2eds/bin/gnu/h-x86_64-mingw32/bin/../lib/gcc/nios2-elf/4.9.2/../../../../../H-x86_64-mingw32/nios2-elf/lib/mhw-mulx\libc.a(lib_a-lseekr.o)
                0x000000000000595c                _lseek_r
 .text          0x00000000000059b8        0x0 c:/altera_lite/15.1/nios2eds/bin/gnu/h-x86_64-mingw32/bin/../lib/gcc/nios2-elf/4.9.2/../../../../../H-x86_64-mingw32/nios2-elf/lib/mhw-mulx\libc.a(lib_a-readr.o)
 .text._read_r  0x00000000000059b8       0x5c c:/altera_lite/15.1/nios2eds/bin/gnu/h-x86_64-mingw32/bin/../lib/gcc/nios2-elf/4.9.2/../../../../../H-x86_64-mingw32/nios2-elf/lib/mhw-mulx\libc.a(lib_a-readr.o)
                0x00000000000059b8                _read_r
 .text          0x0000000000005a14      0x12c c:/altera_lite/15.1/nios2eds/bin/gnu/h-x86_64-mingw32/bin/../lib/gcc/nios2-elf/4.9.2/mhw-mulx\libgcc.a(lib2-divmod.o)
                0x0000000000005a80                __divsi3
                0x0000000000005ad4                __modsi3
                0x0000000000005b30                __udivsi3
                0x0000000000005b38                __umodsi3
 .text          0x0000000000005b40      0x120 C:/Users/rickert/Documents/GitHub/KBS_ESA_PAINGAME/KBS_ESA_PAINGAME_bsp/\libucosii_bsp.a(alt_close.o)
                0x0000000000005b90                close
 .text          0x0000000000005c60       0x2c C:/Users/rickert/Documents/GitHub/KBS_ESA_PAINGAME/KBS_ESA_PAINGAME_bsp/\libucosii_bsp.a(alt_dev.o)
 .text          0x0000000000005c8c        0x0 C:/Users/rickert/Documents/GitHub/KBS_ESA_PAINGAME/KBS_ESA_PAINGAME_bsp/\libucosii_bsp.a(alt_errno.o)
 .text          0x0000000000005c8c      0x100 C:/Users/rickert/Documents/GitHub/KBS_ESA_PAINGAME/KBS_ESA_PAINGAME_bsp/\libucosii_bsp.a(alt_fstat.o)
                0x0000000000005cdc                fstat
 .text          0x0000000000005d8c       0xf4 C:/Users/rickert/Documents/GitHub/KBS_ESA_PAINGAME/KBS_ESA_PAINGAME_bsp/\libucosii_bsp.a(alt_isatty.o)
                0x0000000000005ddc                isatty
 .text          0x0000000000005e80       0xe4 C:/Users/rickert/Documents/GitHub/KBS_ESA_PAINGAME/KBS_ESA_PAINGAME_bsp/\libucosii_bsp.a(alt_load.o)
                0x0000000000005ee4                alt_load
 .text          0x0000000000005f64      0x124 C:/Users/rickert/Documents/GitHub/KBS_ESA_PAINGAME/KBS_ESA_PAINGAME_bsp/\libucosii_bsp.a(alt_lseek.o)
                0x0000000000005fb4                lseek
 .text          0x0000000000006088       0xd4 C:/Users/rickert/Documents/GitHub/KBS_ESA_PAINGAME/KBS_ESA_PAINGAME_bsp/\libucosii_bsp.a(alt_main.o)
                0x0000000000006088                alt_main
 .text          0x000000000000615c      0x14c C:/Users/rickert/Documents/GitHub/KBS_ESA_PAINGAME/KBS_ESA_PAINGAME_bsp/\libucosii_bsp.a(alt_read.o)
                0x00000000000061ac                read
 .text          0x00000000000062a8       0x60 C:/Users/rickert/Documents/GitHub/KBS_ESA_PAINGAME/KBS_ESA_PAINGAME_bsp/\libucosii_bsp.a(alt_release_fd.o)
                0x00000000000062a8                alt_release_fd
 .text          0x0000000000006308       0xb0 C:/Users/rickert/Documents/GitHub/KBS_ESA_PAINGAME/KBS_ESA_PAINGAME_bsp/\libucosii_bsp.a(alt_sbrk.o)
                0x0000000000006308                sbrk
 .text          0x00000000000063b8      0x148 C:/Users/rickert/Documents/GitHub/KBS_ESA_PAINGAME/KBS_ESA_PAINGAME_bsp/\libucosii_bsp.a(alt_write.o)
                0x0000000000006408                write
 .text          0x0000000000006500      0x11c C:/Users/rickert/Documents/GitHub/KBS_ESA_PAINGAME/KBS_ESA_PAINGAME_bsp/\libucosii_bsp.a(alt_env_lock.o)
                0x0000000000006500                __env_lock
                0x00000000000065c0                __env_unlock
 .text          0x000000000000661c      0x1f0 C:/Users/rickert/Documents/GitHub/KBS_ESA_PAINGAME/KBS_ESA_PAINGAME_bsp/\libucosii_bsp.a(alt_malloc_lock.o)
                0x000000000000661c                __malloc_lock
                0x000000000000673c                __malloc_unlock
 .text          0x000000000000680c     0x1ff0 C:/Users/rickert/Documents/GitHub/KBS_ESA_PAINGAME/KBS_ESA_PAINGAME_bsp/\libucosii_bsp.a(os_core.o)
                0x000000000000680c                OSEventNameGet
                0x000000000000692c                OSEventNameSet
                0x0000000000006a68                OSEventPendMulti
                0x0000000000007078                OSInit
                0x00000000000070cc                OSIntEnter
                0x0000000000007148                OSIntExit
                0x000000000000723c                OSSchedLock
                0x00000000000072c4                OSSchedUnlock
                0x000000000000739c                OSStart
                0x0000000000007408                OSStatInit
                0x00000000000074b4                OSTimeTick
                0x00000000000076d0                OSVersion
                0x00000000000076f0                OS_Dummy
                0x000000000000770c                OS_EventTaskRdy
                0x00000000000078a4                OS_EventTaskWait
                0x00000000000079b0                OS_EventTaskWaitMulti
                0x0000000000007afc                OS_EventTaskRemove
                0x0000000000007bb0                OS_EventTaskRemoveMulti
                0x0000000000007cac                OS_EventWaitListInit
                0x0000000000008070                OS_MemClr
                0x00000000000080c0                OS_MemCopy
                0x0000000000008124                OS_Sched
                0x0000000000008260                OS_StrCopy
                0x00000000000082d4                OS_StrLen
                0x0000000000008328                OS_TaskIdle
                0x0000000000008384                OS_TaskStat
                0x0000000000008460                OS_TaskStatStkChk
                0x0000000000008528                OS_TCBInit
 .text          0x00000000000087fc      0x18c C:/Users/rickert/Documents/GitHub/KBS_ESA_PAINGAME/KBS_ESA_PAINGAME_bsp/\libucosii_bsp.a(os_dbg.o)
                0x00000000000087fc                OSDebugInit
 .text          0x0000000000008988     0x181c C:/Users/rickert/Documents/GitHub/KBS_ESA_PAINGAME/KBS_ESA_PAINGAME_bsp/\libucosii_bsp.a(os_flag.o)
                0x0000000000008988                OSFlagAccept
                0x0000000000008c90                OSFlagCreate
                0x0000000000008db8                OSFlagDel
                0x0000000000009028                OSFlagNameGet
                0x0000000000009158                OSFlagNameSet
                0x00000000000092a8                OSFlagPend
                0x0000000000009898                OSFlagPendGetFlagsRdy
                0x0000000000009900                OSFlagPost
                0x0000000000009c88                OSFlagQuery
                0x0000000000009f10                OS_FlagInit
                0x000000000000a104                OS_FlagUnlink
 .text          0x000000000000a1a4      0xb88 C:/Users/rickert/Documents/GitHub/KBS_ESA_PAINGAME/KBS_ESA_PAINGAME_bsp/\libucosii_bsp.a(os_mbox.o)
                0x000000000000a1a4                OSMboxAccept
                0x000000000000a23c                OSMboxCreate
                0x000000000000a338                OSMboxDel
                0x000000000000a5a0                OSMboxPend
                0x000000000000a844                OSMboxPendAbort
                0x000000000000a9b0                OSMboxPost
                0x000000000000aac0                OSMboxPostOpt
                0x000000000000ac1c                OSMboxQuery
 .text          0x000000000000ad2c      0x784 C:/Users/rickert/Documents/GitHub/KBS_ESA_PAINGAME/KBS_ESA_PAINGAME_bsp/\libucosii_bsp.a(os_mem.o)
                0x000000000000ad2c                OSMemCreate
                0x000000000000af20                OSMemGet
                0x000000000000b010                OSMemNameGet
                0x000000000000b108                OSMemNameSet
                0x000000000000b220                OSMemPut
                0x000000000000b2f8                OSMemQuery
                0x000000000000b3e0                OS_MemInit
 .text          0x000000000000b4b0     0x1210 C:/Users/rickert/Documents/GitHub/KBS_ESA_PAINGAME/KBS_ESA_PAINGAME_bsp/\libucosii_bsp.a(os_q.o)
                0x000000000000b4b0                OSQAccept
                0x000000000000b5f0                OSQCreate
                0x000000000000b7ec                OSQDel
                0x000000000000bab4                OSQFlush
                0x000000000000bb6c                OSQPend
                0x000000000000be68                OSQPendAbort
                0x000000000000bfd4                OSQPost
                0x000000000000c13c                OSQPostFront
                0x000000000000c2ac                OSQPostOpt
                0x000000000000c4b8                OSQQuery
                0x000000000000c614                OS_QInit
 .text          0x000000000000c6c0      0xb08 C:/Users/rickert/Documents/GitHub/KBS_ESA_PAINGAME/KBS_ESA_PAINGAME_bsp/\libucosii_bsp.a(os_sem.o)
                0x000000000000c6c0                OSSemAccept
                0x000000000000c770                OSSemCreate
                0x000000000000c870                OSSemDel
                0x000000000000cad8                OSSemPend
                0x000000000000cd40                OSSemPendAbort
                0x000000000000ceac                OSSemPost
                0x000000000000cfbc                OSSemQuery
                0x000000000000d0cc                OSSemSet
 .text          0x000000000000d1c8     0x18f4 C:/Users/rickert/Documents/GitHub/KBS_ESA_PAINGAME/KBS_ESA_PAINGAME_bsp/\libucosii_bsp.a(os_task.o)
                0x000000000000d1c8                OSTaskChangePrio
                0x000000000000d708                OSTaskCreate
                0x000000000000d8c4                OSTaskCreateExt
                0x000000000000dab0                OSTaskDel
                0x000000000000de90                OSTaskDelReq
                0x000000000000dfe8                OSTaskNameGet
                0x000000000000e190                OSTaskNameSet
                0x000000000000e350                OSTaskResume
                0x000000000000e548                OSTaskStkChk
                0x000000000000e710                OSTaskSuspend
                0x000000000000e924                OSTaskQuery
                0x000000000000ea50                OS_TaskStkClr
 .text          0x000000000000eabc      0x568 C:/Users/rickert/Documents/GitHub/KBS_ESA_PAINGAME/KBS_ESA_PAINGAME_bsp/\libucosii_bsp.a(os_time.o)
                0x000000000000eabc                OSTimeDly
                0x000000000000ec04                OSTimeDlyHMSM
                0x000000000000ed6c                OSTimeDlyResume
                0x000000000000ef5c                OSTimeGet
                0x000000000000efc0                OSTimeSet
 .text          0x000000000000f024      0x444 C:/Users/rickert/Documents/GitHub/KBS_ESA_PAINGAME/KBS_ESA_PAINGAME_bsp/\libucosii_bsp.a(alt_sys_init.o)
                0x000000000000f05c                alt_irq_init
                0x000000000000f090                alt_sys_init
 .text          0x000000000000f468      0x164 C:/Users/rickert/Documents/GitHub/KBS_ESA_PAINGAME/KBS_ESA_PAINGAME_bsp/\libucosii_bsp.a(altera_avalon_jtag_uart_fd.o)
                0x000000000000f468                altera_avalon_jtag_uart_read_fd
                0x000000000000f4c8                altera_avalon_jtag_uart_write_fd
                0x000000000000f528                altera_avalon_jtag_uart_close_fd
                0x000000000000f578                altera_avalon_jtag_uart_ioctl_fd
 .text          0x000000000000f5cc      0x560 C:/Users/rickert/Documents/GitHub/KBS_ESA_PAINGAME/KBS_ESA_PAINGAME_bsp/\libucosii_bsp.a(altera_avalon_jtag_uart_init.o)
                0x000000000000f5cc                altera_avalon_jtag_uart_init
                0x000000000000fac4                altera_avalon_jtag_uart_close
 .text          0x000000000000fb2c       0xec C:/Users/rickert/Documents/GitHub/KBS_ESA_PAINGAME/KBS_ESA_PAINGAME_bsp/\libucosii_bsp.a(altera_avalon_jtag_uart_ioctl.o)
                0x000000000000fb2c                altera_avalon_jtag_uart_ioctl
 .text          0x000000000000fc18      0x2b4 C:/Users/rickert/Documents/GitHub/KBS_ESA_PAINGAME/KBS_ESA_PAINGAME_bsp/\libucosii_bsp.a(altera_avalon_jtag_uart_read.o)
                0x000000000000fc18                altera_avalon_jtag_uart_read
 .text          0x000000000000fecc      0x2c0 C:/Users/rickert/Documents/GitHub/KBS_ESA_PAINGAME/KBS_ESA_PAINGAME_bsp/\libucosii_bsp.a(altera_avalon_jtag_uart_write.o)
                0x000000000000fecc                altera_avalon_jtag_uart_write
 .text          0x000000000001018c       0xf8 C:/Users/rickert/Documents/GitHub/KBS_ESA_PAINGAME/KBS_ESA_PAINGAME_bsp/\libucosii_bsp.a(altera_avalon_timer_sc.o)
                0x0000000000010204                alt_avalon_timer_sc_init
 .text          0x0000000000010284      0x4d8 C:/Users/rickert/Documents/GitHub/KBS_ESA_PAINGAME/KBS_ESA_PAINGAME_bsp/\libucosii_bsp.a(altera_up_avalon_character_lcd.o)
                0x0000000000010284                get_DDRAM_addr
                0x00000000000102f8                alt_up_character_lcd_send_cmd
                0x0000000000010334                alt_up_character_lcd_init
                0x0000000000010368                alt_up_character_lcd_open_dev
                0x00000000000103a8                alt_up_character_lcd_write
                0x0000000000010420                alt_up_character_lcd_string
                0x0000000000010494                alt_up_character_lcd_write_fd
                0x00000000000104e4                alt_up_character_lcd_set_cursor_pos
                0x0000000000010558                alt_up_character_lcd_shift_cursor
                0x00000000000105e0                alt_up_character_lcd_shift_display
                0x0000000000010668                alt_up_character_lcd_erase_pos
                0x00000000000106f4                alt_up_character_lcd_cursor_off
                0x0000000000010728                alt_up_character_lcd_cursor_blink_on
 .text          0x000000000001075c      0x388 C:/Users/rickert/Documents/GitHub/KBS_ESA_PAINGAME/KBS_ESA_PAINGAME_bsp/\libucosii_bsp.a(altera_up_avalon_irda.o)
                0x000000000001075c                alt_up_irda_enable_read_interrupt
                0x00000000000107b4                alt_up_irda_disable_read_interrupt
                0x0000000000010810                alt_up_irda_get_used_space_in_read_FIFO
                0x0000000000010850                alt_up_irda_get_available_space_in_write_FIFO
                0x000000000001088c                alt_up_irda_check_parity
                0x00000000000108d0                alt_up_irda_write_data
                0x0000000000010910                alt_up_irda_read_data
                0x0000000000010984                alt_up_irda_read_fd
                0x0000000000010a14                alt_up_irda_write_fd
                0x0000000000010aa4                alt_up_irda_open_dev
 .text          0x0000000000010ae4       0x40 C:/Users/rickert/Documents/GitHub/KBS_ESA_PAINGAME/KBS_ESA_PAINGAME_bsp/\libucosii_bsp.a(altera_up_avalon_parallel_port.o)
                0x0000000000010ae4                alt_up_parallel_port_open_dev
 .text          0x0000000000010b24      0x6b4 C:/Users/rickert/Documents/GitHub/KBS_ESA_PAINGAME/KBS_ESA_PAINGAME_bsp/\libucosii_bsp.a(altera_up_avalon_ps2.o)
                0x0000000000010b24                read_RI_bit
                0x0000000000010b58                read_RE_bit
                0x0000000000010b88                read_CE_bit
                0x0000000000010bbc                read_num_bytes_available
                0x0000000000010bec                read_data_valid
                0x0000000000010c20                read_data_byte
                0x0000000000010c4c                alt_up_ps2_init
                0x0000000000010d10                alt_up_ps2_enable_read_interrupt
                0x0000000000010d68                alt_up_ps2_disable_read_interrupt
                0x0000000000010dc4                alt_up_ps2_write_data_byte
                0x0000000000010e38                alt_up_ps2_wait_for_ack
                0x0000000000010ea8                alt_up_ps2_write_data_byte_with_ack
                0x0000000000010f0c                alt_up_ps2_read_data_byte_timeout
                0x0000000000010fb0                alt_up_ps2_read_data_byte
                0x0000000000011020                alt_up_ps2_clear_fifo
                0x0000000000011074                alt_up_ps2_read_fd
                0x0000000000011100                alt_up_ps2_write_fd
                0x0000000000011198                alt_up_ps2_open_dev
 .text          0x00000000000111d8      0x38c C:/Users/rickert/Documents/GitHub/KBS_ESA_PAINGAME/KBS_ESA_PAINGAME_bsp/\libucosii_bsp.a(altera_up_avalon_rs232.o)
                0x00000000000111d8                alt_up_rs232_enable_read_interrupt
                0x0000000000011230                alt_up_rs232_disable_read_interrupt
                0x000000000001128c                alt_up_rs232_get_used_space_in_read_FIFO
                0x00000000000112cc                alt_up_rs232_get_available_space_in_write_FIFO
                0x0000000000011308                alt_up_rs232_check_parity
                0x000000000001134c                alt_up_rs232_write_data
                0x000000000001138c                alt_up_rs232_read_data
                0x0000000000011400                alt_up_rs232_read_fd
                0x0000000000011490                alt_up_rs232_write_fd
                0x0000000000011524                alt_up_rs232_open_dev
 .text          0x0000000000011564      0x2e8 C:/Users/rickert/Documents/GitHub/KBS_ESA_PAINGAME/KBS_ESA_PAINGAME_bsp/\libucosii_bsp.a(altera_up_avalon_video_character_buffer_with_dma.o)
                0x0000000000011564                alt_up_char_buffer_init
                0x00000000000115e4                alt_up_char_buffer_open_dev
                0x0000000000011624                alt_up_char_buffer_draw
                0x00000000000116f0                alt_up_char_buffer_string
                0x00000000000117f0                alt_up_char_buffer_clear
 .text          0x000000000001184c      0x140 C:/Users/rickert/Documents/GitHub/KBS_ESA_PAINGAME/KBS_ESA_PAINGAME_bsp/\libucosii_bsp.a(alt_alarm_start.o)
                0x000000000001184c                alt_alarm_start
 .text          0x000000000001198c       0x1c C:/Users/rickert/Documents/GitHub/KBS_ESA_PAINGAME/KBS_ESA_PAINGAME_bsp/\libucosii_bsp.a(alt_dcache_flush_all.o)
                0x000000000001198c                alt_dcache_flush_all
 .text          0x00000000000119a8       0xf4 C:/Users/rickert/Documents/GitHub/KBS_ESA_PAINGAME/KBS_ESA_PAINGAME_bsp/\libucosii_bsp.a(alt_dev_llist_insert.o)
                0x00000000000119f8                alt_dev_llist_insert
 .text          0x0000000000011a9c       0x5c C:/Users/rickert/Documents/GitHub/KBS_ESA_PAINGAME/KBS_ESA_PAINGAME_bsp/\libucosii_bsp.a(alt_do_ctors.o)
                0x0000000000011a9c                _do_ctors
 .text          0x0000000000011af8       0x5c C:/Users/rickert/Documents/GitHub/KBS_ESA_PAINGAME/KBS_ESA_PAINGAME_bsp/\libucosii_bsp.a(alt_do_dtors.o)
                0x0000000000011af8                _do_dtors
 .text          0x0000000000011b54       0x90 C:/Users/rickert/Documents/GitHub/KBS_ESA_PAINGAME/KBS_ESA_PAINGAME_bsp/\libucosii_bsp.a(alt_find_dev.o)
                0x0000000000011b54                alt_find_dev
 .text          0x0000000000011be4       0x30 C:/Users/rickert/Documents/GitHub/KBS_ESA_PAINGAME/KBS_ESA_PAINGAME_bsp/\libucosii_bsp.a(alt_icache_flush_all.o)
                0x0000000000011be4                alt_icache_flush_all
 .text          0x0000000000011c14      0x138 C:/Users/rickert/Documents/GitHub/KBS_ESA_PAINGAME/KBS_ESA_PAINGAME_bsp/\libucosii_bsp.a(alt_io_redirect.o)
                0x0000000000011cd4                alt_io_redirect
 .text          0x0000000000011d4c      0x1b0 C:/Users/rickert/Documents/GitHub/KBS_ESA_PAINGAME/KBS_ESA_PAINGAME_bsp/\libucosii_bsp.a(alt_irq_register.o)
                0x0000000000011d4c                alt_irq_register
 .text          0x0000000000011efc        0x0 C:/Users/rickert/Documents/GitHub/KBS_ESA_PAINGAME/KBS_ESA_PAINGAME_bsp/\libucosii_bsp.a(alt_irq_vars.o)
 .text          0x0000000000011efc      0x274 C:/Users/rickert/Documents/GitHub/KBS_ESA_PAINGAME/KBS_ESA_PAINGAME_bsp/\libucosii_bsp.a(alt_open.o)
                0x0000000000012018                open
 .text          0x0000000000012170      0x19c C:/Users/rickert/Documents/GitHub/KBS_ESA_PAINGAME/KBS_ESA_PAINGAME_bsp/\libucosii_bsp.a(alt_tick.o)
                0x0000000000012170                alt_alarm_stop
                0x0000000000012208                alt_tick
 .text          0x000000000001230c       0x20 C:/Users/rickert/Documents/GitHub/KBS_ESA_PAINGAME/KBS_ESA_PAINGAME_bsp/\libucosii_bsp.a(altera_nios2_gen2_irq.o)
                0x000000000001230c                altera_nios2_gen2_irq_init
 .text          0x000000000001232c       0xd0 C:/Users/rickert/Documents/GitHub/KBS_ESA_PAINGAME/KBS_ESA_PAINGAME_bsp/\libucosii_bsp.a(os_cpu_a.o)
                0x000000000001232c                OSCtxSw
                0x000000000001232c                OSIntCtxSw
                0x00000000000123b8                OSStartHighRdy
                0x00000000000123d8                OSStartTsk
 .text          0x00000000000123fc      0x264 C:/Users/rickert/Documents/GitHub/KBS_ESA_PAINGAME/KBS_ESA_PAINGAME_bsp/\libucosii_bsp.a(os_cpu_c.o)
                0x00000000000123fc                OSTaskStkInit
                0x0000000000012558                OSTaskCreateHook
                0x0000000000012578                OSTaskDelHook
                0x0000000000012598                OSTaskSwHook
                0x00000000000125b4                OSTaskStatHook
                0x00000000000125d0                OSTimeTickHook
                0x00000000000125ec                OSInitHookBegin
                0x0000000000012608                OSInitHookEnd
                0x0000000000012624                OSTaskIdleHook
                0x0000000000012640                OSTCBInitHook
 .text          0x0000000000012660      0x114 C:/Users/rickert/Documents/GitHub/KBS_ESA_PAINGAME/KBS_ESA_PAINGAME_bsp/\libucosii_bsp.a(alt_find_file.o)
                0x0000000000012660                alt_find_file
 .text          0x0000000000012774       0xfc C:/Users/rickert/Documents/GitHub/KBS_ESA_PAINGAME/KBS_ESA_PAINGAME_bsp/\libucosii_bsp.a(alt_get_fd.o)
                0x0000000000012774                alt_get_fd
 .text          0x0000000000012870       0x8c C:/Users/rickert/Documents/GitHub/KBS_ESA_PAINGAME/KBS_ESA_PAINGAME_bsp/\libucosii_bsp.a(alt_icache_flush.o)
                0x0000000000012870                alt_icache_flush
 .text          0x00000000000128fc        0x0 C:/Users/rickert/Documents/GitHub/KBS_ESA_PAINGAME/KBS_ESA_PAINGAME_bsp/\libucosii_bsp.a(alt_irq_entry.o)
 .text          0x00000000000128fc        0x0 C:/Users/rickert/Documents/GitHub/KBS_ESA_PAINGAME/KBS_ESA_PAINGAME_bsp/\libucosii_bsp.a(alt_irq_handler.o)
 .text          0x00000000000128fc        0x0 C:/Users/rickert/Documents/GitHub/KBS_ESA_PAINGAME/KBS_ESA_PAINGAME_bsp/\libucosii_bsp.a(alt_exception_entry.o)
 .text          0x00000000000128fc       0x9c C:/Users/rickert/Documents/GitHub/KBS_ESA_PAINGAME/KBS_ESA_PAINGAME_bsp/\libucosii_bsp.a(alt_instruction_exception_entry.o)
                0x00000000000128fc                alt_exception_cause_generated_bad_addr
 .text          0x0000000000012998        0x0 c:/altera_lite/15.1/nios2eds/bin/gnu/h-x86_64-mingw32/bin/../lib/gcc/nios2-elf/4.9.2/../../../../../H-x86_64-mingw32/nios2-elf/lib/mhw-mulx\libc.a(lib_a-atexit.o)
 .text.atexit   0x0000000000012998       0x14 c:/altera_lite/15.1/nios2eds/bin/gnu/h-x86_64-mingw32/bin/../lib/gcc/nios2-elf/4.9.2/../../../../../H-x86_64-mingw32/nios2-elf/lib/mhw-mulx\libc.a(lib_a-atexit.o)
                0x0000000000012998                atexit
 .text          0x00000000000129ac        0x0 c:/altera_lite/15.1/nios2eds/bin/gnu/h-x86_64-mingw32/bin/../lib/gcc/nios2-elf/4.9.2/../../../../../H-x86_64-mingw32/nios2-elf/lib/mhw-mulx\libc.a(lib_a-exit.o)
 .text.exit     0x00000000000129ac       0x38 c:/altera_lite/15.1/nios2eds/bin/gnu/h-x86_64-mingw32/bin/../lib/gcc/nios2-elf/4.9.2/../../../../../H-x86_64-mingw32/nios2-elf/lib/mhw-mulx\libc.a(lib_a-exit.o)
                0x00000000000129ac                exit
 .text          0x00000000000129e4        0x0 c:/altera_lite/15.1/nios2eds/bin/gnu/h-x86_64-mingw32/bin/../lib/gcc/nios2-elf/4.9.2/../../../../../H-x86_64-mingw32/nios2-elf/lib/mhw-mulx\libc.a(lib_a-memcmp.o)
 .text.memcmp   0x00000000000129e4       0x7c c:/altera_lite/15.1/nios2eds/bin/gnu/h-x86_64-mingw32/bin/../lib/gcc/nios2-elf/4.9.2/../../../../../H-x86_64-mingw32/nios2-elf/lib/mhw-mulx\libc.a(lib_a-memcmp.o)
                0x00000000000129e4                memcmp
 .text          0x0000000000012a60        0x0 c:/altera_lite/15.1/nios2eds/bin/gnu/h-x86_64-mingw32/bin/../lib/gcc/nios2-elf/4.9.2/../../../../../H-x86_64-mingw32/nios2-elf/lib/mhw-mulx\libc.a(lib_a-strcmp.o)
 .text.strcmp   0x0000000000012a60       0xa4 c:/altera_lite/15.1/nios2eds/bin/gnu/h-x86_64-mingw32/bin/../lib/gcc/nios2-elf/4.9.2/../../../../../H-x86_64-mingw32/nios2-elf/lib/mhw-mulx\libc.a(lib_a-strcmp.o)
                0x0000000000012a60                strcmp
 .text          0x0000000000012b04        0x0 c:/altera_lite/15.1/nios2eds/bin/gnu/h-x86_64-mingw32/bin/../lib/gcc/nios2-elf/4.9.2/../../../../../H-x86_64-mingw32/nios2-elf/lib/mhw-mulx\libc.a(lib_a-__atexit.o)
 .text.__register_exitproc
                0x0000000000012b04      0x114 c:/altera_lite/15.1/nios2eds/bin/gnu/h-x86_64-mingw32/bin/../lib/gcc/nios2-elf/4.9.2/../../../../../H-x86_64-mingw32/nios2-elf/lib/mhw-mulx\libc.a(lib_a-__atexit.o)
                0x0000000000012b04                __register_exitproc
 .text          0x0000000000012c18        0x0 c:/altera_lite/15.1/nios2eds/bin/gnu/h-x86_64-mingw32/bin/../lib/gcc/nios2-elf/4.9.2/../../../../../H-x86_64-mingw32/nios2-elf/lib/mhw-mulx\libc.a(lib_a-__call_atexit.o)
 .text.__call_exitprocs
                0x0000000000012c18      0x194 c:/altera_lite/15.1/nios2eds/bin/gnu/h-x86_64-mingw32/bin/../lib/gcc/nios2-elf/4.9.2/../../../../../H-x86_64-mingw32/nios2-elf/lib/mhw-mulx\libc.a(lib_a-__call_atexit.o)
                0x0000000000012c18                __call_exitprocs
 .text          0x0000000000012dac       0x3c C:/Users/rickert/Documents/GitHub/KBS_ESA_PAINGAME/KBS_ESA_PAINGAME_bsp/\libucosii_bsp.a(alt_exit.o)
                0x0000000000012dac                _exit
 *(.gnu.warning.*)
 *(.fini)
                0x0000000000012de8                PROVIDE (__etext, ABSOLUTE (.))
                0x0000000000012de8                PROVIDE (_etext, ABSOLUTE (.))
                0x0000000000012de8                PROVIDE (etext, ABSOLUTE (.))
 *(.eh_frame_hdr)
                0x0000000000012de8                . = ALIGN (0x4)
                0x0000000000012de8                PROVIDE (__preinit_array_start, ABSOLUTE (.))
 *(.preinit_array)
                0x0000000000012de8                PROVIDE (__preinit_array_end, ABSOLUTE (.))
                0x0000000000012de8                PROVIDE (__init_array_start, ABSOLUTE (.))
 *(.init_array)
                0x0000000000012de8                PROVIDE (__init_array_end, ABSOLUTE (.))
                0x0000000000012de8                PROVIDE (__fini_array_start, ABSOLUTE (.))
 *(.fini_array)
                0x0000000000012de8                PROVIDE (__fini_array_end, ABSOLUTE (.))
 *(.eh_frame)
 *(.gcc_except_table .gcc_except_table.*)
 *(.dynamic)
                0x0000000000012de8                PROVIDE (__CTOR_LIST__, ABSOLUTE (.))
 *(.ctors)
 *(SORT(.ctors.*))
                0x0000000000012de8                PROVIDE (__CTOR_END__, ABSOLUTE (.))
                0x0000000000012de8                PROVIDE (__DTOR_LIST__, ABSOLUTE (.))
 *(.dtors)
 *(SORT(.dtors.*))
                0x0000000000012de8                PROVIDE (__DTOR_END__, ABSOLUTE (.))
 *(.jcr)
                0x0000000000012de8                . = ALIGN (0x4)

.rodata         0x0000000000012de8      0x528
                0x0000000000012de8                PROVIDE (__ram_rodata_start, ABSOLUTE (.))
                0x0000000000012de8                . = ALIGN (0x4)
 *(.rodata .rodata.* .gnu.linkonce.r.*)
 .rodata        0x0000000000012de8       0x40 obj/default/Contoller.o
 .rodata        0x0000000000012e28      0x144 obj/default/Game.o
 .rodata        0x0000000000012f6c       0xb0 obj/default/Menu.o
 .rodata.str1.4
                0x000000000001301c        0x2 c:/altera_lite/15.1/nios2eds/bin/gnu/h-x86_64-mingw32/bin/../lib/gcc/nios2-elf/4.9.2/../../../../../H-x86_64-mingw32/nios2-elf/lib/mhw-mulx\libc.a(lib_a-puts.o)
                                          0x4 (size before relaxing)
 *fill*         0x000000000001301e        0x2 
 .rodata.str1.4
                0x0000000000013020        0x4 c:/altera_lite/15.1/nios2eds/bin/gnu/h-x86_64-mingw32/bin/../lib/gcc/nios2-elf/4.9.2/../../../../../H-x86_64-mingw32/nios2-elf/lib/mhw-mulx\libc.a(lib_a-impure.o)
 .rodata        0x0000000000013024        0xc C:/Users/rickert/Documents/GitHub/KBS_ESA_PAINGAME/KBS_ESA_PAINGAME_bsp/\libucosii_bsp.a(alt_dev.o)
 .rodata        0x0000000000013030       0x10 C:/Users/rickert/Documents/GitHub/KBS_ESA_PAINGAME/KBS_ESA_PAINGAME_bsp/\libucosii_bsp.a(alt_main.o)
 .rodata        0x0000000000013040      0x120 C:/Users/rickert/Documents/GitHub/KBS_ESA_PAINGAME/KBS_ESA_PAINGAME_bsp/\libucosii_bsp.a(os_core.o)
                0x0000000000013040                OSUnMapTbl
 .rodata        0x0000000000013160      0x190 C:/Users/rickert/Documents/GitHub/KBS_ESA_PAINGAME/KBS_ESA_PAINGAME_bsp/\libucosii_bsp.a(alt_sys_init.o)
 .rodata        0x00000000000132f0       0x1c C:/Users/rickert/Documents/GitHub/KBS_ESA_PAINGAME/KBS_ESA_PAINGAME_bsp/\libucosii_bsp.a(altera_up_avalon_video_character_buffer_with_dma.o)
 .rodata        0x000000000001330c        0x4 C:/Users/rickert/Documents/GitHub/KBS_ESA_PAINGAME/KBS_ESA_PAINGAME_bsp/\libucosii_bsp.a(os_cpu_c.o)
 *(.rodata1)
                0x0000000000013310                . = ALIGN (0x4)
                0x0000000000013310                PROVIDE (__ram_rodata_end, ABSOLUTE (.))
                0x0000000000012de8                PROVIDE (__flash_rodata_start, LOADADDR (.rodata))

.rwdata         0x0000000000013310     0x1ed4 load address 0x00000000000151e4
                0x0000000000013310                PROVIDE (__ram_rwdata_start, ABSOLUTE (.))
                0x0000000000013310                . = ALIGN (0x4)
 *(.got.plt)
 *(.got)
 *(.data1)
 *(.data .data.* .gnu.linkonce.d.*)
 .data          0x0000000000013310        0x0 C:/Users/rickert/Documents/GitHub/KBS_ESA_PAINGAME/KBS_ESA_PAINGAME_bsp//obj/HAL/src/crt0.o
 .data          0x0000000000013310        0x0 obj/default/Contoller.o
 .data          0x0000000000013310       0x28 obj/default/Game.o
                0x0000000000013310                nummer
 .data          0x0000000000013338        0x0 obj/default/Menu.o
 .data          0x0000000000013338        0x0 obj/default/Singleplayer.o
 .data          0x0000000000013338        0x0 obj/default/Tutorial.o
 .data          0x0000000000013338        0x0 obj/default/hello_ucosii.o
 .data          0x0000000000013338        0x0 c:/altera_lite/15.1/nios2eds/bin/gnu/h-x86_64-mingw32/bin/../lib/gcc/nios2-elf/4.9.2/../../../../../H-x86_64-mingw32/nios2-elf/lib/mhw-mulx\libc.a(lib_a-puts.o)
 .data          0x0000000000013338        0x0 c:/altera_lite/15.1/nios2eds/bin/gnu/h-x86_64-mingw32/bin/../lib/gcc/nios2-elf/4.9.2/../../../../../H-x86_64-mingw32/nios2-elf/lib/mhw-mulx\libc.a(lib_a-strlen.o)
 .data          0x0000000000013338        0x0 c:/altera_lite/15.1/nios2eds/bin/gnu/h-x86_64-mingw32/bin/../lib/gcc/nios2-elf/4.9.2/../../../../../H-x86_64-mingw32/nios2-elf/lib/mhw-mulx\libc.a(lib_a-fvwrite.o)
 .data          0x0000000000013338        0x0 c:/altera_lite/15.1/nios2eds/bin/gnu/h-x86_64-mingw32/bin/../lib/gcc/nios2-elf/4.9.2/../../../../../H-x86_64-mingw32/nios2-elf/lib/mhw-mulx\libc.a(lib_a-impure.o)
 .data.impure_data
                0x0000000000013338      0x424 c:/altera_lite/15.1/nios2eds/bin/gnu/h-x86_64-mingw32/bin/../lib/gcc/nios2-elf/4.9.2/../../../../../H-x86_64-mingw32/nios2-elf/lib/mhw-mulx\libc.a(lib_a-impure.o)
 .data          0x000000000001375c        0x0 c:/altera_lite/15.1/nios2eds/bin/gnu/h-x86_64-mingw32/bin/../lib/gcc/nios2-elf/4.9.2/../../../../../H-x86_64-mingw32/nios2-elf/lib/mhw-mulx\libc.a(lib_a-mallocr.o)
 .data.__malloc_av_
                0x000000000001375c      0x408 c:/altera_lite/15.1/nios2eds/bin/gnu/h-x86_64-mingw32/bin/../lib/gcc/nios2-elf/4.9.2/../../../../../H-x86_64-mingw32/nios2-elf/lib/mhw-mulx\libc.a(lib_a-mallocr.o)
                0x000000000001375c                __malloc_av_
 .data          0x0000000000013b64        0x0 c:/altera_lite/15.1/nios2eds/bin/gnu/h-x86_64-mingw32/bin/../lib/gcc/nios2-elf/4.9.2/../../../../../H-x86_64-mingw32/nios2-elf/lib/mhw-mulx\libc.a(lib_a-memchr.o)
 .data          0x0000000000013b64        0x0 c:/altera_lite/15.1/nios2eds/bin/gnu/h-x86_64-mingw32/bin/../lib/gcc/nios2-elf/4.9.2/../../../../../H-x86_64-mingw32/nios2-elf/lib/mhw-mulx\libc.a(lib_a-memcpy.o)
 .data          0x0000000000013b64        0x0 c:/altera_lite/15.1/nios2eds/bin/gnu/h-x86_64-mingw32/bin/../lib/gcc/nios2-elf/4.9.2/../../../../../H-x86_64-mingw32/nios2-elf/lib/mhw-mulx\libc.a(lib_a-memmove.o)
 .data          0x0000000000013b64        0x0 c:/altera_lite/15.1/nios2eds/bin/gnu/h-x86_64-mingw32/bin/../lib/gcc/nios2-elf/4.9.2/../../../../../H-x86_64-mingw32/nios2-elf/lib/mhw-mulx\libc.a(lib_a-reallocr.o)
 .data          0x0000000000013b64        0x0 c:/altera_lite/15.1/nios2eds/bin/gnu/h-x86_64-mingw32/bin/../lib/gcc/nios2-elf/4.9.2/../../../../../H-x86_64-mingw32/nios2-elf/lib/mhw-mulx\libc.a(lib_a-sbrkr.o)
 .data          0x0000000000013b64        0x0 c:/altera_lite/15.1/nios2eds/bin/gnu/h-x86_64-mingw32/bin/../lib/gcc/nios2-elf/4.9.2/../../../../../H-x86_64-mingw32/nios2-elf/lib/mhw-mulx\libc.a(lib_a-wsetup.o)
 .data          0x0000000000013b64        0x0 c:/altera_lite/15.1/nios2eds/bin/gnu/h-x86_64-mingw32/bin/../lib/gcc/nios2-elf/4.9.2/../../../../../H-x86_64-mingw32/nios2-elf/lib/mhw-mulx\libc.a(lib_a-fflush.o)
 .data          0x0000000000013b64        0x0 c:/altera_lite/15.1/nios2eds/bin/gnu/h-x86_64-mingw32/bin/../lib/gcc/nios2-elf/4.9.2/../../../../../H-x86_64-mingw32/nios2-elf/lib/mhw-mulx\libc.a(lib_a-findfp.o)
 .data          0x0000000000013b64        0x0 c:/altera_lite/15.1/nios2eds/bin/gnu/h-x86_64-mingw32/bin/../lib/gcc/nios2-elf/4.9.2/../../../../../H-x86_64-mingw32/nios2-elf/lib/mhw-mulx\libc.a(lib_a-freer.o)
 .data          0x0000000000013b64        0x0 c:/altera_lite/15.1/nios2eds/bin/gnu/h-x86_64-mingw32/bin/../lib/gcc/nios2-elf/4.9.2/../../../../../H-x86_64-mingw32/nios2-elf/lib/mhw-mulx\libc.a(lib_a-fwalk.o)
 .data          0x0000000000013b64        0x0 c:/altera_lite/15.1/nios2eds/bin/gnu/h-x86_64-mingw32/bin/../lib/gcc/nios2-elf/4.9.2/../../../../../H-x86_64-mingw32/nios2-elf/lib/mhw-mulx\libc.a(lib_a-int_errno.o)
 .data          0x0000000000013b64        0x0 c:/altera_lite/15.1/nios2eds/bin/gnu/h-x86_64-mingw32/bin/../lib/gcc/nios2-elf/4.9.2/../../../../../H-x86_64-mingw32/nios2-elf/lib/mhw-mulx\libc.a(lib_a-makebuf.o)
 .data          0x0000000000013b64        0x0 c:/altera_lite/15.1/nios2eds/bin/gnu/h-x86_64-mingw32/bin/../lib/gcc/nios2-elf/4.9.2/../../../../../H-x86_64-mingw32/nios2-elf/lib/mhw-mulx\libc.a(lib_a-memset.o)
 .data          0x0000000000013b64        0x0 c:/altera_lite/15.1/nios2eds/bin/gnu/h-x86_64-mingw32/bin/../lib/gcc/nios2-elf/4.9.2/../../../../../H-x86_64-mingw32/nios2-elf/lib/mhw-mulx\libc.a(lib_a-stdio.o)
 .data          0x0000000000013b64        0x0 c:/altera_lite/15.1/nios2eds/bin/gnu/h-x86_64-mingw32/bin/../lib/gcc/nios2-elf/4.9.2/../../../../../H-x86_64-mingw32/nios2-elf/lib/mhw-mulx\libc.a(lib_a-writer.o)
 .data          0x0000000000013b64        0x0 c:/altera_lite/15.1/nios2eds/bin/gnu/h-x86_64-mingw32/bin/../lib/gcc/nios2-elf/4.9.2/../../../../../H-x86_64-mingw32/nios2-elf/lib/mhw-mulx\libc.a(closer.o)
 .data          0x0000000000013b64        0x0 c:/altera_lite/15.1/nios2eds/bin/gnu/h-x86_64-mingw32/bin/../lib/gcc/nios2-elf/4.9.2/../../../../../H-x86_64-mingw32/nios2-elf/lib/mhw-mulx\libc.a(lib_a-fclose.o)
 .data          0x0000000000013b64        0x0 c:/altera_lite/15.1/nios2eds/bin/gnu/h-x86_64-mingw32/bin/../lib/gcc/nios2-elf/4.9.2/../../../../../H-x86_64-mingw32/nios2-elf/lib/mhw-mulx\libc.a(lib_a-fstatr.o)
 .data          0x0000000000013b64        0x0 c:/altera_lite/15.1/nios2eds/bin/gnu/h-x86_64-mingw32/bin/../lib/gcc/nios2-elf/4.9.2/../../../../../H-x86_64-mingw32/nios2-elf/lib/mhw-mulx\libc.a(lib_a-isattyr.o)
 .data          0x0000000000013b64        0x0 c:/altera_lite/15.1/nios2eds/bin/gnu/h-x86_64-mingw32/bin/../lib/gcc/nios2-elf/4.9.2/../../../../../H-x86_64-mingw32/nios2-elf/lib/mhw-mulx\libc.a(lib_a-lseekr.o)
 .data          0x0000000000013b64        0x0 c:/altera_lite/15.1/nios2eds/bin/gnu/h-x86_64-mingw32/bin/../lib/gcc/nios2-elf/4.9.2/../../../../../H-x86_64-mingw32/nios2-elf/lib/mhw-mulx\libc.a(lib_a-readr.o)
 .data          0x0000000000013b64        0x0 c:/altera_lite/15.1/nios2eds/bin/gnu/h-x86_64-mingw32/bin/../lib/gcc/nios2-elf/4.9.2/mhw-mulx\libgcc.a(lib2-divmod.o)
 .data          0x0000000000013b64        0x0 C:/Users/rickert/Documents/GitHub/KBS_ESA_PAINGAME/KBS_ESA_PAINGAME_bsp/\libucosii_bsp.a(alt_close.o)
 .data          0x0000000000013b64      0x1a8 C:/Users/rickert/Documents/GitHub/KBS_ESA_PAINGAME/KBS_ESA_PAINGAME_bsp/\libucosii_bsp.a(alt_dev.o)
                0x0000000000013b64                alt_dev_null
                0x0000000000013b8c                alt_fd_list
 .data          0x0000000000013d0c        0x0 C:/Users/rickert/Documents/GitHub/KBS_ESA_PAINGAME/KBS_ESA_PAINGAME_bsp/\libucosii_bsp.a(alt_errno.o)
 .data          0x0000000000013d0c        0x0 C:/Users/rickert/Documents/GitHub/KBS_ESA_PAINGAME/KBS_ESA_PAINGAME_bsp/\libucosii_bsp.a(alt_fstat.o)
 .data          0x0000000000013d0c        0x0 C:/Users/rickert/Documents/GitHub/KBS_ESA_PAINGAME/KBS_ESA_PAINGAME_bsp/\libucosii_bsp.a(alt_isatty.o)
 .data          0x0000000000013d0c        0x0 C:/Users/rickert/Documents/GitHub/KBS_ESA_PAINGAME/KBS_ESA_PAINGAME_bsp/\libucosii_bsp.a(alt_load.o)
 .data          0x0000000000013d0c        0x0 C:/Users/rickert/Documents/GitHub/KBS_ESA_PAINGAME/KBS_ESA_PAINGAME_bsp/\libucosii_bsp.a(alt_lseek.o)
 .data          0x0000000000013d0c        0x0 C:/Users/rickert/Documents/GitHub/KBS_ESA_PAINGAME/KBS_ESA_PAINGAME_bsp/\libucosii_bsp.a(alt_main.o)
 .data          0x0000000000013d0c        0x0 C:/Users/rickert/Documents/GitHub/KBS_ESA_PAINGAME/KBS_ESA_PAINGAME_bsp/\libucosii_bsp.a(alt_read.o)
 .data          0x0000000000013d0c        0x0 C:/Users/rickert/Documents/GitHub/KBS_ESA_PAINGAME/KBS_ESA_PAINGAME_bsp/\libucosii_bsp.a(alt_release_fd.o)
 .data          0x0000000000013d0c        0x0 C:/Users/rickert/Documents/GitHub/KBS_ESA_PAINGAME/KBS_ESA_PAINGAME_bsp/\libucosii_bsp.a(alt_sbrk.o)
 .data          0x0000000000013d0c        0x0 C:/Users/rickert/Documents/GitHub/KBS_ESA_PAINGAME/KBS_ESA_PAINGAME_bsp/\libucosii_bsp.a(alt_write.o)
 .data          0x0000000000013d0c        0x0 C:/Users/rickert/Documents/GitHub/KBS_ESA_PAINGAME/KBS_ESA_PAINGAME_bsp/\libucosii_bsp.a(alt_env_lock.o)
 .data          0x0000000000013d0c        0x0 C:/Users/rickert/Documents/GitHub/KBS_ESA_PAINGAME/KBS_ESA_PAINGAME_bsp/\libucosii_bsp.a(alt_malloc_lock.o)
 .data          0x0000000000013d0c        0x0 C:/Users/rickert/Documents/GitHub/KBS_ESA_PAINGAME/KBS_ESA_PAINGAME_bsp/\libucosii_bsp.a(os_core.o)
 .data          0x0000000000013d0c        0x0 C:/Users/rickert/Documents/GitHub/KBS_ESA_PAINGAME/KBS_ESA_PAINGAME_bsp/\libucosii_bsp.a(os_dbg.o)
 .data          0x0000000000013d0c        0x0 C:/Users/rickert/Documents/GitHub/KBS_ESA_PAINGAME/KBS_ESA_PAINGAME_bsp/\libucosii_bsp.a(os_flag.o)
 .data          0x0000000000013d0c        0x0 C:/Users/rickert/Documents/GitHub/KBS_ESA_PAINGAME/KBS_ESA_PAINGAME_bsp/\libucosii_bsp.a(os_mbox.o)
 .data          0x0000000000013d0c        0x0 C:/Users/rickert/Documents/GitHub/KBS_ESA_PAINGAME/KBS_ESA_PAINGAME_bsp/\libucosii_bsp.a(os_mem.o)
 .data          0x0000000000013d0c        0x0 C:/Users/rickert/Documents/GitHub/KBS_ESA_PAINGAME/KBS_ESA_PAINGAME_bsp/\libucosii_bsp.a(os_q.o)
 .data          0x0000000000013d0c        0x0 C:/Users/rickert/Documents/GitHub/KBS_ESA_PAINGAME/KBS_ESA_PAINGAME_bsp/\libucosii_bsp.a(os_sem.o)
 .data          0x0000000000013d0c        0x0 C:/Users/rickert/Documents/GitHub/KBS_ESA_PAINGAME/KBS_ESA_PAINGAME_bsp/\libucosii_bsp.a(os_task.o)
 .data          0x0000000000013d0c        0x0 C:/Users/rickert/Documents/GitHub/KBS_ESA_PAINGAME/KBS_ESA_PAINGAME_bsp/\libucosii_bsp.a(os_time.o)
 .data          0x0000000000013d0c     0x13f0 C:/Users/rickert/Documents/GitHub/KBS_ESA_PAINGAME/KBS_ESA_PAINGAME_bsp/\libucosii_bsp.a(alt_sys_init.o)
 .data          0x00000000000150fc        0x0 C:/Users/rickert/Documents/GitHub/KBS_ESA_PAINGAME/KBS_ESA_PAINGAME_bsp/\libucosii_bsp.a(altera_avalon_jtag_uart_fd.o)
 .data          0x00000000000150fc        0x0 C:/Users/rickert/Documents/GitHub/KBS_ESA_PAINGAME/KBS_ESA_PAINGAME_bsp/\libucosii_bsp.a(altera_avalon_jtag_uart_init.o)
 .data          0x00000000000150fc        0x0 C:/Users/rickert/Documents/GitHub/KBS_ESA_PAINGAME/KBS_ESA_PAINGAME_bsp/\libucosii_bsp.a(altera_avalon_jtag_uart_ioctl.o)
 .data          0x00000000000150fc        0x0 C:/Users/rickert/Documents/GitHub/KBS_ESA_PAINGAME/KBS_ESA_PAINGAME_bsp/\libucosii_bsp.a(altera_avalon_jtag_uart_read.o)
 .data          0x00000000000150fc        0x0 C:/Users/rickert/Documents/GitHub/KBS_ESA_PAINGAME/KBS_ESA_PAINGAME_bsp/\libucosii_bsp.a(altera_avalon_jtag_uart_write.o)
 .data          0x00000000000150fc        0x0 C:/Users/rickert/Documents/GitHub/KBS_ESA_PAINGAME/KBS_ESA_PAINGAME_bsp/\libucosii_bsp.a(altera_avalon_timer_sc.o)
 .data          0x00000000000150fc        0x0 C:/Users/rickert/Documents/GitHub/KBS_ESA_PAINGAME/KBS_ESA_PAINGAME_bsp/\libucosii_bsp.a(altera_up_avalon_character_lcd.o)
 .data          0x00000000000150fc        0x0 C:/Users/rickert/Documents/GitHub/KBS_ESA_PAINGAME/KBS_ESA_PAINGAME_bsp/\libucosii_bsp.a(altera_up_avalon_irda.o)
 .data          0x00000000000150fc        0x0 C:/Users/rickert/Documents/GitHub/KBS_ESA_PAINGAME/KBS_ESA_PAINGAME_bsp/\libucosii_bsp.a(altera_up_avalon_parallel_port.o)
 .data          0x00000000000150fc        0x0 C:/Users/rickert/Documents/GitHub/KBS_ESA_PAINGAME/KBS_ESA_PAINGAME_bsp/\libucosii_bsp.a(altera_up_avalon_ps2.o)
 .data          0x00000000000150fc        0x0 C:/Users/rickert/Documents/GitHub/KBS_ESA_PAINGAME/KBS_ESA_PAINGAME_bsp/\libucosii_bsp.a(altera_up_avalon_rs232.o)
 .data          0x00000000000150fc        0x0 C:/Users/rickert/Documents/GitHub/KBS_ESA_PAINGAME/KBS_ESA_PAINGAME_bsp/\libucosii_bsp.a(altera_up_avalon_video_character_buffer_with_dma.o)
 .data          0x00000000000150fc        0x0 C:/Users/rickert/Documents/GitHub/KBS_ESA_PAINGAME/KBS_ESA_PAINGAME_bsp/\libucosii_bsp.a(alt_alarm_start.o)
 .data          0x00000000000150fc        0x0 C:/Users/rickert/Documents/GitHub/KBS_ESA_PAINGAME/KBS_ESA_PAINGAME_bsp/\libucosii_bsp.a(alt_dcache_flush_all.o)
 .data          0x00000000000150fc        0x0 C:/Users/rickert/Documents/GitHub/KBS_ESA_PAINGAME/KBS_ESA_PAINGAME_bsp/\libucosii_bsp.a(alt_dev_llist_insert.o)
 .data          0x00000000000150fc        0x0 C:/Users/rickert/Documents/GitHub/KBS_ESA_PAINGAME/KBS_ESA_PAINGAME_bsp/\libucosii_bsp.a(alt_do_ctors.o)
 .data          0x00000000000150fc        0x0 C:/Users/rickert/Documents/GitHub/KBS_ESA_PAINGAME/KBS_ESA_PAINGAME_bsp/\libucosii_bsp.a(alt_do_dtors.o)
 .data          0x00000000000150fc        0x0 C:/Users/rickert/Documents/GitHub/KBS_ESA_PAINGAME/KBS_ESA_PAINGAME_bsp/\libucosii_bsp.a(alt_find_dev.o)
 .data          0x00000000000150fc        0x0 C:/Users/rickert/Documents/GitHub/KBS_ESA_PAINGAME/KBS_ESA_PAINGAME_bsp/\libucosii_bsp.a(alt_icache_flush_all.o)
 .data          0x00000000000150fc        0x0 C:/Users/rickert/Documents/GitHub/KBS_ESA_PAINGAME/KBS_ESA_PAINGAME_bsp/\libucosii_bsp.a(alt_io_redirect.o)
 .data          0x00000000000150fc        0x0 C:/Users/rickert/Documents/GitHub/KBS_ESA_PAINGAME/KBS_ESA_PAINGAME_bsp/\libucosii_bsp.a(alt_irq_register.o)
 .data          0x00000000000150fc        0x0 C:/Users/rickert/Documents/GitHub/KBS_ESA_PAINGAME/KBS_ESA_PAINGAME_bsp/\libucosii_bsp.a(alt_irq_vars.o)
 .data          0x00000000000150fc        0x0 C:/Users/rickert/Documents/GitHub/KBS_ESA_PAINGAME/KBS_ESA_PAINGAME_bsp/\libucosii_bsp.a(alt_open.o)
 .data          0x00000000000150fc        0x0 C:/Users/rickert/Documents/GitHub/KBS_ESA_PAINGAME/KBS_ESA_PAINGAME_bsp/\libucosii_bsp.a(alt_tick.o)
 .data          0x00000000000150fc        0x0 C:/Users/rickert/Documents/GitHub/KBS_ESA_PAINGAME/KBS_ESA_PAINGAME_bsp/\libucosii_bsp.a(altera_nios2_gen2_irq.o)
 .data          0x00000000000150fc        0x0 C:/Users/rickert/Documents/GitHub/KBS_ESA_PAINGAME/KBS_ESA_PAINGAME_bsp/\libucosii_bsp.a(os_cpu_a.o)
 .data          0x00000000000150fc        0x0 C:/Users/rickert/Documents/GitHub/KBS_ESA_PAINGAME/KBS_ESA_PAINGAME_bsp/\libucosii_bsp.a(os_cpu_c.o)
 .data          0x00000000000150fc        0x0 C:/Users/rickert/Documents/GitHub/KBS_ESA_PAINGAME/KBS_ESA_PAINGAME_bsp/\libucosii_bsp.a(alt_find_file.o)
 .data          0x00000000000150fc        0x0 C:/Users/rickert/Documents/GitHub/KBS_ESA_PAINGAME/KBS_ESA_PAINGAME_bsp/\libucosii_bsp.a(alt_get_fd.o)
 .data          0x00000000000150fc        0x0 C:/Users/rickert/Documents/GitHub/KBS_ESA_PAINGAME/KBS_ESA_PAINGAME_bsp/\libucosii_bsp.a(alt_icache_flush.o)
 .data          0x00000000000150fc        0x0 C:/Users/rickert/Documents/GitHub/KBS_ESA_PAINGAME/KBS_ESA_PAINGAME_bsp/\libucosii_bsp.a(alt_irq_entry.o)
 .data          0x00000000000150fc        0x0 C:/Users/rickert/Documents/GitHub/KBS_ESA_PAINGAME/KBS_ESA_PAINGAME_bsp/\libucosii_bsp.a(alt_irq_handler.o)
 .data          0x00000000000150fc        0x0 C:/Users/rickert/Documents/GitHub/KBS_ESA_PAINGAME/KBS_ESA_PAINGAME_bsp/\libucosii_bsp.a(alt_exception_entry.o)
 .data          0x00000000000150fc        0x0 C:/Users/rickert/Documents/GitHub/KBS_ESA_PAINGAME/KBS_ESA_PAINGAME_bsp/\libucosii_bsp.a(alt_instruction_exception_entry.o)
 .data          0x00000000000150fc        0x0 c:/altera_lite/15.1/nios2eds/bin/gnu/h-x86_64-mingw32/bin/../lib/gcc/nios2-elf/4.9.2/../../../../../H-x86_64-mingw32/nios2-elf/lib/mhw-mulx\libc.a(lib_a-atexit.o)
 .data          0x00000000000150fc        0x0 c:/altera_lite/15.1/nios2eds/bin/gnu/h-x86_64-mingw32/bin/../lib/gcc/nios2-elf/4.9.2/../../../../../H-x86_64-mingw32/nios2-elf/lib/mhw-mulx\libc.a(lib_a-exit.o)
 .data          0x00000000000150fc        0x0 c:/altera_lite/15.1/nios2eds/bin/gnu/h-x86_64-mingw32/bin/../lib/gcc/nios2-elf/4.9.2/../../../../../H-x86_64-mingw32/nios2-elf/lib/mhw-mulx\libc.a(lib_a-memcmp.o)
 .data          0x00000000000150fc        0x0 c:/altera_lite/15.1/nios2eds/bin/gnu/h-x86_64-mingw32/bin/../lib/gcc/nios2-elf/4.9.2/../../../../../H-x86_64-mingw32/nios2-elf/lib/mhw-mulx\libc.a(lib_a-strcmp.o)
 .data          0x00000000000150fc        0x0 c:/altera_lite/15.1/nios2eds/bin/gnu/h-x86_64-mingw32/bin/../lib/gcc/nios2-elf/4.9.2/../../../../../H-x86_64-mingw32/nios2-elf/lib/mhw-mulx\libc.a(lib_a-__atexit.o)
 .data          0x00000000000150fc        0x0 c:/altera_lite/15.1/nios2eds/bin/gnu/h-x86_64-mingw32/bin/../lib/gcc/nios2-elf/4.9.2/../../../../../H-x86_64-mingw32/nios2-elf/lib/mhw-mulx\libc.a(lib_a-__call_atexit.o)
 .data          0x00000000000150fc        0x0 C:/Users/rickert/Documents/GitHub/KBS_ESA_PAINGAME/KBS_ESA_PAINGAME_bsp/\libucosii_bsp.a(alt_exit.o)
                0x000000000001d0fc                _gp = ABSOLUTE ((. + 0x8000))
                0x000000000001d0fc                PROVIDE (gp, _gp)
 *(.rwdata .rwdata.*)
 *(.sdata .sdata.* .gnu.linkonce.s.*)
 .sdata         0x00000000000150fc        0xc obj/default/Game.o
                0x00000000000150fc                first
                0x0000000000015100                check
                0x0000000000015104                leven
 .sdata         0x0000000000015108       0x24 obj/default/Menu.o
                0x0000000000015108                gameModeMenu
                0x000000000001510c                xLinks
                0x0000000000015110                xRechts
                0x0000000000015114                xBoven
                0x0000000000015118                xOnder
                0x000000000001511c                xMenu
                0x0000000000015120                yMenu
                0x0000000000015124                eenkeer
                0x0000000000015128                onePress
 .sdata         0x000000000001512c        0x4 obj/default/hello_ucosii.o
                0x000000000001512c                interval_timer_ptr
 .sdata._global_impure_ptr
                0x0000000000015130        0x4 c:/altera_lite/15.1/nios2eds/bin/gnu/h-x86_64-mingw32/bin/../lib/gcc/nios2-elf/4.9.2/../../../../../H-x86_64-mingw32/nios2-elf/lib/mhw-mulx\libc.a(lib_a-impure.o)
                0x0000000000015130                _global_impure_ptr
 .sdata._impure_ptr
                0x0000000000015134        0x4 c:/altera_lite/15.1/nios2eds/bin/gnu/h-x86_64-mingw32/bin/../lib/gcc/nios2-elf/4.9.2/../../../../../H-x86_64-mingw32/nios2-elf/lib/mhw-mulx\libc.a(lib_a-impure.o)
                0x0000000000015134                _impure_ptr
 .sdata.__malloc_sbrk_base
                0x0000000000015138        0x4 c:/altera_lite/15.1/nios2eds/bin/gnu/h-x86_64-mingw32/bin/../lib/gcc/nios2-elf/4.9.2/../../../../../H-x86_64-mingw32/nios2-elf/lib/mhw-mulx\libc.a(lib_a-mallocr.o)
                0x0000000000015138                __malloc_sbrk_base
 .sdata.__malloc_trim_threshold
                0x000000000001513c        0x4 c:/altera_lite/15.1/nios2eds/bin/gnu/h-x86_64-mingw32/bin/../lib/gcc/nios2-elf/4.9.2/../../../../../H-x86_64-mingw32/nios2-elf/lib/mhw-mulx\libc.a(lib_a-mallocr.o)
                0x000000000001513c                __malloc_trim_threshold
 .sdata         0x0000000000015140       0x14 C:/Users/rickert/Documents/GitHub/KBS_ESA_PAINGAME/KBS_ESA_PAINGAME_bsp/\libucosii_bsp.a(alt_dev.o)
                0x0000000000015140                alt_fs_list
                0x0000000000015148                alt_dev_list
                0x0000000000015150                alt_max_fd
 .sdata         0x0000000000015154        0x4 C:/Users/rickert/Documents/GitHub/KBS_ESA_PAINGAME/KBS_ESA_PAINGAME_bsp/\libucosii_bsp.a(alt_errno.o)
                0x0000000000015154                alt_errno
 .sdata         0x0000000000015158        0x4 C:/Users/rickert/Documents/GitHub/KBS_ESA_PAINGAME/KBS_ESA_PAINGAME_bsp/\libucosii_bsp.a(alt_sbrk.o)
 .sdata         0x000000000001515c        0x4 C:/Users/rickert/Documents/GitHub/KBS_ESA_PAINGAME/KBS_ESA_PAINGAME_bsp/\libucosii_bsp.a(alt_env_lock.o)
 .sdata         0x0000000000015160        0x4 C:/Users/rickert/Documents/GitHub/KBS_ESA_PAINGAME/KBS_ESA_PAINGAME_bsp/\libucosii_bsp.a(alt_malloc_lock.o)
 .sdata         0x0000000000015164       0x74 C:/Users/rickert/Documents/GitHub/KBS_ESA_PAINGAME/KBS_ESA_PAINGAME_bsp/\libucosii_bsp.a(os_dbg.o)
                0x0000000000015164                OSDebugEn
                0x0000000000015168                OSEndiannessTest
                0x000000000001516c                OSEventEn
                0x000000000001516e                OSEventMax
                0x0000000000015170                OSEventNameSize
                0x0000000000015172                OSEventSize
                0x0000000000015174                OSEventTblSize
                0x0000000000015176                OSEventMultiEn
                0x0000000000015178                OSFlagEn
                0x000000000001517a                OSFlagGrpSize
                0x000000000001517c                OSFlagNodeSize
                0x000000000001517e                OSFlagWidth
                0x0000000000015180                OSFlagMax
                0x0000000000015182                OSFlagNameSize
                0x0000000000015184                OSLowestPrio
                0x0000000000015186                OSMboxEn
                0x0000000000015188                OSMemEn
                0x000000000001518a                OSMemMax
                0x000000000001518c                OSMemNameSize
                0x000000000001518e                OSMemSize
                0x0000000000015190                OSMemTblSize
                0x0000000000015192                OSMutexEn
                0x0000000000015194                OSPtrSize
                0x0000000000015196                OSQEn
                0x0000000000015198                OSQMax
                0x000000000001519a                OSQSize
                0x000000000001519c                OSRdyTblSize
                0x000000000001519e                OSSemEn
                0x00000000000151a0                OSStkWidth
                0x00000000000151a2                OSTaskCreateEn
                0x00000000000151a4                OSTaskCreateExtEn
                0x00000000000151a6                OSTaskDelEn
                0x00000000000151a8                OSTaskIdleStkSize
                0x00000000000151aa                OSTaskProfileEn
                0x00000000000151ac                OSTaskMax
                0x00000000000151ae                OSTaskNameSize
                0x00000000000151b0                OSTaskStatEn
                0x00000000000151b2                OSTaskStatStkSize
                0x00000000000151b4                OSTaskStatStkChkEn
                0x00000000000151b6                OSTaskSwHookEn
                0x00000000000151b8                OSTCBPrioTblMax
                0x00000000000151ba                OSTCBSize
                0x00000000000151bc                OSTicksPerSec
                0x00000000000151be                OSTimeTickHookEn
                0x00000000000151c0                OSVersionNbr
                0x00000000000151c2                OSTmrEn
                0x00000000000151c4                OSTmrCfgMax
                0x00000000000151c6                OSTmrCfgNameSize
                0x00000000000151c8                OSTmrCfgWheelSize
                0x00000000000151ca                OSTmrCfgTicksPerSec
                0x00000000000151cc                OSTmrSize
                0x00000000000151ce                OSTmrTblSize
                0x00000000000151d0                OSTmrWheelSize
                0x00000000000151d2                OSTmrWheelTblSize
                0x00000000000151d4                OSDataSize
 .sdata         0x00000000000151d8        0x4 C:/Users/rickert/Documents/GitHub/KBS_ESA_PAINGAME/KBS_ESA_PAINGAME_bsp/\libucosii_bsp.a(alt_irq_vars.o)
                0x00000000000151d8                alt_priority_mask
 .sdata         0x00000000000151dc        0x8 C:/Users/rickert/Documents/GitHub/KBS_ESA_PAINGAME/KBS_ESA_PAINGAME_bsp/\libucosii_bsp.a(alt_tick.o)
                0x00000000000151dc                alt_alarm_list
 *(.sdata2 .sdata2.* .gnu.linkonce.s2.*)
                0x00000000000151e4                . = ALIGN (0x4)
                0x00000000000151e4                _edata = ABSOLUTE (.)
                0x00000000000151e4                PROVIDE (edata, ABSOLUTE (.))
                0x00000000000151e4                PROVIDE (__ram_rwdata_end, ABSOLUTE (.))
                0x00000000000151e4                PROVIDE (__flash_rwdata_start, LOADADDR (.rwdata))

.bss            0x00000000000170b8     0xfc10
                0x00000000000170b8                __bss_start = ABSOLUTE (.)
                0x00000000000170b8                PROVIDE (__sbss_start, ABSOLUTE (.))
                0x00000000000170b8                PROVIDE (___sbss_start, ABSOLUTE (.))
 *(.dynsbss)
 *(.sbss .sbss.* .gnu.linkonce.sb.*)
 .sbss          0x00000000000170b8        0x4 obj/default/Contoller.o
                0x00000000000170b8                counter3
 .sbss          0x00000000000170bc       0x1c obj/default/Contoller.o
                0x00000000000170bc                gpio_dev
                0x00000000000170c0                controllerSem
                0x00000000000170c4                counter1
                0x00000000000170c8                MailBox2
                0x00000000000170cc                Flags
                0x00000000000170d0                MailBox
                0x00000000000170d4                counter2
 .sbss          0x00000000000170d8       0x30 obj/default/Game.o
                0x00000000000170d8                score2
                0x00000000000170dc                random
                0x00000000000170e0                pixel_buffer_y
                0x00000000000170e4                score1
                0x00000000000170e8                pixel_buffer_x
                0x00000000000170ec                ALT_y
                0x00000000000170f0                ALT_inc_y
                0x00000000000170f4                gameSem
                0x00000000000170f8                ALT_x1
                0x00000000000170fc                ALT_inc_x
                0x0000000000017100                ALT_x2
                0x0000000000017104                X
 .sbss          0x0000000000017108       0x10 obj/default/Menu.o
                0x0000000000017108                vorige
                0x000000000001710c                last
                0x0000000000017110                changed
                0x0000000000017114                menuSem
 .sbss          0x0000000000017118        0x4 obj/default/hello_ucosii.o
                0x0000000000017118                timeout
 .sbss.__malloc_max_total_mem
                0x000000000001711c        0x4 c:/altera_lite/15.1/nios2eds/bin/gnu/h-x86_64-mingw32/bin/../lib/gcc/nios2-elf/4.9.2/../../../../../H-x86_64-mingw32/nios2-elf/lib/mhw-mulx\libc.a(lib_a-mallocr.o)
                0x000000000001711c                __malloc_max_total_mem
 .sbss.__malloc_max_sbrked_mem
                0x0000000000017120        0x4 c:/altera_lite/15.1/nios2eds/bin/gnu/h-x86_64-mingw32/bin/../lib/gcc/nios2-elf/4.9.2/../../../../../H-x86_64-mingw32/nios2-elf/lib/mhw-mulx\libc.a(lib_a-mallocr.o)
                0x0000000000017120                __malloc_max_sbrked_mem
 .sbss.__malloc_top_pad
                0x0000000000017124        0x4 c:/altera_lite/15.1/nios2eds/bin/gnu/h-x86_64-mingw32/bin/../lib/gcc/nios2-elf/4.9.2/../../../../../H-x86_64-mingw32/nios2-elf/lib/mhw-mulx\libc.a(lib_a-mallocr.o)
                0x0000000000017124                __malloc_top_pad
 .sbss          0x0000000000017128        0x4 c:/altera_lite/15.1/nios2eds/bin/gnu/h-x86_64-mingw32/bin/../lib/gcc/nios2-elf/4.9.2/../../../../../H-x86_64-mingw32/nios2-elf/lib/mhw-mulx\libc.a(lib_a-int_errno.o)
                0x0000000000017128                errno
 .sbss          0x000000000001712c        0x4 C:/Users/rickert/Documents/GitHub/KBS_ESA_PAINGAME/KBS_ESA_PAINGAME_bsp/\libucosii_bsp.a(alt_dev.o)
                0x000000000001712c                alt_fd_list_lock
 .sbss          0x0000000000017130        0xc C:/Users/rickert/Documents/GitHub/KBS_ESA_PAINGAME/KBS_ESA_PAINGAME_bsp/\libucosii_bsp.a(alt_main.o)
                0x0000000000017130                alt_argc
                0x0000000000017134                alt_argv
                0x0000000000017138                alt_envp
 .sbss          0x000000000001713c        0x8 C:/Users/rickert/Documents/GitHub/KBS_ESA_PAINGAME/KBS_ESA_PAINGAME_bsp/\libucosii_bsp.a(alt_env_lock.o)
                0x0000000000017140                alt_envsem
 .sbss          0x0000000000017144        0x8 C:/Users/rickert/Documents/GitHub/KBS_ESA_PAINGAME/KBS_ESA_PAINGAME_bsp/\libucosii_bsp.a(alt_malloc_lock.o)
                0x0000000000017148                alt_heapsem
 .sbss          0x000000000001714c       0x50 C:/Users/rickert/Documents/GitHub/KBS_ESA_PAINGAME/KBS_ESA_PAINGAME_bsp/\libucosii_bsp.a(os_core.o)
                0x000000000001714c                OSLockNesting
                0x000000000001714d                OSRunning
                0x0000000000017150                OSIdleCtr
                0x0000000000017154                OSPrioHighRdy
                0x0000000000017155                OSPrioCur
                0x0000000000017158                OSTCBList
                0x000000000001715c                OSTickStepState
                0x0000000000017160                OSCtxSwCtr
                0x0000000000017164                OSIdleCtrMax
                0x0000000000017168                OSTCBFreeList
                0x000000000001716c                OSCPUUsage
                0x000000000001716d                OSTaskCtr
                0x0000000000017170                OSMemFreeList
                0x0000000000017174                OSTCBHighRdy
                0x0000000000017178                OSQFreeList
                0x000000000001717c                OSRdyGrp
                0x000000000001717d                OSRdyTbl
                0x0000000000017180                OSEventFreeList
                0x0000000000017184                OSIntNesting
                0x0000000000017188                OSTCBCur
                0x000000000001718c                OSTime
                0x0000000000017190                OSFlagFreeList
                0x0000000000017194                OSStatRdy
                0x0000000000017198                OSIdleCtrRun
 .sbss          0x000000000001719c        0x4 C:/Users/rickert/Documents/GitHub/KBS_ESA_PAINGAME/KBS_ESA_PAINGAME_bsp/\libucosii_bsp.a(alt_irq_vars.o)
                0x000000000001719c                alt_irq_active
 .sbss          0x00000000000171a0        0x8 C:/Users/rickert/Documents/GitHub/KBS_ESA_PAINGAME/KBS_ESA_PAINGAME_bsp/\libucosii_bsp.a(alt_tick.o)
                0x00000000000171a0                _alt_tick_rate
                0x00000000000171a4                _alt_nticks
 .sbss          0x00000000000171a8        0x4 C:/Users/rickert/Documents/GitHub/KBS_ESA_PAINGAME/KBS_ESA_PAINGAME_bsp/\libucosii_bsp.a(alt_instruction_exception_entry.o)
                0x00000000000171a8                alt_instruction_exception_handler
 *(.sbss2 .sbss2.* .gnu.linkonce.sb2.*)
 *(.scommon)
                0x00000000000171ac                PROVIDE (__sbss_end, ABSOLUTE (.))
                0x00000000000171ac                PROVIDE (___sbss_end, ABSOLUTE (.))
 *(.dynbss)
 *(.bss .bss.* .gnu.linkonce.b.*)
 .bss           0x00000000000171ac        0x0 C:/Users/rickert/Documents/GitHub/KBS_ESA_PAINGAME/KBS_ESA_PAINGAME_bsp//obj/HAL/src/crt0.o
 .bss           0x00000000000171ac        0x0 obj/default/Contoller.o
 .bss           0x00000000000171ac        0x0 obj/default/Game.o
 .bss           0x00000000000171ac        0x0 obj/default/Menu.o
 .bss           0x00000000000171ac        0x0 obj/default/Singleplayer.o
 .bss           0x00000000000171ac        0x0 obj/default/Tutorial.o
 .bss           0x00000000000171ac        0x0 obj/default/hello_ucosii.o
 .bss           0x00000000000171ac        0x0 c:/altera_lite/15.1/nios2eds/bin/gnu/h-x86_64-mingw32/bin/../lib/gcc/nios2-elf/4.9.2/../../../../../H-x86_64-mingw32/nios2-elf/lib/mhw-mulx\libc.a(lib_a-puts.o)
 .bss           0x00000000000171ac        0x0 c:/altera_lite/15.1/nios2eds/bin/gnu/h-x86_64-mingw32/bin/../lib/gcc/nios2-elf/4.9.2/../../../../../H-x86_64-mingw32/nios2-elf/lib/mhw-mulx\libc.a(lib_a-strlen.o)
 .bss           0x00000000000171ac        0x0 c:/altera_lite/15.1/nios2eds/bin/gnu/h-x86_64-mingw32/bin/../lib/gcc/nios2-elf/4.9.2/../../../../../H-x86_64-mingw32/nios2-elf/lib/mhw-mulx\libc.a(lib_a-fvwrite.o)
 .bss           0x00000000000171ac        0x0 c:/altera_lite/15.1/nios2eds/bin/gnu/h-x86_64-mingw32/bin/../lib/gcc/nios2-elf/4.9.2/../../../../../H-x86_64-mingw32/nios2-elf/lib/mhw-mulx\libc.a(lib_a-impure.o)
 .bss           0x00000000000171ac        0x0 c:/altera_lite/15.1/nios2eds/bin/gnu/h-x86_64-mingw32/bin/../lib/gcc/nios2-elf/4.9.2/../../../../../H-x86_64-mingw32/nios2-elf/lib/mhw-mulx\libc.a(lib_a-mallocr.o)
 .bss.__malloc_current_mallinfo
                0x00000000000171ac       0x28 c:/altera_lite/15.1/nios2eds/bin/gnu/h-x86_64-mingw32/bin/../lib/gcc/nios2-elf/4.9.2/../../../../../H-x86_64-mingw32/nios2-elf/lib/mhw-mulx\libc.a(lib_a-mallocr.o)
                0x00000000000171ac                __malloc_current_mallinfo
 .bss           0x00000000000171d4        0x0 c:/altera_lite/15.1/nios2eds/bin/gnu/h-x86_64-mingw32/bin/../lib/gcc/nios2-elf/4.9.2/../../../../../H-x86_64-mingw32/nios2-elf/lib/mhw-mulx\libc.a(lib_a-memchr.o)
 .bss           0x00000000000171d4        0x0 c:/altera_lite/15.1/nios2eds/bin/gnu/h-x86_64-mingw32/bin/../lib/gcc/nios2-elf/4.9.2/../../../../../H-x86_64-mingw32/nios2-elf/lib/mhw-mulx\libc.a(lib_a-memcpy.o)
 .bss           0x00000000000171d4        0x0 c:/altera_lite/15.1/nios2eds/bin/gnu/h-x86_64-mingw32/bin/../lib/gcc/nios2-elf/4.9.2/../../../../../H-x86_64-mingw32/nios2-elf/lib/mhw-mulx\libc.a(lib_a-memmove.o)
 .bss           0x00000000000171d4        0x0 c:/altera_lite/15.1/nios2eds/bin/gnu/h-x86_64-mingw32/bin/../lib/gcc/nios2-elf/4.9.2/../../../../../H-x86_64-mingw32/nios2-elf/lib/mhw-mulx\libc.a(lib_a-reallocr.o)
 .bss           0x00000000000171d4        0x0 c:/altera_lite/15.1/nios2eds/bin/gnu/h-x86_64-mingw32/bin/../lib/gcc/nios2-elf/4.9.2/../../../../../H-x86_64-mingw32/nios2-elf/lib/mhw-mulx\libc.a(lib_a-sbrkr.o)
 .bss           0x00000000000171d4        0x0 c:/altera_lite/15.1/nios2eds/bin/gnu/h-x86_64-mingw32/bin/../lib/gcc/nios2-elf/4.9.2/../../../../../H-x86_64-mingw32/nios2-elf/lib/mhw-mulx\libc.a(lib_a-wsetup.o)
 .bss           0x00000000000171d4        0x0 c:/altera_lite/15.1/nios2eds/bin/gnu/h-x86_64-mingw32/bin/../lib/gcc/nios2-elf/4.9.2/../../../../../H-x86_64-mingw32/nios2-elf/lib/mhw-mulx\libc.a(lib_a-fflush.o)
 .bss           0x00000000000171d4        0x0 c:/altera_lite/15.1/nios2eds/bin/gnu/h-x86_64-mingw32/bin/../lib/gcc/nios2-elf/4.9.2/../../../../../H-x86_64-mingw32/nios2-elf/lib/mhw-mulx\libc.a(lib_a-findfp.o)
 .bss           0x00000000000171d4        0x0 c:/altera_lite/15.1/nios2eds/bin/gnu/h-x86_64-mingw32/bin/../lib/gcc/nios2-elf/4.9.2/../../../../../H-x86_64-mingw32/nios2-elf/lib/mhw-mulx\libc.a(lib_a-freer.o)
 .bss           0x00000000000171d4        0x0 c:/altera_lite/15.1/nios2eds/bin/gnu/h-x86_64-mingw32/bin/../lib/gcc/nios2-elf/4.9.2/../../../../../H-x86_64-mingw32/nios2-elf/lib/mhw-mulx\libc.a(lib_a-fwalk.o)
 .bss           0x00000000000171d4        0x0 c:/altera_lite/15.1/nios2eds/bin/gnu/h-x86_64-mingw32/bin/../lib/gcc/nios2-elf/4.9.2/../../../../../H-x86_64-mingw32/nios2-elf/lib/mhw-mulx\libc.a(lib_a-int_errno.o)
 .bss           0x00000000000171d4        0x0 c:/altera_lite/15.1/nios2eds/bin/gnu/h-x86_64-mingw32/bin/../lib/gcc/nios2-elf/4.9.2/../../../../../H-x86_64-mingw32/nios2-elf/lib/mhw-mulx\libc.a(lib_a-makebuf.o)