Archive member included to satisfy reference by file (symbol)

c:/altera_lite/15.1/nios2eds/bin/gnu/h-x86_64-mingw32/bin/../lib/gcc/nios2-elf/4.9.2/../../../../../H-x86_64-mingw32/nios2-elf/lib/mhw-mulx\libc.a(lib_a-bzero.o)
                              obj/default/Game.o (bzero)
c:/altera_lite/15.1/nios2eds/bin/gnu/h-x86_64-mingw32/bin/../lib/gcc/nios2-elf/4.9.2/../../../../../H-x86_64-mingw32/nios2-elf/lib/mhw-mulx\libc.a(lib_a-memset.o)
                              obj/default/Game.o (memset)
c:/altera_lite/15.1/nios2eds/bin/gnu/h-x86_64-mingw32/bin/../lib/gcc/nios2-elf/4.9.2/../../../../../H-x86_64-mingw32/nios2-elf/lib/mhw-mulx\libc.a(lib_a-printf.o)
                              obj/default/Game.o (printf)
c:/altera_lite/15.1/nios2eds/bin/gnu/h-x86_64-mingw32/bin/../lib/gcc/nios2-elf/4.9.2/../../../../../H-x86_64-mingw32/nios2-elf/lib/mhw-mulx\libc.a(lib_a-putchar.o)
                              obj/default/Game.o (putchar)
c:/altera_lite/15.1/nios2eds/bin/gnu/h-x86_64-mingw32/bin/../lib/gcc/nios2-elf/4.9.2/../../../../../H-x86_64-mingw32/nios2-elf/lib/mhw-mulx\libc.a(lib_a-puts.o)
                              obj/default/Game.o (puts)
c:/altera_lite/15.1/nios2eds/bin/gnu/h-x86_64-mingw32/bin/../lib/gcc/nios2-elf/4.9.2/../../../../../H-x86_64-mingw32/nios2-elf/lib/mhw-mulx\libc.a(lib_a-sprintf.o)
                              obj/default/Game.o (sprintf)
c:/altera_lite/15.1/nios2eds/bin/gnu/h-x86_64-mingw32/bin/../lib/gcc/nios2-elf/4.9.2/../../../../../H-x86_64-mingw32/nios2-elf/lib/mhw-mulx\libc.a(lib_a-strcat.o)
                              obj/default/Game.o (strcat)
c:/altera_lite/15.1/nios2eds/bin/gnu/h-x86_64-mingw32/bin/../lib/gcc/nios2-elf/4.9.2/../../../../../H-x86_64-mingw32/nios2-elf/lib/mhw-mulx\libc.a(lib_a-strcpy.o)
                              obj/default/Game.o (strcpy)
c:/altera_lite/15.1/nios2eds/bin/gnu/h-x86_64-mingw32/bin/../lib/gcc/nios2-elf/4.9.2/../../../../../H-x86_64-mingw32/nios2-elf/lib/mhw-mulx\libc.a(lib_a-strlen.o)
                              obj/default/Game.o (strlen)
c:/altera_lite/15.1/nios2eds/bin/gnu/h-x86_64-mingw32/bin/../lib/gcc/nios2-elf/4.9.2/../../../../../H-x86_64-mingw32/nios2-elf/lib/mhw-mulx\libc.a(lib_a-svfprintf.o)
                              c:/altera_lite/15.1/nios2eds/bin/gnu/h-x86_64-mingw32/bin/../lib/gcc/nios2-elf/4.9.2/../../../../../H-x86_64-mingw32/nios2-elf/lib/mhw-mulx\libc.a(lib_a-sprintf.o) (___svfprintf_internal_r)
c:/altera_lite/15.1/nios2eds/bin/gnu/h-x86_64-mingw32/bin/../lib/gcc/nios2-elf/4.9.2/../../../../../H-x86_64-mingw32/nios2-elf/lib/mhw-mulx\libc.a(lib_a-vfprintf.o)
                              c:/altera_lite/15.1/nios2eds/bin/gnu/h-x86_64-mingw32/bin/../lib/gcc/nios2-elf/4.9.2/../../../../../H-x86_64-mingw32/nios2-elf/lib/mhw-mulx\libc.a(lib_a-printf.o) (___vfprintf_internal_r)
c:/altera_lite/15.1/nios2eds/bin/gnu/h-x86_64-mingw32/bin/../lib/gcc/nios2-elf/4.9.2/../../../../../H-x86_64-mingw32/nios2-elf/lib/mhw-mulx\libc.a(lib_a-wsetup.o)
                              c:/altera_lite/15.1/nios2eds/bin/gnu/h-x86_64-mingw32/bin/../lib/gcc/nios2-elf/4.9.2/../../../../../H-x86_64-mingw32/nios2-elf/lib/mhw-mulx\libc.a(lib_a-vfprintf.o) (__swsetup_r)
c:/altera_lite/15.1/nios2eds/bin/gnu/h-x86_64-mingw32/bin/../lib/gcc/nios2-elf/4.9.2/../../../../../H-x86_64-mingw32/nios2-elf/lib/mhw-mulx\libc.a(lib_a-dtoa.o)
                              c:/altera_lite/15.1/nios2eds/bin/gnu/h-x86_64-mingw32/bin/../lib/gcc/nios2-elf/4.9.2/../../../../../H-x86_64-mingw32/nios2-elf/lib/mhw-mulx\libc.a(lib_a-svfprintf.o) (_dtoa_r)
c:/altera_lite/15.1/nios2eds/bin/gnu/h-x86_64-mingw32/bin/../lib/gcc/nios2-elf/4.9.2/../../../../../H-x86_64-mingw32/nios2-elf/lib/mhw-mulx\libc.a(lib_a-fflush.o)
                              c:/altera_lite/15.1/nios2eds/bin/gnu/h-x86_64-mingw32/bin/../lib/gcc/nios2-elf/4.9.2/../../../../../H-x86_64-mingw32/nios2-elf/lib/mhw-mulx\libc.a(lib_a-vfprintf.o) (_fflush_r)
c:/altera_lite/15.1/nios2eds/bin/gnu/h-x86_64-mingw32/bin/../lib/gcc/nios2-elf/4.9.2/../../../../../H-x86_64-mingw32/nios2-elf/lib/mhw-mulx\libc.a(lib_a-findfp.o)
                              c:/altera_lite/15.1/nios2eds/bin/gnu/h-x86_64-mingw32/bin/../lib/gcc/nios2-elf/4.9.2/../../../../../H-x86_64-mingw32/nios2-elf/lib/mhw-mulx\libc.a(lib_a-vfprintf.o) (__sinit)
c:/altera_lite/15.1/nios2eds/bin/gnu/h-x86_64-mingw32/bin/../lib/gcc/nios2-elf/4.9.2/../../../../../H-x86_64-mingw32/nios2-elf/lib/mhw-mulx\libc.a(lib_a-freer.o)
                              c:/altera_lite/15.1/nios2eds/bin/gnu/h-x86_64-mingw32/bin/../lib/gcc/nios2-elf/4.9.2/../../../../../H-x86_64-mingw32/nios2-elf/lib/mhw-mulx\libc.a(lib_a-wsetup.o) (_free_r)
c:/altera_lite/15.1/nios2eds/bin/gnu/h-x86_64-mingw32/bin/../lib/gcc/nios2-elf/4.9.2/../../../../../H-x86_64-mingw32/nios2-elf/lib/mhw-mulx\libc.a(lib_a-fvwrite.o)
[...]
Memory Configuration

Name             Origin             Length             Attributes
reset            0x0000000000000000 0x0000000000000020
SDRAM            0x0000000000000020 0x0000000003ffffe0
Flash_flash_data 0x000000000c000000 0x0000000000800000
*default*        0x0000000000000000 0xffffffffffffffff

Linker script and memory map

LOAD C:/Users/rickert/Documents/GitHub/KBS_ESA_PAINGAME/KBS_ESA_PAINGAME_bsp//obj/HAL/src/crt0.o
LOAD obj/default/Contoller.o
LOAD obj/default/Game.o
LOAD obj/default/Menu.o
LOAD obj/default/Singleplayer.o
LOAD obj/default/Tutorial.o
LOAD obj/default/hello_ucosii.o
LOAD c:/altera_lite/15.1/nios2eds/bin/gnu/h-x86_64-mingw32/bin/../lib/gcc/nios2-elf/4.9.2/../../../../../H-x86_64-mingw32/nios2-elf/lib/mhw-mulx\libstdc++.a
LOAD c:/altera_lite/15.1/nios2eds/bin/gnu/h-x86_64-mingw32/bin/../lib/gcc/nios2-elf/4.9.2/../../../../../H-x86_64-mingw32/nios2-elf/lib/mhw-mulx\libm.a
LOAD c:/altera_lite/15.1/nios2eds/bin/gnu/h-x86_64-mingw32/bin/../lib/gcc/nios2-elf/4.9.2/mhw-mulx\libgcc.a
START GROUP
LOAD c:/altera_lite/15.1/nios2eds/bin/gnu/h-x86_64-mingw32/bin/../lib/gcc/nios2-elf/4.9.2/../../../../../H-x86_64-mingw32/nios2-elf/lib/mhw-mulx\libc.a
LOAD c:/altera_lite/15.1/nios2eds/bin/gnu/h-x86_64-mingw32/bin/../lib/gcc/nios2-elf/4.9.2/mhw-mulx\libgcc.a
LOAD C:/Users/rickert/Documents/GitHub/KBS_ESA_PAINGAME/KBS_ESA_PAINGAME_bsp/\libucosii_bsp.a
LOAD c:/altera_lite/15.1/nios2eds/bin/gnu/h-x86_64-mingw32/bin/../lib/gcc/nios2-elf/4.9.2/../../../../../H-x86_64-mingw32/nios2-elf/lib/mhw-mulx\libm.a
END GROUP
LOAD c:/altera_lite/15.1/nios2eds/bin/gnu/h-x86_64-mingw32/bin/../lib/gcc/nios2-elf/4.9.2/mhw-mulx\libgcc.a
                0x0000000000000000                __alt_mem_SDRAM = 0x0
                0x000000000c000000                __alt_mem_Flash_flash_data = 0xc000000

.entry          0x0000000000000000       0x20
 *(.entry)
 .entry         0x0000000000000000       0x20 C:/Users/rickert/Documents/GitHub/KBS_ESA_PAINGAME/KBS_ESA_PAINGAME_bsp//obj/HAL/src/crt0.o
                0x0000000000000000                __reset

.exceptions     0x0000000000000020      0x224
                0x0000000000000020                PROVIDE (__ram_exceptions_start, ABSOLUTE (.))
                0x0000000000000020                . = ALIGN (0x20)
 *(.irq)
 *(.exceptions.entry.label)
 .exceptions.entry.label
                0x0000000000000020        0x0 C:/Users/rickert/Documents/GitHub/KBS_ESA_PAINGAME/KBS_ESA_PAINGAME_bsp/\libucosii_bsp.a(alt_irq_entry.o)
                0x0000000000000020                alt_irq_entry
 .exceptions.entry.label
                0x0000000000000020        0x0 C:/Users/rickert/Documents/GitHub/KBS_ESA_PAINGAME/KBS_ESA_PAINGAME_bsp/\libucosii_bsp.a(alt_exception_entry.o)
                0x0000000000000020                alt_exception
 *(.exceptions.entry.user)
 *(.exceptions.entry.ecc_fatal)
 *(.exceptions.entry)
 .exceptions.entry
                0x0000000000000020       0x54 C:/Users/rickert/Documents/GitHub/KBS_ESA_PAINGAME/KBS_ESA_PAINGAME_bsp/\libucosii_bsp.a(alt_exception_entry.o)
 *(.exceptions.irqtest.user)
 *(.exceptions.irqtest)
 .exceptions.irqtest
                0x0000000000000074       0x10 C:/Users/rickert/Documents/GitHub/KBS_ESA_PAINGAME/KBS_ESA_PAINGAME_bsp/\libucosii_bsp.a(alt_irq_entry.o)
 *(.exceptions.irqhandler.user)
 *(.exceptions.irqhandler)
 .exceptions.irqhandler
                0x0000000000000084        0x4 C:/Users/rickert/Documents/GitHub/KBS_ESA_PAINGAME/KBS_ESA_PAINGAME_bsp/\libucosii_bsp.a(alt_irq_entry.o)
 *(.exceptions.irqreturn.user)
 *(.exceptions.irqreturn)
 .exceptions.irqreturn
                0x0000000000000088        0x4 C:/Users/rickert/Documents/GitHub/KBS_ESA_PAINGAME/KBS_ESA_PAINGAME_bsp/\libucosii_bsp.a(alt_irq_entry.o)
 *(.exceptions.notirq.label)
 .exceptions.notirq.label
                0x000000000000008c        0x0 C:/Users/rickert/Documents/GitHub/KBS_ESA_PAINGAME/KBS_ESA_PAINGAME_bsp/\libucosii_bsp.a(alt_irq_entry.o)
 *(.exceptions.notirq.user)
 *(.exceptions.notirq)
 .exceptions.notirq
                0x000000000000008c        0x8 C:/Users/rickert/Documents/GitHub/KBS_ESA_PAINGAME/KBS_ESA_PAINGAME_bsp/\libucosii_bsp.a(alt_exception_entry.o)
 *(.exceptions.soft.user)
 *(.exceptions.soft)
 *(.exceptions.unknown.user)
 *(.exceptions.unknown)
 .exceptions.unknown
                0x0000000000000094       0x14 C:/Users/rickert/Documents/GitHub/KBS_ESA_PAINGAME/KBS_ESA_PAINGAME_bsp/\libucosii_bsp.a(alt_exception_entry.o)
 *(.exceptions.exit.label)
 .exceptions.exit.label
                0x00000000000000a8        0x0 C:/Users/rickert/Documents/GitHub/KBS_ESA_PAINGAME/KBS_ESA_PAINGAME_bsp/\libucosii_bsp.a(alt_irq_entry.o)
 .exceptions.exit.label
                0x00000000000000a8        0x0 C:/Users/rickert/Documents/GitHub/KBS_ESA_PAINGAME/KBS_ESA_PAINGAME_bsp/\libucosii_bsp.a(alt_exception_entry.o)
 *(.exceptions.exit.user)
 *(.exceptions.exit)
 .exceptions.exit
                0x00000000000000a8       0x54 C:/Users/rickert/Documents/GitHub/KBS_ESA_PAINGAME/KBS_ESA_PAINGAME_bsp/\libucosii_bsp.a(alt_exception_entry.o)
 *(.exceptions)
 .exceptions    0x00000000000000fc       0xd4 C:/Users/rickert/Documents/GitHub/KBS_ESA_PAINGAME/KBS_ESA_PAINGAME_bsp/\libucosii_bsp.a(alt_irq_handler.o)
                0x00000000000000fc                alt_irq_handler
 .exceptions    0x00000000000001d0       0x74 C:/Users/rickert/Documents/GitHub/KBS_ESA_PAINGAME/KBS_ESA_PAINGAME_bsp/\libucosii_bsp.a(alt_instruction_exception_entry.o)
                0x00000000000001d0                alt_instruction_exception_entry
                0x0000000000000244                PROVIDE (__ram_exceptions_end, ABSOLUTE (.))
                0x0000000000000020                PROVIDE (__flash_exceptions_start, LOADADDR (.exceptions))

.text           0x0000000000000244    0x24ecc
                0x0000000000000244                PROVIDE (stext, ABSOLUTE (.))
 *(.interp)
 *(.hash)
 *(.dynsym)
 *(.dynstr)
 *(.gnu.version)
 *(.gnu.version_d)
 *(.gnu.version_r)
 *(.rel.init)
 *(.rela.init)
 *(.rel.text .rel.text.* .rel.gnu.linkonce.t.*)
 *(.rela.text .rela.text.* .rela.gnu.linkonce.t.*)
 *(.rel.fini)
 *(.rela.fini)
 *(.rel.rodata .rel.rodata.* .rel.gnu.linkonce.r.*)
 *(.rela.rodata .rela.rodata.* .rela.gnu.linkonce.r.*)
 *(.rel.data .rel.data.* .rel.gnu.linkonce.d.*)
 *(.rela.data .rela.data.* .rela.gnu.linkonce.d.*)
 *(.rel.tdata .rel.tdata.* .rel.gnu.linkonce.td.*)
 *(.rela.tdata .rela.tdata.* .rela.gnu.linkonce.td.*)
 *(.rel.tbss .rel.tbss.* .rel.gnu.linkonce.tb.*)
 *(.rela.tbss .rela.tbss.* .rela.gnu.linkonce.tb.*)
 *(.rel.ctors)
 *(.rela.ctors)
 *(.rel.dtors)
 *(.rela.dtors)
 *(.rel.got)
 *(.rela.got)
 *(.rel.sdata .rel.sdata.* .rel.gnu.linkonce.s.*)
 *(.rela.sdata .rela.sdata.* .rela.gnu.linkonce.s.*)
 *(.rel.sbss .rel.sbss.* .rel.gnu.linkonce.sb.*)
 *(.rela.sbss .rela.sbss.* .rela.gnu.linkonce.sb.*)
 *(.rel.sdata2 .rel.sdata2.* .rel.gnu.linkonce.s2.*)
 *(.rela.sdata2 .rela.sdata2.* .rela.gnu.linkonce.s2.*)
 *(.rel.sbss2 .rel.sbss2.* .rel.gnu.linkonce.sb2.*)
 *(.rela.sbss2 .rela.sbss2.* .rela.gnu.linkonce.sb2.*)
 *(.rel.bss .rel.bss.* .rel.gnu.linkonce.b.*)
 *(.rela.bss .rela.bss.* .rela.gnu.linkonce.b.*)
 *(.rel.plt)
 *(.rela.plt)
 *(.rel.dyn)
 *(.init)
 *(.plt)
 *(.text .stub .text.* .gnu.linkonce.t.*)
 .text          0x0000000000000244       0x3c C:/Users/rickert/Documents/GitHub/KBS_ESA_PAINGAME/KBS_ESA_PAINGAME_bsp//obj/HAL/src/crt0.o
                0x0000000000000244                _start
 .text          0x0000000000000280      0x50c obj/default/Contoller.o
                0x0000000000000280                controllers
                0x000000000000039c                controller
                0x000000000000053c                checkID
                0x0000000000000588                moveUp
                0x0000000000000688                moveDown
 .text          0x000000000000078c     0x2520 obj/default/Game.o
                0x000000000000078c                read_file
                0x00000000000008c8                write_file
                0x00000000000009b8                sorteer
                0x0000000000000d14                schuifScores
                0x0000000000000d94                collision
                0x0000000000000fb0                Game
                0x0000000000001328                gescoord
                0x0000000000001558                endGame
                0x00000000000016d4                dakjeOmhoog
                0x0000000000001714                dakjeOmlaag
                0x0000000000001754                endSingleplayer
                0x00000000000018d4                Singleplayer
                0x0000000000001ce8                VGAtextClear
                0x0000000000001d40                tutorialUitleg
                0x0000000000001f84                endTutorial
                0x00000000000020d8                Tutorial
                0x0000000000002378                endNewHighscores
                0x0000000000002470                clearHighscoreText
                0x000000000000250c                newHighscores
                0x0000000000002a2c                endHighscores
                0x0000000000002b40                Highscores
                0x0000000000002c60                terugMenu
 .text          0x0000000000002cac      0x980 obj/default/Menu.o
                0x0000000000002cac                menu
                0x0000000000002d98                selecteerMenu
                0x0000000000003234                clearScreen
                0x0000000000003274                clearText
                0x0000000000003314                tekenBox
                0x000000000000336c                tekenBox2
                0x00000000000033f4                teken_menu
 .text          0x000000000000362c        0x0 obj/default/Singleplayer.o
 .text          0x000000000000362c        0x0 obj/default/Tutorial.o
 .text          0x000000000000362c      0xc68 obj/default/hello_ucosii.o
                0x000000000000362c                main
                0x000000000000392c                VGA_box
                0x00000000000039e0                VGA_text
                0x0000000000003a70                draw_middenlijn
                0x0000000000003ad8                del_middenlijn
                0x0000000000003b14                del_number
                0x0000000000003b84                deleteNummer
                0x0000000000003bc0                draw_number
                0x0000000000004234                checkIDScore
 .text          0x0000000000004294        0x0 c:/altera_lite/15.1/nios2eds/bin/gnu/h-x86_64-mingw32/bin/../lib/gcc/nios2-elf/4.9.2/../../../../../H-x86_64-mingw32/nios2-elf/lib/mhw-mulx\libc.a(lib_a-bzero.o)
 .text.bzero    0x0000000000004294       0x18 c:/altera_lite/15.1/nios2eds/bin/gnu/h-x86_64-mingw32/bin/../lib/gcc/nios2-elf/4.9.2/../../../../../H-x86_64-mingw32/nios2-elf/lib/mhw-mulx\libc.a(lib_a-bzero.o)
                0x0000000000004294                bzero
 .text          0x00000000000042ac        0x0 c:/altera_lite/15.1/nios2eds/bin/gnu/h-x86_64-mingw32/bin/../lib/gcc/nios2-elf/4.9.2/../../../../../H-x86_64-mingw32/nios2-elf/lib/mhw-mulx\libc.a(lib_a-memset.o)
 .text.memset   0x00000000000042ac      0x124 c:/altera_lite/15.1/nios2eds/bin/gnu/h-x86_64-mingw32/bin/../lib/gcc/nios2-elf/4.9.2/../../../../../H-x86_64-mingw32/nios2-elf/lib/mhw-mulx\libc.a(lib_a-memset.o)
                0x00000000000042ac                memset
 .text          0x00000000000043d0        0x0 c:/altera_lite/15.1/nios2eds/bin/gnu/h-x86_64-mingw32/bin/../lib/gcc/nios2-elf/4.9.2/../../../../../H-x86_64-mingw32/nios2-elf/lib/mhw-mulx\libc.a(lib_a-printf.o)
 .text._printf_r
                0x00000000000043d0       0x2c c:/altera_lite/15.1/nios2eds/bin/gnu/h-x86_64-mingw32/bin/../lib/gcc/nios2-elf/4.9.2/../../../../../H-x86_64-mingw32/nios2-elf/lib/mhw-mulx\libc.a(lib_a-printf.o)
                0x00000000000043d0                _printf_r
 .text.printf   0x00000000000043fc       0x3c c:/altera_lite/15.1/nios2eds/bin/gnu/h-x86_64-mingw32/bin/../lib/gcc/nios2-elf/4.9.2/../../../../../H-x86_64-mingw32/nios2-elf/lib/mhw-mulx\libc.a(lib_a-printf.o)
                0x00000000000043fc                printf
 .text          0x0000000000004438        0x0 c:/altera_lite/15.1/nios2eds/bin/gnu/h-x86_64-mingw32/bin/../lib/gcc/nios2-elf/4.9.2/../../../../../H-x86_64-mingw32/nios2-elf/lib/mhw-mulx\libc.a(lib_a-putchar.o)
 .text._putchar_r
                0x0000000000004438        0x8 c:/altera_lite/15.1/nios2eds/bin/gnu/h-x86_64-mingw32/bin/../lib/gcc/nios2-elf/4.9.2/../../../../../H-x86_64-mingw32/nios2-elf/lib/mhw-mulx\libc.a(lib_a-putchar.o)
                0x0000000000004438                _putchar_r
 .text.putchar  0x0000000000004440       0x18 c:/altera_lite/15.1/nios2eds/bin/gnu/h-x86_64-mingw32/bin/../lib/gcc/nios2-elf/4.9.2/../../../../../H-x86_64-mingw32/nios2-elf/lib/mhw-mulx\libc.a(lib_a-putchar.o)
                0x0000000000004440                putchar
 .text          0x0000000000004458        0x0 c:/altera_lite/15.1/nios2eds/bin/gnu/h-x86_64-mingw32/bin/../lib/gcc/nios2-elf/4.9.2/../../../../../H-x86_64-mingw32/nios2-elf/lib/mhw-mulx\libc.a(lib_a-puts.o)
 .text._puts_r  0x0000000000004458       0xa8 c:/altera_lite/15.1/nios2eds/bin/gnu/h-x86_64-mingw32/bin/../lib/gcc/nios2-elf/4.9.2/../../../../../H-x86_64-mingw32/nios2-elf/lib/mhw-mulx\libc.a(lib_a-puts.o)
                0x0000000000004458                _puts_r
 .text.puts     0x0000000000004500       0x14 c:/altera_lite/15.1/nios2eds/bin/gnu/h-x86_64-mingw32/bin/../lib/gcc/nios2-elf/4.9.2/../../../../../H-x86_64-mingw32/nios2-elf/lib/mhw-mulx\libc.a(lib_a-puts.o)
                0x0000000000004500                puts
 .text          0x0000000000004514        0x0 c:/altera_lite/15.1/nios2eds/bin/gnu/h-x86_64-mingw32/bin/../lib/gcc/nios2-elf/4.9.2/../../../../../H-x86_64-mingw32/nios2-elf/lib/mhw-mulx\libc.a(lib_a-sprintf.o)
 .text._sprintf_r
                0x0000000000004514       0x58 c:/altera_lite/15.1/nios2eds/bin/gnu/h-x86_64-mingw32/bin/../lib/gcc/nios2-elf/4.9.2/../../../../../H-x86_64-mingw32/nios2-elf/lib/mhw-mulx\libc.a(lib_a-sprintf.o)
                0x0000000000004514                _sprintf_r
 .text.sprintf  0x000000000000456c       0x6c c:/altera_lite/15.1/nios2eds/bin/gnu/h-x86_64-mingw32/bin/../lib/gcc/nios2-elf/4.9.2/../../../../../H-x86_64-mingw32/nios2-elf/lib/mhw-mulx\libc.a(lib_a-sprintf.o)
                0x000000000000456c                sprintf
 .text          0x00000000000045d8        0x0 c:/altera_lite/15.1/nios2eds/bin/gnu/h-x86_64-mingw32/bin/../lib/gcc/nios2-elf/4.9.2/../../../../../H-x86_64-mingw32/nios2-elf/lib/mhw-mulx\libc.a(lib_a-strcat.o)
 .text.strcat   0x00000000000045d8       0x88 c:/altera_lite/15.1/nios2eds/bin/gnu/h-x86_64-mingw32/bin/../lib/gcc/nios2-elf/4.9.2/../../../../../H-x86_64-mingw32/nios2-elf/lib/mhw-mulx\libc.a(lib_a-strcat.o)
                0x00000000000045d8                strcat
 .text          0x0000000000004660        0x0 c:/altera_lite/15.1/nios2eds/bin/gnu/h-x86_64-mingw32/bin/../lib/gcc/nios2-elf/4.9.2/../../../../../H-x86_64-mingw32/nios2-elf/lib/mhw-mulx\libc.a(lib_a-strcpy.o)
 .text.strcpy   0x0000000000004660       0x90 c:/altera_lite/15.1/nios2eds/bin/gnu/h-x86_64-mingw32/bin/../lib/gcc/nios2-elf/4.9.2/../../../../../H-x86_64-mingw32/nios2-elf/lib/mhw-mulx\libc.a(lib_a-strcpy.o)
                0x0000000000004660                strcpy
 .text          0x00000000000046f0        0x0 c:/altera_lite/15.1/nios2eds/bin/gnu/h-x86_64-mingw32/bin/../lib/gcc/nios2-elf/4.9.2/../../../../../H-x86_64-mingw32/nios2-elf/lib/mhw-mulx\libc.a(lib_a-strlen.o)
 .text.strlen   0x00000000000046f0       0x98 c:/altera_lite/15.1/nios2eds/bin/gnu/h-x86_64-mingw32/bin/../lib/gcc/nios2-elf/4.9.2/../../../../../H-x86_64-mingw32/nios2-elf/lib/mhw-mulx\libc.a(lib_a-strlen.o)
                0x00000000000046f0                strlen
 .text          0x0000000000004788        0x0 c:/altera_lite/15.1/nios2eds/bin/gnu/h-x86_64-mingw32/bin/../lib/gcc/nios2-elf/4.9.2/../../../../../H-x86_64-mingw32/nios2-elf/lib/mhw-mulx\libc.a(lib_a-svfprintf.o)
 .text.___svfprintf_internal_r
                0x0000000000004788     0x1f90 c:/altera_lite/15.1/nios2eds/bin/gnu/h-x86_64-mingw32/bin/../lib/gcc/nios2-elf/4.9.2/../../../../../H-x86_64-mingw32/nios2-elf/lib/mhw-mulx\libc.a(lib_a-svfprintf.o)
                0x0000000000004788                ___svfprintf_internal_r
 .text          0x0000000000006718        0x0 c:/altera_lite/15.1/nios2eds/bin/gnu/h-x86_64-mingw32/bin/../lib/gcc/nios2-elf/4.9.2/../../../../../H-x86_64-mingw32/nios2-elf/lib/mhw-mulx\libc.a(lib_a-vfprintf.o)
 .text.___vfprintf_internal_r
                0x0000000000006718     0x1f50 c:/altera_lite/15.1/nios2eds/bin/gnu/h-x86_64-mingw32/bin/../lib/gcc/nios2-elf/4.9.2/../../../../../H-x86_64-mingw32/nios2-elf/lib/mhw-mulx\libc.a(lib_a-vfprintf.o)
                0x0000000000006718                ___vfprintf_internal_r
 .text.__vfprintf_internal
                0x0000000000008668       0x24 c:/altera_lite/15.1/nios2eds/bin/gnu/h-x86_64-mingw32/bin/../lib/gcc/nios2-elf/4.9.2/../../../../../H-x86_64-mingw32/nios2-elf/lib/mhw-mulx\libc.a(lib_a-vfprintf.o)
                0x0000000000008668                __vfprintf_internal
 .text.__sbprintf
                0x000000000000868c       0xbc c:/altera_lite/15.1/nios2eds/bin/gnu/h-x86_64-mingw32/bin/../lib/gcc/nios2-elf/4.9.2/../../../../../H-x86_64-mingw32/nios2-elf/lib/mhw-mulx\libc.a(lib_a-vfprintf.o)
 .text          0x0000000000008748        0x0 c:/altera_lite/15.1/nios2eds/bin/gnu/h-x86_64-mingw32/bin/../lib/gcc/nios2-elf/4.9.2/../../../../../H-x86_64-mingw32/nios2-elf/lib/mhw-mulx\libc.a(lib_a-wsetup.o)
 .text.__swsetup_r
                0x0000000000008748      0x154 c:/altera_lite/15.1/nios2eds/bin/gnu/h-x86_64-mingw32/bin/../lib/gcc/nios2-elf/4.9.2/../../../../../H-x86_64-mingw32/nios2-elf/lib/mhw-mulx\libc.a(lib_a-wsetup.o)
                0x0000000000008748                __swsetup_r
 .text          0x000000000000889c        0x0 c:/altera_lite/15.1/nios2eds/bin/gnu/h-x86_64-mingw32/bin/../lib/gcc/nios2-elf/4.9.2/../../../../../H-x86_64-mingw32/nios2-elf/lib/mhw-mulx\libc.a(lib_a-dtoa.o)
 .text.quorem   0x000000000000889c      0x200 c:/altera_lite/15.1/nios2eds/bin/gnu/h-x86_64-mingw32/bin/../lib/gcc/nios2-elf/4.9.2/../../../../../H-x86_64-mingw32/nios2-elf/lib/mhw-mulx\libc.a(lib_a-dtoa.o)
 .text._dtoa_r  0x0000000000008a9c     0x1728 c:/altera_lite/15.1/nios2eds/bin/gnu/h-x86_64-mingw32/bin/../lib/gcc/nios2-elf/4.9.2/../../../../../H-x86_64-mingw32/nios2-elf/lib/mhw-mulx\libc.a(lib_a-dtoa.o)
                0x0000000000008a9c                _dtoa_r
 .text          0x000000000000a1c4        0x0 c:/altera_lite/15.1/nios2eds/bin/gnu/h-x86_64-mingw32/bin/../lib/gcc/nios2-elf/4.9.2/../../../../../H-x86_64-mingw32/nios2-elf/lib/mhw-mulx\libc.a(lib_a-fflush.o)
 .text.__sflush_r
                0x000000000000a1c4      0x208 c:/altera_lite/15.1/nios2eds/bin/gnu/h-x86_64-mingw32/bin/../lib/gcc/nios2-elf/4.9.2/../../../../../H-x86_64-mingw32/nios2-elf/lib/mhw-mulx\libc.a(lib_a-fflush.o)
                0x000000000000a1c4                __sflush_r
 .text._fflush_r
                0x000000000000a3cc       0x5c c:/altera_lite/15.1/nios2eds/bin/gnu/h-x86_64-mingw32/bin/../lib/gcc/nios2-elf/4.9.2/../../../../../H-x86_64-mingw32/nios2-elf/lib/mhw-mulx\libc.a(lib_a-fflush.o)
                0x000000000000a3cc                _fflush_r
 .text.fflush   0x000000000000a428       0x30 c:/altera_lite/15.1/nios2eds/bin/gnu/h-x86_64-mingw32/bin/../lib/gcc/nios2-elf/4.9.2/../../../../../H-x86_64-mingw32/nios2-elf/lib/mhw-mulx\libc.a(lib_a-fflush.o)
                0x000000000000a428                fflush
 .text          0x000000000000a458        0x0 c:/altera_lite/15.1/nios2eds/bin/gnu/h-x86_64-mingw32/bin/../lib/gcc/nios2-elf/4.9.2/../../../../../H-x86_64-mingw32/nios2-elf/lib/mhw-mulx\libc.a(lib_a-findfp.o)
 .text.__fp_lock
                0x000000000000a458        0x8 c:/altera_lite/15.1/nios2eds/bin/gnu/h-x86_64-mingw32/bin/../lib/gcc/nios2-elf/4.9.2/../../../../../H-x86_64-mingw32/nios2-elf/lib/mhw-mulx\libc.a(lib_a-findfp.o)
 .text.__fp_unlock
                0x000000000000a460        0x8 c:/altera_lite/15.1/nios2eds/bin/gnu/h-x86_64-mingw32/bin/../lib/gcc/nios2-elf/4.9.2/../../../../../H-x86_64-mingw32/nios2-elf/lib/mhw-mulx\libc.a(lib_a-findfp.o)
 .text._cleanup_r
                0x000000000000a468        0xc c:/altera_lite/15.1/nios2eds/bin/gnu/h-x86_64-mingw32/bin/../lib/gcc/nios2-elf/4.9.2/../../../../../H-x86_64-mingw32/nios2-elf/lib/mhw-mulx\libc.a(lib_a-findfp.o)
                0x000000000000a468                _cleanup_r
 .text.__sinit.part.1
                0x000000000000a474      0x19c c:/altera_lite/15.1/nios2eds/bin/gnu/h-x86_64-mingw32/bin/../lib/gcc/nios2-elf/4.9.2/../../../../../H-x86_64-mingw32/nios2-elf/lib/mhw-mulx\libc.a(lib_a-findfp.o)
 .text.__sfmoreglue
                0x000000000000a610       0x68 c:/altera_lite/15.1/nios2eds/bin/gnu/h-x86_64-mingw32/bin/../lib/gcc/nios2-elf/4.9.2/../../../../../H-x86_64-mingw32/nios2-elf/lib/mhw-mulx\libc.a(lib_a-findfp.o)
                0x000000000000a610                __sfmoreglue
 .text.__sfp    0x000000000000a678      0x118 c:/altera_lite/15.1/nios2eds/bin/gnu/h-x86_64-mingw32/bin/../lib/gcc/nios2-elf/4.9.2/../../../../../H-x86_64-mingw32/nios2-elf/lib/mhw-mulx\libc.a(lib_a-findfp.o)
                0x000000000000a678                __sfp
 .text._cleanup
                0x000000000000a790       0x18 c:/altera_lite/15.1/nios2eds/bin/gnu/h-x86_64-mingw32/bin/../lib/gcc/nios2-elf/4.9.2/../../../../../H-x86_64-mingw32/nios2-elf/lib/mhw-mulx\libc.a(lib_a-findfp.o)
                0x000000000000a790                _cleanup
 .text.__sinit  0x000000000000a7a8       0x10 c:/altera_lite/15.1/nios2eds/bin/gnu/h-x86_64-mingw32/bin/../lib/gcc/nios2-elf/4.9.2/../../../../../H-x86_64-mingw32/nios2-elf/lib/mhw-mulx\libc.a(lib_a-findfp.o)
                0x000000000000a7a8                __sinit
 .text.__sfp_lock_acquire
                0x000000000000a7b8        0x4 c:/altera_lite/15.1/nios2eds/bin/gnu/h-x86_64-mingw32/bin/../lib/gcc/nios2-elf/4.9.2/../../../../../H-x86_64-mingw32/nios2-elf/lib/mhw-mulx\libc.a(lib_a-findfp.o)
                0x000000000000a7b8                __sfp_lock_acquire
 .text.__sfp_lock_release
                0x000000000000a7bc        0x4 c:/altera_lite/15.1/nios2eds/bin/gnu/h-x86_64-mingw32/bin/../lib/gcc/nios2-elf/4.9.2/../../../../../H-x86_64-mingw32/nios2-elf/lib/mhw-mulx\libc.a(lib_a-findfp.o)
                0x000000000000a7bc                __sfp_lock_release
 .text.__sinit_lock_acquire
                0x000000000000a7c0        0x4 c:/altera_lite/15.1/nios2eds/bin/gnu/h-x86_64-mingw32/bin/../lib/gcc/nios2-elf/4.9.2/../../../../../H-x86_64-mingw32/nios2-elf/lib/mhw-mulx\libc.a(lib_a-findfp.o)
                0x000000000000a7c0                __sinit_lock_acquire
 .text.__sinit_lock_release
                0x000000000000a7c4        0x4 c:/altera_lite/15.1/nios2eds/bin/gnu/h-x86_64-mingw32/bin/../lib/gcc/nios2-elf/4.9.2/../../../../../H-x86_64-mingw32/nios2-elf/lib/mhw-mulx\libc.a(lib_a-findfp.o)
                0x000000000000a7c4                __sinit_lock_release
 .text.__fp_lock_all
                0x000000000000a7c8       0x18 c:/altera_lite/15.1/nios2eds/bin/gnu/h-x86_64-mingw32/bin/../lib/gcc/nios2-elf/4.9.2/../../../../../H-x86_64-mingw32/nios2-elf/lib/mhw-mulx\libc.a(lib_a-findfp.o)
                0x000000000000a7c8                __fp_lock_all
 .text.__fp_unlock_all
                0x000000000000a7e0       0x18 c:/altera_lite/15.1/nios2eds/bin/gnu/h-x86_64-mingw32/bin/../lib/gcc/nios2-elf/4.9.2/../../../../../H-x86_64-mingw32/nios2-elf/lib/mhw-mulx\libc.a(lib_a-findfp.o)
                0x000000000000a7e0                __fp_unlock_all
 .text          0x000000000000a7f8        0x0 c:/altera_lite/15.1/nios2eds/bin/gnu/h-x86_64-mingw32/bin/../lib/gcc/nios2-elf/4.9.2/../../../../../H-x86_64-mingw32/nios2-elf/lib/mhw-mulx\libc.a(lib_a-freer.o)
 .text._malloc_trim_r
                0x000000000000a7f8      0x124 c:/altera_lite/15.1/nios2eds/bin/gnu/h-x86_64-mingw32/bin/../lib/gcc/nios2-elf/4.9.2/../../../../../H-x86_64-mingw32/nios2-elf/lib/mhw-mulx\libc.a(lib_a-freer.o)
                0x000000000000a7f8                _malloc_trim_r
 .text._free_r  0x000000000000a91c      0x2f0 c:/altera_lite/15.1/nios2eds/bin/gnu/h-x86_64-mingw32/bin/../lib/gcc/nios2-elf/4.9.2/../../../../../H-x86_64-mingw32/nios2-elf/lib/mhw-mulx\libc.a(lib_a-freer.o)
                0x000000000000a91c                _free_r
 .text          0x000000000000ac0c        0x0 c:/altera_lite/15.1/nios2eds/bin/gnu/h-x86_64-mingw32/bin/../lib/gcc/nios2-elf/4.9.2/../../../../../H-x86_64-mingw32/nios2-elf/lib/mhw-mulx\libc.a(lib_a-fvwrite.o)
 .text.__sfvwrite_r
                0x000000000000ac0c      0x4c0 c:/altera_lite/15.1/nios2eds/bin/gnu/h-x86_64-mingw32/bin/../lib/gcc/nios2-elf/4.9.2/../../../../../H-x86_64-mingw32/nios2-elf/lib/mhw-mulx\libc.a(lib_a-fvwrite.o)
                0x000000000000ac0c                __sfvwrite_r
 .text          0x000000000000b0cc        0x0 c:/altera_lite/15.1/nios2eds/bin/gnu/h-x86_64-mingw32/bin/../lib/gcc/nios2-elf/4.9.2/../../../../../H-x86_64-mingw32/nios2-elf/lib/mhw-mulx\libc.a(lib_a-fwalk.o)
 .text._fwalk   0x000000000000b0cc       0xc4 c:/altera_lite/15.1/nios2eds/bin/gnu/h-x86_64-mingw32/bin/../lib/gcc/nios2-elf/4.9.2/../../../../../H-x86_64-mingw32/nios2-elf/lib/mhw-mulx\libc.a(lib_a-fwalk.o)
                0x000000000000b0cc                _fwalk
 .text._fwalk_reent
                0x000000000000b190       0xc4 c:/altera_lite/15.1/nios2eds/bin/gnu/h-x86_64-mingw32/bin/../lib/gcc/nios2-elf/4.9.2/../../../../../H-x86_64-mingw32/nios2-elf/lib/mhw-mulx\libc.a(lib_a-fwalk.o)
                0x000000000000b190                _fwalk_reent
 .text          0x000000000000b254        0x0 c:/altera_lite/15.1/nios2eds/bin/gnu/h-x86_64-mingw32/bin/../lib/gcc/nios2-elf/4.9.2/../../../../../H-x86_64-mingw32/nios2-elf/lib/mhw-mulx\libc.a(lib_a-impure.o)
 .text          0x000000000000b254        0x0 c:/altera_lite/15.1/nios2eds/bin/gnu/h-x86_64-mingw32/bin/../lib/gcc/nios2-elf/4.9.2/../../../../../H-x86_64-mingw32/nios2-elf/lib/mhw-mulx\libc.a(lib_a-locale.o)
 .text._setlocale_r
                0x000000000000b254       0x7c c:/altera_lite/15.1/nios2eds/bin/gnu/h-x86_64-mingw32/bin/../lib/gcc/nios2-elf/4.9.2/../../../../../H-x86_64-mingw32/nios2-elf/lib/mhw-mulx\libc.a(lib_a-locale.o)
                0x000000000000b254                _setlocale_r
 .text.__locale_charset
                0x000000000000b2d0        0xc c:/altera_lite/15.1/nios2eds/bin/gnu/h-x86_64-mingw32/bin/../lib/gcc/nios2-elf/4.9.2/../../../../../H-x86_64-mingw32/nios2-elf/lib/mhw-mulx\libc.a(lib_a-locale.o)
                0x000000000000b2d0                __locale_charset
 .text.__locale_mb_cur_max
                0x000000000000b2dc       0x10 c:/altera_lite/15.1/nios2eds/bin/gnu/h-x86_64-mingw32/bin/../lib/gcc/nios2-elf/4.9.2/../../../../../H-x86_64-mingw32/nios2-elf/lib/mhw-mulx\libc.a(lib_a-locale.o)
                0x000000000000b2dc                __locale_mb_cur_max
 .text.__locale_msgcharset
                0x000000000000b2ec        0xc c:/altera_lite/15.1/nios2eds/bin/gnu/h-x86_64-mingw32/bin/../lib/gcc/nios2-elf/4.9.2/../../../../../H-x86_64-mingw32/nios2-elf/lib/mhw-mulx\libc.a(lib_a-locale.o)
                0x000000000000b2ec                __locale_msgcharset
 .text.__locale_cjk_lang
                0x000000000000b2f8        0x8 c:/altera_lite/15.1/nios2eds/bin/gnu/h-x86_64-mingw32/bin/../lib/gcc/nios2-elf/4.9.2/../../../../../H-x86_64-mingw32/nios2-elf/lib/mhw-mulx\libc.a(lib_a-locale.o)
                0x000000000000b2f8                __locale_cjk_lang
 .text._localeconv_r
                0x000000000000b300        0xc c:/altera_lite/15.1/nios2eds/bin/gnu/h-x86_64-mingw32/bin/../lib/gcc/nios2-elf/4.9.2/../../../../../H-x86_64-mingw32/nios2-elf/lib/mhw-mulx\libc.a(lib_a-locale.o)
                0x000000000000b300                _localeconv_r
 .text.setlocale
                0x000000000000b30c       0x1c c:/altera_lite/15.1/nios2eds/bin/gnu/h-x86_64-mingw32/bin/../lib/gcc/nios2-elf/4.9.2/../../../../../H-x86_64-mingw32/nios2-elf/lib/mhw-mulx\libc.a(lib_a-locale.o)
                0x000000000000b30c                setlocale
 .text.localeconv
                0x000000000000b328        0xc c:/altera_lite/15.1/nios2eds/bin/gnu/h-x86_64-mingw32/bin/../lib/gcc/nios2-elf/4.9.2/../../../../../H-x86_64-mingw32/nios2-elf/lib/mhw-mulx\libc.a(lib_a-locale.o)
                0x000000000000b328                localeconv
 .text          0x000000000000b334        0x0 c:/altera_lite/15.1/nios2eds/bin/gnu/h-x86_64-mingw32/bin/../lib/gcc/nios2-elf/4.9.2/../../../../../H-x86_64-mingw32/nios2-elf/lib/mhw-mulx\libc.a(lib_a-makebuf.o)
 .text.__smakebuf_r
                0x000000000000b334      0x1b8 c:/altera_lite/15.1/nios2eds/bin/gnu/h-x86_64-mingw32/bin/../lib/gcc/nios2-elf/4.9.2/../../../../../H-x86_64-mingw32/nios2-elf/lib/mhw-mulx\libc.a(lib_a-makebuf.o)
                0x000000000000b334                __smakebuf_r
 .text          0x000000000000b4ec        0x0 c:/altera_lite/15.1/nios2eds/bin/gnu/h-x86_64-mingw32/bin/../lib/gcc/nios2-elf/4.9.2/../../../../../H-x86_64-mingw32/nios2-elf/lib/mhw-mulx\libc.a(lib_a-mallocr.o)
 .text._malloc_r
                0x000000000000b4ec      0x7a8 c:/altera_lite/15.1/nios2eds/bin/gnu/h-x86_64-mingw32/bin/../lib/gcc/nios2-elf/4.9.2/../../../../../H-x86_64-mingw32/nios2-elf/lib/mhw-mulx\libc.a(lib_a-mallocr.o)
                0x000000000000b4ec                _malloc_r
 .text          0x000000000000bc94        0x0 c:/altera_lite/15.1/nios2eds/bin/gnu/h-x86_64-mingw32/bin/../lib/gcc/nios2-elf/4.9.2/../../../../../H-x86_64-mingw32/nios2-elf/lib/mhw-mulx\libc.a(lib_a-memchr.o)
 .text.memchr   0x000000000000bc94       0xe8 c:/altera_lite/15.1/nios2eds/bin/gnu/h-x86_64-mingw32/bin/../lib/gcc/nios2-elf/4.9.2/../../../../../H-x86_64-mingw32/nios2-elf/lib/mhw-mulx\libc.a(lib_a-memchr.o)
                0x000000000000bc94                memchr
 .text          0x000000000000bd7c        0x0 c:/altera_lite/15.1/nios2eds/bin/gnu/h-x86_64-mingw32/bin/../lib/gcc/nios2-elf/4.9.2/../../../../../H-x86_64-mingw32/nios2-elf/lib/mhw-mulx\libc.a(lib_a-memcpy.o)
 .text.memcpy   0x000000000000bd7c      0x138 c:/altera_lite/15.1/nios2eds/bin/gnu/h-x86_64-mingw32/bin/../lib/gcc/nios2-elf/4.9.2/../../../../../H-x86_64-mingw32/nios2-elf/lib/mhw-mulx\libc.a(lib_a-memcpy.o)
                0x000000000000bd7c                memcpy
 .text          0x000000000000beb4        0x0 c:/altera_lite/15.1/nios2eds/bin/gnu/h-x86_64-mingw32/bin/../lib/gcc/nios2-elf/4.9.2/../../../../../H-x86_64-mingw32/nios2-elf/lib/mhw-mulx\libc.a(lib_a-memmove.o)
 .text.memmove  0x000000000000beb4      0x15c c:/altera_lite/15.1/nios2eds/bin/gnu/h-x86_64-mingw32/bin/../lib/gcc/nios2-elf/4.9.2/../../../../../H-x86_64-mingw32/nios2-elf/lib/mhw-mulx\libc.a(lib_a-memmove.o)
                0x000000000000beb4                memmove
 .text          0x000000000000c010        0x0 c:/altera_lite/15.1/nios2eds/bin/gnu/h-x86_64-mingw32/bin/../lib/gcc/nios2-elf/4.9.2/../../../../../H-x86_64-mingw32/nios2-elf/lib/mhw-mulx\libc.a(lib_a-mprec.o)
 .text._Balloc  0x000000000000c010       0xa8 c:/altera_lite/15.1/nios2eds/bin/gnu/h-x86_64-mingw32/bin/../lib/gcc/nios2-elf/4.9.2/../../../../../H-x86_64-mingw32/nios2-elf/lib/mhw-mulx\libc.a(lib_a-mprec.o)
                0x000000000000c010                _Balloc
 .text._Bfree   0x000000000000c0b8       0x28 c:/altera_lite/15.1/nios2eds/bin/gnu/h-x86_64-mingw32/bin/../lib/gcc/nios2-elf/4.9.2/../../../../../H-x86_64-mingw32/nios2-elf/lib/mhw-mulx\libc.a(lib_a-mprec.o)
                0x000000000000c0b8                _Bfree
 .text.__multadd
                0x000000000000c0e0      0x120 c:/altera_lite/15.1/nios2eds/bin/gnu/h-x86_64-mingw32/bin/../lib/gcc/nios2-elf/4.9.2/../../../../../H-x86_64-mingw32/nios2-elf/lib/mhw-mulx\libc.a(lib_a-mprec.o)
                0x000000000000c0e0                __multadd
 .text.__s2b    0x000000000000c200      0x104 c:/altera_lite/15.1/nios2eds/bin/gnu/h-x86_64-mingw32/bin/../lib/gcc/nios2-elf/4.9.2/../../../../../H-x86_64-mingw32/nios2-elf/lib/mhw-mulx\libc.a(lib_a-mprec.o)
                0x000000000000c200                __s2b
 .text.__hi0bits
                0x000000000000c304       0x68 c:/altera_lite/15.1/nios2eds/bin/gnu/h-x86_64-mingw32/bin/../lib/gcc/nios2-elf/4.9.2/../../../../../H-x86_64-mingw32/nios2-elf/lib/mhw-mulx\libc.a(lib_a-mprec.o)
                0x000000000000c304                __hi0bits
 .text.__lo0bits
                0x000000000000c36c       0xb0 c:/altera_lite/15.1/nios2eds/bin/gnu/h-x86_64-mingw32/bin/../lib/gcc/nios2-elf/4.9.2/../../../../../H-x86_64-mingw32/nios2-elf/lib/mhw-mulx\libc.a(lib_a-mprec.o)
                0x000000000000c36c                __lo0bits
 .text.__i2b    0x000000000000c41c       0x3c c:/altera_lite/15.1/nios2eds/bin/gnu/h-x86_64-mingw32/bin/../lib/gcc/nios2-elf/4.9.2/../../../../../H-x86_64-mingw32/nios2-elf/lib/mhw-mulx\libc.a(lib_a-mprec.o)
                0x000000000000c41c                __i2b
 .text.__multiply
                0x000000000000c458      0x1fc c:/altera_lite/15.1/nios2eds/bin/gnu/h-x86_64-mingw32/bin/../lib/gcc/nios2-elf/4.9.2/../../../../../H-x86_64-mingw32/nios2-elf/lib/mhw-mulx\libc.a(lib_a-mprec.o)
                0x000000000000c458                __multiply
 .text.__pow5mult
                0x000000000000c654      0x140 c:/altera_lite/15.1/nios2eds/bin/gnu/h-x86_64-mingw32/bin/../lib/gcc/nios2-elf/4.9.2/../../../../../H-x86_64-mingw32/nios2-elf/lib/mhw-mulx\libc.a(lib_a-mprec.o)
                0x000000000000c654                __pow5mult
 .text.__lshift
                0x000000000000c794      0x150 c:/altera_lite/15.1/nios2eds/bin/gnu/h-x86_64-mingw32/bin/../lib/gcc/nios2-elf/4.9.2/../../../../../H-x86_64-mingw32/nios2-elf/lib/mhw-mulx\libc.a(lib_a-mprec.o)
                0x000000000000c794                __lshift
 .text.__mcmp   0x000000000000c8e4       0x60 c:/altera_lite/15.1/nios2eds/bin/gnu/h-x86_64-mingw32/bin/../lib/gcc/nios2-elf/4.9.2/../../../../../H-x86_64-mingw32/nios2-elf/lib/mhw-mulx\libc.a(lib_a-mprec.o)
                0x000000000000c8e4                __mcmp
 .text.__mdiff  0x000000000000c944      0x198 c:/altera_lite/15.1/nios2eds/bin/gnu/h-x86_64-mingw32/bin/../lib/gcc/nios2-elf/4.9.2/../../../../../H-x86_64-mingw32/nios2-elf/lib/mhw-mulx\libc.a(lib_a-mprec.o)
                0x000000000000c944                __mdiff
 .text.__ulp    0x000000000000cadc       0x60 c:/altera_lite/15.1/nios2eds/bin/gnu/h-x86_64-mingw32/bin/../lib/gcc/nios2-elf/4.9.2/../../../../../H-x86_64-mingw32/nios2-elf/lib/mhw-mulx\libc.a(lib_a-mprec.o)
                0x000000000000cadc                __ulp
 .text.__b2d    0x000000000000cb3c      0x11c c:/altera_lite/15.1/nios2eds/bin/gnu/h-x86_64-mingw32/bin/../lib/gcc/nios2-elf/4.9.2/../../../../../H-x86_64-mingw32/nios2-elf/lib/mhw-mulx\libc.a(lib_a-mprec.o)
                0x000000000000cb3c                __b2d
 .text.__d2b    0x000000000000cc58      0x13c c:/altera_lite/15.1/nios2eds/bin/gnu/h-x86_64-mingw32/bin/../lib/gcc/nios2-elf/4.9.2/../../../../../H-x86_64-mingw32/nios2-elf/lib/mhw-mulx\libc.a(lib_a-mprec.o)
                0x000000000000cc58                __d2b
 .text.__ratio  0x000000000000cd94       0xa4 c:/altera_lite/15.1/nios2eds/bin/gnu/h-x86_64-mingw32/bin/../lib/gcc/nios2-elf/4.9.2/../../../../../H-x86_64-mingw32/nios2-elf/lib/mhw-mulx\libc.a(lib_a-mprec.o)
                0x000000000000cd94                __ratio
 .text._mprec_log10
                0x000000000000ce38       0x74 c:/altera_lite/15.1/nios2eds/bin/gnu/h-x86_64-mingw32/bin/../lib/gcc/nios2-elf/4.9.2/../../../../../H-x86_64-mingw32/nios2-elf/lib/mhw-mulx\libc.a(lib_a-mprec.o)
                0x000000000000ce38                _mprec_log10
 .text.__copybits
                0x000000000000ceac       0x78 c:/altera_lite/15.1/nios2eds/bin/gnu/h-x86_64-mingw32/bin/../lib/gcc/nios2-elf/4.9.2/../../../../../H-x86_64-mingw32/nios2-elf/lib/mhw-mulx\libc.a(lib_a-mprec.o)
                0x000000000000ceac                __copybits
 .text.__any_on
                0x000000000000cf24       0x8c c:/altera_lite/15.1/nios2eds/bin/gnu/h-x86_64-mingw32/bin/../lib/gcc/nios2-elf/4.9.2/../../../../../H-x86_64-mingw32/nios2-elf/lib/mhw-mulx\libc.a(lib_a-mprec.o)
                0x000000000000cf24                __any_on
 .text          0x000000000000cfb0        0x0 c:/altera_lite/15.1/nios2eds/bin/gnu/h-x86_64-mingw32/bin/../lib/gcc/nios2-elf/4.9.2/../../../../../H-x86_64-mingw32/nios2-elf/lib/mhw-mulx\libc.a(lib_a-putc.o)
 .text._putc_r  0x000000000000cfb0       0xa0 c:/altera_lite/15.1/nios2eds/bin/gnu/h-x86_64-mingw32/bin/../lib/gcc/nios2-elf/4.9.2/../../../../../H-x86_64-mingw32/nios2-elf/lib/mhw-mulx\libc.a(lib_a-putc.o)
                0x000000000000cfb0                _putc_r
 .text.putc     0x000000000000d050       0xcc c:/altera_lite/15.1/nios2eds/bin/gnu/h-x86_64-mingw32/bin/../lib/gcc/nios2-elf/4.9.2/../../../../../H-x86_64-mingw32/nios2-elf/lib/mhw-mulx\libc.a(lib_a-putc.o)
                0x000000000000d050                putc
 .text          0x000000000000d11c        0x0 c:/altera_lite/15.1/nios2eds/bin/gnu/h-x86_64-mingw32/bin/../lib/gcc/nios2-elf/4.9.2/../../../../../H-x86_64-mingw32/nios2-elf/lib/mhw-mulx\libc.a(lib_a-reallocr.o)
 .text._realloc_r
                0x000000000000d11c      0x568 c:/altera_lite/15.1/nios2eds/bin/gnu/h-x86_64-mingw32/bin/../lib/gcc/nios2-elf/4.9.2/../../../../../H-x86_64-mingw32/nios2-elf/lib/mhw-mulx\libc.a(lib_a-reallocr.o)
                0x000000000000d11c                _realloc_r
 .text          0x000000000000d684        0x0 c:/altera_lite/15.1/nios2eds/bin/gnu/h-x86_64-mingw32/bin/../lib/gcc/nios2-elf/4.9.2/../../../../../H-x86_64-mingw32/nios2-elf/lib/mhw-mulx\libc.a(lib_a-s_fpclassify.o)
 .text.__fpclassifyd
                0x000000000000d684       0x74 c:/altera_lite/15.1/nios2eds/bin/gnu/h-x86_64-mingw32/bin/../lib/gcc/nios2-elf/4.9.2/../../../../../H-x86_64-mingw32/nios2-elf/lib/mhw-mulx\libc.a(lib_a-s_fpclassify.o)
                0x000000000000d684                __fpclassifyd
 .text          0x000000000000d6f8        0x0 c:/altera_lite/15.1/nios2eds/bin/gnu/h-x86_64-mingw32/bin/../lib/gcc/nios2-elf/4.9.2/../../../../../H-x86_64-mingw32/nios2-elf/lib/mhw-mulx\libc.a(lib_a-sbrkr.o)
 .text._sbrk_r  0x000000000000d6f8       0x54 c:/altera_lite/15.1/nios2eds/bin/gnu/h-x86_64-mingw32/bin/../lib/gcc/nios2-elf/4.9.2/../../../../../H-x86_64-mingw32/nios2-elf/lib/mhw-mulx\libc.a(lib_a-sbrkr.o)
                0x000000000000d6f8                _sbrk_r
 .text          0x000000000000d74c        0x0 c:/altera_lite/15.1/nios2eds/bin/gnu/h-x86_64-mingw32/bin/../lib/gcc/nios2-elf/4.9.2/../../../../../H-x86_64-mingw32/nios2-elf/lib/mhw-mulx\libc.a(lib_a-stdio.o)
 .text.__sread  0x000000000000d74c       0x54 c:/altera_lite/15.1/nios2eds/bin/gnu/h-x86_64-mingw32/bin/../lib/gcc/nios2-elf/4.9.2/../../../../../H-x86_64-mingw32/nios2-elf/lib/mhw-mulx\libc.a(lib_a-stdio.o)
                0x000000000000d74c                __sread
 .text.__seofread
                0x000000000000d7a0        0x8 c:/altera_lite/15.1/nios2eds/bin/gnu/h-x86_64-mingw32/bin/../lib/gcc/nios2-elf/4.9.2/../../../../../H-x86_64-mingw32/nios2-elf/lib/mhw-mulx\libc.a(lib_a-stdio.o)
                0x000000000000d7a0                __seofread
 .text.__swrite
                0x000000000000d7a8       0x7c c:/altera_lite/15.1/nios2eds/bin/gnu/h-x86_64-mingw32/bin/../lib/gcc/nios2-elf/4.9.2/../../../../../H-x86_64-mingw32/nios2-elf/lib/mhw-mulx\libc.a(lib_a-stdio.o)
                0x000000000000d7a8                __swrite
 .text.__sseek  0x000000000000d824       0x5c c:/altera_lite/15.1/nios2eds/bin/gnu/h-x86_64-mingw32/bin/../lib/gcc/nios2-elf/4.9.2/../../../../../H-x86_64-mingw32/nios2-elf/lib/mhw-mulx\libc.a(lib_a-stdio.o)
                0x000000000000d824                __sseek
 .text.__sclose
                0x000000000000d880        0x8 c:/altera_lite/15.1/nios2eds/bin/gnu/h-x86_64-mingw32/bin/../lib/gcc/nios2-elf/4.9.2/../../../../../H-x86_64-mingw32/nios2-elf/lib/mhw-mulx\libc.a(lib_a-stdio.o)
                0x000000000000d880                __sclose
 .text          0x000000000000d888        0x0 c:/altera_lite/15.1/nios2eds/bin/gnu/h-x86_64-mingw32/bin/../lib/gcc/nios2-elf/4.9.2/../../../../../H-x86_64-mingw32/nios2-elf/lib/mhw-mulx\libc.a(lib_a-strcmp.o)
 .text.strcmp   0x000000000000d888       0xa4 c:/altera_lite/15.1/nios2eds/bin/gnu/h-x86_64-mingw32/bin/../lib/gcc/nios2-elf/4.9.2/../../../../../H-x86_64-mingw32/nios2-elf/lib/mhw-mulx\libc.a(lib_a-strcmp.o)
                0x000000000000d888                strcmp
 .text          0x000000000000d92c        0x0 c:/altera_lite/15.1/nios2eds/bin/gnu/h-x86_64-mingw32/bin/../lib/gcc/nios2-elf/4.9.2/../../../../../H-x86_64-mingw32/nios2-elf/lib/mhw-mulx\libc.a(lib_a-svfiprintf.o)
 .text.__ssprint_r
                0x000000000000d92c      0x1cc c:/altera_lite/15.1/nios2eds/bin/gnu/h-x86_64-mingw32/bin/../lib/gcc/nios2-elf/4.9.2/../../../../../H-x86_64-mingw32/nios2-elf/lib/mhw-mulx\libc.a(lib_a-svfiprintf.o)
                0x000000000000d92c                __ssprint_r
 .text.___svfiprintf_internal_r
                0x000000000000daf8     0x1038 c:/altera_lite/15.1/nios2eds/bin/gnu/h-x86_64-mingw32/bin/../lib/gcc/nios2-elf/4.9.2/../../../../../H-x86_64-mingw32/nios2-elf/lib/mhw-mulx\libc.a(lib_a-svfiprintf.o)
                0x000000000000daf8                ___svfiprintf_internal_r
 .text          0x000000000000eb30        0x0 c:/altera_lite/15.1/nios2eds/bin/gnu/h-x86_64-mingw32/bin/../lib/gcc/nios2-elf/4.9.2/../../../../../H-x86_64-mingw32/nios2-elf/lib/mhw-mulx\libc.a(lib_a-vfiprintf.o)
 .text.__sprint_r.part.0
                0x000000000000eb30       0xfc c:/altera_lite/15.1/nios2eds/bin/gnu/h-x86_64-mingw32/bin/../lib/gcc/nios2-elf/4.9.2/../../../../../H-x86_64-mingw32/nios2-elf/lib/mhw-mulx\libc.a(lib_a-vfiprintf.o)
 .text.__sprint_r
                0x000000000000ec2c       0x18 c:/altera_lite/15.1/nios2eds/bin/gnu/h-x86_64-mingw32/bin/../lib/gcc/nios2-elf/4.9.2/../../../../../H-x86_64-mingw32/nios2-elf/lib/mhw-mulx\libc.a(lib_a-vfiprintf.o)
                0x000000000000ec2c                __sprint_r
 .text.___vfiprintf_internal_r
                0x000000000000ec44     0x12d0 c:/altera_lite/15.1/nios2eds/bin/gnu/h-x86_64-mingw32/bin/../lib/gcc/nios2-elf/4.9.2/../../../../../H-x86_64-mingw32/nios2-elf/lib/mhw-mulx\libc.a(lib_a-vfiprintf.o)
                0x000000000000ec44                ___vfiprintf_internal_r
 .text.__vfiprintf_internal
                0x000000000000ff14       0x24 c:/altera_lite/15.1/nios2eds/bin/gnu/h-x86_64-mingw32/bin/../lib/gcc/nios2-elf/4.9.2/../../../../../H-x86_64-mingw32/nios2-elf/lib/mhw-mulx\libc.a(lib_a-vfiprintf.o)
                0x000000000000ff14                __vfiprintf_internal
 .text.__sbprintf
                0x000000000000ff38       0xbc c:/altera_lite/15.1/nios2eds/bin/gnu/h-x86_64-mingw32/bin/../lib/gcc/nios2-elf/4.9.2/../../../../../H-x86_64-mingw32/nios2-elf/lib/mhw-mulx\libc.a(lib_a-vfiprintf.o)
 .text          0x000000000000fff4        0x0 c:/altera_lite/15.1/nios2eds/bin/gnu/h-x86_64-mingw32/bin/../lib/gcc/nios2-elf/4.9.2/../../../../../H-x86_64-mingw32/nios2-elf/lib/mhw-mulx\libc.a(lib_a-wbuf.o)
 .text.__swbuf_r
                0x000000000000fff4      0x138 c:/altera_lite/15.1/nios2eds/bin/gnu/h-x86_64-mingw32/bin/../lib/gcc/nios2-elf/4.9.2/../../../../../H-x86_64-mingw32/nios2-elf/lib/mhw-mulx\libc.a(lib_a-wbuf.o)
                0x000000000000fff4                __swbuf_r
 .text.__swbuf  0x000000000001012c       0x1c c:/altera_lite/15.1/nios2eds/bin/gnu/h-x86_64-mingw32/bin/../lib/gcc/nios2-elf/4.9.2/../../../../../H-x86_64-mingw32/nios2-elf/lib/mhw-mulx\libc.a(lib_a-wbuf.o)
                0x000000000001012c                __swbuf
 .text          0x0000000000010148        0x0 c:/altera_lite/15.1/nios2eds/bin/gnu/h-x86_64-mingw32/bin/../lib/gcc/nios2-elf/4.9.2/../../../../../H-x86_64-mingw32/nios2-elf/lib/mhw-mulx\libc.a(lib_a-writer.o)
 .text._write_r
                0x0000000000010148       0x5c c:/altera_lite/15.1/nios2eds/bin/gnu/h-x86_64-mingw32/bin/../lib/gcc/nios2-elf/4.9.2/../../../../../H-x86_64-mingw32/nios2-elf/lib/mhw-mulx\libc.a(lib_a-writer.o)
                0x0000000000010148                _write_r
 .text          0x00000000000101a4        0x0 c:/altera_lite/15.1/nios2eds/bin/gnu/h-x86_64-mingw32/bin/../lib/gcc/nios2-elf/4.9.2/../../../../../H-x86_64-mingw32/nios2-elf/lib/mhw-mulx\libc.a(closer.o)
 .text._close_r
                0x00000000000101a4       0x54 c:/altera_lite/15.1/nios2eds/bin/gnu/h-x86_64-mingw32/bin/../lib/gcc/nios2-elf/4.9.2/../../../../../H-x86_64-mingw32/nios2-elf/lib/mhw-mulx\libc.a(closer.o)
                0x00000000000101a4                _close_r
 .text          0x00000000000101f8        0x0 c:/altera_lite/15.1/nios2eds/bin/gnu/h-x86_64-mingw32/bin/../lib/gcc/nios2-elf/4.9.2/../../../../../H-x86_64-mingw32/nios2-elf/lib/mhw-mulx\libc.a(lib_a-callocr.o)
 .text._calloc_r
                0x00000000000101f8       0xc4 c:/altera_lite/15.1/nios2eds/bin/gnu/h-x86_64-mingw32/bin/../lib/gcc/nios2-elf/4.9.2/../../../../../H-x86_64-mingw32/nios2-elf/lib/mhw-mulx\libc.a(lib_a-callocr.o)
                0x00000000000101f8                _calloc_r
 .text          0x00000000000102bc        0x0 c:/altera_lite/15.1/nios2eds/bin/gnu/h-x86_64-mingw32/bin/../lib/gcc/nios2-elf/4.9.2/../../../../../H-x86_64-mingw32/nios2-elf/lib/mhw-mulx\libc.a(lib_a-fclose.o)
 .text._fclose_r
                0x00000000000102bc       0xf0 c:/altera_lite/15.1/nios2eds/bin/gnu/h-x86_64-mingw32/bin/../lib/gcc/nios2-elf/4.9.2/../../../../../H-x86_64-mingw32/nios2-elf/lib/mhw-mulx\libc.a(lib_a-fclose.o)
                0x00000000000102bc                _fclose_r
 .text.fclose   0x00000000000103ac       0x14 c:/altera_lite/15.1/nios2eds/bin/gnu/h-x86_64-mingw32/bin/../lib/gcc/nios2-elf/4.9.2/../../../../../H-x86_64-mingw32/nios2-elf/lib/mhw-mulx\libc.a(lib_a-fclose.o)
                0x00000000000103ac                fclose
 .text          0x00000000000103c0        0x0 c:/altera_lite/15.1/nios2eds/bin/gnu/h-x86_64-mingw32/bin/../lib/gcc/nios2-elf/4.9.2/../../../../../H-x86_64-mingw32/nios2-elf/lib/mhw-mulx\libc.a(lib_a-fputwc.o)
 .text._fputwc_r
                0x00000000000103c0      0x184 c:/altera_lite/15.1/nios2eds/bin/gnu/h-x86_64-mingw32/bin/../lib/gcc/nios2-elf/4.9.2/../../../../../H-x86_64-mingw32/nios2-elf/lib/mhw-mulx\libc.a(lib_a-fputwc.o)
                0x00000000000103c0                _fputwc_r
 .text.fputwc   0x0000000000010544       0x5c c:/altera_lite/15.1/nios2eds/bin/gnu/h-x86_64-mingw32/bin/../lib/gcc/nios2-elf/4.9.2/../../../../../H-x86_64-mingw32/nios2-elf/lib/mhw-mulx\libc.a(lib_a-fputwc.o)
                0x0000000000010544                fputwc
 .text          0x00000000000105a0        0x0 c:/altera_lite/15.1/nios2eds/bin/gnu/h-x86_64-mingw32/bin/../lib/gcc/nios2-elf/4.9.2/../../../../../H-x86_64-mingw32/nios2-elf/lib/mhw-mulx\libc.a(lib_a-fstatr.o)
 .text._fstat_r
                0x00000000000105a0       0x58 c:/altera_lite/15.1/nios2eds/bin/gnu/h-x86_64-mingw32/bin/../lib/gcc/nios2-elf/4.9.2/../../../../../H-x86_64-mingw32/nios2-elf/lib/mhw-mulx\libc.a(lib_a-fstatr.o)
                0x00000000000105a0                _fstat_r
 .text          0x00000000000105f8        0x0 c:/altera_lite/15.1/nios2eds/bin/gnu/h-x86_64-mingw32/bin/../lib/gcc/nios2-elf/4.9.2/../../../../../H-x86_64-mingw32/nios2-elf/lib/mhw-mulx\libc.a(lib_a-int_errno.o)
 .text          0x00000000000105f8        0x0 c:/altera_lite/15.1/nios2eds/bin/gnu/h-x86_64-mingw32/bin/../lib/gcc/nios2-elf/4.9.2/../../../../../H-x86_64-mingw32/nios2-elf/lib/mhw-mulx\libc.a(lib_a-isattyr.o)
 .text._isatty_r
                0x00000000000105f8       0x54 c:/altera_lite/15.1/nios2eds/bin/gnu/h-x86_64-mingw32/bin/../lib/gcc/nios2-elf/4.9.2/../../../../../H-x86_64-mingw32/nios2-elf/lib/mhw-mulx\libc.a(lib_a-isattyr.o)
                0x00000000000105f8                _isatty_r
 .text          0x000000000001064c        0x0 c:/altera_lite/15.1/nios2eds/bin/gnu/h-x86_64-mingw32/bin/../lib/gcc/nios2-elf/4.9.2/../../../../../H-x86_64-mingw32/nios2-elf/lib/mhw-mulx\libc.a(lib_a-lseekr.o)
 .text._lseek_r
                0x000000000001064c       0x5c c:/altera_lite/15.1/nios2eds/bin/gnu/h-x86_64-mingw32/bin/../lib/gcc/nios2-elf/4.9.2/../../../../../H-x86_64-mingw32/nios2-elf/lib/mhw-mulx\libc.a(lib_a-lseekr.o)
                0x000000000001064c                _lseek_r
 .text          0x00000000000106a8        0x0 c:/altera_lite/15.1/nios2eds/bin/gnu/h-x86_64-mingw32/bin/../lib/gcc/nios2-elf/4.9.2/../../../../../H-x86_64-mingw32/nios2-elf/lib/mhw-mulx\libc.a(lib_a-readr.o)
 .text._read_r  0x00000000000106a8       0x5c c:/altera_lite/15.1/nios2eds/bin/gnu/h-x86_64-mingw32/bin/../lib/gcc/nios2-elf/4.9.2/../../../../../H-x86_64-mingw32/nios2-elf/lib/mhw-mulx\libc.a(lib_a-readr.o)
                0x00000000000106a8                _read_r
 .text          0x0000000000010704        0x0 c:/altera_lite/15.1/nios2eds/bin/gnu/h-x86_64-mingw32/bin/../lib/gcc/nios2-elf/4.9.2/../../../../../H-x86_64-mingw32/nios2-elf/lib/mhw-mulx\libc.a(lib_a-wcrtomb.o)
 .text._wcrtomb_r
                0x0000000000010704       0x9c c:/altera_lite/15.1/nios2eds/bin/gnu/h-x86_64-mingw32/bin/../lib/gcc/nios2-elf/4.9.2/../../../../../H-x86_64-mingw32/nios2-elf/lib/mhw-mulx\libc.a(lib_a-wcrtomb.o)
                0x0000000000010704                _wcrtomb_r
 .text.wcrtomb  0x00000000000107a0       0xc0 c:/altera_lite/15.1/nios2eds/bin/gnu/h-x86_64-mingw32/bin/../lib/gcc/nios2-elf/4.9.2/../../../../../H-x86_64-mingw32/nios2-elf/lib/mhw-mulx\libc.a(lib_a-wcrtomb.o)
                0x00000000000107a0                wcrtomb
 .text          0x0000000000010860        0x0 c:/altera_lite/15.1/nios2eds/bin/gnu/h-x86_64-mingw32/bin/../lib/gcc/nios2-elf/4.9.2/../../../../../H-x86_64-mingw32/nios2-elf/lib/mhw-mulx\libc.a(lib_a-wctomb_r.o)
 .text.__ascii_wctomb
                0x0000000000010860       0x30 c:/altera_lite/15.1/nios2eds/bin/gnu/h-x86_64-mingw32/bin/../lib/gcc/nios2-elf/4.9.2/../../../../../H-x86_64-mingw32/nios2-elf/lib/mhw-mulx\libc.a(lib_a-wctomb_r.o)
                0x0000000000010860                __ascii_wctomb
 .text._wctomb_r
                0x0000000000010890       0x5c c:/altera_lite/15.1/nios2eds/bin/gnu/h-x86_64-mingw32/bin/../lib/gcc/nios2-elf/4.9.2/../../../../../H-x86_64-mingw32/nios2-elf/lib/mhw-mulx\libc.a(lib_a-wctomb_r.o)
                0x0000000000010890                _wctomb_r
 .text          0x00000000000108ec      0x5c0 c:/altera_lite/15.1/nios2eds/bin/gnu/h-x86_64-mingw32/bin/../lib/gcc/nios2-elf/4.9.2/mhw-mulx\libgcc.a(_udivdi3.o)
                0x00000000000108ec                __udivdi3
 .text          0x0000000000010eac      0x590 c:/altera_lite/15.1/nios2eds/bin/gnu/h-x86_64-mingw32/bin/../lib/gcc/nios2-elf/4.9.2/mhw-mulx\libgcc.a(_umoddi3.o)
                0x0000000000010eac                __umoddi3
 .text          0x000000000001143c      0x12c c:/altera_lite/15.1/nios2eds/bin/gnu/h-x86_64-mingw32/bin/../lib/gcc/nios2-elf/4.9.2/mhw-mulx\libgcc.a(lib2-divmod.o)
                0x00000000000114a8                __divsi3
                0x00000000000114fc                __modsi3
                0x0000000000011558                __udivsi3
                0x0000000000011560                __umodsi3
 .text          0x0000000000011568      0x89c c:/altera_lite/15.1/nios2eds/bin/gnu/h-x86_64-mingw32/bin/../lib/gcc/nios2-elf/4.9.2/mhw-mulx\libgcc.a(adddf3.o)
                0x0000000000011568                __adddf3
 .text          0x0000000000011e04      0x8cc c:/altera_lite/15.1/nios2eds/bin/gnu/h-x86_64-mingw32/bin/../lib/gcc/nios2-elf/4.9.2/mhw-mulx\libgcc.a(divdf3.o)
                0x0000000000011e04                __divdf3
 .text          0x00000000000126d0       0x84 c:/altera_lite/15.1/nios2eds/bin/gnu/h-x86_64-mingw32/bin/../lib/gcc/nios2-elf/4.9.2/mhw-mulx\libgcc.a(eqdf2.o)
                0x00000000000126d0                __nedf2
                0x00000000000126d0                __eqdf2
 .text          0x0000000000012754       0xe0 c:/altera_lite/15.1/nios2eds/bin/gnu/h-x86_64-mingw32/bin/../lib/gcc/nios2-elf/4.9.2/mhw-mulx\libgcc.a(gedf2.o)
                0x0000000000012754                __gedf2
                0x0000000000012754                __gtdf2
 .text          0x0000000000012834       0xe0 c:/altera_lite/15.1/nios2eds/bin/gnu/h-x86_64-mingw32/bin/../lib/gcc/nios2-elf/4.9.2/mhw-mulx\libgcc.a(ledf2.o)
                0x0000000000012834                __ledf2
                0x0000000000012834                __ltdf2
 .text          0x0000000000012914      0x724 c:/altera_lite/15.1/nios2eds/bin/gnu/h-x86_64-mingw32/bin/../lib/gcc/nios2-elf/4.9.2/mhw-mulx\libgcc.a(muldf3.o)
                0x0000000000012914                __muldf3
 .text          0x0000000000013038      0x8d0 c:/altera_lite/15.1/nios2eds/bin/gnu/h-x86_64-mingw32/bin/../lib/gcc/nios2-elf/4.9.2/mhw-mulx\libgcc.a(subdf3.o)
                0x0000000000013038                __subdf3
 .text          0x0000000000013908       0x88 c:/altera_lite/15.1/nios2eds/bin/gnu/h-x86_64-mingw32/bin/../lib/gcc/nios2-elf/4.9.2/mhw-mulx\libgcc.a(fixdfsi.o)
                0x0000000000013908                __fixdfsi
 .text          0x0000000000013990       0xd0 c:/altera_lite/15.1/nios2eds/bin/gnu/h-x86_64-mingw32/bin/../lib/gcc/nios2-elf/4.9.2/mhw-mulx\libgcc.a(floatsidf.o)
                0x0000000000013990                __floatsidf
 .text          0x0000000000013a60       0xa4 c:/altera_lite/15.1/nios2eds/bin/gnu/h-x86_64-mingw32/bin/../lib/gcc/nios2-elf/4.9.2/mhw-mulx\libgcc.a(floatunsidf.o)
                0x0000000000013a60                __floatunsidf
 .text          0x0000000000013b04        0x0 c:/altera_lite/15.1/nios2eds/bin/gnu/h-x86_64-mingw32/bin/../lib/gcc/nios2-elf/4.9.2/mhw-mulx\libgcc.a(_clz.o)
 .text          0x0000000000013b04       0x64 c:/altera_lite/15.1/nios2eds/bin/gnu/h-x86_64-mingw32/bin/../lib/gcc/nios2-elf/4.9.2/mhw-mulx\libgcc.a(_clzsi2.o)
                0x0000000000013b04                __clzsi2
 .text          0x0000000000013b68      0x120 C:/Users/rickert/Documents/GitHub/KBS_ESA_PAINGAME/KBS_ESA_PAINGAME_bsp/\libucosii_bsp.a(alt_close.o)
                0x0000000000013bb8                close
 .text          0x0000000000013c88       0x2c C:/Users/rickert/Documents/GitHub/KBS_ESA_PAINGAME/KBS_ESA_PAINGAME_bsp/\libucosii_bsp.a(alt_dev.o)
 .text          0x0000000000013cb4        0x0 C:/Users/rickert/Documents/GitHub/KBS_ESA_PAINGAME/KBS_ESA_PAINGAME_bsp/\libucosii_bsp.a(alt_errno.o)
 .text          0x0000000000013cb4      0x100 C:/Users/rickert/Documents/GitHub/KBS_ESA_PAINGAME/KBS_ESA_PAINGAME_bsp/\libucosii_bsp.a(alt_fstat.o)
                0x0000000000013d04                fstat
 .text          0x0000000000013db4       0xf4 C:/Users/rickert/Documents/GitHub/KBS_ESA_PAINGAME/KBS_ESA_PAINGAME_bsp/\libucosii_bsp.a(alt_isatty.o)
                0x0000000000013e04                isatty
 .text          0x0000000000013ea8       0xe4 C:/Users/rickert/Documents/GitHub/KBS_ESA_PAINGAME/KBS_ESA_PAINGAME_bsp/\libucosii_bsp.a(alt_load.o)
                0x0000000000013f0c                alt_load
 .text          0x0000000000013f8c      0x124 C:/Users/rickert/Documents/GitHub/KBS_ESA_PAINGAME/KBS_ESA_PAINGAME_bsp/\libucosii_bsp.a(alt_lseek.o)
                0x0000000000013fdc                lseek
 .text          0x00000000000140b0       0xd4 C:/Users/rickert/Documents/GitHub/KBS_ESA_PAINGAME/KBS_ESA_PAINGAME_bsp/\libucosii_bsp.a(alt_main.o)
                0x00000000000140b0                alt_main
 .text          0x0000000000014184      0x14c C:/Users/rickert/Documents/GitHub/KBS_ESA_PAINGAME/KBS_ESA_PAINGAME_bsp/\libucosii_bsp.a(alt_read.o)
                0x00000000000141d4                read
 .text          0x00000000000142d0       0x60 C:/Users/rickert/Documents/GitHub/KBS_ESA_PAINGAME/KBS_ESA_PAINGAME_bsp/\libucosii_bsp.a(alt_release_fd.o)
                0x00000000000142d0                alt_release_fd
 .text          0x0000000000014330       0xb0 C:/Users/rickert/Documents/GitHub/KBS_ESA_PAINGAME/KBS_ESA_PAINGAME_bsp/\libucosii_bsp.a(alt_sbrk.o)
                0x0000000000014330                sbrk
 .text          0x00000000000143e0      0x148 C:/Users/rickert/Documents/GitHub/KBS_ESA_PAINGAME/KBS_ESA_PAINGAME_bsp/\libucosii_bsp.a(alt_write.o)
                0x0000000000014430                write
 .text          0x0000000000014528      0x11c C:/Users/rickert/Documents/GitHub/KBS_ESA_PAINGAME/KBS_ESA_PAINGAME_bsp/\libucosii_bsp.a(alt_env_lock.o)
                0x0000000000014528                __env_lock
                0x00000000000145e8                __env_unlock
 .text          0x0000000000014644      0x1f0 C:/Users/rickert/Documents/GitHub/KBS_ESA_PAINGAME/KBS_ESA_PAINGAME_bsp/\libucosii_bsp.a(alt_malloc_lock.o)
                0x0000000000014644                __malloc_lock
                0x0000000000014764                __malloc_unlock
 .text          0x0000000000014834     0x1ff0 C:/Users/rickert/Documents/GitHub/KBS_ESA_PAINGAME/KBS_ESA_PAINGAME_bsp/\libucosii_bsp.a(os_core.o)
                0x0000000000014834                OSEventNameGet
                0x0000000000014954                OSEventNameSet
                0x0000000000014a90                OSEventPendMulti
                0x00000000000150a0                OSInit
                0x00000000000150f4                OSIntEnter
                0x0000000000015170                OSIntExit
                0x0000000000015264                OSSchedLock
                0x00000000000152ec                OSSchedUnlock
                0x00000000000153c4                OSStart
                0x0000000000015430                OSStatInit
                0x00000000000154dc                OSTimeTick
                0x00000000000156f8                OSVersion
                0x0000000000015718                OS_Dummy
                0x0000000000015734                OS_EventTaskRdy
                0x00000000000158cc                OS_EventTaskWait
                0x00000000000159d8                OS_EventTaskWaitMulti
                0x0000000000015b24                OS_EventTaskRemove
                0x0000000000015bd8                OS_EventTaskRemoveMulti
                0x0000000000015cd4                OS_EventWaitListInit
                0x0000000000016098                OS_MemClr
                0x00000000000160e8                OS_MemCopy
                0x000000000001614c                OS_Sched
                0x0000000000016288                OS_StrCopy
                0x00000000000162fc                OS_StrLen
                0x0000000000016350                OS_TaskIdle
                0x00000000000163ac                OS_TaskStat
                0x0000000000016488                OS_TaskStatStkChk
                0x0000000000016550                OS_TCBInit
 .text          0x0000000000016824      0x18c C:/Users/rickert/Documents/GitHub/KBS_ESA_PAINGAME/KBS_ESA_PAINGAME_bsp/\libucosii_bsp.a(os_dbg.o)
                0x0000000000016824                OSDebugInit
 .text          0x00000000000169b0     0x181c C:/Users/rickert/Documents/GitHub/KBS_ESA_PAINGAME/KBS_ESA_PAINGAME_bsp/\libucosii_bsp.a(os_flag.o)
                0x00000000000169b0                OSFlagAccept
                0x0000000000016cb8                OSFlagCreate
                0x0000000000016de0                OSFlagDel
                0x0000000000017050                OSFlagNameGet
                0x0000000000017180                OSFlagNameSet
                0x00000000000172d0                OSFlagPend
                0x00000000000178c0                OSFlagPendGetFlagsRdy
                0x0000000000017928                OSFlagPost
                0x0000000000017cb0                OSFlagQuery
                0x0000000000017f38                OS_FlagInit
                0x000000000001812c                OS_FlagUnlink
 .text          0x00000000000181cc      0xb88 C:/Users/rickert/Documents/GitHub/KBS_ESA_PAINGAME/KBS_ESA_PAINGAME_bsp/\libucosii_bsp.a(os_mbox.o)
                0x00000000000181cc                OSMboxAccept
                0x0000000000018264                OSMboxCreate
                0x0000000000018360                OSMboxDel
                0x00000000000185c8                OSMboxPend
                0x000000000001886c                OSMboxPendAbort
                0x00000000000189d8                OSMboxPost
                0x0000000000018ae8                OSMboxPostOpt
                0x0000000000018c44                OSMboxQuery
 .text          0x0000000000018d54      0x784 C:/Users/rickert/Documents/GitHub/KBS_ESA_PAINGAME/KBS_ESA_PAINGAME_bsp/\libucosii_bsp.a(os_mem.o)
                0x0000000000018d54                OSMemCreate
                0x0000000000018f48                OSMemGet
                0x0000000000019038                OSMemNameGet
                0x0000000000019130                OSMemNameSet
                0x0000000000019248                OSMemPut
                0x0000000000019320                OSMemQuery
                0x0000000000019408                OS_MemInit
 .text          0x00000000000194d8     0x1210 C:/Users/rickert/Documents/GitHub/KBS_ESA_PAINGAME/KBS_ESA_PAINGAME_bsp/\libucosii_bsp.a(os_q.o)
                0x00000000000194d8                OSQAccept
                0x0000000000019618                OSQCreate
                0x0000000000019814                OSQDel
                0x0000000000019adc                OSQFlush
                0x0000000000019b94                OSQPend
                0x0000000000019e90                OSQPendAbort
                0x0000000000019ffc                OSQPost
                0x000000000001a164                OSQPostFront
                0x000000000001a2d4                OSQPostOpt
                0x000000000001a4e0                OSQQuery
                0x000000000001a63c                OS_QInit
 .text          0x000000000001a6e8      0xb08 C:/Users/rickert/Documents/GitHub/KBS_ESA_PAINGAME/KBS_ESA_PAINGAME_bsp/\libucosii_bsp.a(os_sem.o)
                0x000000000001a6e8                OSSemAccept
                0x000000000001a798                OSSemCreate
                0x000000000001a898                OSSemDel
                0x000000000001ab00                OSSemPend
                0x000000000001ad68                OSSemPendAbort
                0x000000000001aed4                OSSemPost
                0x000000000001afe4                OSSemQuery
                0x000000000001b0f4                OSSemSet
 .text          0x000000000001b1f0     0x18f4 C:/Users/rickert/Documents/GitHub/KBS_ESA_PAINGAME/KBS_ESA_PAINGAME_bsp/\libucosii_bsp.a(os_task.o)
                0x000000000001b1f0                OSTaskChangePrio
                0x000000000001b730                OSTaskCreate
                0x000000000001b8ec                OSTaskCreateExt
                0x000000000001bad8                OSTaskDel
                0x000000000001beb8                OSTaskDelReq
                0x000000000001c010                OSTaskNameGet
                0x000000000001c1b8                OSTaskNameSet
                0x000000000001c378                OSTaskResume
                0x000000000001c570                OSTaskStkChk
                0x000000000001c738                OSTaskSuspend
                0x000000000001c94c                OSTaskQuery
                0x000000000001ca78                OS_TaskStkClr
 .text          0x000000000001cae4      0x568 C:/Users/rickert/Documents/GitHub/KBS_ESA_PAINGAME/KBS_ESA_PAINGAME_bsp/\libucosii_bsp.a(os_time.o)
                0x000000000001cae4                OSTimeDly
                0x000000000001cc2c                OSTimeDlyHMSM
                0x000000000001cd94                OSTimeDlyResume
                0x000000000001cf84                OSTimeGet
                0x000000000001cfe8                OSTimeSet
 .text          0x000000000001d04c      0x444 C:/Users/rickert/Documents/GitHub/KBS_ESA_PAINGAME/KBS_ESA_PAINGAME_bsp/\libucosii_bsp.a(alt_sys_init.o)
                0x000000000001d084                alt_irq_init
                0x000000000001d0b8                alt_sys_init
 .text          0x000000000001d490     0x43a4 C:/Users/rickert/Documents/GitHub/KBS_ESA_PAINGAME/KBS_ESA_PAINGAME_bsp/\libucosii_bsp.a(Altera_UP_SD_Card_Avalon_Interface.o)
                0x000000000001d490                Write_Sector_Data
                0x000000000001d544                Save_Modified_Sector
                0x000000000001d590                Read_Sector_Data
                0x000000000001d668                get_cluster_flag
                0x000000000001d71c                mark_cluster
                0x000000000001d7fc                Check_for_Master_Boot_Record
                0x000000000001d9a8                Read_File_Record_At_Offset
                0x000000000001dc24                Write_File_Record_At_Offset
                0x000000000001deb0                Check_for_DOS_FAT
                0x000000000001e538                Look_for_FAT16
                0x000000000001e624                filename_to_upper_case
                0x000000000001e6e4                check_file_name_for_FAT16_compliance
                0x000000000001e950                get_dir_divider_location
                0x000000000001ea08                match_file_record_to_name_ext
                0x000000000001eca4                get_home_directory_cluster_for_file
                0x000000000001f1d0                find_file_in_directory
                0x000000000001f638                find_first_empty_cluster
                0x000000000001f7dc                find_first_empty_record_in_a_subdirectory
                0x000000000001fa28                find_first_empty_record_in_root_directory
                0x000000000001fb54                convert_filename_to_name_extension
                0x000000000001fcdc                create_file
                0x000000000001ffa0                copy_file_record_name_to_string
                0x00000000000200e4                alt_up_sd_card_open_dev
                0x00000000000201a4                alt_up_sd_card_is_Present
                0x0000000000020268                alt_up_sd_card_is_FAT16
                0x00000000000202d4                alt_up_sd_card_find_first
                0x00000000000203a4                alt_up_sd_card_find_next
                0x0000000000020750                alt_up_sd_card_fopen
                0x0000000000020ad4                alt_up_sd_card_set_attributes
                0x0000000000020b58                alt_up_sd_card_get_attributes
                0x0000000000020be0                alt_up_sd_card_read
                0x0000000000020f58                alt_up_sd_card_write
                0x0000000000021678                alt_up_sd_card_fclose
 .text          0x0000000000021834      0x164 C:/Users/rickert/Documents/GitHub/KBS_ESA_PAINGAME/KBS_ESA_PAINGAME_bsp/\libucosii_bsp.a(altera_avalon_jtag_uart_fd.o)
                0x0000000000021834                altera_avalon_jtag_uart_read_fd
                0x0000000000021894                altera_avalon_jtag_uart_write_fd
                0x00000000000218f4                altera_avalon_jtag_uart_close_fd
                0x0000000000021944                altera_avalon_jtag_uart_ioctl_fd
 .text          0x0000000000021998      0x560 C:/Users/rickert/Documents/GitHub/KBS_ESA_PAINGAME/KBS_ESA_PAINGAME_bsp/\libucosii_bsp.a(altera_avalon_jtag_uart_init.o)
                0x0000000000021998                altera_avalon_jtag_uart_init
                0x0000000000021e90                altera_avalon_jtag_uart_close
 .text          0x0000000000021ef8       0xec C:/Users/rickert/Documents/GitHub/KBS_ESA_PAINGAME/KBS_ESA_PAINGAME_bsp/\libucosii_bsp.a(altera_avalon_jtag_uart_ioctl.o)
                0x0000000000021ef8                altera_avalon_jtag_uart_ioctl
 .text          0x0000000000021fe4      0x2b4 C:/Users/rickert/Documents/GitHub/KBS_ESA_PAINGAME/KBS_ESA_PAINGAME_bsp/\libucosii_bsp.a(altera_avalon_jtag_uart_read.o)
                0x0000000000021fe4                altera_avalon_jtag_uart_read
 .text          0x0000000000022298      0x2c0 C:/Users/rickert/Documents/GitHub/KBS_ESA_PAINGAME/KBS_ESA_PAINGAME_bsp/\libucosii_bsp.a(altera_avalon_jtag_uart_write.o)
                0x0000000000022298                altera_avalon_jtag_uart_write
 .text          0x0000000000022558       0xf8 C:/Users/rickert/Documents/GitHub/KBS_ESA_PAINGAME/KBS_ESA_PAINGAME_bsp/\libucosii_bsp.a(altera_avalon_timer_sc.o)
                0x00000000000225d0                alt_avalon_timer_sc_init
 .text          0x0000000000022650      0x4d8 C:/Users/rickert/Documents/GitHub/KBS_ESA_PAINGAME/KBS_ESA_PAINGAME_bsp/\libucosii_bsp.a(altera_up_avalon_character_lcd.o)
                0x0000000000022650                get_DDRAM_addr
                0x00000000000226c4                alt_up_character_lcd_send_cmd
                0x0000000000022700                alt_up_character_lcd_init
                0x0000000000022734                alt_up_character_lcd_open_dev
                0x0000000000022774                alt_up_character_lcd_write
                0x00000000000227ec                alt_up_character_lcd_string
                0x0000000000022860                alt_up_character_lcd_write_fd
                0x00000000000228b0                alt_up_character_lcd_set_cursor_pos
                0x0000000000022924                alt_up_character_lcd_shift_cursor
                0x00000000000229ac                alt_up_character_lcd_shift_display
                0x0000000000022a34                alt_up_character_lcd_erase_pos
                0x0000000000022ac0                alt_up_character_lcd_cursor_off
                0x0000000000022af4                alt_up_character_lcd_cursor_blink_on
 .text          0x0000000000022b28      0x388 C:/Users/rickert/Documents/GitHub/KBS_ESA_PAINGAME/KBS_ESA_PAINGAME_bsp/\libucosii_bsp.a(altera_up_avalon_irda.o)
                0x0000000000022b28                alt_up_irda_enable_read_interrupt
                0x0000000000022b80                alt_up_irda_disable_read_interrupt
                0x0000000000022bdc                alt_up_irda_get_used_space_in_read_FIFO
                0x0000000000022c1c                alt_up_irda_get_available_space_in_write_FIFO
                0x0000000000022c58                alt_up_irda_check_parity
                0x0000000000022c9c                alt_up_irda_write_data
                0x0000000000022cdc                alt_up_irda_read_data
                0x0000000000022d50                alt_up_irda_read_fd
                0x0000000000022de0                alt_up_irda_write_fd
                0x0000000000022e70                alt_up_irda_open_dev
 .text          0x0000000000022eb0       0x40 C:/Users/rickert/Documents/GitHub/KBS_ESA_PAINGAME/KBS_ESA_PAINGAME_bsp/\libucosii_bsp.a(altera_up_avalon_parallel_port.o)
                0x0000000000022eb0                alt_up_parallel_port_open_dev
 .text          0x0000000000022ef0      0x6b4 C:/Users/rickert/Documents/GitHub/KBS_ESA_PAINGAME/KBS_ESA_PAINGAME_bsp/\libucosii_bsp.a(altera_up_avalon_ps2.o)
                0x0000000000022ef0                read_RI_bit
                0x0000000000022f24                read_RE_bit
                0x0000000000022f54                read_CE_bit
                0x0000000000022f88                read_num_bytes_available
                0x0000000000022fb8                read_data_valid
                0x0000000000022fec                read_data_byte
                0x0000000000023018                alt_up_ps2_init
                0x00000000000230dc                alt_up_ps2_enable_read_interrupt
                0x0000000000023134                alt_up_ps2_disable_read_interrupt
                0x0000000000023190                alt_up_ps2_write_data_byte
                0x0000000000023204                alt_up_ps2_wait_for_ack
                0x0000000000023274                alt_up_ps2_write_data_byte_with_ack
                0x00000000000232d8                alt_up_ps2_read_data_byte_timeout
                0x000000000002337c                alt_up_ps2_read_data_byte
                0x00000000000233ec                alt_up_ps2_clear_fifo
                0x0000000000023440                alt_up_ps2_read_fd
                0x00000000000234cc                alt_up_ps2_write_fd
                0x0000000000023564                alt_up_ps2_open_dev
 .text          0x00000000000235a4      0x38c C:/Users/rickert/Documents/GitHub/KBS_ESA_PAINGAME/KBS_ESA_PAINGAME_bsp/\libucosii_bsp.a(altera_up_avalon_rs232.o)
                0x00000000000235a4                alt_up_rs232_enable_read_interrupt
                0x00000000000235fc                alt_up_rs232_disable_read_interrupt
                0x0000000000023658                alt_up_rs232_get_used_space_in_read_FIFO
                0x0000000000023698                alt_up_rs232_get_available_space_in_write_FIFO
                0x00000000000236d4                alt_up_rs232_check_parity
                0x0000000000023718                alt_up_rs232_write_data
                0x0000000000023758                alt_up_rs232_read_data
                0x00000000000237cc                alt_up_rs232_read_fd
                0x000000000002385c                alt_up_rs232_write_fd
                0x00000000000238f0                alt_up_rs232_open_dev
 .text          0x0000000000023930      0x2e8 C:/Users/rickert/Documents/GitHub/KBS_ESA_PAINGAME/KBS_ESA_PAINGAME_bsp/\libucosii_bsp.a(altera_up_avalon_video_character_buffer_with_dma.o)
                0x0000000000023930                alt_up_char_buffer_init
                0x00000000000239b0                alt_up_char_buffer_open_dev
                0x00000000000239f0                alt_up_char_buffer_draw
                0x0000000000023abc                alt_up_char_buffer_string
                0x0000000000023bbc                alt_up_char_buffer_clear
 .text          0x0000000000023c18      0x140 C:/Users/rickert/Documents/GitHub/KBS_ESA_PAINGAME/KBS_ESA_PAINGAME_bsp/\libucosii_bsp.a(alt_alarm_start.o)
                0x0000000000023c18                alt_alarm_start
 .text          0x0000000000023d58       0x1c C:/Users/rickert/Documents/GitHub/KBS_ESA_PAINGAME/KBS_ESA_PAINGAME_bsp/\libucosii_bsp.a(alt_dcache_flush_all.o)
                0x0000000000023d58                alt_dcache_flush_all
 .text          0x0000000000023d74       0xf4 C:/Users/rickert/Documents/GitHub/KBS_ESA_PAINGAME/KBS_ESA_PAINGAME_bsp/\libucosii_bsp.a(alt_dev_llist_insert.o)
                0x0000000000023dc4                alt_dev_llist_insert
 .text          0x0000000000023e68       0x5c C:/Users/rickert/Documents/GitHub/KBS_ESA_PAINGAME/KBS_ESA_PAINGAME_bsp/\libucosii_bsp.a(alt_do_ctors.o)
                0x0000000000023e68                _do_ctors
 .text          0x0000000000023ec4       0x5c C:/Users/rickert/Documents/GitHub/KBS_ESA_PAINGAME/KBS_ESA_PAINGAME_bsp/\libucosii_bsp.a(alt_do_dtors.o)
                0x0000000000023ec4                _do_dtors
 .text          0x0000000000023f20       0x90 C:/Users/rickert/Documents/GitHub/KBS_ESA_PAINGAME/KBS_ESA_PAINGAME_bsp/\libucosii_bsp.a(alt_find_dev.o)
                0x0000000000023f20                alt_find_dev
 .text          0x0000000000023fb0       0x30 C:/Users/rickert/Documents/GitHub/KBS_ESA_PAINGAME/KBS_ESA_PAINGAME_bsp/\libucosii_bsp.a(alt_icache_flush_all.o)
                0x0000000000023fb0                alt_icache_flush_all
 .text          0x0000000000023fe0      0x138 C:/Users/rickert/Documents/GitHub/KBS_ESA_PAINGAME/KBS_ESA_PAINGAME_bsp/\libucosii_bsp.a(alt_io_redirect.o)
                0x00000000000240a0                alt_io_redirect
 .text          0x0000000000024118      0x1b0 C:/Users/rickert/Documents/GitHub/KBS_ESA_PAINGAME/KBS_ESA_PAINGAME_bsp/\libucosii_bsp.a(alt_irq_register.o)
                0x0000000000024118                alt_irq_register
 .text          0x00000000000242c8        0x0 C:/Users/rickert/Documents/GitHub/KBS_ESA_PAINGAME/KBS_ESA_PAINGAME_bsp/\libucosii_bsp.a(alt_irq_vars.o)
 .text          0x00000000000242c8      0x274 C:/Users/rickert/Documents/GitHub/KBS_ESA_PAINGAME/KBS_ESA_PAINGAME_bsp/\libucosii_bsp.a(alt_open.o)
                0x00000000000243e4                open
 .text          0x000000000002453c      0x19c C:/Users/rickert/Documents/GitHub/KBS_ESA_PAINGAME/KBS_ESA_PAINGAME_bsp/\libucosii_bsp.a(alt_tick.o)
                0x000000000002453c                alt_alarm_stop
                0x00000000000245d4                alt_tick
 .text          0x00000000000246d8       0x20 C:/Users/rickert/Documents/GitHub/KBS_ESA_PAINGAME/KBS_ESA_PAINGAME_bsp/\libucosii_bsp.a(altera_nios2_gen2_irq.o)
                0x00000000000246d8                altera_nios2_gen2_irq_init
 .text          0x00000000000246f8       0xd0 C:/Users/rickert/Documents/GitHub/KBS_ESA_PAINGAME/KBS_ESA_PAINGAME_bsp/\libucosii_bsp.a(os_cpu_a.o)
                0x00000000000246f8                OSCtxSw
                0x00000000000246f8                OSIntCtxSw
                0x0000000000024784                OSStartHighRdy
                0x00000000000247a4                OSStartTsk
 .text          0x00000000000247c8      0x264 C:/Users/rickert/Documents/GitHub/KBS_ESA_PAINGAME/KBS_ESA_PAINGAME_bsp/\libucosii_bsp.a(os_cpu_c.o)
                0x00000000000247c8                OSTaskStkInit
                0x0000000000024924                OSTaskCreateHook
                0x0000000000024944                OSTaskDelHook
                0x0000000000024964                OSTaskSwHook
                0x0000000000024980                OSTaskStatHook
                0x000000000002499c                OSTimeTickHook
                0x00000000000249b8                OSInitHookBegin
                0x00000000000249d4                OSInitHookEnd
                0x00000000000249f0                OSTaskIdleHook
                0x0000000000024a0c                OSTCBInitHook
 .text          0x0000000000024a2c      0x114 C:/Users/rickert/Documents/GitHub/KBS_ESA_PAINGAME/KBS_ESA_PAINGAME_bsp/\libucosii_bsp.a(alt_find_file.o)
                0x0000000000024a2c                alt_find_file
 .text          0x0000000000024b40       0xfc C:/Users/rickert/Documents/GitHub/KBS_ESA_PAINGAME/KBS_ESA_PAINGAME_bsp/\libucosii_bsp.a(alt_get_fd.o)
                0x0000000000024b40                alt_get_fd
 .text          0x0000000000024c3c       0x8c C:/Users/rickert/Documents/GitHub/KBS_ESA_PAINGAME/KBS_ESA_PAINGAME_bsp/\libucosii_bsp.a(alt_icache_flush.o)
                0x0000000000024c3c                alt_icache_flush
 .text          0x0000000000024cc8        0x0 C:/Users/rickert/Documents/GitHub/KBS_ESA_PAINGAME/KBS_ESA_PAINGAME_bsp/\libucosii_bsp.a(alt_irq_entry.o)
 .text          0x0000000000024cc8        0x0 C:/Users/rickert/Documents/GitHub/KBS_ESA_PAINGAME/KBS_ESA_PAINGAME_bsp/\libucosii_bsp.a(alt_irq_handler.o)
 .text          0x0000000000024cc8        0x0 C:/Users/rickert/Documents/GitHub/KBS_ESA_PAINGAME/KBS_ESA_PAINGAME_bsp/\libucosii_bsp.a(alt_exception_entry.o)
 .text          0x0000000000024cc8       0x9c C:/Users/rickert/Documents/GitHub/KBS_ESA_PAINGAME/KBS_ESA_PAINGAME_bsp/\libucosii_bsp.a(alt_instruction_exception_entry.o)
                0x0000000000024cc8                alt_exception_cause_generated_bad_addr
 .text          0x0000000000024d64        0x0 c:/altera_lite/15.1/nios2eds/bin/gnu/h-x86_64-mingw32/bin/../lib/gcc/nios2-elf/4.9.2/../../../../../H-x86_64-mingw32/nios2-elf/lib/mhw-mulx\libc.a(lib_a-atexit.o)
 .text.atexit   0x0000000000024d64       0x14 c:/altera_lite/15.1/nios2eds/bin/gnu/h-x86_64-mingw32/bin/../lib/gcc/nios2-elf/4.9.2/../../../../../H-x86_64-mingw32/nios2-elf/lib/mhw-mulx\libc.a(lib_a-atexit.o)
                0x0000000000024d64                atexit
 .text          0x0000000000024d78        0x0 c:/altera_lite/15.1/nios2eds/bin/gnu/h-x86_64-mingw32/bin/../lib/gcc/nios2-elf/4.9.2/../../../../../H-x86_64-mingw32/nios2-elf/lib/mhw-mulx\libc.a(lib_a-exit.o)
 .text.exit     0x0000000000024d78       0x38 c:/altera_lite/15.1/nios2eds/bin/gnu/h-x86_64-mingw32/bin/../lib/gcc/nios2-elf/4.9.2/../../../../../H-x86_64-mingw32/nios2-elf/lib/mhw-mulx\libc.a(lib_a-exit.o)
                0x0000000000024d78                exit
 .text          0x0000000000024db0        0x0 c:/altera_lite/15.1/nios2eds/bin/gnu/h-x86_64-mingw32/bin/../lib/gcc/nios2-elf/4.9.2/../../../../../H-x86_64-mingw32/nios2-elf/lib/mhw-mulx\libc.a(lib_a-memcmp.o)
 .text.memcmp   0x0000000000024db0       0x7c c:/altera_lite/15.1/nios2eds/bin/gnu/h-x86_64-mingw32/bin/../lib/gcc/nios2-elf/4.9.2/../../../../../H-x86_64-mingw32/nios2-elf/lib/mhw-mulx\libc.a(lib_a-memcmp.o)
                0x0000000000024db0                memcmp
 .text          0x0000000000024e2c        0x0 c:/altera_lite/15.1/nios2eds/bin/gnu/h-x86_64-mingw32/bin/../lib/gcc/nios2-elf/4.9.2/../../../../../H-x86_64-mingw32/nios2-elf/lib/mhw-mulx\libc.a(lib_a-__atexit.o)
 .text.__register_exitproc
                0x0000000000024e2c      0x114 c:/altera_lite/15.1/nios2eds/bin/gnu/h-x86_64-mingw32/bin/../lib/gcc/nios2-elf/4.9.2/../../../../../H-x86_64-mingw32/nios2-elf/lib/mhw-mulx\libc.a(lib_a-__atexit.o)
                0x0000000000024e2c                __register_exitproc
 .text          0x0000000000024f40        0x0 c:/altera_lite/15.1/nios2eds/bin/gnu/h-x86_64-mingw32/bin/../lib/gcc/nios2-elf/4.9.2/../../../../../H-x86_64-mingw32/nios2-elf/lib/mhw-mulx\libc.a(lib_a-__call_atexit.o)
 .text.__call_exitprocs
                0x0000000000024f40      0x194 c:/altera_lite/15.1/nios2eds/bin/gnu/h-x86_64-mingw32/bin/../lib/gcc/nios2-elf/4.9.2/../../../../../H-x86_64-mingw32/nios2-elf/lib/mhw-mulx\libc.a(lib_a-__call_atexit.o)
                0x0000000000024f40                __call_exitprocs
 .text          0x00000000000250d4       0x3c C:/Users/rickert/Documents/GitHub/KBS_ESA_PAINGAME/KBS_ESA_PAINGAME_bsp/\libucosii_bsp.a(alt_exit.o)
                0x00000000000250d4                _exit
 *(.gnu.warning.*)
 *(.fini)
                0x0000000000025110                PROVIDE (__etext, ABSOLUTE (.))
                0x0000000000025110                PROVIDE (_etext, ABSOLUTE (.))
                0x0000000000025110                PROVIDE (etext, ABSOLUTE (.))
 *(.eh_frame_hdr)
                0x0000000000025110                . = ALIGN (0x4)
                0x0000000000025110                PROVIDE (__preinit_array_start, ABSOLUTE (.))
 *(.preinit_array)
                0x0000000000025110                PROVIDE (__preinit_array_end, ABSOLUTE (.))
                0x0000000000025110                PROVIDE (__init_array_start, ABSOLUTE (.))
 *(.init_array)
                0x0000000000025110                PROVIDE (__init_array_end, ABSOLUTE (.))
                0x0000000000025110                PROVIDE (__fini_array_start, ABSOLUTE (.))
 *(.fini_array)
                0x0000000000025110                PROVIDE (__fini_array_end, ABSOLUTE (.))
 *(.eh_frame)
 *(.gcc_except_table .gcc_except_table.*)
 *(.dynamic)
                0x0000000000025110                PROVIDE (__CTOR_LIST__, ABSOLUTE (.))
 *(.ctors)
 *(SORT(.ctors.*))
                0x0000000000025110                PROVIDE (__CTOR_END__, ABSOLUTE (.))
                0x0000000000025110                PROVIDE (__DTOR_LIST__, ABSOLUTE (.))
 *(.dtors)
 *(SORT(.dtors.*))
                0x0000000000025110                PROVIDE (__DTOR_END__, ABSOLUTE (.))
 *(.jcr)
                0x0000000000025110                . = ALIGN (0x4)

.rodata         0x0000000000025110      0xeb8
                0x0000000000025110                PROVIDE (__ram_rodata_start, ABSOLUTE (.))
                0x0000000000025110                . = ALIGN (0x4)
 *(.rodata .rodata.* .gnu.linkonce.r.*)
 .rodata        0x0000000000025110       0x40 obj/default/Contoller.o
 .rodata        0x0000000000025150      0x718 obj/default/Game.o
 .rodata        0x0000000000025868       0xd4 obj/default/Menu.o
 .rodata        0x000000000002593c       0x94 obj/default/hello_ucosii.o
 .rodata.str1.4
                0x00000000000259d0        0x2 c:/altera_lite/15.1/nios2eds/bin/gnu/h-x86_64-mingw32/bin/../lib/gcc/nios2-elf/4.9.2/../../../../../H-x86_64-mingw32/nios2-elf/lib/mhw-mulx\libc.a(lib_a-puts.o)
                                          0x4 (size before relaxing)
 *fill*         0x00000000000259d2        0x2 
 .rodata.str1.4
                0x00000000000259d4       0x42 c:/altera_lite/15.1/nios2eds/bin/gnu/h-x86_64-mingw32/bin/../lib/gcc/nios2-elf/4.9.2/../../../../../H-x86_64-mingw32/nios2-elf/lib/mhw-mulx\libc.a(lib_a-svfprintf.o)
                                         0x44 (size before relaxing)
 .rodata.zeroes.4240
                0x0000000000025a16       0x10 c:/altera_lite/15.1/nios2eds/bin/gnu/h-x86_64-mingw32/bin/../lib/gcc/nios2-elf/4.9.2/../../../../../H-x86_64-mingw32/nios2-elf/lib/mhw-mulx\libc.a(lib_a-svfprintf.o)
 .rodata.blanks.4239
                0x0000000000025a26       0x10 c:/altera_lite/15.1/nios2eds/bin/gnu/h-x86_64-mingw32/bin/../lib/gcc/nios2-elf/4.9.2/../../../../../H-x86_64-mingw32/nios2-elf/lib/mhw-mulx\libc.a(lib_a-svfprintf.o)
 .rodata.str1.4
                0x0000000000000000       0x44 c:/altera_lite/15.1/nios2eds/bin/gnu/h-x86_64-mingw32/bin/../lib/gcc/nios2-elf/4.9.2/../../../../../H-x86_64-mingw32/nios2-elf/lib/mhw-mulx\libc.a(lib_a-vfprintf.o)
 .rodata.zeroes.4255
                0x0000000000025a36       0x10 c:/altera_lite/15.1/nios2eds/bin/gnu/h-x86_64-mingw32/bin/../lib/gcc/nios2-elf/4.9.2/../../../../../H-x86_64-mingw32/nios2-elf/lib/mhw-mulx\libc.a(lib_a-vfprintf.o)
 .rodata.blanks.4254
                0x0000000000025a46       0x10 c:/altera_lite/15.1/nios2eds/bin/gnu/h-x86_64-mingw32/bin/../lib/gcc/nios2-elf/4.9.2/../../../../../H-x86_64-mingw32/nios2-elf/lib/mhw-mulx\libc.a(lib_a-vfprintf.o)
 *fill*         0x0000000000025a56        0x2 
 .rodata.str1.4
                0x0000000000025a58       0x10 c:/altera_lite/15.1/nios2eds/bin/gnu/h-x86_64-mingw32/bin/../lib/gcc/nios2-elf/4.9.2/../../../../../H-x86_64-mingw32/nios2-elf/lib/mhw-mulx\libc.a(lib_a-dtoa.o)
                                         0x14 (size before relaxing)
 .rodata.str1.4
                0x0000000000025a68        0x2 c:/altera_lite/15.1/nios2eds/bin/gnu/h-x86_64-mingw32/bin/../lib/gcc/nios2-elf/4.9.2/../../../../../H-x86_64-mingw32/nios2-elf/lib/mhw-mulx\libc.a(lib_a-impure.o)
                                          0x4 (size before relaxing)
 *fill*         0x0000000000025a6a        0x2 
 .rodata.str1.4
                0x0000000000025a6c        0xc c:/altera_lite/15.1/nios2eds/bin/gnu/h-x86_64-mingw32/bin/../lib/gcc/nios2-elf/4.9.2/../../../../../H-x86_64-mingw32/nios2-elf/lib/mhw-mulx\libc.a(lib_a-locale.o)
                                         0x14 (size before relaxing)
 .rodata.p05.2710
                0x0000000000025a78        0xc c:/altera_lite/15.1/nios2eds/bin/gnu/h-x86_64-mingw32/bin/../lib/gcc/nios2-elf/4.9.2/../../../../../H-x86_64-mingw32/nios2-elf/lib/mhw-mulx\libc.a(lib_a-mprec.o)
 .rodata.__mprec_tinytens
                0x0000000000025a84       0x28 c:/altera_lite/15.1/nios2eds/bin/gnu/h-x86_64-mingw32/bin/../lib/gcc/nios2-elf/4.9.2/../../../../../H-x86_64-mingw32/nios2-elf/lib/mhw-mulx\libc.a(lib_a-mprec.o)
                0x0000000000025a84                __mprec_tinytens
 .rodata.__mprec_bigtens
                0x0000000000025aac       0x28 c:/altera_lite/15.1/nios2eds/bin/gnu/h-x86_64-mingw32/bin/../lib/gcc/nios2-elf/4.9.2/../../../../../H-x86_64-mingw32/nios2-elf/lib/mhw-mulx\libc.a(lib_a-mprec.o)
                0x0000000000025aac                __mprec_bigtens
 .rodata.__mprec_tens
                0x0000000000025ad4       0xc8 c:/altera_lite/15.1/nios2eds/bin/gnu/h-x86_64-mingw32/bin/../lib/gcc/nios2-elf/4.9.2/../../../../../H-x86_64-mingw32/nios2-elf/lib/mhw-mulx\libc.a(lib_a-mprec.o)
                0x0000000000025ad4                __mprec_tens
 .rodata.str1.4
                0x0000000000000000       0x30 c:/altera_lite/15.1/nios2eds/bin/gnu/h-x86_64-mingw32/bin/../lib/gcc/nios2-elf/4.9.2/../../../../../H-x86_64-mingw32/nios2-elf/lib/mhw-mulx\libc.a(lib_a-svfiprintf.o)
 .rodata.zeroes.4184
                0x0000000000025b9c       0x10 c:/altera_lite/15.1/nios2eds/bin/gnu/h-x86_64-mingw32/bin/../lib/gcc/nios2-elf/4.9.2/../../../../../H-x86_64-mingw32/nios2-elf/lib/mhw-mulx\libc.a(lib_a-svfiprintf.o)
 .rodata.blanks.4183
                0x0000000000025bac       0x10 c:/altera_lite/15.1/nios2eds/bin/gnu/h-x86_64-mingw32/bin/../lib/gcc/nios2-elf/4.9.2/../../../../../H-x86_64-mingw32/nios2-elf/lib/mhw-mulx\libc.a(lib_a-svfiprintf.o)
 .rodata.str1.4
                0x0000000000000000       0x30 c:/altera_lite/15.1/nios2eds/bin/gnu/h-x86_64-mingw32/bin/../lib/gcc/nios2-elf/4.9.2/../../../../../H-x86_64-mingw32/nios2-elf/lib/mhw-mulx\libc.a(lib_a-vfiprintf.o)
 .rodata.zeroes.4200
                0x0000000000025bbc       0x10 c:/altera_lite/15.1/nios2eds/bin/gnu/h-x86_64-mingw32/bin/../lib/gcc/nios2-elf/4.9.2/../../../../../H-x86_64-mingw32/nios2-elf/lib/mhw-mulx\libc.a(lib_a-vfiprintf.o)
 .rodata.blanks.4199
                0x0000000000025bcc       0x10 c:/altera_lite/15.1/nios2eds/bin/gnu/h-x86_64-mingw32/bin/../lib/gcc/nios2-elf/4.9.2/../../../../../H-x86_64-mingw32/nios2-elf/lib/mhw-mulx\libc.a(lib_a-vfiprintf.o)
 .rodata        0x0000000000025bdc      0x100 c:/altera_lite/15.1/nios2eds/bin/gnu/h-x86_64-mingw32/bin/../lib/gcc/nios2-elf/4.9.2/mhw-mulx\libgcc.a(_clz.o)
                0x0000000000025bdc                __clz_tab
 .rodata        0x0000000000025cdc        0xc C:/Users/rickert/Documents/GitHub/KBS_ESA_PAINGAME/KBS_ESA_PAINGAME_bsp/\libucosii_bsp.a(alt_dev.o)
 .rodata        0x0000000000025ce8       0x10 C:/Users/rickert/Documents/GitHub/KBS_ESA_PAINGAME/KBS_ESA_PAINGAME_bsp/\libucosii_bsp.a(alt_main.o)
 .rodata        0x0000000000025cf8      0x120 C:/Users/rickert/Documents/GitHub/KBS_ESA_PAINGAME/KBS_ESA_PAINGAME_bsp/\libucosii_bsp.a(os_core.o)
                0x0000000000025cf8                OSUnMapTbl
 .rodata        0x0000000000025e18      0x190 C:/Users/rickert/Documents/GitHub/KBS_ESA_PAINGAME/KBS_ESA_PAINGAME_bsp/\libucosii_bsp.a(alt_sys_init.o)
 .rodata        0x0000000000025fa8       0x1c C:/Users/rickert/Documents/GitHub/KBS_ESA_PAINGAME/KBS_ESA_PAINGAME_bsp/\libucosii_bsp.a(altera_up_avalon_video_character_buffer_with_dma.o)
 .rodata        0x0000000000025fc4        0x4 C:/Users/rickert/Documents/GitHub/KBS_ESA_PAINGAME/KBS_ESA_PAINGAME_bsp/\libucosii_bsp.a(os_cpu_c.o)
 *(.rodata1)
                0x0000000000025fc8                . = ALIGN (0x4)
                0x0000000000025fc8                PROVIDE (__ram_rodata_end, ABSOLUTE (.))
                0x0000000000025110                PROVIDE (__flash_rodata_start, LOADADDR (.rodata))

.rwdata         0x0000000000025fc8     0x1f30 load address 0x0000000000027ef8
                0x0000000000025fc8                PROVIDE (__ram_rwdata_start, ABSOLUTE (.))
                0x0000000000025fc8                . = ALIGN (0x4)
 *(.got.plt)
 *(.got)
 *(.data1)
 *(.data .data.* .gnu.linkonce.d.*)
 .data          0x0000000000025fc8        0x0 C:/Users/rickert/Documents/GitHub/KBS_ESA_PAINGAME/KBS_ESA_PAINGAME_bsp//obj/HAL/src/crt0.o
 .data          0x0000000000025fc8        0x0 obj/default/Contoller.o
 .data          0x0000000000025fc8        0x0 obj/default/Game.o
 .data          0x0000000000025fc8        0x0 obj/default/Menu.o
 .data          0x0000000000025fc8        0x0 obj/default/Singleplayer.o
 .data          0x0000000000025fc8        0x0 obj/default/Tutorial.o
 .data          0x0000000000025fc8        0x0 obj/default/hello_ucosii.o
 .data          0x0000000000025fc8        0x0 c:/altera_lite/15.1/nios2eds/bin/gnu/h-x86_64-mingw32/bin/../lib/gcc/nios2-elf/4.9.2/../../../../../H-x86_64-mingw32/nios2-elf/lib/mhw-mulx\libc.a(lib_a-bzero.o)
 .data          0x0000000000025fc8        0x0 c:/altera_lite/15.1/nios2eds/bin/gnu/h-x86_64-mingw32/bin/../lib/gcc/nios2-elf/4.9.2/../../../../../H-x86_64-mingw32/nios2-elf/lib/mhw-mulx\libc.a(lib_a-memset.o)
 .data          0x0000000000025fc8        0x0 c:/altera_lite/15.1/nios2eds/bin/gnu/h-x86_64-mingw32/bin/../lib/gcc/nios2-elf/4.9.2/../../../../../H-x86_64-mingw32/nios2-elf/lib/mhw-mulx\libc.a(lib_a-printf.o)
 .data          0x0000000000025fc8        0x0 c:/altera_lite/15.1/nios2eds/bin/gnu/h-x86_64-mingw32/bin/../lib/gcc/nios2-elf/4.9.2/../../../../../H-x86_64-mingw32/nios2-elf/lib/mhw-mulx\libc.a(lib_a-putchar.o)
 .data          0x0000000000025fc8        0x0 c:/altera_lite/15.1/nios2eds/bin/gnu/h-x86_64-mingw32/bin/../lib/gcc/nios2-elf/4.9.2/../../../../../H-x86_64-mingw32/nios2-elf/lib/mhw-mulx\libc.a(lib_a-puts.o)
 .data          0x0000000000025fc8        0x0 c:/altera_lite/15.1/nios2eds/bin/gnu/h-x86_64-mingw32/bin/../lib/gcc/nios2-elf/4.9.2/../../../../../H-x86_64-mingw32/nios2-elf/lib/mhw-mulx\libc.a(lib_a-sprintf.o)
 .data          0x0000000000025fc8        0x0 c:/altera_lite/15.1/nios2eds/bin/gnu/h-x86_64-mingw32/bin/../lib/gcc/nios2-elf/4.9.2/../../../../../H-x86_64-mingw32/nios2-elf/lib/mhw-mulx\libc.a(lib_a-strcat.o)
 .data          0x0000000000025fc8        0x0 c:/altera_lite/15.1/nios2eds/bin/gnu/h-x86_64-mingw32/bin/../lib/gcc/nios2-elf/4.9.2/../../../../../H-x86_64-mingw32/nios2-elf/lib/mhw-mulx\libc.a(lib_a-strcpy.o)
 .data          0x0000000000025fc8        0x0 c:/altera_lite/15.1/nios2eds/bin/gnu/h-x86_64-mingw32/bin/../lib/gcc/nios2-elf/4.9.2/../../../../../H-x86_64-mingw32/nios2-elf/lib/mhw-mulx\libc.a(lib_a-strlen.o)
 .data          0x0000000000025fc8        0x0 c:/altera_lite/15.1/nios2eds/bin/gnu/h-x86_64-mingw32/bin/../lib/gcc/nios2-elf/4.9.2/../../../../../H-x86_64-mingw32/nios2-elf/lib/mhw-mulx\libc.a(lib_a-svfprintf.o)
 .data          0x0000000000025fc8        0x0 c:/altera_lite/15.1/nios2eds/bin/gnu/h-x86_64-mingw32/bin/../lib/gcc/nios2-elf/4.9.2/../../../../../H-x86_64-mingw32/nios2-elf/lib/mhw-mulx\libc.a(lib_a-vfprintf.o)
 .data          0x0000000000025fc8        0x0 c:/altera_lite/15.1/nios2eds/bin/gnu/h-x86_64-mingw32/bin/../lib/gcc/nios2-elf/4.9.2/../../../../../H-x86_64-mingw32/nios2-elf/lib/mhw-mulx\libc.a(lib_a-wsetup.o)
 .data          0x0000000000025fc8        0x0 c:/altera_lite/15.1/nios2eds/bin/gnu/h-x86_64-mingw32/bin/../lib/gcc/nios2-elf/4.9.2/../../../../../H-x86_64-mingw32/nios2-elf/lib/mhw-mulx\libc.a(lib_a-dtoa.o)
 .data          0x0000000000025fc8        0x0 c:/altera_lite/15.1/nios2eds/bin/gnu/h-x86_64-mingw32/bin/../lib/gcc/nios2-elf/4.9.2/../../../../../H-x86_64-mingw32/nios2-elf/lib/mhw-mulx\libc.a(lib_a-fflush.o)