Archive member included to satisfy reference by file (symbol)

c:/altera_lite/15.1/nios2eds/bin/gnu/h-x86_64-mingw32/bin/../lib/gcc/nios2-elf/4.9.2/../../../../../H-x86_64-mingw32/nios2-elf/lib/mhw-mulx\libc.a(lib_a-puts.o)
                              obj/default/Menu.o (puts)
c:/altera_lite/15.1/nios2eds/bin/gnu/h-x86_64-mingw32/bin/../lib/gcc/nios2-elf/4.9.2/../../../../../H-x86_64-mingw32/nios2-elf/lib/mhw-mulx\libc.a(lib_a-strlen.o)
                              c:/altera_lite/15.1/nios2eds/bin/gnu/h-x86_64-mingw32/bin/../lib/gcc/nios2-elf/4.9.2/../../../../../H-x86_64-mingw32/nios2-elf/lib/mhw-mulx\libc.a(lib_a-puts.o) (strlen)
c:/altera_lite/15.1/nios2eds/bin/gnu/h-x86_64-mingw32/bin/../lib/gcc/nios2-elf/4.9.2/../../../../../H-x86_64-mingw32/nios2-elf/lib/mhw-mulx\libc.a(lib_a-fvwrite.o)
                              c:/altera_lite/15.1/nios2eds/bin/gnu/h-x86_64-mingw32/bin/../lib/gcc/nios2-elf/4.9.2/../../../../../H-x86_64-mingw32/nios2-elf/lib/mhw-mulx\libc.a(lib_a-puts.o) (__sfvwrite_r)
c:/altera_lite/15.1/nios2eds/bin/gnu/h-x86_64-mingw32/bin/../lib/gcc/nios2-elf/4.9.2/../../../../../H-x86_64-mingw32/nios2-elf/lib/mhw-mulx\libc.a(lib_a-impure.o)
                              c:/altera_lite/15.1/nios2eds/bin/gnu/h-x86_64-mingw32/bin/../lib/gcc/nios2-elf/4.9.2/../../../../../H-x86_64-mingw32/nios2-elf/lib/mhw-mulx\libc.a(lib_a-puts.o) (_impure_ptr)
c:/altera_lite/15.1/nios2eds/bin/gnu/h-x86_64-mingw32/bin/../lib/gcc/nios2-elf/4.9.2/../../../../../H-x86_64-mingw32/nios2-elf/lib/mhw-mulx\libc.a(lib_a-mallocr.o)
                              c:/altera_lite/15.1/nios2eds/bin/gnu/h-x86_64-mingw32/bin/../lib/gcc/nios2-elf/4.9.2/../../../../../H-x86_64-mingw32/nios2-elf/lib/mhw-mulx\libc.a(lib_a-fvwrite.o) (_malloc_r)
c:/altera_lite/15.1/nios2eds/bin/gnu/h-x86_64-mingw32/bin/../lib/gcc/nios2-elf/4.9.2/../../../../../H-x86_64-mingw32/nios2-elf/lib/mhw-mulx\libc.a(lib_a-memchr.o)
                              c:/altera_lite/15.1/nios2eds/bin/gnu/h-x86_64-mingw32/bin/../lib/gcc/nios2-elf/4.9.2/../../../../../H-x86_64-mingw32/nios2-elf/lib/mhw-mulx\libc.a(lib_a-fvwrite.o) (memchr)
c:/altera_lite/15.1/nios2eds/bin/gnu/h-x86_64-mingw32/bin/../lib/gcc/nios2-elf/4.9.2/../../../../../H-x86_64-mingw32/nios2-elf/lib/mhw-mulx\libc.a(lib_a-memcpy.o)
                              c:/altera_lite/15.1/nios2eds/bin/gnu/h-x86_64-mingw32/bin/../lib/gcc/nios2-elf/4.9.2/../../../../../H-x86_64-mingw32/nios2-elf/lib/mhw-mulx\libc.a(lib_a-fvwrite.o) (memcpy)
c:/altera_lite/15.1/nios2eds/bin/gnu/h-x86_64-mingw32/bin/../lib/gcc/nios2-elf/4.9.2/../../../../../H-x86_64-mingw32/nios2-elf/lib/mhw-mulx\libc.a(lib_a-memmove.o)
                              c:/altera_lite/15.1/nios2eds/bin/gnu/h-x86_64-mingw32/bin/../lib/gcc/nios2-elf/4.9.2/../../../../../H-x86_64-mingw32/nios2-elf/lib/mhw-mulx\libc.a(lib_a-fvwrite.o) (memmove)
c:/altera_lite/15.1/nios2eds/bin/gnu/h-x86_64-mingw32/bin/../lib/gcc/nios2-elf/4.9.2/../../../../../H-x86_64-mingw32/nios2-elf/lib/mhw-mulx\libc.a(lib_a-reallocr.o)
                              c:/altera_lite/15.1/nios2eds/bin/gnu/h-x86_64-mingw32/bin/../lib/gcc/nios2-elf/4.9.2/../../../../../H-x86_64-mingw32/nios2-elf/lib/mhw-mulx\libc.a(lib_a-fvwrite.o) (_realloc_r)
c:/altera_lite/15.1/nios2eds/bin/gnu/h-x86_64-mingw32/bin/../lib/gcc/nios2-elf/4.9.2/../../../../../H-x86_64-mingw32/nios2-elf/lib/mhw-mulx\libc.a(lib_a-sbrkr.o)
                              c:/altera_lite/15.1/nios2eds/bin/gnu/h-x86_64-mingw32/bin/../lib/gcc/nios2-elf/4.9.2/../../../../../H-x86_64-mingw32/nios2-elf/lib/mhw-mulx\libc.a(lib_a-mallocr.o) (_sbrk_r)
c:/altera_lite/15.1/nios2eds/bin/gnu/h-x86_64-mingw32/bin/../lib/gcc/nios2-elf/4.9.2/../../../../../H-x86_64-mingw32/nios2-elf/lib/mhw-mulx\libc.a(lib_a-wsetup.o)
                              c:/altera_lite/15.1/nios2eds/bin/gnu/h-x86_64-mingw32/bin/../lib/gcc/nios2-elf/4.9.2/../../../../../H-x86_64-mingw32/nios2-elf/lib/mhw-mulx\libc.a(lib_a-fvwrite.o) (__swsetup_r)
c:/altera_lite/15.1/nios2eds/bin/gnu/h-x86_64-mingw32/bin/../lib/gcc/nios2-elf/4.9.2/../../../../../H-x86_64-mingw32/nios2-elf/lib/mhw-mulx\libc.a(lib_a-fflush.o)
                              c:/altera_lite/15.1/nios2eds/bin/gnu/h-x86_64-mingw32/bin/../lib/gcc/nios2-elf/4.9.2/../../../../../H-x86_64-mingw32/nios2-elf/lib/mhw-mulx\libc.a(lib_a-fvwrite.o) (_fflush_r)
c:/altera_lite/15.1/nios2eds/bin/gnu/h-x86_64-mingw32/bin/../lib/gcc/nios2-elf/4.9.2/../../../../../H-x86_64-mingw32/nios2-elf/lib/mhw-mulx\libc.a(lib_a-findfp.o)
                              c:/altera_lite/15.1/nios2eds/bin/gnu/h-x86_64-mingw32/bin/../lib/gcc/nios2-elf/4.9.2/../../../../../H-x86_64-mingw32/nios2-elf/lib/mhw-mulx\libc.a(lib_a-wsetup.o) (__sinit)
c:/altera_lite/15.1/nios2eds/bin/gnu/h-x86_64-mingw32/bin/../lib/gcc/nios2-elf/4.9.2/../../../../../H-x86_64-mingw32/nios2-elf/lib/mhw-mulx\libc.a(lib_a-freer.o)
[...]
Memory Configuration

Name             Origin             Length             Attributes
reset            0x0000000000000000 0x0000000000000020
SDRAM            0x0000000000000020 0x0000000003ffffe0
Flash_flash_data 0x000000000c000000 0x0000000000800000
*default*        0x0000000000000000 0xffffffffffffffff

Linker script and memory map

LOAD C:/Users/rickert/Documents/GitHub/KBS_ESA_PAINGAME/KBS_ESA_PAINGAME_bsp//obj/HAL/src/crt0.o
LOAD obj/default/Contoller.o
LOAD obj/default/Game.o
LOAD obj/default/Menu.o
LOAD obj/default/hello_ucosii.o
LOAD c:/altera_lite/15.1/nios2eds/bin/gnu/h-x86_64-mingw32/bin/../lib/gcc/nios2-elf/4.9.2/../../../../../H-x86_64-mingw32/nios2-elf/lib/mhw-mulx\libstdc++.a
LOAD c:/altera_lite/15.1/nios2eds/bin/gnu/h-x86_64-mingw32/bin/../lib/gcc/nios2-elf/4.9.2/../../../../../H-x86_64-mingw32/nios2-elf/lib/mhw-mulx\libm.a
LOAD c:/altera_lite/15.1/nios2eds/bin/gnu/h-x86_64-mingw32/bin/../lib/gcc/nios2-elf/4.9.2/mhw-mulx\libgcc.a
START GROUP
LOAD c:/altera_lite/15.1/nios2eds/bin/gnu/h-x86_64-mingw32/bin/../lib/gcc/nios2-elf/4.9.2/../../../../../H-x86_64-mingw32/nios2-elf/lib/mhw-mulx\libc.a
LOAD c:/altera_lite/15.1/nios2eds/bin/gnu/h-x86_64-mingw32/bin/../lib/gcc/nios2-elf/4.9.2/mhw-mulx\libgcc.a
LOAD C:/Users/rickert/Documents/GitHub/KBS_ESA_PAINGAME/KBS_ESA_PAINGAME_bsp/\libucosii_bsp.a
LOAD c:/altera_lite/15.1/nios2eds/bin/gnu/h-x86_64-mingw32/bin/../lib/gcc/nios2-elf/4.9.2/../../../../../H-x86_64-mingw32/nios2-elf/lib/mhw-mulx\libm.a
END GROUP
LOAD c:/altera_lite/15.1/nios2eds/bin/gnu/h-x86_64-mingw32/bin/../lib/gcc/nios2-elf/4.9.2/mhw-mulx\libgcc.a
                0x0000000000000000                __alt_mem_SDRAM = 0x0
                0x000000000c000000                __alt_mem_Flash_flash_data = 0xc000000

.entry          0x0000000000000000       0x20
 *(.entry)
 .entry         0x0000000000000000       0x20 C:/Users/rickert/Documents/GitHub/KBS_ESA_PAINGAME/KBS_ESA_PAINGAME_bsp//obj/HAL/src/crt0.o
                0x0000000000000000                __reset

.exceptions     0x0000000000000020      0x224
                0x0000000000000020                PROVIDE (__ram_exceptions_start, ABSOLUTE (.))
                0x0000000000000020                . = ALIGN (0x20)
 *(.irq)
 *(.exceptions.entry.label)
 .exceptions.entry.label
                0x0000000000000020        0x0 C:/Users/rickert/Documents/GitHub/KBS_ESA_PAINGAME/KBS_ESA_PAINGAME_bsp/\libucosii_bsp.a(alt_irq_entry.o)
                0x0000000000000020                alt_irq_entry
 .exceptions.entry.label
                0x0000000000000020        0x0 C:/Users/rickert/Documents/GitHub/KBS_ESA_PAINGAME/KBS_ESA_PAINGAME_bsp/\libucosii_bsp.a(alt_exception_entry.o)
                0x0000000000000020                alt_exception
 *(.exceptions.entry.user)
 *(.exceptions.entry.ecc_fatal)
 *(.exceptions.entry)
 .exceptions.entry
                0x0000000000000020       0x54 C:/Users/rickert/Documents/GitHub/KBS_ESA_PAINGAME/KBS_ESA_PAINGAME_bsp/\libucosii_bsp.a(alt_exception_entry.o)
 *(.exceptions.irqtest.user)
 *(.exceptions.irqtest)
 .exceptions.irqtest
                0x0000000000000074       0x10 C:/Users/rickert/Documents/GitHub/KBS_ESA_PAINGAME/KBS_ESA_PAINGAME_bsp/\libucosii_bsp.a(alt_irq_entry.o)
 *(.exceptions.irqhandler.user)
 *(.exceptions.irqhandler)
 .exceptions.irqhandler
                0x0000000000000084        0x4 C:/Users/rickert/Documents/GitHub/KBS_ESA_PAINGAME/KBS_ESA_PAINGAME_bsp/\libucosii_bsp.a(alt_irq_entry.o)
 *(.exceptions.irqreturn.user)
 *(.exceptions.irqreturn)
 .exceptions.irqreturn
                0x0000000000000088        0x4 C:/Users/rickert/Documents/GitHub/KBS_ESA_PAINGAME/KBS_ESA_PAINGAME_bsp/\libucosii_bsp.a(alt_irq_entry.o)
 *(.exceptions.notirq.label)
 .exceptions.notirq.label
                0x000000000000008c        0x0 C:/Users/rickert/Documents/GitHub/KBS_ESA_PAINGAME/KBS_ESA_PAINGAME_bsp/\libucosii_bsp.a(alt_irq_entry.o)
 *(.exceptions.notirq.user)
 *(.exceptions.notirq)
 .exceptions.notirq
                0x000000000000008c        0x8 C:/Users/rickert/Documents/GitHub/KBS_ESA_PAINGAME/KBS_ESA_PAINGAME_bsp/\libucosii_bsp.a(alt_exception_entry.o)
 *(.exceptions.soft.user)
 *(.exceptions.soft)
 *(.exceptions.unknown.user)
 *(.exceptions.unknown)
 .exceptions.unknown
                0x0000000000000094       0x14 C:/Users/rickert/Documents/GitHub/KBS_ESA_PAINGAME/KBS_ESA_PAINGAME_bsp/\libucosii_bsp.a(alt_exception_entry.o)
 *(.exceptions.exit.label)
 .exceptions.exit.label
                0x00000000000000a8        0x0 C:/Users/rickert/Documents/GitHub/KBS_ESA_PAINGAME/KBS_ESA_PAINGAME_bsp/\libucosii_bsp.a(alt_irq_entry.o)
 .exceptions.exit.label
                0x00000000000000a8        0x0 C:/Users/rickert/Documents/GitHub/KBS_ESA_PAINGAME/KBS_ESA_PAINGAME_bsp/\libucosii_bsp.a(alt_exception_entry.o)
 *(.exceptions.exit.user)
 *(.exceptions.exit)
 .exceptions.exit
                0x00000000000000a8       0x54 C:/Users/rickert/Documents/GitHub/KBS_ESA_PAINGAME/KBS_ESA_PAINGAME_bsp/\libucosii_bsp.a(alt_exception_entry.o)
 *(.exceptions)
 .exceptions    0x00000000000000fc       0xd4 C:/Users/rickert/Documents/GitHub/KBS_ESA_PAINGAME/KBS_ESA_PAINGAME_bsp/\libucosii_bsp.a(alt_irq_handler.o)
                0x00000000000000fc                alt_irq_handler
 .exceptions    0x00000000000001d0       0x74 C:/Users/rickert/Documents/GitHub/KBS_ESA_PAINGAME/KBS_ESA_PAINGAME_bsp/\libucosii_bsp.a(alt_instruction_exception_entry.o)
                0x00000000000001d0                alt_instruction_exception_entry
                0x0000000000000244                PROVIDE (__ram_exceptions_end, ABSOLUTE (.))
                0x0000000000000020                PROVIDE (__flash_exceptions_start, LOADADDR (.exceptions))

.text           0x0000000000000244    0x10108
                0x0000000000000244                PROVIDE (stext, ABSOLUTE (.))
 *(.interp)
 *(.hash)
 *(.dynsym)
 *(.dynstr)
 *(.gnu.version)
 *(.gnu.version_d)
 *(.gnu.version_r)
 *(.rel.init)
 *(.rela.init)
 *(.rel.text .rel.text.* .rel.gnu.linkonce.t.*)
 *(.rela.text .rela.text.* .rela.gnu.linkonce.t.*)
 *(.rel.fini)
 *(.rela.fini)
 *(.rel.rodata .rel.rodata.* .rel.gnu.linkonce.r.*)
 *(.rela.rodata .rela.rodata.* .rela.gnu.linkonce.r.*)
 *(.rel.data .rel.data.* .rel.gnu.linkonce.d.*)
 *(.rela.data .rela.data.* .rela.gnu.linkonce.d.*)
 *(.rel.tdata .rel.tdata.* .rel.gnu.linkonce.td.*)
 *(.rela.tdata .rela.tdata.* .rela.gnu.linkonce.td.*)
 *(.rel.tbss .rel.tbss.* .rel.gnu.linkonce.tb.*)
 *(.rela.tbss .rela.tbss.* .rela.gnu.linkonce.tb.*)
 *(.rel.ctors)
 *(.rela.ctors)
 *(.rel.dtors)
 *(.rela.dtors)
 *(.rel.got)
 *(.rela.got)
 *(.rel.sdata .rel.sdata.* .rel.gnu.linkonce.s.*)
 *(.rela.sdata .rela.sdata.* .rela.gnu.linkonce.s.*)
 *(.rel.sbss .rel.sbss.* .rel.gnu.linkonce.sb.*)
 *(.rela.sbss .rela.sbss.* .rela.gnu.linkonce.sb.*)
 *(.rel.sdata2 .rel.sdata2.* .rel.gnu.linkonce.s2.*)
 *(.rela.sdata2 .rela.sdata2.* .rela.gnu.linkonce.s2.*)
 *(.rel.sbss2 .rel.sbss2.* .rel.gnu.linkonce.sb2.*)
 *(.rela.sbss2 .rela.sbss2.* .rela.gnu.linkonce.sb2.*)
 *(.rel.bss .rel.bss.* .rel.gnu.linkonce.b.*)
 *(.rela.bss .rela.bss.* .rela.gnu.linkonce.b.*)
 *(.rel.plt)
 *(.rela.plt)
 *(.rel.dyn)
 *(.init)
 *(.plt)
 *(.text .stub .text.* .gnu.linkonce.t.*)
 .text          0x0000000000000244       0x3c C:/Users/rickert/Documents/GitHub/KBS_ESA_PAINGAME/KBS_ESA_PAINGAME_bsp//obj/HAL/src/crt0.o
                0x0000000000000244                _start
 .text          0x0000000000000280      0x408 obj/default/Contoller.o
                0x0000000000000280                controllers
                0x00000000000002f0                controller
                0x0000000000000408                checkID
                0x0000000000000454                moveUp
                0x000000000000056c                moveDown
 .text          0x0000000000000688      0x130 obj/default/Game.o
                0x0000000000000688                Game
 .text          0x00000000000007b8      0x534 obj/default/Menu.o
                0x00000000000007b8                menu
                0x0000000000000900                selecteerMenu
                0x0000000000000bd0                clearScreen
                0x0000000000000c0c                tekenBox
                0x0000000000000c64                tekenBox2
 .text          0x0000000000000cec      0x2cc obj/default/hello_ucosii.o
                0x0000000000000cec                main
                0x0000000000000e74                VGA_box
                0x0000000000000f28                VGA_text
 .text          0x0000000000000fb8        0x0 c:/altera_lite/15.1/nios2eds/bin/gnu/h-x86_64-mingw32/bin/../lib/gcc/nios2-elf/4.9.2/../../../../../H-x86_64-mingw32/nios2-elf/lib/mhw-mulx\libc.a(lib_a-puts.o)
 .text._puts_r  0x0000000000000fb8       0xa8 c:/altera_lite/15.1/nios2eds/bin/gnu/h-x86_64-mingw32/bin/../lib/gcc/nios2-elf/4.9.2/../../../../../H-x86_64-mingw32/nios2-elf/lib/mhw-mulx\libc.a(lib_a-puts.o)
                0x0000000000000fb8                _puts_r
 .text.puts     0x0000000000001060       0x14 c:/altera_lite/15.1/nios2eds/bin/gnu/h-x86_64-mingw32/bin/../lib/gcc/nios2-elf/4.9.2/../../../../../H-x86_64-mingw32/nios2-elf/lib/mhw-mulx\libc.a(lib_a-puts.o)
                0x0000000000001060                puts
 .text          0x0000000000001074        0x0 c:/altera_lite/15.1/nios2eds/bin/gnu/h-x86_64-mingw32/bin/../lib/gcc/nios2-elf/4.9.2/../../../../../H-x86_64-mingw32/nios2-elf/lib/mhw-mulx\libc.a(lib_a-strlen.o)
 .text.strlen   0x0000000000001074       0x98 c:/altera_lite/15.1/nios2eds/bin/gnu/h-x86_64-mingw32/bin/../lib/gcc/nios2-elf/4.9.2/../../../../../H-x86_64-mingw32/nios2-elf/lib/mhw-mulx\libc.a(lib_a-strlen.o)
                0x0000000000001074                strlen
 .text          0x000000000000110c        0x0 c:/altera_lite/15.1/nios2eds/bin/gnu/h-x86_64-mingw32/bin/../lib/gcc/nios2-elf/4.9.2/../../../../../H-x86_64-mingw32/nios2-elf/lib/mhw-mulx\libc.a(lib_a-fvwrite.o)
 .text.__sfvwrite_r
                0x000000000000110c      0x4c0 c:/altera_lite/15.1/nios2eds/bin/gnu/h-x86_64-mingw32/bin/../lib/gcc/nios2-elf/4.9.2/../../../../../H-x86_64-mingw32/nios2-elf/lib/mhw-mulx\libc.a(lib_a-fvwrite.o)
                0x000000000000110c                __sfvwrite_r
 .text          0x00000000000015cc        0x0 c:/altera_lite/15.1/nios2eds/bin/gnu/h-x86_64-mingw32/bin/../lib/gcc/nios2-elf/4.9.2/../../../../../H-x86_64-mingw32/nios2-elf/lib/mhw-mulx\libc.a(lib_a-impure.o)
 .text          0x00000000000015cc        0x0 c:/altera_lite/15.1/nios2eds/bin/gnu/h-x86_64-mingw32/bin/../lib/gcc/nios2-elf/4.9.2/../../../../../H-x86_64-mingw32/nios2-elf/lib/mhw-mulx\libc.a(lib_a-mallocr.o)
 .text._malloc_r
                0x00000000000015cc      0x7a8 c:/altera_lite/15.1/nios2eds/bin/gnu/h-x86_64-mingw32/bin/../lib/gcc/nios2-elf/4.9.2/../../../../../H-x86_64-mingw32/nios2-elf/lib/mhw-mulx\libc.a(lib_a-mallocr.o)
                0x00000000000015cc                _malloc_r
 .text          0x0000000000001d74        0x0 c:/altera_lite/15.1/nios2eds/bin/gnu/h-x86_64-mingw32/bin/../lib/gcc/nios2-elf/4.9.2/../../../../../H-x86_64-mingw32/nios2-elf/lib/mhw-mulx\libc.a(lib_a-memchr.o)
 .text.memchr   0x0000000000001d74       0xe8 c:/altera_lite/15.1/nios2eds/bin/gnu/h-x86_64-mingw32/bin/../lib/gcc/nios2-elf/4.9.2/../../../../../H-x86_64-mingw32/nios2-elf/lib/mhw-mulx\libc.a(lib_a-memchr.o)
                0x0000000000001d74                memchr
 .text          0x0000000000001e5c        0x0 c:/altera_lite/15.1/nios2eds/bin/gnu/h-x86_64-mingw32/bin/../lib/gcc/nios2-elf/4.9.2/../../../../../H-x86_64-mingw32/nios2-elf/lib/mhw-mulx\libc.a(lib_a-memcpy.o)
 .text.memcpy   0x0000000000001e5c      0x138 c:/altera_lite/15.1/nios2eds/bin/gnu/h-x86_64-mingw32/bin/../lib/gcc/nios2-elf/4.9.2/../../../../../H-x86_64-mingw32/nios2-elf/lib/mhw-mulx\libc.a(lib_a-memcpy.o)
                0x0000000000001e5c                memcpy
 .text          0x0000000000001f94        0x0 c:/altera_lite/15.1/nios2eds/bin/gnu/h-x86_64-mingw32/bin/../lib/gcc/nios2-elf/4.9.2/../../../../../H-x86_64-mingw32/nios2-elf/lib/mhw-mulx\libc.a(lib_a-memmove.o)
 .text.memmove  0x0000000000001f94      0x15c c:/altera_lite/15.1/nios2eds/bin/gnu/h-x86_64-mingw32/bin/../lib/gcc/nios2-elf/4.9.2/../../../../../H-x86_64-mingw32/nios2-elf/lib/mhw-mulx\libc.a(lib_a-memmove.o)
                0x0000000000001f94                memmove
 .text          0x00000000000020f0        0x0 c:/altera_lite/15.1/nios2eds/bin/gnu/h-x86_64-mingw32/bin/../lib/gcc/nios2-elf/4.9.2/../../../../../H-x86_64-mingw32/nios2-elf/lib/mhw-mulx\libc.a(lib_a-reallocr.o)
 .text._realloc_r
                0x00000000000020f0      0x568 c:/altera_lite/15.1/nios2eds/bin/gnu/h-x86_64-mingw32/bin/../lib/gcc/nios2-elf/4.9.2/../../../../../H-x86_64-mingw32/nios2-elf/lib/mhw-mulx\libc.a(lib_a-reallocr.o)
                0x00000000000020f0                _realloc_r
 .text          0x0000000000002658        0x0 c:/altera_lite/15.1/nios2eds/bin/gnu/h-x86_64-mingw32/bin/../lib/gcc/nios2-elf/4.9.2/../../../../../H-x86_64-mingw32/nios2-elf/lib/mhw-mulx\libc.a(lib_a-sbrkr.o)
 .text._sbrk_r  0x0000000000002658       0x54 c:/altera_lite/15.1/nios2eds/bin/gnu/h-x86_64-mingw32/bin/../lib/gcc/nios2-elf/4.9.2/../../../../../H-x86_64-mingw32/nios2-elf/lib/mhw-mulx\libc.a(lib_a-sbrkr.o)
                0x0000000000002658                _sbrk_r
 .text          0x00000000000026ac        0x0 c:/altera_lite/15.1/nios2eds/bin/gnu/h-x86_64-mingw32/bin/../lib/gcc/nios2-elf/4.9.2/../../../../../H-x86_64-mingw32/nios2-elf/lib/mhw-mulx\libc.a(lib_a-wsetup.o)
 .text.__swsetup_r
                0x00000000000026ac      0x154 c:/altera_lite/15.1/nios2eds/bin/gnu/h-x86_64-mingw32/bin/../lib/gcc/nios2-elf/4.9.2/../../../../../H-x86_64-mingw32/nios2-elf/lib/mhw-mulx\libc.a(lib_a-wsetup.o)
                0x00000000000026ac                __swsetup_r
 .text          0x0000000000002800        0x0 c:/altera_lite/15.1/nios2eds/bin/gnu/h-x86_64-mingw32/bin/../lib/gcc/nios2-elf/4.9.2/../../../../../H-x86_64-mingw32/nios2-elf/lib/mhw-mulx\libc.a(lib_a-fflush.o)
 .text.__sflush_r
                0x0000000000002800      0x208 c:/altera_lite/15.1/nios2eds/bin/gnu/h-x86_64-mingw32/bin/../lib/gcc/nios2-elf/4.9.2/../../../../../H-x86_64-mingw32/nios2-elf/lib/mhw-mulx\libc.a(lib_a-fflush.o)
                0x0000000000002800                __sflush_r
 .text._fflush_r
                0x0000000000002a08       0x5c c:/altera_lite/15.1/nios2eds/bin/gnu/h-x86_64-mingw32/bin/../lib/gcc/nios2-elf/4.9.2/../../../../../H-x86_64-mingw32/nios2-elf/lib/mhw-mulx\libc.a(lib_a-fflush.o)
                0x0000000000002a08                _fflush_r
 .text.fflush   0x0000000000002a64       0x30 c:/altera_lite/15.1/nios2eds/bin/gnu/h-x86_64-mingw32/bin/../lib/gcc/nios2-elf/4.9.2/../../../../../H-x86_64-mingw32/nios2-elf/lib/mhw-mulx\libc.a(lib_a-fflush.o)
                0x0000000000002a64                fflush
 .text          0x0000000000002a94        0x0 c:/altera_lite/15.1/nios2eds/bin/gnu/h-x86_64-mingw32/bin/../lib/gcc/nios2-elf/4.9.2/../../../../../H-x86_64-mingw32/nios2-elf/lib/mhw-mulx\libc.a(lib_a-findfp.o)
 .text.__fp_lock
                0x0000000000002a94        0x8 c:/altera_lite/15.1/nios2eds/bin/gnu/h-x86_64-mingw32/bin/../lib/gcc/nios2-elf/4.9.2/../../../../../H-x86_64-mingw32/nios2-elf/lib/mhw-mulx\libc.a(lib_a-findfp.o)
 .text.__fp_unlock
                0x0000000000002a9c        0x8 c:/altera_lite/15.1/nios2eds/bin/gnu/h-x86_64-mingw32/bin/../lib/gcc/nios2-elf/4.9.2/../../../../../H-x86_64-mingw32/nios2-elf/lib/mhw-mulx\libc.a(lib_a-findfp.o)
 .text._cleanup_r
                0x0000000000002aa4        0xc c:/altera_lite/15.1/nios2eds/bin/gnu/h-x86_64-mingw32/bin/../lib/gcc/nios2-elf/4.9.2/../../../../../H-x86_64-mingw32/nios2-elf/lib/mhw-mulx\libc.a(lib_a-findfp.o)
                0x0000000000002aa4                _cleanup_r
 .text.__sinit.part.1
                0x0000000000002ab0      0x19c c:/altera_lite/15.1/nios2eds/bin/gnu/h-x86_64-mingw32/bin/../lib/gcc/nios2-elf/4.9.2/../../../../../H-x86_64-mingw32/nios2-elf/lib/mhw-mulx\libc.a(lib_a-findfp.o)
 .text.__sfmoreglue
                0x0000000000002c4c       0x68 c:/altera_lite/15.1/nios2eds/bin/gnu/h-x86_64-mingw32/bin/../lib/gcc/nios2-elf/4.9.2/../../../../../H-x86_64-mingw32/nios2-elf/lib/mhw-mulx\libc.a(lib_a-findfp.o)
                0x0000000000002c4c                __sfmoreglue
 .text.__sfp    0x0000000000002cb4      0x118 c:/altera_lite/15.1/nios2eds/bin/gnu/h-x86_64-mingw32/bin/../lib/gcc/nios2-elf/4.9.2/../../../../../H-x86_64-mingw32/nios2-elf/lib/mhw-mulx\libc.a(lib_a-findfp.o)
                0x0000000000002cb4                __sfp
 .text._cleanup
                0x0000000000002dcc       0x18 c:/altera_lite/15.1/nios2eds/bin/gnu/h-x86_64-mingw32/bin/../lib/gcc/nios2-elf/4.9.2/../../../../../H-x86_64-mingw32/nios2-elf/lib/mhw-mulx\libc.a(lib_a-findfp.o)
                0x0000000000002dcc                _cleanup
 .text.__sinit  0x0000000000002de4       0x10 c:/altera_lite/15.1/nios2eds/bin/gnu/h-x86_64-mingw32/bin/../lib/gcc/nios2-elf/4.9.2/../../../../../H-x86_64-mingw32/nios2-elf/lib/mhw-mulx\libc.a(lib_a-findfp.o)
                0x0000000000002de4                __sinit
 .text.__sfp_lock_acquire
                0x0000000000002df4        0x4 c:/altera_lite/15.1/nios2eds/bin/gnu/h-x86_64-mingw32/bin/../lib/gcc/nios2-elf/4.9.2/../../../../../H-x86_64-mingw32/nios2-elf/lib/mhw-mulx\libc.a(lib_a-findfp.o)
                0x0000000000002df4                __sfp_lock_acquire
 .text.__sfp_lock_release
                0x0000000000002df8        0x4 c:/altera_lite/15.1/nios2eds/bin/gnu/h-x86_64-mingw32/bin/../lib/gcc/nios2-elf/4.9.2/../../../../../H-x86_64-mingw32/nios2-elf/lib/mhw-mulx\libc.a(lib_a-findfp.o)
                0x0000000000002df8                __sfp_lock_release
 .text.__sinit_lock_acquire
                0x0000000000002dfc        0x4 c:/altera_lite/15.1/nios2eds/bin/gnu/h-x86_64-mingw32/bin/../lib/gcc/nios2-elf/4.9.2/../../../../../H-x86_64-mingw32/nios2-elf/lib/mhw-mulx\libc.a(lib_a-findfp.o)
                0x0000000000002dfc                __sinit_lock_acquire
 .text.__sinit_lock_release
                0x0000000000002e00        0x4 c:/altera_lite/15.1/nios2eds/bin/gnu/h-x86_64-mingw32/bin/../lib/gcc/nios2-elf/4.9.2/../../../../../H-x86_64-mingw32/nios2-elf/lib/mhw-mulx\libc.a(lib_a-findfp.o)
                0x0000000000002e00                __sinit_lock_release
 .text.__fp_lock_all
                0x0000000000002e04       0x18 c:/altera_lite/15.1/nios2eds/bin/gnu/h-x86_64-mingw32/bin/../lib/gcc/nios2-elf/4.9.2/../../../../../H-x86_64-mingw32/nios2-elf/lib/mhw-mulx\libc.a(lib_a-findfp.o)
                0x0000000000002e04                __fp_lock_all
 .text.__fp_unlock_all
                0x0000000000002e1c       0x18 c:/altera_lite/15.1/nios2eds/bin/gnu/h-x86_64-mingw32/bin/../lib/gcc/nios2-elf/4.9.2/../../../../../H-x86_64-mingw32/nios2-elf/lib/mhw-mulx\libc.a(lib_a-findfp.o)
                0x0000000000002e1c                __fp_unlock_all
 .text          0x0000000000002e34        0x0 c:/altera_lite/15.1/nios2eds/bin/gnu/h-x86_64-mingw32/bin/../lib/gcc/nios2-elf/4.9.2/../../../../../H-x86_64-mingw32/nios2-elf/lib/mhw-mulx\libc.a(lib_a-freer.o)
 .text._malloc_trim_r
                0x0000000000002e34      0x124 c:/altera_lite/15.1/nios2eds/bin/gnu/h-x86_64-mingw32/bin/../lib/gcc/nios2-elf/4.9.2/../../../../../H-x86_64-mingw32/nios2-elf/lib/mhw-mulx\libc.a(lib_a-freer.o)
                0x0000000000002e34                _malloc_trim_r
 .text._free_r  0x0000000000002f58      0x2f0 c:/altera_lite/15.1/nios2eds/bin/gnu/h-x86_64-mingw32/bin/../lib/gcc/nios2-elf/4.9.2/../../../../../H-x86_64-mingw32/nios2-elf/lib/mhw-mulx\libc.a(lib_a-freer.o)
                0x0000000000002f58                _free_r
 .text          0x0000000000003248        0x0 c:/altera_lite/15.1/nios2eds/bin/gnu/h-x86_64-mingw32/bin/../lib/gcc/nios2-elf/4.9.2/../../../../../H-x86_64-mingw32/nios2-elf/lib/mhw-mulx\libc.a(lib_a-fwalk.o)
 .text._fwalk   0x0000000000003248       0xc4 c:/altera_lite/15.1/nios2eds/bin/gnu/h-x86_64-mingw32/bin/../lib/gcc/nios2-elf/4.9.2/../../../../../H-x86_64-mingw32/nios2-elf/lib/mhw-mulx\libc.a(lib_a-fwalk.o)
                0x0000000000003248                _fwalk
 .text._fwalk_reent
                0x000000000000330c       0xc4 c:/altera_lite/15.1/nios2eds/bin/gnu/h-x86_64-mingw32/bin/../lib/gcc/nios2-elf/4.9.2/../../../../../H-x86_64-mingw32/nios2-elf/lib/mhw-mulx\libc.a(lib_a-fwalk.o)
                0x000000000000330c                _fwalk_reent
 .text          0x00000000000033d0        0x0 c:/altera_lite/15.1/nios2eds/bin/gnu/h-x86_64-mingw32/bin/../lib/gcc/nios2-elf/4.9.2/../../../../../H-x86_64-mingw32/nios2-elf/lib/mhw-mulx\libc.a(lib_a-int_errno.o)
 .text          0x00000000000033d0        0x0 c:/altera_lite/15.1/nios2eds/bin/gnu/h-x86_64-mingw32/bin/../lib/gcc/nios2-elf/4.9.2/../../../../../H-x86_64-mingw32/nios2-elf/lib/mhw-mulx\libc.a(lib_a-makebuf.o)
 .text.__smakebuf_r
                0x00000000000033d0      0x1b8 c:/altera_lite/15.1/nios2eds/bin/gnu/h-x86_64-mingw32/bin/../lib/gcc/nios2-elf/4.9.2/../../../../../H-x86_64-mingw32/nios2-elf/lib/mhw-mulx\libc.a(lib_a-makebuf.o)
                0x00000000000033d0                __smakebuf_r
 .text          0x0000000000003588        0x0 c:/altera_lite/15.1/nios2eds/bin/gnu/h-x86_64-mingw32/bin/../lib/gcc/nios2-elf/4.9.2/../../../../../H-x86_64-mingw32/nios2-elf/lib/mhw-mulx\libc.a(lib_a-memset.o)
 .text.memset   0x0000000000003588      0x124 c:/altera_lite/15.1/nios2eds/bin/gnu/h-x86_64-mingw32/bin/../lib/gcc/nios2-elf/4.9.2/../../../../../H-x86_64-mingw32/nios2-elf/lib/mhw-mulx\libc.a(lib_a-memset.o)
                0x0000000000003588                memset
 .text          0x00000000000036ac        0x0 c:/altera_lite/15.1/nios2eds/bin/gnu/h-x86_64-mingw32/bin/../lib/gcc/nios2-elf/4.9.2/../../../../../H-x86_64-mingw32/nios2-elf/lib/mhw-mulx\libc.a(lib_a-stdio.o)
 .text.__sread  0x00000000000036ac       0x54 c:/altera_lite/15.1/nios2eds/bin/gnu/h-x86_64-mingw32/bin/../lib/gcc/nios2-elf/4.9.2/../../../../../H-x86_64-mingw32/nios2-elf/lib/mhw-mulx\libc.a(lib_a-stdio.o)
                0x00000000000036ac                __sread
 .text.__seofread
                0x0000000000003700        0x8 c:/altera_lite/15.1/nios2eds/bin/gnu/h-x86_64-mingw32/bin/../lib/gcc/nios2-elf/4.9.2/../../../../../H-x86_64-mingw32/nios2-elf/lib/mhw-mulx\libc.a(lib_a-stdio.o)
                0x0000000000003700                __seofread
 .text.__swrite
                0x0000000000003708       0x7c c:/altera_lite/15.1/nios2eds/bin/gnu/h-x86_64-mingw32/bin/../lib/gcc/nios2-elf/4.9.2/../../../../../H-x86_64-mingw32/nios2-elf/lib/mhw-mulx\libc.a(lib_a-stdio.o)
                0x0000000000003708                __swrite
 .text.__sseek  0x0000000000003784       0x5c c:/altera_lite/15.1/nios2eds/bin/gnu/h-x86_64-mingw32/bin/../lib/gcc/nios2-elf/4.9.2/../../../../../H-x86_64-mingw32/nios2-elf/lib/mhw-mulx\libc.a(lib_a-stdio.o)
                0x0000000000003784                __sseek
 .text.__sclose
                0x00000000000037e0        0x8 c:/altera_lite/15.1/nios2eds/bin/gnu/h-x86_64-mingw32/bin/../lib/gcc/nios2-elf/4.9.2/../../../../../H-x86_64-mingw32/nios2-elf/lib/mhw-mulx\libc.a(lib_a-stdio.o)
                0x00000000000037e0                __sclose
 .text          0x00000000000037e8        0x0 c:/altera_lite/15.1/nios2eds/bin/gnu/h-x86_64-mingw32/bin/../lib/gcc/nios2-elf/4.9.2/../../../../../H-x86_64-mingw32/nios2-elf/lib/mhw-mulx\libc.a(lib_a-writer.o)
 .text._write_r
                0x00000000000037e8       0x5c c:/altera_lite/15.1/nios2eds/bin/gnu/h-x86_64-mingw32/bin/../lib/gcc/nios2-elf/4.9.2/../../../../../H-x86_64-mingw32/nios2-elf/lib/mhw-mulx\libc.a(lib_a-writer.o)
                0x00000000000037e8                _write_r
 .text          0x0000000000003844        0x0 c:/altera_lite/15.1/nios2eds/bin/gnu/h-x86_64-mingw32/bin/../lib/gcc/nios2-elf/4.9.2/../../../../../H-x86_64-mingw32/nios2-elf/lib/mhw-mulx\libc.a(closer.o)
 .text._close_r
                0x0000000000003844       0x54 c:/altera_lite/15.1/nios2eds/bin/gnu/h-x86_64-mingw32/bin/../lib/gcc/nios2-elf/4.9.2/../../../../../H-x86_64-mingw32/nios2-elf/lib/mhw-mulx\libc.a(closer.o)
                0x0000000000003844                _close_r
 .text          0x0000000000003898        0x0 c:/altera_lite/15.1/nios2eds/bin/gnu/h-x86_64-mingw32/bin/../lib/gcc/nios2-elf/4.9.2/../../../../../H-x86_64-mingw32/nios2-elf/lib/mhw-mulx\libc.a(lib_a-fclose.o)
 .text._fclose_r
                0x0000000000003898       0xf0 c:/altera_lite/15.1/nios2eds/bin/gnu/h-x86_64-mingw32/bin/../lib/gcc/nios2-elf/4.9.2/../../../../../H-x86_64-mingw32/nios2-elf/lib/mhw-mulx\libc.a(lib_a-fclose.o)
                0x0000000000003898                _fclose_r
 .text.fclose   0x0000000000003988       0x14 c:/altera_lite/15.1/nios2eds/bin/gnu/h-x86_64-mingw32/bin/../lib/gcc/nios2-elf/4.9.2/../../../../../H-x86_64-mingw32/nios2-elf/lib/mhw-mulx\libc.a(lib_a-fclose.o)
                0x0000000000003988                fclose
 .text          0x000000000000399c        0x0 c:/altera_lite/15.1/nios2eds/bin/gnu/h-x86_64-mingw32/bin/../lib/gcc/nios2-elf/4.9.2/../../../../../H-x86_64-mingw32/nios2-elf/lib/mhw-mulx\libc.a(lib_a-fstatr.o)
 .text._fstat_r
                0x000000000000399c       0x58 c:/altera_lite/15.1/nios2eds/bin/gnu/h-x86_64-mingw32/bin/../lib/gcc/nios2-elf/4.9.2/../../../../../H-x86_64-mingw32/nios2-elf/lib/mhw-mulx\libc.a(lib_a-fstatr.o)
                0x000000000000399c                _fstat_r
 .text          0x00000000000039f4        0x0 c:/altera_lite/15.1/nios2eds/bin/gnu/h-x86_64-mingw32/bin/../lib/gcc/nios2-elf/4.9.2/../../../../../H-x86_64-mingw32/nios2-elf/lib/mhw-mulx\libc.a(lib_a-isattyr.o)
 .text._isatty_r
                0x00000000000039f4       0x54 c:/altera_lite/15.1/nios2eds/bin/gnu/h-x86_64-mingw32/bin/../lib/gcc/nios2-elf/4.9.2/../../../../../H-x86_64-mingw32/nios2-elf/lib/mhw-mulx\libc.a(lib_a-isattyr.o)
                0x00000000000039f4                _isatty_r
 .text          0x0000000000003a48        0x0 c:/altera_lite/15.1/nios2eds/bin/gnu/h-x86_64-mingw32/bin/../lib/gcc/nios2-elf/4.9.2/../../../../../H-x86_64-mingw32/nios2-elf/lib/mhw-mulx\libc.a(lib_a-lseekr.o)
 .text._lseek_r
                0x0000000000003a48       0x5c c:/altera_lite/15.1/nios2eds/bin/gnu/h-x86_64-mingw32/bin/../lib/gcc/nios2-elf/4.9.2/../../../../../H-x86_64-mingw32/nios2-elf/lib/mhw-mulx\libc.a(lib_a-lseekr.o)
                0x0000000000003a48                _lseek_r
 .text          0x0000000000003aa4        0x0 c:/altera_lite/15.1/nios2eds/bin/gnu/h-x86_64-mingw32/bin/../lib/gcc/nios2-elf/4.9.2/../../../../../H-x86_64-mingw32/nios2-elf/lib/mhw-mulx\libc.a(lib_a-readr.o)
 .text._read_r  0x0000000000003aa4       0x5c c:/altera_lite/15.1/nios2eds/bin/gnu/h-x86_64-mingw32/bin/../lib/gcc/nios2-elf/4.9.2/../../../../../H-x86_64-mingw32/nios2-elf/lib/mhw-mulx\libc.a(lib_a-readr.o)
                0x0000000000003aa4                _read_r
 .text          0x0000000000003b00      0x12c c:/altera_lite/15.1/nios2eds/bin/gnu/h-x86_64-mingw32/bin/../lib/gcc/nios2-elf/4.9.2/mhw-mulx\libgcc.a(lib2-divmod.o)
                0x0000000000003b6c                __divsi3
                0x0000000000003bc0                __modsi3
                0x0000000000003c1c                __udivsi3
                0x0000000000003c24                __umodsi3
 .text          0x0000000000003c2c      0x120 C:/Users/rickert/Documents/GitHub/KBS_ESA_PAINGAME/KBS_ESA_PAINGAME_bsp/\libucosii_bsp.a(alt_close.o)
                0x0000000000003c7c                close
 .text          0x0000000000003d4c       0x2c C:/Users/rickert/Documents/GitHub/KBS_ESA_PAINGAME/KBS_ESA_PAINGAME_bsp/\libucosii_bsp.a(alt_dev.o)
 .text          0x0000000000003d78        0x0 C:/Users/rickert/Documents/GitHub/KBS_ESA_PAINGAME/KBS_ESA_PAINGAME_bsp/\libucosii_bsp.a(alt_errno.o)
 .text          0x0000000000003d78      0x100 C:/Users/rickert/Documents/GitHub/KBS_ESA_PAINGAME/KBS_ESA_PAINGAME_bsp/\libucosii_bsp.a(alt_fstat.o)
                0x0000000000003dc8                fstat
 .text          0x0000000000003e78       0xf4 C:/Users/rickert/Documents/GitHub/KBS_ESA_PAINGAME/KBS_ESA_PAINGAME_bsp/\libucosii_bsp.a(alt_isatty.o)
                0x0000000000003ec8                isatty
 .text          0x0000000000003f6c       0xe4 C:/Users/rickert/Documents/GitHub/KBS_ESA_PAINGAME/KBS_ESA_PAINGAME_bsp/\libucosii_bsp.a(alt_load.o)
                0x0000000000003fd0                alt_load
 .text          0x0000000000004050      0x124 C:/Users/rickert/Documents/GitHub/KBS_ESA_PAINGAME/KBS_ESA_PAINGAME_bsp/\libucosii_bsp.a(alt_lseek.o)
                0x00000000000040a0                lseek
 .text          0x0000000000004174       0xd4 C:/Users/rickert/Documents/GitHub/KBS_ESA_PAINGAME/KBS_ESA_PAINGAME_bsp/\libucosii_bsp.a(alt_main.o)
                0x0000000000004174                alt_main
 .text          0x0000000000004248      0x14c C:/Users/rickert/Documents/GitHub/KBS_ESA_PAINGAME/KBS_ESA_PAINGAME_bsp/\libucosii_bsp.a(alt_read.o)
                0x0000000000004298                read
 .text          0x0000000000004394       0x60 C:/Users/rickert/Documents/GitHub/KBS_ESA_PAINGAME/KBS_ESA_PAINGAME_bsp/\libucosii_bsp.a(alt_release_fd.o)
                0x0000000000004394                alt_release_fd
 .text          0x00000000000043f4       0xb0 C:/Users/rickert/Documents/GitHub/KBS_ESA_PAINGAME/KBS_ESA_PAINGAME_bsp/\libucosii_bsp.a(alt_sbrk.o)
                0x00000000000043f4                sbrk
 .text          0x00000000000044a4      0x148 C:/Users/rickert/Documents/GitHub/KBS_ESA_PAINGAME/KBS_ESA_PAINGAME_bsp/\libucosii_bsp.a(alt_write.o)
                0x00000000000044f4                write
 .text          0x00000000000045ec      0x11c C:/Users/rickert/Documents/GitHub/KBS_ESA_PAINGAME/KBS_ESA_PAINGAME_bsp/\libucosii_bsp.a(alt_env_lock.o)
                0x00000000000045ec                __env_lock
                0x00000000000046ac                __env_unlock
 .text          0x0000000000004708      0x1f0 C:/Users/rickert/Documents/GitHub/KBS_ESA_PAINGAME/KBS_ESA_PAINGAME_bsp/\libucosii_bsp.a(alt_malloc_lock.o)
                0x0000000000004708                __malloc_lock
                0x0000000000004828                __malloc_unlock
 .text          0x00000000000048f8     0x1ff0 C:/Users/rickert/Documents/GitHub/KBS_ESA_PAINGAME/KBS_ESA_PAINGAME_bsp/\libucosii_bsp.a(os_core.o)
                0x00000000000048f8                OSEventNameGet
                0x0000000000004a18                OSEventNameSet
                0x0000000000004b54                OSEventPendMulti
                0x0000000000005164                OSInit
                0x00000000000051b8                OSIntEnter
                0x0000000000005234                OSIntExit
                0x0000000000005328                OSSchedLock
                0x00000000000053b0                OSSchedUnlock
                0x0000000000005488                OSStart
                0x00000000000054f4                OSStatInit
                0x00000000000055a0                OSTimeTick
                0x00000000000057bc                OSVersion
                0x00000000000057dc                OS_Dummy
                0x00000000000057f8                OS_EventTaskRdy
                0x0000000000005990                OS_EventTaskWait
                0x0000000000005a9c                OS_EventTaskWaitMulti
                0x0000000000005be8                OS_EventTaskRemove
                0x0000000000005c9c                OS_EventTaskRemoveMulti
                0x0000000000005d98                OS_EventWaitListInit
                0x000000000000615c                OS_MemClr
                0x00000000000061ac                OS_MemCopy
                0x0000000000006210                OS_Sched
                0x000000000000634c                OS_StrCopy
                0x00000000000063c0                OS_StrLen
                0x0000000000006414                OS_TaskIdle
                0x0000000000006470                OS_TaskStat
                0x000000000000654c                OS_TaskStatStkChk
                0x0000000000006614                OS_TCBInit
 .text          0x00000000000068e8      0x18c C:/Users/rickert/Documents/GitHub/KBS_ESA_PAINGAME/KBS_ESA_PAINGAME_bsp/\libucosii_bsp.a(os_dbg.o)
                0x00000000000068e8                OSDebugInit
 .text          0x0000000000006a74     0x181c C:/Users/rickert/Documents/GitHub/KBS_ESA_PAINGAME/KBS_ESA_PAINGAME_bsp/\libucosii_bsp.a(os_flag.o)
                0x0000000000006a74                OSFlagAccept
                0x0000000000006d7c                OSFlagCreate
                0x0000000000006ea4                OSFlagDel
                0x0000000000007114                OSFlagNameGet
                0x0000000000007244                OSFlagNameSet
                0x0000000000007394                OSFlagPend
                0x0000000000007984                OSFlagPendGetFlagsRdy
                0x00000000000079ec                OSFlagPost
                0x0000000000007d74                OSFlagQuery
                0x0000000000007ffc                OS_FlagInit
                0x00000000000081f0                OS_FlagUnlink
 .text          0x0000000000008290      0x784 C:/Users/rickert/Documents/GitHub/KBS_ESA_PAINGAME/KBS_ESA_PAINGAME_bsp/\libucosii_bsp.a(os_mem.o)
                0x0000000000008290                OSMemCreate
                0x0000000000008484                OSMemGet
                0x0000000000008574                OSMemNameGet
                0x000000000000866c                OSMemNameSet
                0x0000000000008784                OSMemPut
                0x000000000000885c                OSMemQuery
                0x0000000000008944                OS_MemInit
 .text          0x0000000000008a14     0x1210 C:/Users/rickert/Documents/GitHub/KBS_ESA_PAINGAME/KBS_ESA_PAINGAME_bsp/\libucosii_bsp.a(os_q.o)
                0x0000000000008a14                OSQAccept
                0x0000000000008b54                OSQCreate
                0x0000000000008d50                OSQDel
                0x0000000000009018                OSQFlush
                0x00000000000090d0                OSQPend
                0x00000000000093cc                OSQPendAbort
                0x0000000000009538                OSQPost
                0x00000000000096a0                OSQPostFront
                0x0000000000009810                OSQPostOpt
                0x0000000000009a1c                OSQQuery
                0x0000000000009b78                OS_QInit
 .text          0x0000000000009c24      0xb08 C:/Users/rickert/Documents/GitHub/KBS_ESA_PAINGAME/KBS_ESA_PAINGAME_bsp/\libucosii_bsp.a(os_sem.o)
                0x0000000000009c24                OSSemAccept
                0x0000000000009cd4                OSSemCreate
                0x0000000000009dd4                OSSemDel
                0x000000000000a03c                OSSemPend
                0x000000000000a2a4                OSSemPendAbort
                0x000000000000a410                OSSemPost
                0x000000000000a520                OSSemQuery
                0x000000000000a630                OSSemSet
 .text          0x000000000000a72c     0x18f4 C:/Users/rickert/Documents/GitHub/KBS_ESA_PAINGAME/KBS_ESA_PAINGAME_bsp/\libucosii_bsp.a(os_task.o)
                0x000000000000a72c                OSTaskChangePrio
                0x000000000000ac6c                OSTaskCreate
                0x000000000000ae28                OSTaskCreateExt
                0x000000000000b014                OSTaskDel
                0x000000000000b3f4                OSTaskDelReq
                0x000000000000b54c                OSTaskNameGet
                0x000000000000b6f4                OSTaskNameSet
                0x000000000000b8b4                OSTaskResume
                0x000000000000baac                OSTaskStkChk
                0x000000000000bc74                OSTaskSuspend
                0x000000000000be88                OSTaskQuery
                0x000000000000bfb4                OS_TaskStkClr
 .text          0x000000000000c020      0x568 C:/Users/rickert/Documents/GitHub/KBS_ESA_PAINGAME/KBS_ESA_PAINGAME_bsp/\libucosii_bsp.a(os_time.o)
                0x000000000000c020                OSTimeDly
                0x000000000000c168                OSTimeDlyHMSM
                0x000000000000c2d0                OSTimeDlyResume
                0x000000000000c4c0                OSTimeGet
                0x000000000000c524                OSTimeSet
 .text          0x000000000000c588      0x444 C:/Users/rickert/Documents/GitHub/KBS_ESA_PAINGAME/KBS_ESA_PAINGAME_bsp/\libucosii_bsp.a(alt_sys_init.o)
                0x000000000000c5c0                alt_irq_init
                0x000000000000c5f4                alt_sys_init
 .text          0x000000000000c9cc      0x164 C:/Users/rickert/Documents/GitHub/KBS_ESA_PAINGAME/KBS_ESA_PAINGAME_bsp/\libucosii_bsp.a(altera_avalon_jtag_uart_fd.o)
                0x000000000000c9cc                altera_avalon_jtag_uart_read_fd
                0x000000000000ca2c                altera_avalon_jtag_uart_write_fd
                0x000000000000ca8c                altera_avalon_jtag_uart_close_fd
                0x000000000000cadc                altera_avalon_jtag_uart_ioctl_fd
 .text          0x000000000000cb30      0x560 C:/Users/rickert/Documents/GitHub/KBS_ESA_PAINGAME/KBS_ESA_PAINGAME_bsp/\libucosii_bsp.a(altera_avalon_jtag_uart_init.o)
                0x000000000000cb30                altera_avalon_jtag_uart_init
                0x000000000000d028                altera_avalon_jtag_uart_close
 .text          0x000000000000d090       0xec C:/Users/rickert/Documents/GitHub/KBS_ESA_PAINGAME/KBS_ESA_PAINGAME_bsp/\libucosii_bsp.a(altera_avalon_jtag_uart_ioctl.o)
                0x000000000000d090                altera_avalon_jtag_uart_ioctl
 .text          0x000000000000d17c      0x2b4 C:/Users/rickert/Documents/GitHub/KBS_ESA_PAINGAME/KBS_ESA_PAINGAME_bsp/\libucosii_bsp.a(altera_avalon_jtag_uart_read.o)
                0x000000000000d17c                altera_avalon_jtag_uart_read
 .text          0x000000000000d430      0x2c0 C:/Users/rickert/Documents/GitHub/KBS_ESA_PAINGAME/KBS_ESA_PAINGAME_bsp/\libucosii_bsp.a(altera_avalon_jtag_uart_write.o)
                0x000000000000d430                altera_avalon_jtag_uart_write
 .text          0x000000000000d6f0       0xf8 C:/Users/rickert/Documents/GitHub/KBS_ESA_PAINGAME/KBS_ESA_PAINGAME_bsp/\libucosii_bsp.a(altera_avalon_timer_sc.o)
                0x000000000000d768                alt_avalon_timer_sc_init
 .text          0x000000000000d7e8      0x4d8 C:/Users/rickert/Documents/GitHub/KBS_ESA_PAINGAME/KBS_ESA_PAINGAME_bsp/\libucosii_bsp.a(altera_up_avalon_character_lcd.o)
                0x000000000000d7e8                get_DDRAM_addr
                0x000000000000d85c                alt_up_character_lcd_send_cmd
                0x000000000000d898                alt_up_character_lcd_init
                0x000000000000d8cc                alt_up_character_lcd_open_dev
                0x000000000000d90c                alt_up_character_lcd_write
                0x000000000000d984                alt_up_character_lcd_string
                0x000000000000d9f8                alt_up_character_lcd_write_fd
                0x000000000000da48                alt_up_character_lcd_set_cursor_pos
                0x000000000000dabc                alt_up_character_lcd_shift_cursor
                0x000000000000db44                alt_up_character_lcd_shift_display
                0x000000000000dbcc                alt_up_character_lcd_erase_pos
                0x000000000000dc58                alt_up_character_lcd_cursor_off
                0x000000000000dc8c                alt_up_character_lcd_cursor_blink_on
 .text          0x000000000000dcc0      0x388 C:/Users/rickert/Documents/GitHub/KBS_ESA_PAINGAME/KBS_ESA_PAINGAME_bsp/\libucosii_bsp.a(altera_up_avalon_irda.o)
                0x000000000000dcc0                alt_up_irda_enable_read_interrupt
                0x000000000000dd18                alt_up_irda_disable_read_interrupt
                0x000000000000dd74                alt_up_irda_get_used_space_in_read_FIFO
                0x000000000000ddb4                alt_up_irda_get_available_space_in_write_FIFO
                0x000000000000ddf0                alt_up_irda_check_parity
                0x000000000000de34                alt_up_irda_write_data
                0x000000000000de74                alt_up_irda_read_data
                0x000000000000dee8                alt_up_irda_read_fd
                0x000000000000df78                alt_up_irda_write_fd
                0x000000000000e008                alt_up_irda_open_dev
 .text          0x000000000000e048       0x40 C:/Users/rickert/Documents/GitHub/KBS_ESA_PAINGAME/KBS_ESA_PAINGAME_bsp/\libucosii_bsp.a(altera_up_avalon_parallel_port.o)
                0x000000000000e048                alt_up_parallel_port_open_dev
 .text          0x000000000000e088      0x6b4 C:/Users/rickert/Documents/GitHub/KBS_ESA_PAINGAME/KBS_ESA_PAINGAME_bsp/\libucosii_bsp.a(altera_up_avalon_ps2.o)
                0x000000000000e088                read_RI_bit
                0x000000000000e0bc                read_RE_bit
                0x000000000000e0ec                read_CE_bit
                0x000000000000e120                read_num_bytes_available
                0x000000000000e150                read_data_valid
                0x000000000000e184                read_data_byte
                0x000000000000e1b0                alt_up_ps2_init
                0x000000000000e274                alt_up_ps2_enable_read_interrupt
                0x000000000000e2cc                alt_up_ps2_disable_read_interrupt
                0x000000000000e328                alt_up_ps2_write_data_byte
                0x000000000000e39c                alt_up_ps2_wait_for_ack
                0x000000000000e40c                alt_up_ps2_write_data_byte_with_ack
                0x000000000000e470                alt_up_ps2_read_data_byte_timeout
                0x000000000000e514                alt_up_ps2_read_data_byte
                0x000000000000e584                alt_up_ps2_clear_fifo
                0x000000000000e5d8                alt_up_ps2_read_fd
                0x000000000000e664                alt_up_ps2_write_fd
                0x000000000000e6fc                alt_up_ps2_open_dev
 .text          0x000000000000e73c      0x38c C:/Users/rickert/Documents/GitHub/KBS_ESA_PAINGAME/KBS_ESA_PAINGAME_bsp/\libucosii_bsp.a(altera_up_avalon_rs232.o)
                0x000000000000e73c                alt_up_rs232_enable_read_interrupt
                0x000000000000e794                alt_up_rs232_disable_read_interrupt
                0x000000000000e7f0                alt_up_rs232_get_used_space_in_read_FIFO
                0x000000000000e830                alt_up_rs232_get_available_space_in_write_FIFO
                0x000000000000e86c                alt_up_rs232_check_parity
                0x000000000000e8b0                alt_up_rs232_write_data
                0x000000000000e8f0                alt_up_rs232_read_data
                0x000000000000e964                alt_up_rs232_read_fd
                0x000000000000e9f4                alt_up_rs232_write_fd
                0x000000000000ea88                alt_up_rs232_open_dev
 .text          0x000000000000eac8      0x2e8 C:/Users/rickert/Documents/GitHub/KBS_ESA_PAINGAME/KBS_ESA_PAINGAME_bsp/\libucosii_bsp.a(altera_up_avalon_video_character_buffer_with_dma.o)
                0x000000000000eac8                alt_up_char_buffer_init
                0x000000000000eb48                alt_up_char_buffer_open_dev
                0x000000000000eb88                alt_up_char_buffer_draw
                0x000000000000ec54                alt_up_char_buffer_string
                0x000000000000ed54                alt_up_char_buffer_clear
 .text          0x000000000000edb0      0x140 C:/Users/rickert/Documents/GitHub/KBS_ESA_PAINGAME/KBS_ESA_PAINGAME_bsp/\libucosii_bsp.a(alt_alarm_start.o)
                0x000000000000edb0                alt_alarm_start
 .text          0x000000000000eef0       0x1c C:/Users/rickert/Documents/GitHub/KBS_ESA_PAINGAME/KBS_ESA_PAINGAME_bsp/\libucosii_bsp.a(alt_dcache_flush_all.o)
                0x000000000000eef0                alt_dcache_flush_all
 .text          0x000000000000ef0c       0xf4 C:/Users/rickert/Documents/GitHub/KBS_ESA_PAINGAME/KBS_ESA_PAINGAME_bsp/\libucosii_bsp.a(alt_dev_llist_insert.o)
                0x000000000000ef5c                alt_dev_llist_insert
 .text          0x000000000000f000       0x5c C:/Users/rickert/Documents/GitHub/KBS_ESA_PAINGAME/KBS_ESA_PAINGAME_bsp/\libucosii_bsp.a(alt_do_ctors.o)
                0x000000000000f000                _do_ctors
 .text          0x000000000000f05c       0x5c C:/Users/rickert/Documents/GitHub/KBS_ESA_PAINGAME/KBS_ESA_PAINGAME_bsp/\libucosii_bsp.a(alt_do_dtors.o)
                0x000000000000f05c                _do_dtors
 .text          0x000000000000f0b8       0x90 C:/Users/rickert/Documents/GitHub/KBS_ESA_PAINGAME/KBS_ESA_PAINGAME_bsp/\libucosii_bsp.a(alt_find_dev.o)
                0x000000000000f0b8                alt_find_dev
 .text          0x000000000000f148       0x30 C:/Users/rickert/Documents/GitHub/KBS_ESA_PAINGAME/KBS_ESA_PAINGAME_bsp/\libucosii_bsp.a(alt_icache_flush_all.o)
                0x000000000000f148                alt_icache_flush_all
 .text          0x000000000000f178      0x138 C:/Users/rickert/Documents/GitHub/KBS_ESA_PAINGAME/KBS_ESA_PAINGAME_bsp/\libucosii_bsp.a(alt_io_redirect.o)
                0x000000000000f238                alt_io_redirect
 .text          0x000000000000f2b0      0x1b0 C:/Users/rickert/Documents/GitHub/KBS_ESA_PAINGAME/KBS_ESA_PAINGAME_bsp/\libucosii_bsp.a(alt_irq_register.o)
                0x000000000000f2b0                alt_irq_register
 .text          0x000000000000f460        0x0 C:/Users/rickert/Documents/GitHub/KBS_ESA_PAINGAME/KBS_ESA_PAINGAME_bsp/\libucosii_bsp.a(alt_irq_vars.o)
 .text          0x000000000000f460      0x274 C:/Users/rickert/Documents/GitHub/KBS_ESA_PAINGAME/KBS_ESA_PAINGAME_bsp/\libucosii_bsp.a(alt_open.o)
                0x000000000000f57c                open
 .text          0x000000000000f6d4      0x19c C:/Users/rickert/Documents/GitHub/KBS_ESA_PAINGAME/KBS_ESA_PAINGAME_bsp/\libucosii_bsp.a(alt_tick.o)
                0x000000000000f6d4                alt_alarm_stop
                0x000000000000f76c                alt_tick
 .text          0x000000000000f870       0x20 C:/Users/rickert/Documents/GitHub/KBS_ESA_PAINGAME/KBS_ESA_PAINGAME_bsp/\libucosii_bsp.a(altera_nios2_gen2_irq.o)
                0x000000000000f870                altera_nios2_gen2_irq_init
 .text          0x000000000000f890       0xd0 C:/Users/rickert/Documents/GitHub/KBS_ESA_PAINGAME/KBS_ESA_PAINGAME_bsp/\libucosii_bsp.a(os_cpu_a.o)
                0x000000000000f890                OSCtxSw
                0x000000000000f890                OSIntCtxSw
                0x000000000000f91c                OSStartHighRdy
                0x000000000000f93c                OSStartTsk
 .text          0x000000000000f960      0x264 C:/Users/rickert/Documents/GitHub/KBS_ESA_PAINGAME/KBS_ESA_PAINGAME_bsp/\libucosii_bsp.a(os_cpu_c.o)
                0x000000000000f960                OSTaskStkInit
                0x000000000000fabc                OSTaskCreateHook
                0x000000000000fadc                OSTaskDelHook
                0x000000000000fafc                OSTaskSwHook
                0x000000000000fb18                OSTaskStatHook
                0x000000000000fb34                OSTimeTickHook
                0x000000000000fb50                OSInitHookBegin
                0x000000000000fb6c                OSInitHookEnd
                0x000000000000fb88                OSTaskIdleHook
                0x000000000000fba4                OSTCBInitHook
 .text          0x000000000000fbc4      0x114 C:/Users/rickert/Documents/GitHub/KBS_ESA_PAINGAME/KBS_ESA_PAINGAME_bsp/\libucosii_bsp.a(alt_find_file.o)
                0x000000000000fbc4                alt_find_file
 .text          0x000000000000fcd8       0xfc C:/Users/rickert/Documents/GitHub/KBS_ESA_PAINGAME/KBS_ESA_PAINGAME_bsp/\libucosii_bsp.a(alt_get_fd.o)
                0x000000000000fcd8                alt_get_fd
 .text          0x000000000000fdd4       0x8c C:/Users/rickert/Documents/GitHub/KBS_ESA_PAINGAME/KBS_ESA_PAINGAME_bsp/\libucosii_bsp.a(alt_icache_flush.o)
                0x000000000000fdd4                alt_icache_flush
 .text          0x000000000000fe60        0x0 C:/Users/rickert/Documents/GitHub/KBS_ESA_PAINGAME/KBS_ESA_PAINGAME_bsp/\libucosii_bsp.a(alt_irq_entry.o)
 .text          0x000000000000fe60        0x0 C:/Users/rickert/Documents/GitHub/KBS_ESA_PAINGAME/KBS_ESA_PAINGAME_bsp/\libucosii_bsp.a(alt_irq_handler.o)
 .text          0x000000000000fe60        0x0 C:/Users/rickert/Documents/GitHub/KBS_ESA_PAINGAME/KBS_ESA_PAINGAME_bsp/\libucosii_bsp.a(alt_exception_entry.o)
 .text          0x000000000000fe60       0x9c C:/Users/rickert/Documents/GitHub/KBS_ESA_PAINGAME/KBS_ESA_PAINGAME_bsp/\libucosii_bsp.a(alt_instruction_exception_entry.o)
                0x000000000000fe60                alt_exception_cause_generated_bad_addr
 .text          0x000000000000fefc        0x0 c:/altera_lite/15.1/nios2eds/bin/gnu/h-x86_64-mingw32/bin/../lib/gcc/nios2-elf/4.9.2/../../../../../H-x86_64-mingw32/nios2-elf/lib/mhw-mulx\libc.a(lib_a-atexit.o)
 .text.atexit   0x000000000000fefc       0x14 c:/altera_lite/15.1/nios2eds/bin/gnu/h-x86_64-mingw32/bin/../lib/gcc/nios2-elf/4.9.2/../../../../../H-x86_64-mingw32/nios2-elf/lib/mhw-mulx\libc.a(lib_a-atexit.o)
                0x000000000000fefc                atexit
 .text          0x000000000000ff10        0x0 c:/altera_lite/15.1/nios2eds/bin/gnu/h-x86_64-mingw32/bin/../lib/gcc/nios2-elf/4.9.2/../../../../../H-x86_64-mingw32/nios2-elf/lib/mhw-mulx\libc.a(lib_a-exit.o)
 .text.exit     0x000000000000ff10       0x38 c:/altera_lite/15.1/nios2eds/bin/gnu/h-x86_64-mingw32/bin/../lib/gcc/nios2-elf/4.9.2/../../../../../H-x86_64-mingw32/nios2-elf/lib/mhw-mulx\libc.a(lib_a-exit.o)
                0x000000000000ff10                exit
 .text          0x000000000000ff48        0x0 c:/altera_lite/15.1/nios2eds/bin/gnu/h-x86_64-mingw32/bin/../lib/gcc/nios2-elf/4.9.2/../../../../../H-x86_64-mingw32/nios2-elf/lib/mhw-mulx\libc.a(lib_a-memcmp.o)
 .text.memcmp   0x000000000000ff48       0x7c c:/altera_lite/15.1/nios2eds/bin/gnu/h-x86_64-mingw32/bin/../lib/gcc/nios2-elf/4.9.2/../../../../../H-x86_64-mingw32/nios2-elf/lib/mhw-mulx\libc.a(lib_a-memcmp.o)
                0x000000000000ff48                memcmp
 .text          0x000000000000ffc4        0x0 c:/altera_lite/15.1/nios2eds/bin/gnu/h-x86_64-mingw32/bin/../lib/gcc/nios2-elf/4.9.2/../../../../../H-x86_64-mingw32/nios2-elf/lib/mhw-mulx\libc.a(lib_a-strcmp.o)
 .text.strcmp   0x000000000000ffc4       0xa4 c:/altera_lite/15.1/nios2eds/bin/gnu/h-x86_64-mingw32/bin/../lib/gcc/nios2-elf/4.9.2/../../../../../H-x86_64-mingw32/nios2-elf/lib/mhw-mulx\libc.a(lib_a-strcmp.o)
                0x000000000000ffc4                strcmp
 .text          0x0000000000010068        0x0 c:/altera_lite/15.1/nios2eds/bin/gnu/h-x86_64-mingw32/bin/../lib/gcc/nios2-elf/4.9.2/../../../../../H-x86_64-mingw32/nios2-elf/lib/mhw-mulx\libc.a(lib_a-__atexit.o)
 .text.__register_exitproc
                0x0000000000010068      0x114 c:/altera_lite/15.1/nios2eds/bin/gnu/h-x86_64-mingw32/bin/../lib/gcc/nios2-elf/4.9.2/../../../../../H-x86_64-mingw32/nios2-elf/lib/mhw-mulx\libc.a(lib_a-__atexit.o)
                0x0000000000010068                __register_exitproc
 .text          0x000000000001017c        0x0 c:/altera_lite/15.1/nios2eds/bin/gnu/h-x86_64-mingw32/bin/../lib/gcc/nios2-elf/4.9.2/../../../../../H-x86_64-mingw32/nios2-elf/lib/mhw-mulx\libc.a(lib_a-__call_atexit.o)
 .text.__call_exitprocs
                0x000000000001017c      0x194 c:/altera_lite/15.1/nios2eds/bin/gnu/h-x86_64-mingw32/bin/../lib/gcc/nios2-elf/4.9.2/../../../../../H-x86_64-mingw32/nios2-elf/lib/mhw-mulx\libc.a(lib_a-__call_atexit.o)
                0x000000000001017c                __call_exitprocs
 .text          0x0000000000010310       0x3c C:/Users/rickert/Documents/GitHub/KBS_ESA_PAINGAME/KBS_ESA_PAINGAME_bsp/\libucosii_bsp.a(alt_exit.o)
                0x0000000000010310                _exit
 *(.gnu.warning.*)
 *(.fini)
                0x000000000001034c                PROVIDE (__etext, ABSOLUTE (.))
                0x000000000001034c                PROVIDE (_etext, ABSOLUTE (.))
                0x000000000001034c                PROVIDE (etext, ABSOLUTE (.))
 *(.eh_frame_hdr)
                0x000000000001034c                . = ALIGN (0x4)
                0x000000000001034c                PROVIDE (__preinit_array_start, ABSOLUTE (.))
 *(.preinit_array)
                0x000000000001034c                PROVIDE (__preinit_array_end, ABSOLUTE (.))
                0x000000000001034c                PROVIDE (__init_array_start, ABSOLUTE (.))
 *(.init_array)
                0x000000000001034c                PROVIDE (__init_array_end, ABSOLUTE (.))
                0x000000000001034c                PROVIDE (__fini_array_start, ABSOLUTE (.))
 *(.fini_array)
                0x000000000001034c                PROVIDE (__fini_array_end, ABSOLUTE (.))
 *(.eh_frame)
 *(.gcc_except_table .gcc_except_table.*)
 *(.dynamic)
                0x000000000001034c                PROVIDE (__CTOR_LIST__, ABSOLUTE (.))
 *(.ctors)
 *(SORT(.ctors.*))
                0x000000000001034c                PROVIDE (__CTOR_END__, ABSOLUTE (.))
                0x000000000001034c                PROVIDE (__DTOR_LIST__, ABSOLUTE (.))
 *(.dtors)
 *(SORT(.dtors.*))
                0x000000000001034c                PROVIDE (__DTOR_END__, ABSOLUTE (.))
 *(.jcr)
                0x000000000001034c                . = ALIGN (0x4)

.rodata         0x000000000001034c      0x37c
                0x000000000001034c                PROVIDE (__ram_rodata_start, ABSOLUTE (.))
                0x000000000001034c                . = ALIGN (0x4)
 *(.rodata .rodata.* .gnu.linkonce.r.*)
 .rodata        0x000000000001034c       0x2c obj/default/Contoller.o
 .rodata        0x0000000000010378       0x5c obj/default/Menu.o
 .rodata.str1.4
                0x00000000000103d4        0x2 c:/altera_lite/15.1/nios2eds/bin/gnu/h-x86_64-mingw32/bin/../lib/gcc/nios2-elf/4.9.2/../../../../../H-x86_64-mingw32/nios2-elf/lib/mhw-mulx\libc.a(lib_a-puts.o)
                                          0x4 (size before relaxing)
 *fill*         0x00000000000103d6        0x2 
 .rodata.str1.4
                0x00000000000103d8        0x4 c:/altera_lite/15.1/nios2eds/bin/gnu/h-x86_64-mingw32/bin/../lib/gcc/nios2-elf/4.9.2/../../../../../H-x86_64-mingw32/nios2-elf/lib/mhw-mulx\libc.a(lib_a-impure.o)
 .rodata        0x00000000000103dc        0xc C:/Users/rickert/Documents/GitHub/KBS_ESA_PAINGAME/KBS_ESA_PAINGAME_bsp/\libucosii_bsp.a(alt_dev.o)
 .rodata        0x00000000000103e8       0x10 C:/Users/rickert/Documents/GitHub/KBS_ESA_PAINGAME/KBS_ESA_PAINGAME_bsp/\libucosii_bsp.a(alt_main.o)
 .rodata        0x00000000000103f8      0x120 C:/Users/rickert/Documents/GitHub/KBS_ESA_PAINGAME/KBS_ESA_PAINGAME_bsp/\libucosii_bsp.a(os_core.o)
                0x00000000000103f8                OSUnMapTbl
 .rodata        0x0000000000010518      0x190 C:/Users/rickert/Documents/GitHub/KBS_ESA_PAINGAME/KBS_ESA_PAINGAME_bsp/\libucosii_bsp.a(alt_sys_init.o)
 .rodata        0x00000000000106a8       0x1c C:/Users/rickert/Documents/GitHub/KBS_ESA_PAINGAME/KBS_ESA_PAINGAME_bsp/\libucosii_bsp.a(altera_up_avalon_video_character_buffer_with_dma.o)
 .rodata        0x00000000000106c4        0x4 C:/Users/rickert/Documents/GitHub/KBS_ESA_PAINGAME/KBS_ESA_PAINGAME_bsp/\libucosii_bsp.a(os_cpu_c.o)
 *(.rodata1)
                0x00000000000106c8                . = ALIGN (0x4)
                0x00000000000106c8                PROVIDE (__ram_rodata_end, ABSOLUTE (.))
                0x000000000001034c                PROVIDE (__flash_rodata_start, LOADADDR (.rodata))

.rwdata         0x00000000000106c8     0x1ea4 load address 0x000000000001256c
                0x00000000000106c8                PROVIDE (__ram_rwdata_start, ABSOLUTE (.))
                0x00000000000106c8                . = ALIGN (0x4)
 *(.got.plt)
 *(.got)
 *(.data1)
 *(.data .data.* .gnu.linkonce.d.*)
 .data          0x00000000000106c8        0x0 C:/Users/rickert/Documents/GitHub/KBS_ESA_PAINGAME/KBS_ESA_PAINGAME_bsp//obj/HAL/src/crt0.o
 .data          0x00000000000106c8        0x0 obj/default/Contoller.o
 .data          0x00000000000106c8        0x0 obj/default/Game.o
 .data          0x00000000000106c8        0x0 obj/default/Menu.o
 .data          0x00000000000106c8        0x0 obj/default/hello_ucosii.o
 .data          0x00000000000106c8        0x0 c:/altera_lite/15.1/nios2eds/bin/gnu/h-x86_64-mingw32/bin/../lib/gcc/nios2-elf/4.9.2/../../../../../H-x86_64-mingw32/nios2-elf/lib/mhw-mulx\libc.a(lib_a-puts.o)
 .data          0x00000000000106c8        0x0 c:/altera_lite/15.1/nios2eds/bin/gnu/h-x86_64-mingw32/bin/../lib/gcc/nios2-elf/4.9.2/../../../../../H-x86_64-mingw32/nios2-elf/lib/mhw-mulx\libc.a(lib_a-strlen.o)
 .data          0x00000000000106c8        0x0 c:/altera_lite/15.1/nios2eds/bin/gnu/h-x86_64-mingw32/bin/../lib/gcc/nios2-elf/4.9.2/../../../../../H-x86_64-mingw32/nios2-elf/lib/mhw-mulx\libc.a(lib_a-fvwrite.o)
 .data          0x00000000000106c8        0x0 c:/altera_lite/15.1/nios2eds/bin/gnu/h-x86_64-mingw32/bin/../lib/gcc/nios2-elf/4.9.2/../../../../../H-x86_64-mingw32/nios2-elf/lib/mhw-mulx\libc.a(lib_a-impure.o)
 .data.impure_data
                0x00000000000106c8      0x424 c:/altera_lite/15.1/nios2eds/bin/gnu/h-x86_64-mingw32/bin/../lib/gcc/nios2-elf/4.9.2/../../../../../H-x86_64-mingw32/nios2-elf/lib/mhw-mulx\libc.a(lib_a-impure.o)
 .data          0x0000000000010aec        0x0 c:/altera_lite/15.1/nios2eds/bin/gnu/h-x86_64-mingw32/bin/../lib/gcc/nios2-elf/4.9.2/../../../../../H-x86_64-mingw32/nios2-elf/lib/mhw-mulx\libc.a(lib_a-mallocr.o)
 .data.__malloc_av_
                0x0000000000010aec      0x408 c:/altera_lite/15.1/nios2eds/bin/gnu/h-x86_64-mingw32/bin/../lib/gcc/nios2-elf/4.9.2/../../../../../H-x86_64-mingw32/nios2-elf/lib/mhw-mulx\libc.a(lib_a-mallocr.o)
                0x0000000000010aec                __malloc_av_
 .data          0x0000000000010ef4        0x0 c:/altera_lite/15.1/nios2eds/bin/gnu/h-x86_64-mingw32/bin/../lib/gcc/nios2-elf/4.9.2/../../../../../H-x86_64-mingw32/nios2-elf/lib/mhw-mulx\libc.a(lib_a-memchr.o)
 .data          0x0000000000010ef4        0x0 c:/altera_lite/15.1/nios2eds/bin/gnu/h-x86_64-mingw32/bin/../lib/gcc/nios2-elf/4.9.2/../../../../../H-x86_64-mingw32/nios2-elf/lib/mhw-mulx\libc.a(lib_a-memcpy.o)
 .data          0x0000000000010ef4        0x0 c:/altera_lite/15.1/nios2eds/bin/gnu/h-x86_64-mingw32/bin/../lib/gcc/nios2-elf/4.9.2/../../../../../H-x86_64-mingw32/nios2-elf/lib/mhw-mulx\libc.a(lib_a-memmove.o)
 .data          0x0000000000010ef4        0x0 c:/altera_lite/15.1/nios2eds/bin/gnu/h-x86_64-mingw32/bin/../lib/gcc/nios2-elf/4.9.2/../../../../../H-x86_64-mingw32/nios2-elf/lib/mhw-mulx\libc.a(lib_a-reallocr.o)
 .data          0x0000000000010ef4        0x0 c:/altera_lite/15.1/nios2eds/bin/gnu/h-x86_64-mingw32/bin/../lib/gcc/nios2-elf/4.9.2/../../../../../H-x86_64-mingw32/nios2-elf/lib/mhw-mulx\libc.a(lib_a-sbrkr.o)
 .data          0x0000000000010ef4        0x0 c:/altera_lite/15.1/nios2eds/bin/gnu/h-x86_64-mingw32/bin/../lib/gcc/nios2-elf/4.9.2/../../../../../H-x86_64-mingw32/nios2-elf/lib/mhw-mulx\libc.a(lib_a-wsetup.o)
 .data          0x0000000000010ef4        0x0 c:/altera_lite/15.1/nios2eds/bin/gnu/h-x86_64-mingw32/bin/../lib/gcc/nios2-elf/4.9.2/../../../../../H-x86_64-mingw32/nios2-elf/lib/mhw-mulx\libc.a(lib_a-fflush.o)
 .data          0x0000000000010ef4        0x0 c:/altera_lite/15.1/nios2eds/bin/gnu/h-x86_64-mingw32/bin/../lib/gcc/nios2-elf/4.9.2/../../../../../H-x86_64-mingw32/nios2-elf/lib/mhw-mulx\libc.a(lib_a-findfp.o)
 .data          0x0000000000010ef4        0x0 c:/altera_lite/15.1/nios2eds/bin/gnu/h-x86_64-mingw32/bin/../lib/gcc/nios2-elf/4.9.2/../../../../../H-x86_64-mingw32/nios2-elf/lib/mhw-mulx\libc.a(lib_a-freer.o)
 .data          0x0000000000010ef4        0x0 c:/altera_lite/15.1/nios2eds/bin/gnu/h-x86_64-mingw32/bin/../lib/gcc/nios2-elf/4.9.2/../../../../../H-x86_64-mingw32/nios2-elf/lib/mhw-mulx\libc.a(lib_a-fwalk.o)
 .data          0x0000000000010ef4        0x0 c:/altera_lite/15.1/nios2eds/bin/gnu/h-x86_64-mingw32/bin/../lib/gcc/nios2-elf/4.9.2/../../../../../H-x86_64-mingw32/nios2-elf/lib/mhw-mulx\libc.a(lib_a-int_errno.o)
 .data          0x0000000000010ef4        0x0 c:/altera_lite/15.1/nios2eds/bin/gnu/h-x86_64-mingw32/bin/../lib/gcc/nios2-elf/4.9.2/../../../../../H-x86_64-mingw32/nios2-elf/lib/mhw-mulx\libc.a(lib_a-makebuf.o)
 .data          0x0000000000010ef4        0x0 c:/altera_lite/15.1/nios2eds/bin/gnu/h-x86_64-mingw32/bin/../lib/gcc/nios2-elf/4.9.2/../../../../../H-x86_64-mingw32/nios2-elf/lib/mhw-mulx\libc.a(lib_a-memset.o)
 .data          0x0000000000010ef4        0x0 c:/altera_lite/15.1/nios2eds/bin/gnu/h-x86_64-mingw32/bin/../lib/gcc/nios2-elf/4.9.2/../../../../../H-x86_64-mingw32/nios2-elf/lib/mhw-mulx\libc.a(lib_a-stdio.o)
 .data          0x0000000000010ef4        0x0 c:/altera_lite/15.1/nios2eds/bin/gnu/h-x86_64-mingw32/bin/../lib/gcc/nios2-elf/4.9.2/../../../../../H-x86_64-mingw32/nios2-elf/lib/mhw-mulx\libc.a(lib_a-writer.o)
 .data          0x0000000000010ef4        0x0 c:/altera_lite/15.1/nios2eds/bin/gnu/h-x86_64-mingw32/bin/../lib/gcc/nios2-elf/4.9.2/../../../../../H-x86_64-mingw32/nios2-elf/lib/mhw-mulx\libc.a(closer.o)
 .data          0x0000000000010ef4        0x0 c:/altera_lite/15.1/nios2eds/bin/gnu/h-x86_64-mingw32/bin/../lib/gcc/nios2-elf/4.9.2/../../../../../H-x86_64-mingw32/nios2-elf/lib/mhw-mulx\libc.a(lib_a-fclose.o)
 .data          0x0000000000010ef4        0x0 c:/altera_lite/15.1/nios2eds/bin/gnu/h-x86_64-mingw32/bin/../lib/gcc/nios2-elf/4.9.2/../../../../../H-x86_64-mingw32/nios2-elf/lib/mhw-mulx\libc.a(lib_a-fstatr.o)
 .data          0x0000000000010ef4        0x0 c:/altera_lite/15.1/nios2eds/bin/gnu/h-x86_64-mingw32/bin/../lib/gcc/nios2-elf/4.9.2/../../../../../H-x86_64-mingw32/nios2-elf/lib/mhw-mulx\libc.a(lib_a-isattyr.o)
 .data          0x0000000000010ef4        0x0 c:/altera_lite/15.1/nios2eds/bin/gnu/h-x86_64-mingw32/bin/../lib/gcc/nios2-elf/4.9.2/../../../../../H-x86_64-mingw32/nios2-elf/lib/mhw-mulx\libc.a(lib_a-lseekr.o)
 .data          0x0000000000010ef4        0x0 c:/altera_lite/15.1/nios2eds/bin/gnu/h-x86_64-mingw32/bin/../lib/gcc/nios2-elf/4.9.2/../../../../../H-x86_64-mingw32/nios2-elf/lib/mhw-mulx\libc.a(lib_a-readr.o)
 .data          0x0000000000010ef4        0x0 c:/altera_lite/15.1/nios2eds/bin/gnu/h-x86_64-mingw32/bin/../lib/gcc/nios2-elf/4.9.2/mhw-mulx\libgcc.a(lib2-divmod.o)
 .data          0x0000000000010ef4        0x0 C:/Users/rickert/Documents/GitHub/KBS_ESA_PAINGAME/KBS_ESA_PAINGAME_bsp/\libucosii_bsp.a(alt_close.o)
 .data          0x0000000000010ef4      0x1a8 C:/Users/rickert/Documents/GitHub/KBS_ESA_PAINGAME/KBS_ESA_PAINGAME_bsp/\libucosii_bsp.a(alt_dev.o)
                0x0000000000010ef4                alt_dev_null
                0x0000000000010f1c                alt_fd_list
 .data          0x000000000001109c        0x0 C:/Users/rickert/Documents/GitHub/KBS_ESA_PAINGAME/KBS_ESA_PAINGAME_bsp/\libucosii_bsp.a(alt_errno.o)
 .data          0x000000000001109c        0x0 C:/Users/rickert/Documents/GitHub/KBS_ESA_PAINGAME/KBS_ESA_PAINGAME_bsp/\libucosii_bsp.a(alt_fstat.o)
 .data          0x000000000001109c        0x0 C:/Users/rickert/Documents/GitHub/KBS_ESA_PAINGAME/KBS_ESA_PAINGAME_bsp/\libucosii_bsp.a(alt_isatty.o)
 .data          0x000000000001109c        0x0 C:/Users/rickert/Documents/GitHub/KBS_ESA_PAINGAME/KBS_ESA_PAINGAME_bsp/\libucosii_bsp.a(alt_load.o)
 .data          0x000000000001109c        0x0 C:/Users/rickert/Documents/GitHub/KBS_ESA_PAINGAME/KBS_ESA_PAINGAME_bsp/\libucosii_bsp.a(alt_lseek.o)
 .data          0x000000000001109c        0x0 C:/Users/rickert/Documents/GitHub/KBS_ESA_PAINGAME/KBS_ESA_PAINGAME_bsp/\libucosii_bsp.a(alt_main.o)
 .data          0x000000000001109c        0x0 C:/Users/rickert/Documents/GitHub/KBS_ESA_PAINGAME/KBS_ESA_PAINGAME_bsp/\libucosii_bsp.a(alt_read.o)
 .data          0x000000000001109c        0x0 C:/Users/rickert/Documents/GitHub/KBS_ESA_PAINGAME/KBS_ESA_PAINGAME_bsp/\libucosii_bsp.a(alt_release_fd.o)
 .data          0x000000000001109c        0x0 C:/Users/rickert/Documents/GitHub/KBS_ESA_PAINGAME/KBS_ESA_PAINGAME_bsp/\libucosii_bsp.a(alt_sbrk.o)
 .data          0x000000000001109c        0x0 C:/Users/rickert/Documents/GitHub/KBS_ESA_PAINGAME/KBS_ESA_PAINGAME_bsp/\libucosii_bsp.a(alt_write.o)
 .data          0x000000000001109c        0x0 C:/Users/rickert/Documents/GitHub/KBS_ESA_PAINGAME/KBS_ESA_PAINGAME_bsp/\libucosii_bsp.a(alt_env_lock.o)
 .data          0x000000000001109c        0x0 C:/Users/rickert/Documents/GitHub/KBS_ESA_PAINGAME/KBS_ESA_PAINGAME_bsp/\libucosii_bsp.a(alt_malloc_lock.o)
 .data          0x000000000001109c        0x0 C:/Users/rickert/Documents/GitHub/KBS_ESA_PAINGAME/KBS_ESA_PAINGAME_bsp/\libucosii_bsp.a(os_core.o)
 .data          0x000000000001109c        0x0 C:/Users/rickert/Documents/GitHub/KBS_ESA_PAINGAME/KBS_ESA_PAINGAME_bsp/\libucosii_bsp.a(os_dbg.o)
 .data          0x000000000001109c        0x0 C:/Users/rickert/Documents/GitHub/KBS_ESA_PAINGAME/KBS_ESA_PAINGAME_bsp/\libucosii_bsp.a(os_flag.o)
 .data          0x000000000001109c        0x0 C:/Users/rickert/Documents/GitHub/KBS_ESA_PAINGAME/KBS_ESA_PAINGAME_bsp/\libucosii_bsp.a(os_mem.o)
 .data          0x000000000001109c        0x0 C:/Users/rickert/Documents/GitHub/KBS_ESA_PAINGAME/KBS_ESA_PAINGAME_bsp/\libucosii_bsp.a(os_q.o)
 .data          0x000000000001109c        0x0 C:/Users/rickert/Documents/GitHub/KBS_ESA_PAINGAME/KBS_ESA_PAINGAME_bsp/\libucosii_bsp.a(os_sem.o)
 .data          0x000000000001109c        0x0 C:/Users/rickert/Documents/GitHub/KBS_ESA_PAINGAME/KBS_ESA_PAINGAME_bsp/\libucosii_bsp.a(os_task.o)
 .data          0x000000000001109c        0x0 C:/Users/rickert/Documents/GitHub/KBS_ESA_PAINGAME/KBS_ESA_PAINGAME_bsp/\libucosii_bsp.a(os_time.o)
 .data          0x000000000001109c     0x13f0 C:/Users/rickert/Documents/GitHub/KBS_ESA_PAINGAME/KBS_ESA_PAINGAME_bsp/\libucosii_bsp.a(alt_sys_init.o)
 .data          0x000000000001248c        0x0 C:/Users/rickert/Documents/GitHub/KBS_ESA_PAINGAME/KBS_ESA_PAINGAME_bsp/\libucosii_bsp.a(altera_avalon_jtag_uart_fd.o)
 .data          0x000000000001248c        0x0 C:/Users/rickert/Documents/GitHub/KBS_ESA_PAINGAME/KBS_ESA_PAINGAME_bsp/\libucosii_bsp.a(altera_avalon_jtag_uart_init.o)
 .data          0x000000000001248c        0x0 C:/Users/rickert/Documents/GitHub/KBS_ESA_PAINGAME/KBS_ESA_PAINGAME_bsp/\libucosii_bsp.a(altera_avalon_jtag_uart_ioctl.o)
 .data          0x000000000001248c        0x0 C:/Users/rickert/Documents/GitHub/KBS_ESA_PAINGAME/KBS_ESA_PAINGAME_bsp/\libucosii_bsp.a(altera_avalon_jtag_uart_read.o)
 .data          0x000000000001248c        0x0 C:/Users/rickert/Documents/GitHub/KBS_ESA_PAINGAME/KBS_ESA_PAINGAME_bsp/\libucosii_bsp.a(altera_avalon_jtag_uart_write.o)
 .data          0x000000000001248c        0x0 C:/Users/rickert/Documents/GitHub/KBS_ESA_PAINGAME/KBS_ESA_PAINGAME_bsp/\libucosii_bsp.a(altera_avalon_timer_sc.o)
 .data          0x000000000001248c        0x0 C:/Users/rickert/Documents/GitHub/KBS_ESA_PAINGAME/KBS_ESA_PAINGAME_bsp/\libucosii_bsp.a(altera_up_avalon_character_lcd.o)
 .data          0x000000000001248c        0x0 C:/Users/rickert/Documents/GitHub/KBS_ESA_PAINGAME/KBS_ESA_PAINGAME_bsp/\libucosii_bsp.a(altera_up_avalon_irda.o)
 .data          0x000000000001248c        0x0 C:/Users/rickert/Documents/GitHub/KBS_ESA_PAINGAME/KBS_ESA_PAINGAME_bsp/\libucosii_bsp.a(altera_up_avalon_parallel_port.o)
 .data          0x000000000001248c        0x0 C:/Users/rickert/Documents/GitHub/KBS_ESA_PAINGAME/KBS_ESA_PAINGAME_bsp/\libucosii_bsp.a(altera_up_avalon_ps2.o)
 .data          0x000000000001248c        0x0 C:/Users/rickert/Documents/GitHub/KBS_ESA_PAINGAME/KBS_ESA_PAINGAME_bsp/\libucosii_bsp.a(altera_up_avalon_rs232.o)
 .data          0x000000000001248c        0x0 C:/Users/rickert/Documents/GitHub/KBS_ESA_PAINGAME/KBS_ESA_PAINGAME_bsp/\libucosii_bsp.a(altera_up_avalon_video_character_buffer_with_dma.o)
 .data          0x000000000001248c        0x0 C:/Users/rickert/Documents/GitHub/KBS_ESA_PAINGAME/KBS_ESA_PAINGAME_bsp/\libucosii_bsp.a(alt_alarm_start.o)
 .data          0x000000000001248c        0x0 C:/Users/rickert/Documents/GitHub/KBS_ESA_PAINGAME/KBS_ESA_PAINGAME_bsp/\libucosii_bsp.a(alt_dcache_flush_all.o)
 .data          0x000000000001248c        0x0 C:/Users/rickert/Documents/GitHub/KBS_ESA_PAINGAME/KBS_ESA_PAINGAME_bsp/\libucosii_bsp.a(alt_dev_llist_insert.o)
 .data          0x000000000001248c        0x0 C:/Users/rickert/Documents/GitHub/KBS_ESA_PAINGAME/KBS_ESA_PAINGAME_bsp/\libucosii_bsp.a(alt_do_ctors.o)
 .data          0x000000000001248c        0x0 C:/Users/rickert/Documents/GitHub/KBS_ESA_PAINGAME/KBS_ESA_PAINGAME_bsp/\libucosii_bsp.a(alt_do_dtors.o)
 .data          0x000000000001248c        0x0 C:/Users/rickert/Documents/GitHub/KBS_ESA_PAINGAME/KBS_ESA_PAINGAME_bsp/\libucosii_bsp.a(alt_find_dev.o)
 .data          0x000000000001248c        0x0 C:/Users/rickert/Documents/GitHub/KBS_ESA_PAINGAME/KBS_ESA_PAINGAME_bsp/\libucosii_bsp.a(alt_icache_flush_all.o)
 .data          0x000000000001248c        0x0 C:/Users/rickert/Documents/GitHub/KBS_ESA_PAINGAME/KBS_ESA_PAINGAME_bsp/\libucosii_bsp.a(alt_io_redirect.o)
 .data          0x000000000001248c        0x0 C:/Users/rickert/Documents/GitHub/KBS_ESA_PAINGAME/KBS_ESA_PAINGAME_bsp/\libucosii_bsp.a(alt_irq_register.o)
 .data          0x000000000001248c        0x0 C:/Users/rickert/Documents/GitHub/KBS_ESA_PAINGAME/KBS_ESA_PAINGAME_bsp/\libucosii_bsp.a(alt_irq_vars.o)
 .data          0x000000000001248c        0x0 C:/Users/rickert/Documents/GitHub/KBS_ESA_PAINGAME/KBS_ESA_PAINGAME_bsp/\libucosii_bsp.a(alt_open.o)
 .data          0x000000000001248c        0x0 C:/Users/rickert/Documents/GitHub/KBS_ESA_PAINGAME/KBS_ESA_PAINGAME_bsp/\libucosii_bsp.a(alt_tick.o)
 .data          0x000000000001248c        0x0 C:/Users/rickert/Documents/GitHub/KBS_ESA_PAINGAME/KBS_ESA_PAINGAME_bsp/\libucosii_bsp.a(altera_nios2_gen2_irq.o)
 .data          0x000000000001248c        0x0 C:/Users/rickert/Documents/GitHub/KBS_ESA_PAINGAME/KBS_ESA_PAINGAME_bsp/\libucosii_bsp.a(os_cpu_a.o)
 .data          0x000000000001248c        0x0 C:/Users/rickert/Documents/GitHub/KBS_ESA_PAINGAME/KBS_ESA_PAINGAME_bsp/\libucosii_bsp.a(os_cpu_c.o)
 .data          0x000000000001248c        0x0 C:/Users/rickert/Documents/GitHub/KBS_ESA_PAINGAME/KBS_ESA_PAINGAME_bsp/\libucosii_bsp.a(alt_find_file.o)
 .data          0x000000000001248c        0x0 C:/Users/rickert/Documents/GitHub/KBS_ESA_PAINGAME/KBS_ESA_PAINGAME_bsp/\libucosii_bsp.a(alt_get_fd.o)
 .data          0x000000000001248c        0x0 C:/Users/rickert/Documents/GitHub/KBS_ESA_PAINGAME/KBS_ESA_PAINGAME_bsp/\libucosii_bsp.a(alt_icache_flush.o)
 .data          0x000000000001248c        0x0 C:/Users/rickert/Documents/GitHub/KBS_ESA_PAINGAME/KBS_ESA_PAINGAME_bsp/\libucosii_bsp.a(alt_irq_entry.o)
 .data          0x000000000001248c        0x0 C:/Users/rickert/Documents/GitHub/KBS_ESA_PAINGAME/KBS_ESA_PAINGAME_bsp/\libucosii_bsp.a(alt_irq_handler.o)
 .data          0x000000000001248c        0x0 C:/Users/rickert/Documents/GitHub/KBS_ESA_PAINGAME/KBS_ESA_PAINGAME_bsp/\libucosii_bsp.a(alt_exception_entry.o)
 .data          0x000000000001248c        0x0 C:/Users/rickert/Documents/GitHub/KBS_ESA_PAINGAME/KBS_ESA_PAINGAME_bsp/\libucosii_bsp.a(alt_instruction_exception_entry.o)
 .data          0x000000000001248c        0x0 c:/altera_lite/15.1/nios2eds/bin/gnu/h-x86_64-mingw32/bin/../lib/gcc/nios2-elf/4.9.2/../../../../../H-x86_64-mingw32/nios2-elf/lib/mhw-mulx\libc.a(lib_a-atexit.o)
 .data          0x000000000001248c        0x0 c:/altera_lite/15.1/nios2eds/bin/gnu/h-x86_64-mingw32/bin/../lib/gcc/nios2-elf/4.9.2/../../../../../H-x86_64-mingw32/nios2-elf/lib/mhw-mulx\libc.a(lib_a-exit.o)
 .data          0x000000000001248c        0x0 c:/altera_lite/15.1/nios2eds/bin/gnu/h-x86_64-mingw32/bin/../lib/gcc/nios2-elf/4.9.2/../../../../../H-x86_64-mingw32/nios2-elf/lib/mhw-mulx\libc.a(lib_a-memcmp.o)
 .data          0x000000000001248c        0x0 c:/altera_lite/15.1/nios2eds/bin/gnu/h-x86_64-mingw32/bin/../lib/gcc/nios2-elf/4.9.2/../../../../../H-x86_64-mingw32/nios2-elf/lib/mhw-mulx\libc.a(lib_a-strcmp.o)
 .data          0x000000000001248c        0x0 c:/altera_lite/15.1/nios2eds/bin/gnu/h-x86_64-mingw32/bin/../lib/gcc/nios2-elf/4.9.2/../../../../../H-x86_64-mingw32/nios2-elf/lib/mhw-mulx\libc.a(lib_a-__atexit.o)
 .data          0x000000000001248c        0x0 c:/altera_lite/15.1/nios2eds/bin/gnu/h-x86_64-mingw32/bin/../lib/gcc/nios2-elf/4.9.2/../../../../../H-x86_64-mingw32/nios2-elf/lib/mhw-mulx\libc.a(lib_a-__call_atexit.o)
 .data          0x000000000001248c        0x0 C:/Users/rickert/Documents/GitHub/KBS_ESA_PAINGAME/KBS_ESA_PAINGAME_bsp/\libucosii_bsp.a(alt_exit.o)
                0x000000000001a48c                _gp = ABSOLUTE ((. + 0x8000))
                0x000000000001a48c                PROVIDE (gp, _gp)
 *(.rwdata .rwdata.*)
 *(.sdata .sdata.* .gnu.linkonce.s.*)
 .sdata         0x000000000001248c        0x2 obj/default/Contoller.o
                0x000000000001248c                kleur
 .sdata         0x000000000001248e        0x2 obj/default/Game.o
                0x000000000001248e                balWit
 .sdata         0x0000000000012490       0x24 obj/default/Menu.o
                0x0000000000012490                gameModeMenu
                0x0000000000012494                xLinks
                0x0000000000012498                xRechts
                0x000000000001249c                xBoven
                0x00000000000124a0                xOnder
                0x00000000000124a4                xMenu
                0x00000000000124a8                yMenu
                0x00000000000124ac                geel
                0x00000000000124b0                eenkeer
 .sdata         0x00000000000124b4        0x4 obj/default/hello_ucosii.o
                0x00000000000124b4                interval_timer_ptr
 .sdata._global_impure_ptr
                0x00000000000124b8        0x4 c:/altera_lite/15.1/nios2eds/bin/gnu/h-x86_64-mingw32/bin/../lib/gcc/nios2-elf/4.9.2/../../../../../H-x86_64-mingw32/nios2-elf/lib/mhw-mulx\libc.a(lib_a-impure.o)
                0x00000000000124b8                _global_impure_ptr
 .sdata._impure_ptr
                0x00000000000124bc        0x4 c:/altera_lite/15.1/nios2eds/bin/gnu/h-x86_64-mingw32/bin/../lib/gcc/nios2-elf/4.9.2/../../../../../H-x86_64-mingw32/nios2-elf/lib/mhw-mulx\libc.a(lib_a-impure.o)
                0x00000000000124bc                _impure_ptr
 .sdata.__malloc_sbrk_base
                0x00000000000124c0        0x4 c:/altera_lite/15.1/nios2eds/bin/gnu/h-x86_64-mingw32/bin/../lib/gcc/nios2-elf/4.9.2/../../../../../H-x86_64-mingw32/nios2-elf/lib/mhw-mulx\libc.a(lib_a-mallocr.o)
                0x00000000000124c0                __malloc_sbrk_base
 .sdata.__malloc_trim_threshold
                0x00000000000124c4        0x4 c:/altera_lite/15.1/nios2eds/bin/gnu/h-x86_64-mingw32/bin/../lib/gcc/nios2-elf/4.9.2/../../../../../H-x86_64-mingw32/nios2-elf/lib/mhw-mulx\libc.a(lib_a-mallocr.o)
                0x00000000000124c4                __malloc_trim_threshold
 .sdata         0x00000000000124c8       0x14 C:/Users/rickert/Documents/GitHub/KBS_ESA_PAINGAME/KBS_ESA_PAINGAME_bsp/\libucosii_bsp.a(alt_dev.o)
                0x00000000000124c8                alt_fs_list
                0x00000000000124d0                alt_dev_list
                0x00000000000124d8                alt_max_fd
 .sdata         0x00000000000124dc        0x4 C:/Users/rickert/Documents/GitHub/KBS_ESA_PAINGAME/KBS_ESA_PAINGAME_bsp/\libucosii_bsp.a(alt_errno.o)
                0x00000000000124dc                alt_errno
 .sdata         0x00000000000124e0        0x4 C:/Users/rickert/Documents/GitHub/KBS_ESA_PAINGAME/KBS_ESA_PAINGAME_bsp/\libucosii_bsp.a(alt_sbrk.o)
 .sdata         0x00000000000124e4        0x4 C:/Users/rickert/Documents/GitHub/KBS_ESA_PAINGAME/KBS_ESA_PAINGAME_bsp/\libucosii_bsp.a(alt_env_lock.o)
 .sdata         0x00000000000124e8        0x4 C:/Users/rickert/Documents/GitHub/KBS_ESA_PAINGAME/KBS_ESA_PAINGAME_bsp/\libucosii_bsp.a(alt_malloc_lock.o)
 .sdata         0x00000000000124ec       0x74 C:/Users/rickert/Documents/GitHub/KBS_ESA_PAINGAME/KBS_ESA_PAINGAME_bsp/\libucosii_bsp.a(os_dbg.o)
                0x00000000000124ec                OSDebugEn
                0x00000000000124f0                OSEndiannessTest
                0x00000000000124f4                OSEventEn
                0x00000000000124f6                OSEventMax
                0x00000000000124f8                OSEventNameSize
                0x00000000000124fa                OSEventSize
                0x00000000000124fc                OSEventTblSize
                0x00000000000124fe                OSEventMultiEn
                0x0000000000012500                OSFlagEn
                0x0000000000012502                OSFlagGrpSize
                0x0000000000012504                OSFlagNodeSize
                0x0000000000012506                OSFlagWidth
                0x0000000000012508                OSFlagMax
                0x000000000001250a                OSFlagNameSize
                0x000000000001250c                OSLowestPrio
                0x000000000001250e                OSMboxEn
                0x0000000000012510                OSMemEn
                0x0000000000012512                OSMemMax
                0x0000000000012514                OSMemNameSize
                0x0000000000012516                OSMemSize
                0x0000000000012518                OSMemTblSize
                0x000000000001251a                OSMutexEn
                0x000000000001251c                OSPtrSize
                0x000000000001251e                OSQEn
                0x0000000000012520                OSQMax
                0x0000000000012522                OSQSize
                0x0000000000012524                OSRdyTblSize
                0x0000000000012526                OSSemEn
                0x0000000000012528                OSStkWidth
                0x000000000001252a                OSTaskCreateEn
                0x000000000001252c                OSTaskCreateExtEn
                0x000000000001252e                OSTaskDelEn
                0x0000000000012530                OSTaskIdleStkSize
                0x0000000000012532                OSTaskProfileEn
                0x0000000000012534                OSTaskMax
                0x0000000000012536                OSTaskNameSize
                0x0000000000012538                OSTaskStatEn
                0x000000000001253a                OSTaskStatStkSize
                0x000000000001253c                OSTaskStatStkChkEn
                0x000000000001253e                OSTaskSwHookEn
                0x0000000000012540                OSTCBPrioTblMax
                0x0000000000012542                OSTCBSize
                0x0000000000012544                OSTicksPerSec
                0x0000000000012546                OSTimeTickHookEn
                0x0000000000012548                OSVersionNbr
                0x000000000001254a                OSTmrEn
                0x000000000001254c                OSTmrCfgMax
                0x000000000001254e                OSTmrCfgNameSize
                0x0000000000012550                OSTmrCfgWheelSize
                0x0000000000012552                OSTmrCfgTicksPerSec
                0x0000000000012554                OSTmrSize
                0x0000000000012556                OSTmrTblSize
                0x0000000000012558                OSTmrWheelSize
                0x000000000001255a                OSTmrWheelTblSize
                0x000000000001255c                OSDataSize
 .sdata         0x0000000000012560        0x4 C:/Users/rickert/Documents/GitHub/KBS_ESA_PAINGAME/KBS_ESA_PAINGAME_bsp/\libucosii_bsp.a(alt_irq_vars.o)
                0x0000000000012560                alt_priority_mask
 .sdata         0x0000000000012564        0x8 C:/Users/rickert/Documents/GitHub/KBS_ESA_PAINGAME/KBS_ESA_PAINGAME_bsp/\libucosii_bsp.a(alt_tick.o)
                0x0000000000012564                alt_alarm_list
 *(.sdata2 .sdata2.* .gnu.linkonce.s2.*)
                0x000000000001256c                . = ALIGN (0x4)
                0x000000000001256c                _edata = ABSOLUTE (.)
                0x000000000001256c                PROVIDE (edata, ABSOLUTE (.))
                0x000000000001256c                PROVIDE (__ram_rwdata_end, ABSOLUTE (.))
                0x000000000001256c                PROVIDE (__flash_rwdata_start, LOADADDR (.rwdata))

.bss            0x0000000000014410     0xd430
                0x0000000000014410                __bss_start = ABSOLUTE (.)
                0x0000000000014410                PROVIDE (__sbss_start, ABSOLUTE (.))
                0x0000000000014410                PROVIDE (___sbss_start, ABSOLUTE (.))
 *(.dynsbss)
 *(.sbss .sbss.* .gnu.linkonce.sb.*)
 .sbss          0x0000000000014410        0x4 obj/default/Contoller.o
                0x0000000000014410                counter3
 .sbss          0x0000000000014414        0xc obj/default/Contoller.o
                0x0000000000014414                controllerSem
                0x0000000000014418                counter1
                0x000000000001441c                counter2
 .sbss          0x0000000000014420       0x30 obj/default/Game.o
                0x0000000000014420                balZwart
                0x0000000000014424                pixel_buffer_y
                0x0000000000014428                blue_y2
                0x000000000001442c                pixel_buffer_x
                0x0000000000014430                blue_x1
                0x0000000000014434                blue_y1
                0x0000000000014438                ALT_y
                0x000000000001443c                ALT_inc_y
                0x0000000000014440                ALT_x1
                0x0000000000014444                ALT_inc_x
                0x0000000000014448                ALT_x2
                0x000000000001444c                blue_x2
 .sbss          0x0000000000014450       0x10 obj/default/Menu.o
                0x0000000000014450                vorige
                0x0000000000014454                zwart
                0x0000000000014458                last
                0x000000000001445c                menuSem
 .sbss          0x0000000000014460        0x4 obj/default/hello_ucosii.o
                0x0000000000014460                timeout
 .sbss.__malloc_max_total_mem
                0x0000000000014464        0x4 c:/altera_lite/15.1/nios2eds/bin/gnu/h-x86_64-mingw32/bin/../lib/gcc/nios2-elf/4.9.2/../../../../../H-x86_64-mingw32/nios2-elf/lib/mhw-mulx\libc.a(lib_a-mallocr.o)
                0x0000000000014464                __malloc_max_total_mem
 .sbss.__malloc_max_sbrked_mem
                0x0000000000014468        0x4 c:/altera_lite/15.1/nios2eds/bin/gnu/h-x86_64-mingw32/bin/../lib/gcc/nios2-elf/4.9.2/../../../../../H-x86_64-mingw32/nios2-elf/lib/mhw-mulx\libc.a(lib_a-mallocr.o)
                0x0000000000014468                __malloc_max_sbrked_mem
 .sbss.__malloc_top_pad
                0x000000000001446c        0x4 c:/altera_lite/15.1/nios2eds/bin/gnu/h-x86_64-mingw32/bin/../lib/gcc/nios2-elf/4.9.2/../../../../../H-x86_64-mingw32/nios2-elf/lib/mhw-mulx\libc.a(lib_a-mallocr.o)
                0x000000000001446c                __malloc_top_pad
 .sbss          0x0000000000014470        0x4 c:/altera_lite/15.1/nios2eds/bin/gnu/h-x86_64-mingw32/bin/../lib/gcc/nios2-elf/4.9.2/../../../../../H-x86_64-mingw32/nios2-elf/lib/mhw-mulx\libc.a(lib_a-int_errno.o)
                0x0000000000014470                errno
 .sbss          0x0000000000014474        0x4 C:/Users/rickert/Documents/GitHub/KBS_ESA_PAINGAME/KBS_ESA_PAINGAME_bsp/\libucosii_bsp.a(alt_dev.o)
                0x0000000000014474                alt_fd_list_lock
 .sbss          0x0000000000014478        0xc C:/Users/rickert/Documents/GitHub/KBS_ESA_PAINGAME/KBS_ESA_PAINGAME_bsp/\libucosii_bsp.a(alt_main.o)
                0x0000000000014478                alt_argc
                0x000000000001447c                alt_argv
                0x0000000000014480                alt_envp
 .sbss          0x0000000000014484        0x8 C:/Users/rickert/Documents/GitHub/KBS_ESA_PAINGAME/KBS_ESA_PAINGAME_bsp/\libucosii_bsp.a(alt_env_lock.o)
                0x0000000000014488                alt_envsem
 .sbss          0x000000000001448c        0x8 C:/Users/rickert/Documents/GitHub/KBS_ESA_PAINGAME/KBS_ESA_PAINGAME_bsp/\libucosii_bsp.a(alt_malloc_lock.o)
                0x0000000000014490                alt_heapsem
 .sbss          0x0000000000014494       0x50 C:/Users/rickert/Documents/GitHub/KBS_ESA_PAINGAME/KBS_ESA_PAINGAME_bsp/\libucosii_bsp.a(os_core.o)
                0x0000000000014494                OSLockNesting
                0x0000000000014495                OSRunning
                0x0000000000014498                OSIdleCtr
                0x000000000001449c                OSPrioHighRdy
                0x000000000001449d                OSPrioCur
                0x00000000000144a0                OSTCBList
                0x00000000000144a4                OSTickStepState
                0x00000000000144a8                OSCtxSwCtr
                0x00000000000144ac                OSIdleCtrMax
                0x00000000000144b0                OSTCBFreeList
                0x00000000000144b4                OSCPUUsage
                0x00000000000144b5                OSTaskCtr
                0x00000000000144b8                OSMemFreeList
                0x00000000000144bc                OSTCBHighRdy
                0x00000000000144c0                OSQFreeList
                0x00000000000144c4                OSRdyGrp
                0x00000000000144c5                OSRdyTbl
                0x00000000000144c8                OSEventFreeList
                0x00000000000144cc                OSIntNesting
                0x00000000000144d0                OSTCBCur
                0x00000000000144d4                OSTime
                0x00000000000144d8                OSFlagFreeList
                0x00000000000144dc                OSStatRdy
                0x00000000000144e0                OSIdleCtrRun
 .sbss          0x00000000000144e4        0x4 C:/Users/rickert/Documents/GitHub/KBS_ESA_PAINGAME/KBS_ESA_PAINGAME_bsp/\libucosii_bsp.a(alt_irq_vars.o)
                0x00000000000144e4                alt_irq_active
 .sbss          0x00000000000144e8        0x8 C:/Users/rickert/Documents/GitHub/KBS_ESA_PAINGAME/KBS_ESA_PAINGAME_bsp/\libucosii_bsp.a(alt_tick.o)
                0x00000000000144e8                _alt_tick_rate
                0x00000000000144ec                _alt_nticks
 .sbss          0x00000000000144f0        0x4 C:/Users/rickert/Documents/GitHub/KBS_ESA_PAINGAME/KBS_ESA_PAINGAME_bsp/\libucosii_bsp.a(alt_instruction_exception_entry.o)
                0x00000000000144f0                alt_instruction_exception_handler
 *(.sbss2 .sbss2.* .gnu.linkonce.sb2.*)
 *(.scommon)
                0x00000000000144f4                PROVIDE (__sbss_end, ABSOLUTE (.))
                0x00000000000144f4                PROVIDE (___sbss_end, ABSOLUTE (.))
 *(.dynbss)
 *(.bss .bss.* .gnu.linkonce.b.*)
 .bss           0x00000000000144f4        0x0 C:/Users/rickert/Documents/GitHub/KBS_ESA_PAINGAME/KBS_ESA_PAINGAME_bsp//obj/HAL/src/crt0.o
 .bss           0x00000000000144f4        0x0 obj/default/Contoller.o
 .bss           0x00000000000144f4        0x0 obj/default/Game.o
 .bss           0x00000000000144f4        0x0 obj/default/Menu.o
 .bss           0x00000000000144f4        0x0 obj/default/hello_ucosii.o
 .bss           0x00000000000144f4        0x0 c:/altera_lite/15.1/nios2eds/bin/gnu/h-x86_64-mingw32/bin/../lib/gcc/nios2-elf/4.9.2/../../../../../H-x86_64-mingw32/nios2-elf/lib/mhw-mulx\libc.a(lib_a-puts.o)
 .bss           0x00000000000144f4        0x0 c:/altera_lite/15.1/nios2eds/bin/gnu/h-x86_64-mingw32/bin/../lib/gcc/nios2-elf/4.9.2/../../../../../H-x86_64-mingw32/nios2-elf/lib/mhw-mulx\libc.a(lib_a-strlen.o)
 .bss           0x00000000000144f4        0x0 c:/altera_lite/15.1/nios2eds/bin/gnu/h-x86_64-mingw32/bin/../lib/gcc/nios2-elf/4.9.2/../../../../../H-x86_64-mingw32/nios2-elf/lib/mhw-mulx\libc.a(lib_a-fvwrite.o)
 .bss           0x00000000000144f4        0x0 c:/altera_lite/15.1/nios2eds/bin/gnu/h-x86_64-mingw32/bin/../lib/gcc/nios2-elf/4.9.2/../../../../../H-x86_64-mingw32/nios2-elf/lib/mhw-mulx\libc.a(lib_a-impure.o)
 .bss           0x00000000000144f4        0x0 c:/altera_lite/15.1/nios2eds/bin/gnu/h-x86_64-mingw32/bin/../lib/gcc/nios2-elf/4.9.2/../../../../../H-x86_64-mingw32/nios2-elf/lib/mhw-mulx\libc.a(lib_a-mallocr.o)
 .bss.__malloc_current_mallinfo
                0x00000000000144f4       0x28 c:/altera_lite/15.1/nios2eds/bin/gnu/h-x86_64-mingw32/bin/../lib/gcc/nios2-elf/4.9.2/../../../../../H-x86_64-mingw32/nios2-elf/lib/mhw-mulx\libc.a(lib_a-mallocr.o)
                0x00000000000144f4                __malloc_current_mallinfo
 .bss           0x000000000001451c        0x0 c:/altera_lite/15.1/nios2eds/bin/gnu/h-x86_64-mingw32/bin/../lib/gcc/nios2-elf/4.9.2/../../../../../H-x86_64-mingw32/nios2-elf/lib/mhw-mulx\libc.a(lib_a-memchr.o)
 .bss           0x000000000001451c        0x0 c:/altera_lite/15.1/nios2eds/bin/gnu/h-x86_64-mingw32/bin/../lib/gcc/nios2-elf/4.9.2/../../../../../H-x86_64-mingw32/nios2-elf/lib/mhw-mulx\libc.a(lib_a-memcpy.o)
 .bss           0x000000000001451c        0x0 c:/altera_lite/15.1/nios2eds/bin/gnu/h-x86_64-mingw32/bin/../lib/gcc/nios2-elf/4.9.2/../../../../../H-x86_64-mingw32/nios2-elf/lib/mhw-mulx\libc.a(lib_a-memmove.o)
 .bss           0x000000000001451c        0x0 c:/altera_lite/15.1/nios2eds/bin/gnu/h-x86_64-mingw32/bin/../lib/gcc/nios2-elf/4.9.2/../../../../../H-x86_64-mingw32/nios2-elf/lib/mhw-mulx\libc.a(lib_a-reallocr.o)
 .bss           0x000000000001451c        0x0 c:/altera_lite/15.1/nios2eds/bin/gnu/h-x86_64-mingw32/bin/../lib/gcc/nios2-elf/4.9.2/../../../../../H-x86_64-mingw32/nios2-elf/lib/mhw-mulx\libc.a(lib_a-sbrkr.o)
 .bss           0x000000000001451c        0x0 c:/altera_lite/15.1/nios2eds/bin/gnu/h-x86_64-mingw32/bin/../lib/gcc/nios2-elf/4.9.2/../../../../../H-x86_64-mingw32/nios2-elf/lib/mhw-mulx\libc.a(lib_a-wsetup.o)
 .bss           0x000000000001451c        0x0 c:/altera_lite/15.1/nios2eds/bin/gnu/h-x86_64-mingw32/bin/../lib/gcc/nios2-elf/4.9.2/../../../../../H-x86_64-mingw32/nios2-elf/lib/mhw-mulx\libc.a(lib_a-fflush.o)
 .bss           0x000000000001451c        0x0 c:/altera_lite/15.1/nios2eds/bin/gnu/h-x86_64-mingw32/bin/../lib/gcc/nios2-elf/4.9.2/../../../../../H-x86_64-mingw32/nios2-elf/lib/mhw-mulx\libc.a(lib_a-findfp.o)
 .bss           0x000000000001451c        0x0 c:/altera_lite/15.1/nios2eds/bin/gnu/h-x86_64-mingw32/bin/../lib/gcc/nios2-elf/4.9.2/../../../../../H-x86_64-mingw32/nios2-elf/lib/mhw-mulx\libc.a(lib_a-freer.o)
 .bss           0x000000000001451c        0x0 c:/altera_lite/15.1/nios2eds/bin/gnu/h-x86_64-mingw32/bin/../lib/gcc/nios2-elf/4.9.2/../../../../../H-x86_64-mingw32/nios2-elf/lib/mhw-mulx\libc.a(lib_a-fwalk.o)
 .bss           0x000000000001451c        0x0 c:/altera_lite/15.1/nios2eds/bin/gnu/h-x86_64-mingw32/bin/../lib/gcc/nios2-elf/4.9.2/../../../../../H-x86_64-mingw32/nios2-elf/lib/mhw-mulx\libc.a(lib_a-int_errno.o)
 .bss           0x000000000001451c        0x0 c:/altera_lite/15.1/nios2eds/bin/gnu/h-x86_64-mingw32/bin/../lib/gcc/nios2-elf/4.9.2/../../../../../H-x86_64-mingw32/nios2-elf/lib/mhw-mulx\libc.a(lib_a-makebuf.o)
 .bss           0x000000000001451c        0x0 c:/altera_lite/15.1/nios2eds/bin/gnu/h-x86_64-mingw32/bin/../lib/gcc/nios2-elf/4.9.2/../../../../../H-x86_64-mingw32/nios2-elf/lib/mhw-mulx\libc.a(lib_a-memset.o)
 .bss           0x000000000001451c        0x0 c:/altera_lite/15.1/nios2eds/bin/gnu/h-x86_64-mingw32/bin/../lib/gcc/nios2-elf/4.9.2/../../../../../H-x86_64-mingw32/nios2-elf/lib/mhw-mulx\libc.a(lib_a-stdio.o)
 .bss           0x000000000001451c        0x0 c:/altera_lite/15.1/nios2eds/bin/gnu/h-x86_64-mingw32/bin/../lib/gcc/nios2-elf/4.9.2/../../../../../H-x86_64-mingw32/nios2-elf/lib/mhw-mulx\libc.a(lib_a-writer.o)
 .bss           0x000000000001451c        0x0 c:/altera_lite/15.1/nios2eds/bin/gnu/h-x86_64-mingw32/bin/../lib/gcc/nios2-elf/4.9.2/../../../../../H-x86_64-mingw32/nios2-elf/lib/mhw-mulx\libc.a(closer.o)
 .bss           0x000000000001451c        0x0 c:/altera_lite/15.1/nios2eds/bin/gnu/h-x86_64-mingw32/bin/../lib/gcc/nios2-elf/4.9.2/../../../../../H-x86_64-mingw32/nios2-elf/lib/mhw-mulx\libc.a(lib_a-fclose.o)
 .bss           0x000000000001451c        0x0 c:/altera_lite/15.1/nios2eds/bin/gnu/h-x86_64-mingw32/bin/../lib/gcc/nios2-elf/4.9.2/../../../../../H-x86_64-mingw32/nios2-elf/lib/mhw-mulx\libc.a(lib_a-fstatr.o)
 .bss           0x000000000001451c        0x0 c:/altera_lite/15.1/nios2eds/bin/gnu/h-x86_64-mingw32/bin/../lib/gcc/nios2-elf/4.9.2/../../../../../H-x86_64-mingw32/nios2-elf/lib/mhw-mulx\libc.a(lib_a-isattyr.o)
 .bss           0x000000000001451c        0x0 c:/altera_lite/15.1/nios2eds/bin/gnu/h-x86_64-mingw32/bin/../lib/gcc/nios2-elf/4.9.2/../../../../../H-x86_64-mingw32/nios2-elf/lib/mhw-mulx\libc.a(lib_a-lseekr.o)
 .bss           0x000000000001451c        0x0 c:/altera_lite/15.1/nios2eds/bin/gnu/h-x86_64-mingw32/bin/../lib/gcc/nios2-elf/4.9.2/../../../../../H-x86_64-mingw32/nios2-elf/lib/mhw-mulx\libc.a(lib_a-readr.o)
 .bss           0x000000000001451c        0x0 c:/altera_lite/15.1/nios2eds/bin/gnu/h-x86_64-mingw32/bin/../lib/gcc/nios2-elf/4.9.2/mhw-mulx\libgcc.a(lib2-divmod.o)
 .bss           0x000000000001451c        0x0 C:/Users/rickert/Documents/GitHub/KBS_ESA_PAINGAME/KBS_ESA_PAINGAME_bsp/\libucosii_bsp.a(alt_close.o)
 .bss           0x000000000001451c        0x0 C:/Users/rickert/Documents/GitHub/KBS_ESA_PAINGAME/KBS_ESA_PAINGAME_bsp/\libucosii_bsp.a(alt_dev.o)
 .bss           0x000000000001451c        0x0 C:/Users/rickert/Documents/GitHub/KBS_ESA_PAINGAME/KBS_ESA_PAINGAME_bsp/\libucosii_bsp.a(alt_errno.o)