Archive member included to satisfy reference by file (symbol)

c:/altera_lite/15.1/nios2eds/bin/gnu/h-x86_64-mingw32/bin/../lib/gcc/nios2-elf/4.9.2/../../../../../H-x86_64-mingw32/nios2-elf/lib/mhw-mulx\libc.a(lib_a-puts.o)
                              obj/default/Menu.o (puts)
c:/altera_lite/15.1/nios2eds/bin/gnu/h-x86_64-mingw32/bin/../lib/gcc/nios2-elf/4.9.2/../../../../../H-x86_64-mingw32/nios2-elf/lib/mhw-mulx\libc.a(lib_a-strlen.o)
                              c:/altera_lite/15.1/nios2eds/bin/gnu/h-x86_64-mingw32/bin/../lib/gcc/nios2-elf/4.9.2/../../../../../H-x86_64-mingw32/nios2-elf/lib/mhw-mulx\libc.a(lib_a-puts.o) (strlen)
c:/altera_lite/15.1/nios2eds/bin/gnu/h-x86_64-mingw32/bin/../lib/gcc/nios2-elf/4.9.2/../../../../../H-x86_64-mingw32/nios2-elf/lib/mhw-mulx\libc.a(lib_a-fvwrite.o)
                              c:/altera_lite/15.1/nios2eds/bin/gnu/h-x86_64-mingw32/bin/../lib/gcc/nios2-elf/4.9.2/../../../../../H-x86_64-mingw32/nios2-elf/lib/mhw-mulx\libc.a(lib_a-puts.o) (__sfvwrite_r)
c:/altera_lite/15.1/nios2eds/bin/gnu/h-x86_64-mingw32/bin/../lib/gcc/nios2-elf/4.9.2/../../../../../H-x86_64-mingw32/nios2-elf/lib/mhw-mulx\libc.a(lib_a-impure.o)
                              c:/altera_lite/15.1/nios2eds/bin/gnu/h-x86_64-mingw32/bin/../lib/gcc/nios2-elf/4.9.2/../../../../../H-x86_64-mingw32/nios2-elf/lib/mhw-mulx\libc.a(lib_a-puts.o) (_impure_ptr)
c:/altera_lite/15.1/nios2eds/bin/gnu/h-x86_64-mingw32/bin/../lib/gcc/nios2-elf/4.9.2/../../../../../H-x86_64-mingw32/nios2-elf/lib/mhw-mulx\libc.a(lib_a-mallocr.o)
                              c:/altera_lite/15.1/nios2eds/bin/gnu/h-x86_64-mingw32/bin/../lib/gcc/nios2-elf/4.9.2/../../../../../H-x86_64-mingw32/nios2-elf/lib/mhw-mulx\libc.a(lib_a-fvwrite.o) (_malloc_r)
c:/altera_lite/15.1/nios2eds/bin/gnu/h-x86_64-mingw32/bin/../lib/gcc/nios2-elf/4.9.2/../../../../../H-x86_64-mingw32/nios2-elf/lib/mhw-mulx\libc.a(lib_a-memchr.o)
                              c:/altera_lite/15.1/nios2eds/bin/gnu/h-x86_64-mingw32/bin/../lib/gcc/nios2-elf/4.9.2/../../../../../H-x86_64-mingw32/nios2-elf/lib/mhw-mulx\libc.a(lib_a-fvwrite.o) (memchr)
c:/altera_lite/15.1/nios2eds/bin/gnu/h-x86_64-mingw32/bin/../lib/gcc/nios2-elf/4.9.2/../../../../../H-x86_64-mingw32/nios2-elf/lib/mhw-mulx\libc.a(lib_a-memcpy.o)
                              c:/altera_lite/15.1/nios2eds/bin/gnu/h-x86_64-mingw32/bin/../lib/gcc/nios2-elf/4.9.2/../../../../../H-x86_64-mingw32/nios2-elf/lib/mhw-mulx\libc.a(lib_a-fvwrite.o) (memcpy)
c:/altera_lite/15.1/nios2eds/bin/gnu/h-x86_64-mingw32/bin/../lib/gcc/nios2-elf/4.9.2/../../../../../H-x86_64-mingw32/nios2-elf/lib/mhw-mulx\libc.a(lib_a-memmove.o)
                              c:/altera_lite/15.1/nios2eds/bin/gnu/h-x86_64-mingw32/bin/../lib/gcc/nios2-elf/4.9.2/../../../../../H-x86_64-mingw32/nios2-elf/lib/mhw-mulx\libc.a(lib_a-fvwrite.o) (memmove)
c:/altera_lite/15.1/nios2eds/bin/gnu/h-x86_64-mingw32/bin/../lib/gcc/nios2-elf/4.9.2/../../../../../H-x86_64-mingw32/nios2-elf/lib/mhw-mulx\libc.a(lib_a-reallocr.o)
                              c:/altera_lite/15.1/nios2eds/bin/gnu/h-x86_64-mingw32/bin/../lib/gcc/nios2-elf/4.9.2/../../../../../H-x86_64-mingw32/nios2-elf/lib/mhw-mulx\libc.a(lib_a-fvwrite.o) (_realloc_r)
c:/altera_lite/15.1/nios2eds/bin/gnu/h-x86_64-mingw32/bin/../lib/gcc/nios2-elf/4.9.2/../../../../../H-x86_64-mingw32/nios2-elf/lib/mhw-mulx\libc.a(lib_a-sbrkr.o)
                              c:/altera_lite/15.1/nios2eds/bin/gnu/h-x86_64-mingw32/bin/../lib/gcc/nios2-elf/4.9.2/../../../../../H-x86_64-mingw32/nios2-elf/lib/mhw-mulx\libc.a(lib_a-mallocr.o) (_sbrk_r)
c:/altera_lite/15.1/nios2eds/bin/gnu/h-x86_64-mingw32/bin/../lib/gcc/nios2-elf/4.9.2/../../../../../H-x86_64-mingw32/nios2-elf/lib/mhw-mulx\libc.a(lib_a-wsetup.o)
                              c:/altera_lite/15.1/nios2eds/bin/gnu/h-x86_64-mingw32/bin/../lib/gcc/nios2-elf/4.9.2/../../../../../H-x86_64-mingw32/nios2-elf/lib/mhw-mulx\libc.a(lib_a-fvwrite.o) (__swsetup_r)
c:/altera_lite/15.1/nios2eds/bin/gnu/h-x86_64-mingw32/bin/../lib/gcc/nios2-elf/4.9.2/../../../../../H-x86_64-mingw32/nios2-elf/lib/mhw-mulx\libc.a(lib_a-fflush.o)
                              c:/altera_lite/15.1/nios2eds/bin/gnu/h-x86_64-mingw32/bin/../lib/gcc/nios2-elf/4.9.2/../../../../../H-x86_64-mingw32/nios2-elf/lib/mhw-mulx\libc.a(lib_a-fvwrite.o) (_fflush_r)
c:/altera_lite/15.1/nios2eds/bin/gnu/h-x86_64-mingw32/bin/../lib/gcc/nios2-elf/4.9.2/../../../../../H-x86_64-mingw32/nios2-elf/lib/mhw-mulx\libc.a(lib_a-findfp.o)
                              c:/altera_lite/15.1/nios2eds/bin/gnu/h-x86_64-mingw32/bin/../lib/gcc/nios2-elf/4.9.2/../../../../../H-x86_64-mingw32/nios2-elf/lib/mhw-mulx\libc.a(lib_a-wsetup.o) (__sinit)
c:/altera_lite/15.1/nios2eds/bin/gnu/h-x86_64-mingw32/bin/../lib/gcc/nios2-elf/4.9.2/../../../../../H-x86_64-mingw32/nios2-elf/lib/mhw-mulx\libc.a(lib_a-freer.o)
[...]
Memory Configuration

Name             Origin             Length             Attributes
reset            0x0000000000000000 0x0000000000000020
SDRAM            0x0000000000000020 0x0000000003ffffe0
Flash_flash_data 0x000000000c000000 0x0000000000800000
*default*        0x0000000000000000 0xffffffffffffffff

Linker script and memory map

LOAD C:/Users/rickert/Documents/GitHub/KBS_ESA_PAINGAME/KBS_ESA_PAINGAME_bsp//obj/HAL/src/crt0.o
LOAD obj/default/Contoller.o
LOAD obj/default/Game.o
LOAD obj/default/Menu.o
LOAD obj/default/hello_ucosii.o
LOAD c:/altera_lite/15.1/nios2eds/bin/gnu/h-x86_64-mingw32/bin/../lib/gcc/nios2-elf/4.9.2/../../../../../H-x86_64-mingw32/nios2-elf/lib/mhw-mulx\libstdc++.a
LOAD c:/altera_lite/15.1/nios2eds/bin/gnu/h-x86_64-mingw32/bin/../lib/gcc/nios2-elf/4.9.2/../../../../../H-x86_64-mingw32/nios2-elf/lib/mhw-mulx\libm.a
LOAD c:/altera_lite/15.1/nios2eds/bin/gnu/h-x86_64-mingw32/bin/../lib/gcc/nios2-elf/4.9.2/mhw-mulx\libgcc.a
START GROUP
LOAD c:/altera_lite/15.1/nios2eds/bin/gnu/h-x86_64-mingw32/bin/../lib/gcc/nios2-elf/4.9.2/../../../../../H-x86_64-mingw32/nios2-elf/lib/mhw-mulx\libc.a
LOAD c:/altera_lite/15.1/nios2eds/bin/gnu/h-x86_64-mingw32/bin/../lib/gcc/nios2-elf/4.9.2/mhw-mulx\libgcc.a
LOAD C:/Users/rickert/Documents/GitHub/KBS_ESA_PAINGAME/KBS_ESA_PAINGAME_bsp/\libucosii_bsp.a
LOAD c:/altera_lite/15.1/nios2eds/bin/gnu/h-x86_64-mingw32/bin/../lib/gcc/nios2-elf/4.9.2/../../../../../H-x86_64-mingw32/nios2-elf/lib/mhw-mulx\libm.a
END GROUP
LOAD c:/altera_lite/15.1/nios2eds/bin/gnu/h-x86_64-mingw32/bin/../lib/gcc/nios2-elf/4.9.2/mhw-mulx\libgcc.a
                0x0000000000000000                __alt_mem_SDRAM = 0x0
                0x000000000c000000                __alt_mem_Flash_flash_data = 0xc000000

.entry          0x0000000000000000       0x20
 *(.entry)
 .entry         0x0000000000000000       0x20 C:/Users/rickert/Documents/GitHub/KBS_ESA_PAINGAME/KBS_ESA_PAINGAME_bsp//obj/HAL/src/crt0.o
                0x0000000000000000                __reset

.exceptions     0x0000000000000020      0x224
                0x0000000000000020                PROVIDE (__ram_exceptions_start, ABSOLUTE (.))
                0x0000000000000020                . = ALIGN (0x20)
 *(.irq)
 *(.exceptions.entry.label)
 .exceptions.entry.label
                0x0000000000000020        0x0 C:/Users/rickert/Documents/GitHub/KBS_ESA_PAINGAME/KBS_ESA_PAINGAME_bsp/\libucosii_bsp.a(alt_irq_entry.o)
                0x0000000000000020                alt_irq_entry
 .exceptions.entry.label
                0x0000000000000020        0x0 C:/Users/rickert/Documents/GitHub/KBS_ESA_PAINGAME/KBS_ESA_PAINGAME_bsp/\libucosii_bsp.a(alt_exception_entry.o)
                0x0000000000000020                alt_exception
 *(.exceptions.entry.user)
 *(.exceptions.entry.ecc_fatal)
 *(.exceptions.entry)
 .exceptions.entry
                0x0000000000000020       0x54 C:/Users/rickert/Documents/GitHub/KBS_ESA_PAINGAME/KBS_ESA_PAINGAME_bsp/\libucosii_bsp.a(alt_exception_entry.o)
 *(.exceptions.irqtest.user)
 *(.exceptions.irqtest)
 .exceptions.irqtest
                0x0000000000000074       0x10 C:/Users/rickert/Documents/GitHub/KBS_ESA_PAINGAME/KBS_ESA_PAINGAME_bsp/\libucosii_bsp.a(alt_irq_entry.o)
 *(.exceptions.irqhandler.user)
 *(.exceptions.irqhandler)
 .exceptions.irqhandler
                0x0000000000000084        0x4 C:/Users/rickert/Documents/GitHub/KBS_ESA_PAINGAME/KBS_ESA_PAINGAME_bsp/\libucosii_bsp.a(alt_irq_entry.o)
 *(.exceptions.irqreturn.user)
 *(.exceptions.irqreturn)
 .exceptions.irqreturn
                0x0000000000000088        0x4 C:/Users/rickert/Documents/GitHub/KBS_ESA_PAINGAME/KBS_ESA_PAINGAME_bsp/\libucosii_bsp.a(alt_irq_entry.o)
 *(.exceptions.notirq.label)
 .exceptions.notirq.label
                0x000000000000008c        0x0 C:/Users/rickert/Documents/GitHub/KBS_ESA_PAINGAME/KBS_ESA_PAINGAME_bsp/\libucosii_bsp.a(alt_irq_entry.o)
 *(.exceptions.notirq.user)
 *(.exceptions.notirq)
 .exceptions.notirq
                0x000000000000008c        0x8 C:/Users/rickert/Documents/GitHub/KBS_ESA_PAINGAME/KBS_ESA_PAINGAME_bsp/\libucosii_bsp.a(alt_exception_entry.o)
 *(.exceptions.soft.user)
 *(.exceptions.soft)
 *(.exceptions.unknown.user)
 *(.exceptions.unknown)
 .exceptions.unknown
                0x0000000000000094       0x14 C:/Users/rickert/Documents/GitHub/KBS_ESA_PAINGAME/KBS_ESA_PAINGAME_bsp/\libucosii_bsp.a(alt_exception_entry.o)
 *(.exceptions.exit.label)
 .exceptions.exit.label
                0x00000000000000a8        0x0 C:/Users/rickert/Documents/GitHub/KBS_ESA_PAINGAME/KBS_ESA_PAINGAME_bsp/\libucosii_bsp.a(alt_irq_entry.o)
 .exceptions.exit.label
                0x00000000000000a8        0x0 C:/Users/rickert/Documents/GitHub/KBS_ESA_PAINGAME/KBS_ESA_PAINGAME_bsp/\libucosii_bsp.a(alt_exception_entry.o)
 *(.exceptions.exit.user)
 *(.exceptions.exit)
 .exceptions.exit
                0x00000000000000a8       0x54 C:/Users/rickert/Documents/GitHub/KBS_ESA_PAINGAME/KBS_ESA_PAINGAME_bsp/\libucosii_bsp.a(alt_exception_entry.o)
 *(.exceptions)
 .exceptions    0x00000000000000fc       0xd4 C:/Users/rickert/Documents/GitHub/KBS_ESA_PAINGAME/KBS_ESA_PAINGAME_bsp/\libucosii_bsp.a(alt_irq_handler.o)
                0x00000000000000fc                alt_irq_handler
 .exceptions    0x00000000000001d0       0x74 C:/Users/rickert/Documents/GitHub/KBS_ESA_PAINGAME/KBS_ESA_PAINGAME_bsp/\libucosii_bsp.a(alt_instruction_exception_entry.o)
                0x00000000000001d0                alt_instruction_exception_entry
                0x0000000000000244                PROVIDE (__ram_exceptions_end, ABSOLUTE (.))
                0x0000000000000020                PROVIDE (__flash_exceptions_start, LOADADDR (.exceptions))

.text           0x0000000000000244    0x102c4
                0x0000000000000244                PROVIDE (stext, ABSOLUTE (.))
 *(.interp)
 *(.hash)
 *(.dynsym)
 *(.dynstr)
 *(.gnu.version)
 *(.gnu.version_d)
 *(.gnu.version_r)
 *(.rel.init)
 *(.rela.init)
 *(.rel.text .rel.text.* .rel.gnu.linkonce.t.*)
 *(.rela.text .rela.text.* .rela.gnu.linkonce.t.*)
 *(.rel.fini)
 *(.rela.fini)
 *(.rel.rodata .rel.rodata.* .rel.gnu.linkonce.r.*)
 *(.rela.rodata .rela.rodata.* .rela.gnu.linkonce.r.*)
 *(.rel.data .rel.data.* .rel.gnu.linkonce.d.*)
 *(.rela.data .rela.data.* .rela.gnu.linkonce.d.*)
 *(.rel.tdata .rel.tdata.* .rel.gnu.linkonce.td.*)
 *(.rela.tdata .rela.tdata.* .rela.gnu.linkonce.td.*)
 *(.rel.tbss .rel.tbss.* .rel.gnu.linkonce.tb.*)
 *(.rela.tbss .rela.tbss.* .rela.gnu.linkonce.tb.*)
 *(.rel.ctors)
 *(.rela.ctors)
 *(.rel.dtors)
 *(.rela.dtors)
 *(.rel.got)
 *(.rela.got)
 *(.rel.sdata .rel.sdata.* .rel.gnu.linkonce.s.*)
 *(.rela.sdata .rela.sdata.* .rela.gnu.linkonce.s.*)
 *(.rel.sbss .rel.sbss.* .rel.gnu.linkonce.sb.*)
 *(.rela.sbss .rela.sbss.* .rela.gnu.linkonce.sb.*)
 *(.rel.sdata2 .rel.sdata2.* .rel.gnu.linkonce.s2.*)
 *(.rela.sdata2 .rela.sdata2.* .rela.gnu.linkonce.s2.*)
 *(.rel.sbss2 .rel.sbss2.* .rel.gnu.linkonce.sb2.*)
 *(.rela.sbss2 .rela.sbss2.* .rela.gnu.linkonce.sb2.*)
 *(.rel.bss .rel.bss.* .rel.gnu.linkonce.b.*)
 *(.rela.bss .rela.bss.* .rela.gnu.linkonce.b.*)
 *(.rel.plt)
 *(.rela.plt)
 *(.rel.dyn)
 *(.init)
 *(.plt)
 *(.text .stub .text.* .gnu.linkonce.t.*)
 .text          0x0000000000000244       0x3c C:/Users/rickert/Documents/GitHub/KBS_ESA_PAINGAME/KBS_ESA_PAINGAME_bsp//obj/HAL/src/crt0.o
                0x0000000000000244                _start
 .text          0x0000000000000280      0x420 obj/default/Contoller.o
                0x0000000000000280                controllers
                0x0000000000000308                controller
                0x0000000000000420                checkID
                0x000000000000046c                moveUp
                0x0000000000000584                moveDown
 .text          0x00000000000006a0      0x1a4 obj/default/Game.o
                0x00000000000006a0                Game
 .text          0x0000000000000844      0x61c obj/default/Menu.o
                0x0000000000000844                menu
                0x0000000000000988                selecteerMenu
                0x0000000000000ca4                clearScreen
                0x0000000000000ce0                clearText
                0x0000000000000d80                tekenBox
                0x0000000000000dd8                tekenBox2
 .text          0x0000000000000e60      0x314 obj/default/hello_ucosii.o
                0x0000000000000e60                main
                0x0000000000001030                VGA_box
                0x00000000000010e4                VGA_text
 .text          0x0000000000001174        0x0 c:/altera_lite/15.1/nios2eds/bin/gnu/h-x86_64-mingw32/bin/../lib/gcc/nios2-elf/4.9.2/../../../../../H-x86_64-mingw32/nios2-elf/lib/mhw-mulx\libc.a(lib_a-puts.o)
 .text._puts_r  0x0000000000001174       0xa8 c:/altera_lite/15.1/nios2eds/bin/gnu/h-x86_64-mingw32/bin/../lib/gcc/nios2-elf/4.9.2/../../../../../H-x86_64-mingw32/nios2-elf/lib/mhw-mulx\libc.a(lib_a-puts.o)
                0x0000000000001174                _puts_r
 .text.puts     0x000000000000121c       0x14 c:/altera_lite/15.1/nios2eds/bin/gnu/h-x86_64-mingw32/bin/../lib/gcc/nios2-elf/4.9.2/../../../../../H-x86_64-mingw32/nios2-elf/lib/mhw-mulx\libc.a(lib_a-puts.o)
                0x000000000000121c                puts
 .text          0x0000000000001230        0x0 c:/altera_lite/15.1/nios2eds/bin/gnu/h-x86_64-mingw32/bin/../lib/gcc/nios2-elf/4.9.2/../../../../../H-x86_64-mingw32/nios2-elf/lib/mhw-mulx\libc.a(lib_a-strlen.o)
 .text.strlen   0x0000000000001230       0x98 c:/altera_lite/15.1/nios2eds/bin/gnu/h-x86_64-mingw32/bin/../lib/gcc/nios2-elf/4.9.2/../../../../../H-x86_64-mingw32/nios2-elf/lib/mhw-mulx\libc.a(lib_a-strlen.o)
                0x0000000000001230                strlen
 .text          0x00000000000012c8        0x0 c:/altera_lite/15.1/nios2eds/bin/gnu/h-x86_64-mingw32/bin/../lib/gcc/nios2-elf/4.9.2/../../../../../H-x86_64-mingw32/nios2-elf/lib/mhw-mulx\libc.a(lib_a-fvwrite.o)
 .text.__sfvwrite_r
                0x00000000000012c8      0x4c0 c:/altera_lite/15.1/nios2eds/bin/gnu/h-x86_64-mingw32/bin/../lib/gcc/nios2-elf/4.9.2/../../../../../H-x86_64-mingw32/nios2-elf/lib/mhw-mulx\libc.a(lib_a-fvwrite.o)
                0x00000000000012c8                __sfvwrite_r
 .text          0x0000000000001788        0x0 c:/altera_lite/15.1/nios2eds/bin/gnu/h-x86_64-mingw32/bin/../lib/gcc/nios2-elf/4.9.2/../../../../../H-x86_64-mingw32/nios2-elf/lib/mhw-mulx\libc.a(lib_a-impure.o)
 .text          0x0000000000001788        0x0 c:/altera_lite/15.1/nios2eds/bin/gnu/h-x86_64-mingw32/bin/../lib/gcc/nios2-elf/4.9.2/../../../../../H-x86_64-mingw32/nios2-elf/lib/mhw-mulx\libc.a(lib_a-mallocr.o)
 .text._malloc_r
                0x0000000000001788      0x7a8 c:/altera_lite/15.1/nios2eds/bin/gnu/h-x86_64-mingw32/bin/../lib/gcc/nios2-elf/4.9.2/../../../../../H-x86_64-mingw32/nios2-elf/lib/mhw-mulx\libc.a(lib_a-mallocr.o)
                0x0000000000001788                _malloc_r
 .text          0x0000000000001f30        0x0 c:/altera_lite/15.1/nios2eds/bin/gnu/h-x86_64-mingw32/bin/../lib/gcc/nios2-elf/4.9.2/../../../../../H-x86_64-mingw32/nios2-elf/lib/mhw-mulx\libc.a(lib_a-memchr.o)
 .text.memchr   0x0000000000001f30       0xe8 c:/altera_lite/15.1/nios2eds/bin/gnu/h-x86_64-mingw32/bin/../lib/gcc/nios2-elf/4.9.2/../../../../../H-x86_64-mingw32/nios2-elf/lib/mhw-mulx\libc.a(lib_a-memchr.o)
                0x0000000000001f30                memchr
 .text          0x0000000000002018        0x0 c:/altera_lite/15.1/nios2eds/bin/gnu/h-x86_64-mingw32/bin/../lib/gcc/nios2-elf/4.9.2/../../../../../H-x86_64-mingw32/nios2-elf/lib/mhw-mulx\libc.a(lib_a-memcpy.o)
 .text.memcpy   0x0000000000002018      0x138 c:/altera_lite/15.1/nios2eds/bin/gnu/h-x86_64-mingw32/bin/../lib/gcc/nios2-elf/4.9.2/../../../../../H-x86_64-mingw32/nios2-elf/lib/mhw-mulx\libc.a(lib_a-memcpy.o)
                0x0000000000002018                memcpy
 .text          0x0000000000002150        0x0 c:/altera_lite/15.1/nios2eds/bin/gnu/h-x86_64-mingw32/bin/../lib/gcc/nios2-elf/4.9.2/../../../../../H-x86_64-mingw32/nios2-elf/lib/mhw-mulx\libc.a(lib_a-memmove.o)
 .text.memmove  0x0000000000002150      0x15c c:/altera_lite/15.1/nios2eds/bin/gnu/h-x86_64-mingw32/bin/../lib/gcc/nios2-elf/4.9.2/../../../../../H-x86_64-mingw32/nios2-elf/lib/mhw-mulx\libc.a(lib_a-memmove.o)
                0x0000000000002150                memmove
 .text          0x00000000000022ac        0x0 c:/altera_lite/15.1/nios2eds/bin/gnu/h-x86_64-mingw32/bin/../lib/gcc/nios2-elf/4.9.2/../../../../../H-x86_64-mingw32/nios2-elf/lib/mhw-mulx\libc.a(lib_a-reallocr.o)
 .text._realloc_r
                0x00000000000022ac      0x568 c:/altera_lite/15.1/nios2eds/bin/gnu/h-x86_64-mingw32/bin/../lib/gcc/nios2-elf/4.9.2/../../../../../H-x86_64-mingw32/nios2-elf/lib/mhw-mulx\libc.a(lib_a-reallocr.o)
                0x00000000000022ac                _realloc_r
 .text          0x0000000000002814        0x0 c:/altera_lite/15.1/nios2eds/bin/gnu/h-x86_64-mingw32/bin/../lib/gcc/nios2-elf/4.9.2/../../../../../H-x86_64-mingw32/nios2-elf/lib/mhw-mulx\libc.a(lib_a-sbrkr.o)
 .text._sbrk_r  0x0000000000002814       0x54 c:/altera_lite/15.1/nios2eds/bin/gnu/h-x86_64-mingw32/bin/../lib/gcc/nios2-elf/4.9.2/../../../../../H-x86_64-mingw32/nios2-elf/lib/mhw-mulx\libc.a(lib_a-sbrkr.o)
                0x0000000000002814                _sbrk_r
 .text          0x0000000000002868        0x0 c:/altera_lite/15.1/nios2eds/bin/gnu/h-x86_64-mingw32/bin/../lib/gcc/nios2-elf/4.9.2/../../../../../H-x86_64-mingw32/nios2-elf/lib/mhw-mulx\libc.a(lib_a-wsetup.o)
 .text.__swsetup_r
                0x0000000000002868      0x154 c:/altera_lite/15.1/nios2eds/bin/gnu/h-x86_64-mingw32/bin/../lib/gcc/nios2-elf/4.9.2/../../../../../H-x86_64-mingw32/nios2-elf/lib/mhw-mulx\libc.a(lib_a-wsetup.o)
                0x0000000000002868                __swsetup_r
 .text          0x00000000000029bc        0x0 c:/altera_lite/15.1/nios2eds/bin/gnu/h-x86_64-mingw32/bin/../lib/gcc/nios2-elf/4.9.2/../../../../../H-x86_64-mingw32/nios2-elf/lib/mhw-mulx\libc.a(lib_a-fflush.o)
 .text.__sflush_r
                0x00000000000029bc      0x208 c:/altera_lite/15.1/nios2eds/bin/gnu/h-x86_64-mingw32/bin/../lib/gcc/nios2-elf/4.9.2/../../../../../H-x86_64-mingw32/nios2-elf/lib/mhw-mulx\libc.a(lib_a-fflush.o)
                0x00000000000029bc                __sflush_r
 .text._fflush_r
                0x0000000000002bc4       0x5c c:/altera_lite/15.1/nios2eds/bin/gnu/h-x86_64-mingw32/bin/../lib/gcc/nios2-elf/4.9.2/../../../../../H-x86_64-mingw32/nios2-elf/lib/mhw-mulx\libc.a(lib_a-fflush.o)
                0x0000000000002bc4                _fflush_r
 .text.fflush   0x0000000000002c20       0x30 c:/altera_lite/15.1/nios2eds/bin/gnu/h-x86_64-mingw32/bin/../lib/gcc/nios2-elf/4.9.2/../../../../../H-x86_64-mingw32/nios2-elf/lib/mhw-mulx\libc.a(lib_a-fflush.o)
                0x0000000000002c20                fflush
 .text          0x0000000000002c50        0x0 c:/altera_lite/15.1/nios2eds/bin/gnu/h-x86_64-mingw32/bin/../lib/gcc/nios2-elf/4.9.2/../../../../../H-x86_64-mingw32/nios2-elf/lib/mhw-mulx\libc.a(lib_a-findfp.o)
 .text.__fp_lock
                0x0000000000002c50        0x8 c:/altera_lite/15.1/nios2eds/bin/gnu/h-x86_64-mingw32/bin/../lib/gcc/nios2-elf/4.9.2/../../../../../H-x86_64-mingw32/nios2-elf/lib/mhw-mulx\libc.a(lib_a-findfp.o)
 .text.__fp_unlock
                0x0000000000002c58        0x8 c:/altera_lite/15.1/nios2eds/bin/gnu/h-x86_64-mingw32/bin/../lib/gcc/nios2-elf/4.9.2/../../../../../H-x86_64-mingw32/nios2-elf/lib/mhw-mulx\libc.a(lib_a-findfp.o)
 .text._cleanup_r
                0x0000000000002c60        0xc c:/altera_lite/15.1/nios2eds/bin/gnu/h-x86_64-mingw32/bin/../lib/gcc/nios2-elf/4.9.2/../../../../../H-x86_64-mingw32/nios2-elf/lib/mhw-mulx\libc.a(lib_a-findfp.o)
                0x0000000000002c60                _cleanup_r
 .text.__sinit.part.1
                0x0000000000002c6c      0x19c c:/altera_lite/15.1/nios2eds/bin/gnu/h-x86_64-mingw32/bin/../lib/gcc/nios2-elf/4.9.2/../../../../../H-x86_64-mingw32/nios2-elf/lib/mhw-mulx\libc.a(lib_a-findfp.o)
 .text.__sfmoreglue
                0x0000000000002e08       0x68 c:/altera_lite/15.1/nios2eds/bin/gnu/h-x86_64-mingw32/bin/../lib/gcc/nios2-elf/4.9.2/../../../../../H-x86_64-mingw32/nios2-elf/lib/mhw-mulx\libc.a(lib_a-findfp.o)
                0x0000000000002e08                __sfmoreglue
 .text.__sfp    0x0000000000002e70      0x118 c:/altera_lite/15.1/nios2eds/bin/gnu/h-x86_64-mingw32/bin/../lib/gcc/nios2-elf/4.9.2/../../../../../H-x86_64-mingw32/nios2-elf/lib/mhw-mulx\libc.a(lib_a-findfp.o)
                0x0000000000002e70                __sfp
 .text._cleanup
                0x0000000000002f88       0x18 c:/altera_lite/15.1/nios2eds/bin/gnu/h-x86_64-mingw32/bin/../lib/gcc/nios2-elf/4.9.2/../../../../../H-x86_64-mingw32/nios2-elf/lib/mhw-mulx\libc.a(lib_a-findfp.o)
                0x0000000000002f88                _cleanup
 .text.__sinit  0x0000000000002fa0       0x10 c:/altera_lite/15.1/nios2eds/bin/gnu/h-x86_64-mingw32/bin/../lib/gcc/nios2-elf/4.9.2/../../../../../H-x86_64-mingw32/nios2-elf/lib/mhw-mulx\libc.a(lib_a-findfp.o)
                0x0000000000002fa0                __sinit
 .text.__sfp_lock_acquire
                0x0000000000002fb0        0x4 c:/altera_lite/15.1/nios2eds/bin/gnu/h-x86_64-mingw32/bin/../lib/gcc/nios2-elf/4.9.2/../../../../../H-x86_64-mingw32/nios2-elf/lib/mhw-mulx\libc.a(lib_a-findfp.o)
                0x0000000000002fb0                __sfp_lock_acquire
 .text.__sfp_lock_release
                0x0000000000002fb4        0x4 c:/altera_lite/15.1/nios2eds/bin/gnu/h-x86_64-mingw32/bin/../lib/gcc/nios2-elf/4.9.2/../../../../../H-x86_64-mingw32/nios2-elf/lib/mhw-mulx\libc.a(lib_a-findfp.o)
                0x0000000000002fb4                __sfp_lock_release
 .text.__sinit_lock_acquire
                0x0000000000002fb8        0x4 c:/altera_lite/15.1/nios2eds/bin/gnu/h-x86_64-mingw32/bin/../lib/gcc/nios2-elf/4.9.2/../../../../../H-x86_64-mingw32/nios2-elf/lib/mhw-mulx\libc.a(lib_a-findfp.o)
                0x0000000000002fb8                __sinit_lock_acquire
 .text.__sinit_lock_release
                0x0000000000002fbc        0x4 c:/altera_lite/15.1/nios2eds/bin/gnu/h-x86_64-mingw32/bin/../lib/gcc/nios2-elf/4.9.2/../../../../../H-x86_64-mingw32/nios2-elf/lib/mhw-mulx\libc.a(lib_a-findfp.o)
                0x0000000000002fbc                __sinit_lock_release
 .text.__fp_lock_all
                0x0000000000002fc0       0x18 c:/altera_lite/15.1/nios2eds/bin/gnu/h-x86_64-mingw32/bin/../lib/gcc/nios2-elf/4.9.2/../../../../../H-x86_64-mingw32/nios2-elf/lib/mhw-mulx\libc.a(lib_a-findfp.o)
                0x0000000000002fc0                __fp_lock_all
 .text.__fp_unlock_all
                0x0000000000002fd8       0x18 c:/altera_lite/15.1/nios2eds/bin/gnu/h-x86_64-mingw32/bin/../lib/gcc/nios2-elf/4.9.2/../../../../../H-x86_64-mingw32/nios2-elf/lib/mhw-mulx\libc.a(lib_a-findfp.o)
                0x0000000000002fd8                __fp_unlock_all
 .text          0x0000000000002ff0        0x0 c:/altera_lite/15.1/nios2eds/bin/gnu/h-x86_64-mingw32/bin/../lib/gcc/nios2-elf/4.9.2/../../../../../H-x86_64-mingw32/nios2-elf/lib/mhw-mulx\libc.a(lib_a-freer.o)
 .text._malloc_trim_r
                0x0000000000002ff0      0x124 c:/altera_lite/15.1/nios2eds/bin/gnu/h-x86_64-mingw32/bin/../lib/gcc/nios2-elf/4.9.2/../../../../../H-x86_64-mingw32/nios2-elf/lib/mhw-mulx\libc.a(lib_a-freer.o)
                0x0000000000002ff0                _malloc_trim_r
 .text._free_r  0x0000000000003114      0x2f0 c:/altera_lite/15.1/nios2eds/bin/gnu/h-x86_64-mingw32/bin/../lib/gcc/nios2-elf/4.9.2/../../../../../H-x86_64-mingw32/nios2-elf/lib/mhw-mulx\libc.a(lib_a-freer.o)
                0x0000000000003114                _free_r
 .text          0x0000000000003404        0x0 c:/altera_lite/15.1/nios2eds/bin/gnu/h-x86_64-mingw32/bin/../lib/gcc/nios2-elf/4.9.2/../../../../../H-x86_64-mingw32/nios2-elf/lib/mhw-mulx\libc.a(lib_a-fwalk.o)
 .text._fwalk   0x0000000000003404       0xc4 c:/altera_lite/15.1/nios2eds/bin/gnu/h-x86_64-mingw32/bin/../lib/gcc/nios2-elf/4.9.2/../../../../../H-x86_64-mingw32/nios2-elf/lib/mhw-mulx\libc.a(lib_a-fwalk.o)
                0x0000000000003404                _fwalk
 .text._fwalk_reent
                0x00000000000034c8       0xc4 c:/altera_lite/15.1/nios2eds/bin/gnu/h-x86_64-mingw32/bin/../lib/gcc/nios2-elf/4.9.2/../../../../../H-x86_64-mingw32/nios2-elf/lib/mhw-mulx\libc.a(lib_a-fwalk.o)
                0x00000000000034c8                _fwalk_reent
 .text          0x000000000000358c        0x0 c:/altera_lite/15.1/nios2eds/bin/gnu/h-x86_64-mingw32/bin/../lib/gcc/nios2-elf/4.9.2/../../../../../H-x86_64-mingw32/nios2-elf/lib/mhw-mulx\libc.a(lib_a-int_errno.o)
 .text          0x000000000000358c        0x0 c:/altera_lite/15.1/nios2eds/bin/gnu/h-x86_64-mingw32/bin/../lib/gcc/nios2-elf/4.9.2/../../../../../H-x86_64-mingw32/nios2-elf/lib/mhw-mulx\libc.a(lib_a-makebuf.o)
 .text.__smakebuf_r
                0x000000000000358c      0x1b8 c:/altera_lite/15.1/nios2eds/bin/gnu/h-x86_64-mingw32/bin/../lib/gcc/nios2-elf/4.9.2/../../../../../H-x86_64-mingw32/nios2-elf/lib/mhw-mulx\libc.a(lib_a-makebuf.o)
                0x000000000000358c                __smakebuf_r
 .text          0x0000000000003744        0x0 c:/altera_lite/15.1/nios2eds/bin/gnu/h-x86_64-mingw32/bin/../lib/gcc/nios2-elf/4.9.2/../../../../../H-x86_64-mingw32/nios2-elf/lib/mhw-mulx\libc.a(lib_a-memset.o)
 .text.memset   0x0000000000003744      0x124 c:/altera_lite/15.1/nios2eds/bin/gnu/h-x86_64-mingw32/bin/../lib/gcc/nios2-elf/4.9.2/../../../../../H-x86_64-mingw32/nios2-elf/lib/mhw-mulx\libc.a(lib_a-memset.o)
                0x0000000000003744                memset
 .text          0x0000000000003868        0x0 c:/altera_lite/15.1/nios2eds/bin/gnu/h-x86_64-mingw32/bin/../lib/gcc/nios2-elf/4.9.2/../../../../../H-x86_64-mingw32/nios2-elf/lib/mhw-mulx\libc.a(lib_a-stdio.o)
 .text.__sread  0x0000000000003868       0x54 c:/altera_lite/15.1/nios2eds/bin/gnu/h-x86_64-mingw32/bin/../lib/gcc/nios2-elf/4.9.2/../../../../../H-x86_64-mingw32/nios2-elf/lib/mhw-mulx\libc.a(lib_a-stdio.o)
                0x0000000000003868                __sread
 .text.__seofread
                0x00000000000038bc        0x8 c:/altera_lite/15.1/nios2eds/bin/gnu/h-x86_64-mingw32/bin/../lib/gcc/nios2-elf/4.9.2/../../../../../H-x86_64-mingw32/nios2-elf/lib/mhw-mulx\libc.a(lib_a-stdio.o)
                0x00000000000038bc                __seofread
 .text.__swrite
                0x00000000000038c4       0x7c c:/altera_lite/15.1/nios2eds/bin/gnu/h-x86_64-mingw32/bin/../lib/gcc/nios2-elf/4.9.2/../../../../../H-x86_64-mingw32/nios2-elf/lib/mhw-mulx\libc.a(lib_a-stdio.o)
                0x00000000000038c4                __swrite
 .text.__sseek  0x0000000000003940       0x5c c:/altera_lite/15.1/nios2eds/bin/gnu/h-x86_64-mingw32/bin/../lib/gcc/nios2-elf/4.9.2/../../../../../H-x86_64-mingw32/nios2-elf/lib/mhw-mulx\libc.a(lib_a-stdio.o)
                0x0000000000003940                __sseek
 .text.__sclose
                0x000000000000399c        0x8 c:/altera_lite/15.1/nios2eds/bin/gnu/h-x86_64-mingw32/bin/../lib/gcc/nios2-elf/4.9.2/../../../../../H-x86_64-mingw32/nios2-elf/lib/mhw-mulx\libc.a(lib_a-stdio.o)
                0x000000000000399c                __sclose
 .text          0x00000000000039a4        0x0 c:/altera_lite/15.1/nios2eds/bin/gnu/h-x86_64-mingw32/bin/../lib/gcc/nios2-elf/4.9.2/../../../../../H-x86_64-mingw32/nios2-elf/lib/mhw-mulx\libc.a(lib_a-writer.o)
 .text._write_r
                0x00000000000039a4       0x5c c:/altera_lite/15.1/nios2eds/bin/gnu/h-x86_64-mingw32/bin/../lib/gcc/nios2-elf/4.9.2/../../../../../H-x86_64-mingw32/nios2-elf/lib/mhw-mulx\libc.a(lib_a-writer.o)
                0x00000000000039a4                _write_r
 .text          0x0000000000003a00        0x0 c:/altera_lite/15.1/nios2eds/bin/gnu/h-x86_64-mingw32/bin/../lib/gcc/nios2-elf/4.9.2/../../../../../H-x86_64-mingw32/nios2-elf/lib/mhw-mulx\libc.a(closer.o)
 .text._close_r
                0x0000000000003a00       0x54 c:/altera_lite/15.1/nios2eds/bin/gnu/h-x86_64-mingw32/bin/../lib/gcc/nios2-elf/4.9.2/../../../../../H-x86_64-mingw32/nios2-elf/lib/mhw-mulx\libc.a(closer.o)
                0x0000000000003a00                _close_r
 .text          0x0000000000003a54        0x0 c:/altera_lite/15.1/nios2eds/bin/gnu/h-x86_64-mingw32/bin/../lib/gcc/nios2-elf/4.9.2/../../../../../H-x86_64-mingw32/nios2-elf/lib/mhw-mulx\libc.a(lib_a-fclose.o)
 .text._fclose_r
                0x0000000000003a54       0xf0 c:/altera_lite/15.1/nios2eds/bin/gnu/h-x86_64-mingw32/bin/../lib/gcc/nios2-elf/4.9.2/../../../../../H-x86_64-mingw32/nios2-elf/lib/mhw-mulx\libc.a(lib_a-fclose.o)
                0x0000000000003a54                _fclose_r
 .text.fclose   0x0000000000003b44       0x14 c:/altera_lite/15.1/nios2eds/bin/gnu/h-x86_64-mingw32/bin/../lib/gcc/nios2-elf/4.9.2/../../../../../H-x86_64-mingw32/nios2-elf/lib/mhw-mulx\libc.a(lib_a-fclose.o)
                0x0000000000003b44                fclose
 .text          0x0000000000003b58        0x0 c:/altera_lite/15.1/nios2eds/bin/gnu/h-x86_64-mingw32/bin/../lib/gcc/nios2-elf/4.9.2/../../../../../H-x86_64-mingw32/nios2-elf/lib/mhw-mulx\libc.a(lib_a-fstatr.o)
 .text._fstat_r
                0x0000000000003b58       0x58 c:/altera_lite/15.1/nios2eds/bin/gnu/h-x86_64-mingw32/bin/../lib/gcc/nios2-elf/4.9.2/../../../../../H-x86_64-mingw32/nios2-elf/lib/mhw-mulx\libc.a(lib_a-fstatr.o)
                0x0000000000003b58                _fstat_r
 .text          0x0000000000003bb0        0x0 c:/altera_lite/15.1/nios2eds/bin/gnu/h-x86_64-mingw32/bin/../lib/gcc/nios2-elf/4.9.2/../../../../../H-x86_64-mingw32/nios2-elf/lib/mhw-mulx\libc.a(lib_a-isattyr.o)
 .text._isatty_r
                0x0000000000003bb0       0x54 c:/altera_lite/15.1/nios2eds/bin/gnu/h-x86_64-mingw32/bin/../lib/gcc/nios2-elf/4.9.2/../../../../../H-x86_64-mingw32/nios2-elf/lib/mhw-mulx\libc.a(lib_a-isattyr.o)
                0x0000000000003bb0                _isatty_r
 .text          0x0000000000003c04        0x0 c:/altera_lite/15.1/nios2eds/bin/gnu/h-x86_64-mingw32/bin/../lib/gcc/nios2-elf/4.9.2/../../../../../H-x86_64-mingw32/nios2-elf/lib/mhw-mulx\libc.a(lib_a-lseekr.o)
 .text._lseek_r
                0x0000000000003c04       0x5c c:/altera_lite/15.1/nios2eds/bin/gnu/h-x86_64-mingw32/bin/../lib/gcc/nios2-elf/4.9.2/../../../../../H-x86_64-mingw32/nios2-elf/lib/mhw-mulx\libc.a(lib_a-lseekr.o)
                0x0000000000003c04                _lseek_r
 .text          0x0000000000003c60        0x0 c:/altera_lite/15.1/nios2eds/bin/gnu/h-x86_64-mingw32/bin/../lib/gcc/nios2-elf/4.9.2/../../../../../H-x86_64-mingw32/nios2-elf/lib/mhw-mulx\libc.a(lib_a-readr.o)
 .text._read_r  0x0000000000003c60       0x5c c:/altera_lite/15.1/nios2eds/bin/gnu/h-x86_64-mingw32/bin/../lib/gcc/nios2-elf/4.9.2/../../../../../H-x86_64-mingw32/nios2-elf/lib/mhw-mulx\libc.a(lib_a-readr.o)
                0x0000000000003c60                _read_r
 .text          0x0000000000003cbc      0x12c c:/altera_lite/15.1/nios2eds/bin/gnu/h-x86_64-mingw32/bin/../lib/gcc/nios2-elf/4.9.2/mhw-mulx\libgcc.a(lib2-divmod.o)
                0x0000000000003d28                __divsi3
                0x0000000000003d7c                __modsi3
                0x0000000000003dd8                __udivsi3
                0x0000000000003de0                __umodsi3
 .text          0x0000000000003de8      0x120 C:/Users/rickert/Documents/GitHub/KBS_ESA_PAINGAME/KBS_ESA_PAINGAME_bsp/\libucosii_bsp.a(alt_close.o)
                0x0000000000003e38                close
 .text          0x0000000000003f08       0x2c C:/Users/rickert/Documents/GitHub/KBS_ESA_PAINGAME/KBS_ESA_PAINGAME_bsp/\libucosii_bsp.a(alt_dev.o)
 .text          0x0000000000003f34        0x0 C:/Users/rickert/Documents/GitHub/KBS_ESA_PAINGAME/KBS_ESA_PAINGAME_bsp/\libucosii_bsp.a(alt_errno.o)
 .text          0x0000000000003f34      0x100 C:/Users/rickert/Documents/GitHub/KBS_ESA_PAINGAME/KBS_ESA_PAINGAME_bsp/\libucosii_bsp.a(alt_fstat.o)
                0x0000000000003f84                fstat
 .text          0x0000000000004034       0xf4 C:/Users/rickert/Documents/GitHub/KBS_ESA_PAINGAME/KBS_ESA_PAINGAME_bsp/\libucosii_bsp.a(alt_isatty.o)
                0x0000000000004084                isatty
 .text          0x0000000000004128       0xe4 C:/Users/rickert/Documents/GitHub/KBS_ESA_PAINGAME/KBS_ESA_PAINGAME_bsp/\libucosii_bsp.a(alt_load.o)
                0x000000000000418c                alt_load
 .text          0x000000000000420c      0x124 C:/Users/rickert/Documents/GitHub/KBS_ESA_PAINGAME/KBS_ESA_PAINGAME_bsp/\libucosii_bsp.a(alt_lseek.o)
                0x000000000000425c                lseek
 .text          0x0000000000004330       0xd4 C:/Users/rickert/Documents/GitHub/KBS_ESA_PAINGAME/KBS_ESA_PAINGAME_bsp/\libucosii_bsp.a(alt_main.o)
                0x0000000000004330                alt_main
 .text          0x0000000000004404      0x14c C:/Users/rickert/Documents/GitHub/KBS_ESA_PAINGAME/KBS_ESA_PAINGAME_bsp/\libucosii_bsp.a(alt_read.o)
                0x0000000000004454                read
 .text          0x0000000000004550       0x60 C:/Users/rickert/Documents/GitHub/KBS_ESA_PAINGAME/KBS_ESA_PAINGAME_bsp/\libucosii_bsp.a(alt_release_fd.o)
                0x0000000000004550                alt_release_fd
 .text          0x00000000000045b0       0xb0 C:/Users/rickert/Documents/GitHub/KBS_ESA_PAINGAME/KBS_ESA_PAINGAME_bsp/\libucosii_bsp.a(alt_sbrk.o)
                0x00000000000045b0                sbrk
 .text          0x0000000000004660      0x148 C:/Users/rickert/Documents/GitHub/KBS_ESA_PAINGAME/KBS_ESA_PAINGAME_bsp/\libucosii_bsp.a(alt_write.o)
                0x00000000000046b0                write
 .text          0x00000000000047a8      0x11c C:/Users/rickert/Documents/GitHub/KBS_ESA_PAINGAME/KBS_ESA_PAINGAME_bsp/\libucosii_bsp.a(alt_env_lock.o)
                0x00000000000047a8                __env_lock
                0x0000000000004868                __env_unlock
 .text          0x00000000000048c4      0x1f0 C:/Users/rickert/Documents/GitHub/KBS_ESA_PAINGAME/KBS_ESA_PAINGAME_bsp/\libucosii_bsp.a(alt_malloc_lock.o)
                0x00000000000048c4                __malloc_lock
                0x00000000000049e4                __malloc_unlock
 .text          0x0000000000004ab4     0x1ff0 C:/Users/rickert/Documents/GitHub/KBS_ESA_PAINGAME/KBS_ESA_PAINGAME_bsp/\libucosii_bsp.a(os_core.o)
                0x0000000000004ab4                OSEventNameGet
                0x0000000000004bd4                OSEventNameSet
                0x0000000000004d10                OSEventPendMulti
                0x0000000000005320                OSInit
                0x0000000000005374                OSIntEnter
                0x00000000000053f0                OSIntExit
                0x00000000000054e4                OSSchedLock
                0x000000000000556c                OSSchedUnlock
                0x0000000000005644                OSStart
                0x00000000000056b0                OSStatInit
                0x000000000000575c                OSTimeTick
                0x0000000000005978                OSVersion
                0x0000000000005998                OS_Dummy
                0x00000000000059b4                OS_EventTaskRdy
                0x0000000000005b4c                OS_EventTaskWait
                0x0000000000005c58                OS_EventTaskWaitMulti
                0x0000000000005da4                OS_EventTaskRemove
                0x0000000000005e58                OS_EventTaskRemoveMulti
                0x0000000000005f54                OS_EventWaitListInit
                0x0000000000006318                OS_MemClr
                0x0000000000006368                OS_MemCopy
                0x00000000000063cc                OS_Sched
                0x0000000000006508                OS_StrCopy
                0x000000000000657c                OS_StrLen
                0x00000000000065d0                OS_TaskIdle
                0x000000000000662c                OS_TaskStat
                0x0000000000006708                OS_TaskStatStkChk
                0x00000000000067d0                OS_TCBInit
 .text          0x0000000000006aa4      0x18c C:/Users/rickert/Documents/GitHub/KBS_ESA_PAINGAME/KBS_ESA_PAINGAME_bsp/\libucosii_bsp.a(os_dbg.o)
                0x0000000000006aa4                OSDebugInit
 .text          0x0000000000006c30     0x181c C:/Users/rickert/Documents/GitHub/KBS_ESA_PAINGAME/KBS_ESA_PAINGAME_bsp/\libucosii_bsp.a(os_flag.o)
                0x0000000000006c30                OSFlagAccept
                0x0000000000006f38                OSFlagCreate
                0x0000000000007060                OSFlagDel
                0x00000000000072d0                OSFlagNameGet
                0x0000000000007400                OSFlagNameSet
                0x0000000000007550                OSFlagPend
                0x0000000000007b40                OSFlagPendGetFlagsRdy
                0x0000000000007ba8                OSFlagPost
                0x0000000000007f30                OSFlagQuery
                0x00000000000081b8                OS_FlagInit
                0x00000000000083ac                OS_FlagUnlink
 .text          0x000000000000844c      0x784 C:/Users/rickert/Documents/GitHub/KBS_ESA_PAINGAME/KBS_ESA_PAINGAME_bsp/\libucosii_bsp.a(os_mem.o)
                0x000000000000844c                OSMemCreate
                0x0000000000008640                OSMemGet
                0x0000000000008730                OSMemNameGet
                0x0000000000008828                OSMemNameSet
                0x0000000000008940                OSMemPut
                0x0000000000008a18                OSMemQuery
                0x0000000000008b00                OS_MemInit
 .text          0x0000000000008bd0     0x1210 C:/Users/rickert/Documents/GitHub/KBS_ESA_PAINGAME/KBS_ESA_PAINGAME_bsp/\libucosii_bsp.a(os_q.o)
                0x0000000000008bd0                OSQAccept
                0x0000000000008d10                OSQCreate
                0x0000000000008f0c                OSQDel
                0x00000000000091d4                OSQFlush
                0x000000000000928c                OSQPend
                0x0000000000009588                OSQPendAbort
                0x00000000000096f4                OSQPost
                0x000000000000985c                OSQPostFront
                0x00000000000099cc                OSQPostOpt
                0x0000000000009bd8                OSQQuery
                0x0000000000009d34                OS_QInit
 .text          0x0000000000009de0      0xb08 C:/Users/rickert/Documents/GitHub/KBS_ESA_PAINGAME/KBS_ESA_PAINGAME_bsp/\libucosii_bsp.a(os_sem.o)
                0x0000000000009de0                OSSemAccept
                0x0000000000009e90                OSSemCreate
                0x0000000000009f90                OSSemDel
                0x000000000000a1f8                OSSemPend
                0x000000000000a460                OSSemPendAbort
                0x000000000000a5cc                OSSemPost
                0x000000000000a6dc                OSSemQuery
                0x000000000000a7ec                OSSemSet
 .text          0x000000000000a8e8     0x18f4 C:/Users/rickert/Documents/GitHub/KBS_ESA_PAINGAME/KBS_ESA_PAINGAME_bsp/\libucosii_bsp.a(os_task.o)
                0x000000000000a8e8                OSTaskChangePrio
                0x000000000000ae28                OSTaskCreate
                0x000000000000afe4                OSTaskCreateExt
                0x000000000000b1d0                OSTaskDel
                0x000000000000b5b0                OSTaskDelReq
                0x000000000000b708                OSTaskNameGet
                0x000000000000b8b0                OSTaskNameSet
                0x000000000000ba70                OSTaskResume
                0x000000000000bc68                OSTaskStkChk
                0x000000000000be30                OSTaskSuspend
                0x000000000000c044                OSTaskQuery
                0x000000000000c170                OS_TaskStkClr
 .text          0x000000000000c1dc      0x568 C:/Users/rickert/Documents/GitHub/KBS_ESA_PAINGAME/KBS_ESA_PAINGAME_bsp/\libucosii_bsp.a(os_time.o)
                0x000000000000c1dc                OSTimeDly
                0x000000000000c324                OSTimeDlyHMSM
                0x000000000000c48c                OSTimeDlyResume
                0x000000000000c67c                OSTimeGet
                0x000000000000c6e0                OSTimeSet
 .text          0x000000000000c744      0x444 C:/Users/rickert/Documents/GitHub/KBS_ESA_PAINGAME/KBS_ESA_PAINGAME_bsp/\libucosii_bsp.a(alt_sys_init.o)
                0x000000000000c77c                alt_irq_init
                0x000000000000c7b0                alt_sys_init
 .text          0x000000000000cb88      0x164 C:/Users/rickert/Documents/GitHub/KBS_ESA_PAINGAME/KBS_ESA_PAINGAME_bsp/\libucosii_bsp.a(altera_avalon_jtag_uart_fd.o)
                0x000000000000cb88                altera_avalon_jtag_uart_read_fd
                0x000000000000cbe8                altera_avalon_jtag_uart_write_fd
                0x000000000000cc48                altera_avalon_jtag_uart_close_fd
                0x000000000000cc98                altera_avalon_jtag_uart_ioctl_fd
 .text          0x000000000000ccec      0x560 C:/Users/rickert/Documents/GitHub/KBS_ESA_PAINGAME/KBS_ESA_PAINGAME_bsp/\libucosii_bsp.a(altera_avalon_jtag_uart_init.o)
                0x000000000000ccec                altera_avalon_jtag_uart_init
                0x000000000000d1e4                altera_avalon_jtag_uart_close
 .text          0x000000000000d24c       0xec C:/Users/rickert/Documents/GitHub/KBS_ESA_PAINGAME/KBS_ESA_PAINGAME_bsp/\libucosii_bsp.a(altera_avalon_jtag_uart_ioctl.o)
                0x000000000000d24c                altera_avalon_jtag_uart_ioctl
 .text          0x000000000000d338      0x2b4 C:/Users/rickert/Documents/GitHub/KBS_ESA_PAINGAME/KBS_ESA_PAINGAME_bsp/\libucosii_bsp.a(altera_avalon_jtag_uart_read.o)
                0x000000000000d338                altera_avalon_jtag_uart_read
 .text          0x000000000000d5ec      0x2c0 C:/Users/rickert/Documents/GitHub/KBS_ESA_PAINGAME/KBS_ESA_PAINGAME_bsp/\libucosii_bsp.a(altera_avalon_jtag_uart_write.o)
                0x000000000000d5ec                altera_avalon_jtag_uart_write
 .text          0x000000000000d8ac       0xf8 C:/Users/rickert/Documents/GitHub/KBS_ESA_PAINGAME/KBS_ESA_PAINGAME_bsp/\libucosii_bsp.a(altera_avalon_timer_sc.o)
                0x000000000000d924                alt_avalon_timer_sc_init
 .text          0x000000000000d9a4      0x4d8 C:/Users/rickert/Documents/GitHub/KBS_ESA_PAINGAME/KBS_ESA_PAINGAME_bsp/\libucosii_bsp.a(altera_up_avalon_character_lcd.o)
                0x000000000000d9a4                get_DDRAM_addr
                0x000000000000da18                alt_up_character_lcd_send_cmd
                0x000000000000da54                alt_up_character_lcd_init
                0x000000000000da88                alt_up_character_lcd_open_dev
                0x000000000000dac8                alt_up_character_lcd_write
                0x000000000000db40                alt_up_character_lcd_string
                0x000000000000dbb4                alt_up_character_lcd_write_fd
                0x000000000000dc04                alt_up_character_lcd_set_cursor_pos
                0x000000000000dc78                alt_up_character_lcd_shift_cursor
                0x000000000000dd00                alt_up_character_lcd_shift_display
                0x000000000000dd88                alt_up_character_lcd_erase_pos
                0x000000000000de14                alt_up_character_lcd_cursor_off
                0x000000000000de48                alt_up_character_lcd_cursor_blink_on
 .text          0x000000000000de7c      0x388 C:/Users/rickert/Documents/GitHub/KBS_ESA_PAINGAME/KBS_ESA_PAINGAME_bsp/\libucosii_bsp.a(altera_up_avalon_irda.o)
                0x000000000000de7c                alt_up_irda_enable_read_interrupt
                0x000000000000ded4                alt_up_irda_disable_read_interrupt
                0x000000000000df30                alt_up_irda_get_used_space_in_read_FIFO
                0x000000000000df70                alt_up_irda_get_available_space_in_write_FIFO
                0x000000000000dfac                alt_up_irda_check_parity
                0x000000000000dff0                alt_up_irda_write_data
                0x000000000000e030                alt_up_irda_read_data
                0x000000000000e0a4                alt_up_irda_read_fd
                0x000000000000e134                alt_up_irda_write_fd
                0x000000000000e1c4                alt_up_irda_open_dev
 .text          0x000000000000e204       0x40 C:/Users/rickert/Documents/GitHub/KBS_ESA_PAINGAME/KBS_ESA_PAINGAME_bsp/\libucosii_bsp.a(altera_up_avalon_parallel_port.o)
                0x000000000000e204                alt_up_parallel_port_open_dev
 .text          0x000000000000e244      0x6b4 C:/Users/rickert/Documents/GitHub/KBS_ESA_PAINGAME/KBS_ESA_PAINGAME_bsp/\libucosii_bsp.a(altera_up_avalon_ps2.o)
                0x000000000000e244                read_RI_bit
                0x000000000000e278                read_RE_bit
                0x000000000000e2a8                read_CE_bit
                0x000000000000e2dc                read_num_bytes_available
                0x000000000000e30c                read_data_valid
                0x000000000000e340                read_data_byte
                0x000000000000e36c                alt_up_ps2_init
                0x000000000000e430                alt_up_ps2_enable_read_interrupt
                0x000000000000e488                alt_up_ps2_disable_read_interrupt
                0x000000000000e4e4                alt_up_ps2_write_data_byte
                0x000000000000e558                alt_up_ps2_wait_for_ack
                0x000000000000e5c8                alt_up_ps2_write_data_byte_with_ack
                0x000000000000e62c                alt_up_ps2_read_data_byte_timeout
                0x000000000000e6d0                alt_up_ps2_read_data_byte
                0x000000000000e740                alt_up_ps2_clear_fifo
                0x000000000000e794                alt_up_ps2_read_fd
                0x000000000000e820                alt_up_ps2_write_fd
                0x000000000000e8b8                alt_up_ps2_open_dev
 .text          0x000000000000e8f8      0x38c C:/Users/rickert/Documents/GitHub/KBS_ESA_PAINGAME/KBS_ESA_PAINGAME_bsp/\libucosii_bsp.a(altera_up_avalon_rs232.o)
                0x000000000000e8f8                alt_up_rs232_enable_read_interrupt
                0x000000000000e950                alt_up_rs232_disable_read_interrupt
                0x000000000000e9ac                alt_up_rs232_get_used_space_in_read_FIFO
                0x000000000000e9ec                alt_up_rs232_get_available_space_in_write_FIFO
                0x000000000000ea28                alt_up_rs232_check_parity
                0x000000000000ea6c                alt_up_rs232_write_data
                0x000000000000eaac                alt_up_rs232_read_data
                0x000000000000eb20                alt_up_rs232_read_fd
                0x000000000000ebb0                alt_up_rs232_write_fd
                0x000000000000ec44                alt_up_rs232_open_dev
 .text          0x000000000000ec84      0x2e8 C:/Users/rickert/Documents/GitHub/KBS_ESA_PAINGAME/KBS_ESA_PAINGAME_bsp/\libucosii_bsp.a(altera_up_avalon_video_character_buffer_with_dma.o)
                0x000000000000ec84                alt_up_char_buffer_init
                0x000000000000ed04                alt_up_char_buffer_open_dev
                0x000000000000ed44                alt_up_char_buffer_draw
                0x000000000000ee10                alt_up_char_buffer_string
                0x000000000000ef10                alt_up_char_buffer_clear
 .text          0x000000000000ef6c      0x140 C:/Users/rickert/Documents/GitHub/KBS_ESA_PAINGAME/KBS_ESA_PAINGAME_bsp/\libucosii_bsp.a(alt_alarm_start.o)
                0x000000000000ef6c                alt_alarm_start
 .text          0x000000000000f0ac       0x1c C:/Users/rickert/Documents/GitHub/KBS_ESA_PAINGAME/KBS_ESA_PAINGAME_bsp/\libucosii_bsp.a(alt_dcache_flush_all.o)
                0x000000000000f0ac                alt_dcache_flush_all
 .text          0x000000000000f0c8       0xf4 C:/Users/rickert/Documents/GitHub/KBS_ESA_PAINGAME/KBS_ESA_PAINGAME_bsp/\libucosii_bsp.a(alt_dev_llist_insert.o)
                0x000000000000f118                alt_dev_llist_insert
 .text          0x000000000000f1bc       0x5c C:/Users/rickert/Documents/GitHub/KBS_ESA_PAINGAME/KBS_ESA_PAINGAME_bsp/\libucosii_bsp.a(alt_do_ctors.o)
                0x000000000000f1bc                _do_ctors
 .text          0x000000000000f218       0x5c C:/Users/rickert/Documents/GitHub/KBS_ESA_PAINGAME/KBS_ESA_PAINGAME_bsp/\libucosii_bsp.a(alt_do_dtors.o)
                0x000000000000f218                _do_dtors
 .text          0x000000000000f274       0x90 C:/Users/rickert/Documents/GitHub/KBS_ESA_PAINGAME/KBS_ESA_PAINGAME_bsp/\libucosii_bsp.a(alt_find_dev.o)
                0x000000000000f274                alt_find_dev
 .text          0x000000000000f304       0x30 C:/Users/rickert/Documents/GitHub/KBS_ESA_PAINGAME/KBS_ESA_PAINGAME_bsp/\libucosii_bsp.a(alt_icache_flush_all.o)
                0x000000000000f304                alt_icache_flush_all
 .text          0x000000000000f334      0x138 C:/Users/rickert/Documents/GitHub/KBS_ESA_PAINGAME/KBS_ESA_PAINGAME_bsp/\libucosii_bsp.a(alt_io_redirect.o)
                0x000000000000f3f4                alt_io_redirect
 .text          0x000000000000f46c      0x1b0 C:/Users/rickert/Documents/GitHub/KBS_ESA_PAINGAME/KBS_ESA_PAINGAME_bsp/\libucosii_bsp.a(alt_irq_register.o)
                0x000000000000f46c                alt_irq_register
 .text          0x000000000000f61c        0x0 C:/Users/rickert/Documents/GitHub/KBS_ESA_PAINGAME/KBS_ESA_PAINGAME_bsp/\libucosii_bsp.a(alt_irq_vars.o)
 .text          0x000000000000f61c      0x274 C:/Users/rickert/Documents/GitHub/KBS_ESA_PAINGAME/KBS_ESA_PAINGAME_bsp/\libucosii_bsp.a(alt_open.o)
                0x000000000000f738                open
 .text          0x000000000000f890      0x19c C:/Users/rickert/Documents/GitHub/KBS_ESA_PAINGAME/KBS_ESA_PAINGAME_bsp/\libucosii_bsp.a(alt_tick.o)
                0x000000000000f890                alt_alarm_stop
                0x000000000000f928                alt_tick
 .text          0x000000000000fa2c       0x20 C:/Users/rickert/Documents/GitHub/KBS_ESA_PAINGAME/KBS_ESA_PAINGAME_bsp/\libucosii_bsp.a(altera_nios2_gen2_irq.o)
                0x000000000000fa2c                altera_nios2_gen2_irq_init
 .text          0x000000000000fa4c       0xd0 C:/Users/rickert/Documents/GitHub/KBS_ESA_PAINGAME/KBS_ESA_PAINGAME_bsp/\libucosii_bsp.a(os_cpu_a.o)
                0x000000000000fa4c                OSCtxSw
                0x000000000000fa4c                OSIntCtxSw
                0x000000000000fad8                OSStartHighRdy
                0x000000000000faf8                OSStartTsk
 .text          0x000000000000fb1c      0x264 C:/Users/rickert/Documents/GitHub/KBS_ESA_PAINGAME/KBS_ESA_PAINGAME_bsp/\libucosii_bsp.a(os_cpu_c.o)
                0x000000000000fb1c                OSTaskStkInit
                0x000000000000fc78                OSTaskCreateHook
                0x000000000000fc98                OSTaskDelHook
                0x000000000000fcb8                OSTaskSwHook
                0x000000000000fcd4                OSTaskStatHook
                0x000000000000fcf0                OSTimeTickHook
                0x000000000000fd0c                OSInitHookBegin
                0x000000000000fd28                OSInitHookEnd
                0x000000000000fd44                OSTaskIdleHook
                0x000000000000fd60                OSTCBInitHook
 .text          0x000000000000fd80      0x114 C:/Users/rickert/Documents/GitHub/KBS_ESA_PAINGAME/KBS_ESA_PAINGAME_bsp/\libucosii_bsp.a(alt_find_file.o)
                0x000000000000fd80                alt_find_file
 .text          0x000000000000fe94       0xfc C:/Users/rickert/Documents/GitHub/KBS_ESA_PAINGAME/KBS_ESA_PAINGAME_bsp/\libucosii_bsp.a(alt_get_fd.o)
                0x000000000000fe94                alt_get_fd
 .text          0x000000000000ff90       0x8c C:/Users/rickert/Documents/GitHub/KBS_ESA_PAINGAME/KBS_ESA_PAINGAME_bsp/\libucosii_bsp.a(alt_icache_flush.o)
                0x000000000000ff90                alt_icache_flush
 .text          0x000000000001001c        0x0 C:/Users/rickert/Documents/GitHub/KBS_ESA_PAINGAME/KBS_ESA_PAINGAME_bsp/\libucosii_bsp.a(alt_irq_entry.o)
 .text          0x000000000001001c        0x0 C:/Users/rickert/Documents/GitHub/KBS_ESA_PAINGAME/KBS_ESA_PAINGAME_bsp/\libucosii_bsp.a(alt_irq_handler.o)
 .text          0x000000000001001c        0x0 C:/Users/rickert/Documents/GitHub/KBS_ESA_PAINGAME/KBS_ESA_PAINGAME_bsp/\libucosii_bsp.a(alt_exception_entry.o)
 .text          0x000000000001001c       0x9c C:/Users/rickert/Documents/GitHub/KBS_ESA_PAINGAME/KBS_ESA_PAINGAME_bsp/\libucosii_bsp.a(alt_instruction_exception_entry.o)
                0x000000000001001c                alt_exception_cause_generated_bad_addr
 .text          0x00000000000100b8        0x0 c:/altera_lite/15.1/nios2eds/bin/gnu/h-x86_64-mingw32/bin/../lib/gcc/nios2-elf/4.9.2/../../../../../H-x86_64-mingw32/nios2-elf/lib/mhw-mulx\libc.a(lib_a-atexit.o)
 .text.atexit   0x00000000000100b8       0x14 c:/altera_lite/15.1/nios2eds/bin/gnu/h-x86_64-mingw32/bin/../lib/gcc/nios2-elf/4.9.2/../../../../../H-x86_64-mingw32/nios2-elf/lib/mhw-mulx\libc.a(lib_a-atexit.o)
                0x00000000000100b8                atexit
 .text          0x00000000000100cc        0x0 c:/altera_lite/15.1/nios2eds/bin/gnu/h-x86_64-mingw32/bin/../lib/gcc/nios2-elf/4.9.2/../../../../../H-x86_64-mingw32/nios2-elf/lib/mhw-mulx\libc.a(lib_a-exit.o)
 .text.exit     0x00000000000100cc       0x38 c:/altera_lite/15.1/nios2eds/bin/gnu/h-x86_64-mingw32/bin/../lib/gcc/nios2-elf/4.9.2/../../../../../H-x86_64-mingw32/nios2-elf/lib/mhw-mulx\libc.a(lib_a-exit.o)
                0x00000000000100cc                exit
 .text          0x0000000000010104        0x0 c:/altera_lite/15.1/nios2eds/bin/gnu/h-x86_64-mingw32/bin/../lib/gcc/nios2-elf/4.9.2/../../../../../H-x86_64-mingw32/nios2-elf/lib/mhw-mulx\libc.a(lib_a-memcmp.o)
 .text.memcmp   0x0000000000010104       0x7c c:/altera_lite/15.1/nios2eds/bin/gnu/h-x86_64-mingw32/bin/../lib/gcc/nios2-elf/4.9.2/../../../../../H-x86_64-mingw32/nios2-elf/lib/mhw-mulx\libc.a(lib_a-memcmp.o)
                0x0000000000010104                memcmp
 .text          0x0000000000010180        0x0 c:/altera_lite/15.1/nios2eds/bin/gnu/h-x86_64-mingw32/bin/../lib/gcc/nios2-elf/4.9.2/../../../../../H-x86_64-mingw32/nios2-elf/lib/mhw-mulx\libc.a(lib_a-strcmp.o)
 .text.strcmp   0x0000000000010180       0xa4 c:/altera_lite/15.1/nios2eds/bin/gnu/h-x86_64-mingw32/bin/../lib/gcc/nios2-elf/4.9.2/../../../../../H-x86_64-mingw32/nios2-elf/lib/mhw-mulx\libc.a(lib_a-strcmp.o)
                0x0000000000010180                strcmp
 .text          0x0000000000010224        0x0 c:/altera_lite/15.1/nios2eds/bin/gnu/h-x86_64-mingw32/bin/../lib/gcc/nios2-elf/4.9.2/../../../../../H-x86_64-mingw32/nios2-elf/lib/mhw-mulx\libc.a(lib_a-__atexit.o)
 .text.__register_exitproc
                0x0000000000010224      0x114 c:/altera_lite/15.1/nios2eds/bin/gnu/h-x86_64-mingw32/bin/../lib/gcc/nios2-elf/4.9.2/../../../../../H-x86_64-mingw32/nios2-elf/lib/mhw-mulx\libc.a(lib_a-__atexit.o)
                0x0000000000010224                __register_exitproc
 .text          0x0000000000010338        0x0 c:/altera_lite/15.1/nios2eds/bin/gnu/h-x86_64-mingw32/bin/../lib/gcc/nios2-elf/4.9.2/../../../../../H-x86_64-mingw32/nios2-elf/lib/mhw-mulx\libc.a(lib_a-__call_atexit.o)
 .text.__call_exitprocs
                0x0000000000010338      0x194 c:/altera_lite/15.1/nios2eds/bin/gnu/h-x86_64-mingw32/bin/../lib/gcc/nios2-elf/4.9.2/../../../../../H-x86_64-mingw32/nios2-elf/lib/mhw-mulx\libc.a(lib_a-__call_atexit.o)
                0x0000000000010338                __call_exitprocs
 .text          0x00000000000104cc       0x3c C:/Users/rickert/Documents/GitHub/KBS_ESA_PAINGAME/KBS_ESA_PAINGAME_bsp/\libucosii_bsp.a(alt_exit.o)
                0x00000000000104cc                _exit
 *(.gnu.warning.*)
 *(.fini)
                0x0000000000010508                PROVIDE (__etext, ABSOLUTE (.))
                0x0000000000010508                PROVIDE (_etext, ABSOLUTE (.))
                0x0000000000010508                PROVIDE (etext, ABSOLUTE (.))
 *(.eh_frame_hdr)
                0x0000000000010508                . = ALIGN (0x4)
                0x0000000000010508                PROVIDE (__preinit_array_start, ABSOLUTE (.))
 *(.preinit_array)
                0x0000000000010508                PROVIDE (__preinit_array_end, ABSOLUTE (.))
                0x0000000000010508                PROVIDE (__init_array_start, ABSOLUTE (.))
 *(.init_array)
                0x0000000000010508                PROVIDE (__init_array_end, ABSOLUTE (.))
                0x0000000000010508                PROVIDE (__fini_array_start, ABSOLUTE (.))
 *(.fini_array)
                0x0000000000010508                PROVIDE (__fini_array_end, ABSOLUTE (.))
 *(.eh_frame)
 *(.gcc_except_table .gcc_except_table.*)
 *(.dynamic)
                0x0000000000010508                PROVIDE (__CTOR_LIST__, ABSOLUTE (.))
 *(.ctors)
 *(SORT(.ctors.*))
                0x0000000000010508                PROVIDE (__CTOR_END__, ABSOLUTE (.))
                0x0000000000010508                PROVIDE (__DTOR_LIST__, ABSOLUTE (.))
 *(.dtors)
 *(SORT(.dtors.*))
                0x0000000000010508                PROVIDE (__DTOR_END__, ABSOLUTE (.))
 *(.jcr)
                0x0000000000010508                . = ALIGN (0x4)

.rodata         0x0000000000010508      0x3bc
                0x0000000000010508                PROVIDE (__ram_rodata_start, ABSOLUTE (.))
                0x0000000000010508                . = ALIGN (0x4)
 *(.rodata .rodata.* .gnu.linkonce.r.*)
 .rodata        0x0000000000010508       0x2c obj/default/Contoller.o
 .rodata        0x0000000000010534       0x9c obj/default/Menu.o
 .rodata.str1.4
                0x00000000000105d0        0x2 c:/altera_lite/15.1/nios2eds/bin/gnu/h-x86_64-mingw32/bin/../lib/gcc/nios2-elf/4.9.2/../../../../../H-x86_64-mingw32/nios2-elf/lib/mhw-mulx\libc.a(lib_a-puts.o)
                                          0x4 (size before relaxing)
 *fill*         0x00000000000105d2        0x2 
 .rodata.str1.4
                0x00000000000105d4        0x4 c:/altera_lite/15.1/nios2eds/bin/gnu/h-x86_64-mingw32/bin/../lib/gcc/nios2-elf/4.9.2/../../../../../H-x86_64-mingw32/nios2-elf/lib/mhw-mulx\libc.a(lib_a-impure.o)
 .rodata        0x00000000000105d8        0xc C:/Users/rickert/Documents/GitHub/KBS_ESA_PAINGAME/KBS_ESA_PAINGAME_bsp/\libucosii_bsp.a(alt_dev.o)
 .rodata        0x00000000000105e4       0x10 C:/Users/rickert/Documents/GitHub/KBS_ESA_PAINGAME/KBS_ESA_PAINGAME_bsp/\libucosii_bsp.a(alt_main.o)
 .rodata        0x00000000000105f4      0x120 C:/Users/rickert/Documents/GitHub/KBS_ESA_PAINGAME/KBS_ESA_PAINGAME_bsp/\libucosii_bsp.a(os_core.o)
                0x00000000000105f4                OSUnMapTbl
 .rodata        0x0000000000010714      0x190 C:/Users/rickert/Documents/GitHub/KBS_ESA_PAINGAME/KBS_ESA_PAINGAME_bsp/\libucosii_bsp.a(alt_sys_init.o)
 .rodata        0x00000000000108a4       0x1c C:/Users/rickert/Documents/GitHub/KBS_ESA_PAINGAME/KBS_ESA_PAINGAME_bsp/\libucosii_bsp.a(altera_up_avalon_video_character_buffer_with_dma.o)
 .rodata        0x00000000000108c0        0x4 C:/Users/rickert/Documents/GitHub/KBS_ESA_PAINGAME/KBS_ESA_PAINGAME_bsp/\libucosii_bsp.a(os_cpu_c.o)
 *(.rodata1)
                0x00000000000108c4                . = ALIGN (0x4)
                0x00000000000108c4                PROVIDE (__ram_rodata_end, ABSOLUTE (.))
                0x0000000000010508                PROVIDE (__flash_rodata_start, LOADADDR (.rodata))

.rwdata         0x00000000000108c4     0x1eac load address 0x0000000000012770
                0x00000000000108c4                PROVIDE (__ram_rwdata_start, ABSOLUTE (.))
                0x00000000000108c4                . = ALIGN (0x4)
 *(.got.plt)
 *(.got)
 *(.data1)
 *(.data .data.* .gnu.linkonce.d.*)
 .data          0x00000000000108c4        0x0 C:/Users/rickert/Documents/GitHub/KBS_ESA_PAINGAME/KBS_ESA_PAINGAME_bsp//obj/HAL/src/crt0.o
 .data          0x00000000000108c4        0x0 obj/default/Contoller.o
 .data          0x00000000000108c4        0x0 obj/default/Game.o
 .data          0x00000000000108c4        0x0 obj/default/Menu.o
 .data          0x00000000000108c4        0x0 obj/default/hello_ucosii.o
 .data          0x00000000000108c4        0x0 c:/altera_lite/15.1/nios2eds/bin/gnu/h-x86_64-mingw32/bin/../lib/gcc/nios2-elf/4.9.2/../../../../../H-x86_64-mingw32/nios2-elf/lib/mhw-mulx\libc.a(lib_a-puts.o)
 .data          0x00000000000108c4        0x0 c:/altera_lite/15.1/nios2eds/bin/gnu/h-x86_64-mingw32/bin/../lib/gcc/nios2-elf/4.9.2/../../../../../H-x86_64-mingw32/nios2-elf/lib/mhw-mulx\libc.a(lib_a-strlen.o)
 .data          0x00000000000108c4        0x0 c:/altera_lite/15.1/nios2eds/bin/gnu/h-x86_64-mingw32/bin/../lib/gcc/nios2-elf/4.9.2/../../../../../H-x86_64-mingw32/nios2-elf/lib/mhw-mulx\libc.a(lib_a-fvwrite.o)
 .data          0x00000000000108c4        0x0 c:/altera_lite/15.1/nios2eds/bin/gnu/h-x86_64-mingw32/bin/../lib/gcc/nios2-elf/4.9.2/../../../../../H-x86_64-mingw32/nios2-elf/lib/mhw-mulx\libc.a(lib_a-impure.o)
 .data.impure_data
                0x00000000000108c4      0x424 c:/altera_lite/15.1/nios2eds/bin/gnu/h-x86_64-mingw32/bin/../lib/gcc/nios2-elf/4.9.2/../../../../../H-x86_64-mingw32/nios2-elf/lib/mhw-mulx\libc.a(lib_a-impure.o)
 .data          0x0000000000010ce8        0x0 c:/altera_lite/15.1/nios2eds/bin/gnu/h-x86_64-mingw32/bin/../lib/gcc/nios2-elf/4.9.2/../../../../../H-x86_64-mingw32/nios2-elf/lib/mhw-mulx\libc.a(lib_a-mallocr.o)
 .data.__malloc_av_
                0x0000000000010ce8      0x408 c:/altera_lite/15.1/nios2eds/bin/gnu/h-x86_64-mingw32/bin/../lib/gcc/nios2-elf/4.9.2/../../../../../H-x86_64-mingw32/nios2-elf/lib/mhw-mulx\libc.a(lib_a-mallocr.o)
                0x0000000000010ce8                __malloc_av_
 .data          0x00000000000110f0        0x0 c:/altera_lite/15.1/nios2eds/bin/gnu/h-x86_64-mingw32/bin/../lib/gcc/nios2-elf/4.9.2/../../../../../H-x86_64-mingw32/nios2-elf/lib/mhw-mulx\libc.a(lib_a-memchr.o)
 .data          0x00000000000110f0        0x0 c:/altera_lite/15.1/nios2eds/bin/gnu/h-x86_64-mingw32/bin/../lib/gcc/nios2-elf/4.9.2/../../../../../H-x86_64-mingw32/nios2-elf/lib/mhw-mulx\libc.a(lib_a-memcpy.o)
 .data          0x00000000000110f0        0x0 c:/altera_lite/15.1/nios2eds/bin/gnu/h-x86_64-mingw32/bin/../lib/gcc/nios2-elf/4.9.2/../../../../../H-x86_64-mingw32/nios2-elf/lib/mhw-mulx\libc.a(lib_a-memmove.o)
 .data          0x00000000000110f0        0x0 c:/altera_lite/15.1/nios2eds/bin/gnu/h-x86_64-mingw32/bin/../lib/gcc/nios2-elf/4.9.2/../../../../../H-x86_64-mingw32/nios2-elf/lib/mhw-mulx\libc.a(lib_a-reallocr.o)
 .data          0x00000000000110f0        0x0 c:/altera_lite/15.1/nios2eds/bin/gnu/h-x86_64-mingw32/bin/../lib/gcc/nios2-elf/4.9.2/../../../../../H-x86_64-mingw32/nios2-elf/lib/mhw-mulx\libc.a(lib_a-sbrkr.o)
 .data          0x00000000000110f0        0x0 c:/altera_lite/15.1/nios2eds/bin/gnu/h-x86_64-mingw32/bin/../lib/gcc/nios2-elf/4.9.2/../../../../../H-x86_64-mingw32/nios2-elf/lib/mhw-mulx\libc.a(lib_a-wsetup.o)
 .data          0x00000000000110f0        0x0 c:/altera_lite/15.1/nios2eds/bin/gnu/h-x86_64-mingw32/bin/../lib/gcc/nios2-elf/4.9.2/../../../../../H-x86_64-mingw32/nios2-elf/lib/mhw-mulx\libc.a(lib_a-fflush.o)
 .data          0x00000000000110f0        0x0 c:/altera_lite/15.1/nios2eds/bin/gnu/h-x86_64-mingw32/bin/../lib/gcc/nios2-elf/4.9.2/../../../../../H-x86_64-mingw32/nios2-elf/lib/mhw-mulx\libc.a(lib_a-findfp.o)
 .data          0x00000000000110f0        0x0 c:/altera_lite/15.1/nios2eds/bin/gnu/h-x86_64-mingw32/bin/../lib/gcc/nios2-elf/4.9.2/../../../../../H-x86_64-mingw32/nios2-elf/lib/mhw-mulx\libc.a(lib_a-freer.o)
 .data          0x00000000000110f0        0x0 c:/altera_lite/15.1/nios2eds/bin/gnu/h-x86_64-mingw32/bin/../lib/gcc/nios2-elf/4.9.2/../../../../../H-x86_64-mingw32/nios2-elf/lib/mhw-mulx\libc.a(lib_a-fwalk.o)
 .data          0x00000000000110f0        0x0 c:/altera_lite/15.1/nios2eds/bin/gnu/h-x86_64-mingw32/bin/../lib/gcc/nios2-elf/4.9.2/../../../../../H-x86_64-mingw32/nios2-elf/lib/mhw-mulx\libc.a(lib_a-int_errno.o)
 .data          0x00000000000110f0        0x0 c:/altera_lite/15.1/nios2eds/bin/gnu/h-x86_64-mingw32/bin/../lib/gcc/nios2-elf/4.9.2/../../../../../H-x86_64-mingw32/nios2-elf/lib/mhw-mulx\libc.a(lib_a-makebuf.o)
 .data          0x00000000000110f0        0x0 c:/altera_lite/15.1/nios2eds/bin/gnu/h-x86_64-mingw32/bin/../lib/gcc/nios2-elf/4.9.2/../../../../../H-x86_64-mingw32/nios2-elf/lib/mhw-mulx\libc.a(lib_a-memset.o)
 .data          0x00000000000110f0        0x0 c:/altera_lite/15.1/nios2eds/bin/gnu/h-x86_64-mingw32/bin/../lib/gcc/nios2-elf/4.9.2/../../../../../H-x86_64-mingw32/nios2-elf/lib/mhw-mulx\libc.a(lib_a-stdio.o)
 .data          0x00000000000110f0        0x0 c:/altera_lite/15.1/nios2eds/bin/gnu/h-x86_64-mingw32/bin/../lib/gcc/nios2-elf/4.9.2/../../../../../H-x86_64-mingw32/nios2-elf/lib/mhw-mulx\libc.a(lib_a-writer.o)
 .data          0x00000000000110f0        0x0 c:/altera_lite/15.1/nios2eds/bin/gnu/h-x86_64-mingw32/bin/../lib/gcc/nios2-elf/4.9.2/../../../../../H-x86_64-mingw32/nios2-elf/lib/mhw-mulx\libc.a(closer.o)
 .data          0x00000000000110f0        0x0 c:/altera_lite/15.1/nios2eds/bin/gnu/h-x86_64-mingw32/bin/../lib/gcc/nios2-elf/4.9.2/../../../../../H-x86_64-mingw32/nios2-elf/lib/mhw-mulx\libc.a(lib_a-fclose.o)
 .data          0x00000000000110f0        0x0 c:/altera_lite/15.1/nios2eds/bin/gnu/h-x86_64-mingw32/bin/../lib/gcc/nios2-elf/4.9.2/../../../../../H-x86_64-mingw32/nios2-elf/lib/mhw-mulx\libc.a(lib_a-fstatr.o)
 .data          0x00000000000110f0        0x0 c:/altera_lite/15.1/nios2eds/bin/gnu/h-x86_64-mingw32/bin/../lib/gcc/nios2-elf/4.9.2/../../../../../H-x86_64-mingw32/nios2-elf/lib/mhw-mulx\libc.a(lib_a-isattyr.o)
 .data          0x00000000000110f0        0x0 c:/altera_lite/15.1/nios2eds/bin/gnu/h-x86_64-mingw32/bin/../lib/gcc/nios2-elf/4.9.2/../../../../../H-x86_64-mingw32/nios2-elf/lib/mhw-mulx\libc.a(lib_a-lseekr.o)
 .data          0x00000000000110f0        0x0 c:/altera_lite/15.1/nios2eds/bin/gnu/h-x86_64-mingw32/bin/../lib/gcc/nios2-elf/4.9.2/../../../../../H-x86_64-mingw32/nios2-elf/lib/mhw-mulx\libc.a(lib_a-readr.o)
 .data          0x00000000000110f0        0x0 c:/altera_lite/15.1/nios2eds/bin/gnu/h-x86_64-mingw32/bin/../lib/gcc/nios2-elf/4.9.2/mhw-mulx\libgcc.a(lib2-divmod.o)
 .data          0x00000000000110f0        0x0 C:/Users/rickert/Documents/GitHub/KBS_ESA_PAINGAME/KBS_ESA_PAINGAME_bsp/\libucosii_bsp.a(alt_close.o)
 .data          0x00000000000110f0      0x1a8 C:/Users/rickert/Documents/GitHub/KBS_ESA_PAINGAME/KBS_ESA_PAINGAME_bsp/\libucosii_bsp.a(alt_dev.o)
                0x00000000000110f0                alt_dev_null
                0x0000000000011118                alt_fd_list
 .data          0x0000000000011298        0x0 C:/Users/rickert/Documents/GitHub/KBS_ESA_PAINGAME/KBS_ESA_PAINGAME_bsp/\libucosii_bsp.a(alt_errno.o)
 .data          0x0000000000011298        0x0 C:/Users/rickert/Documents/GitHub/KBS_ESA_PAINGAME/KBS_ESA_PAINGAME_bsp/\libucosii_bsp.a(alt_fstat.o)
 .data          0x0000000000011298        0x0 C:/Users/rickert/Documents/GitHub/KBS_ESA_PAINGAME/KBS_ESA_PAINGAME_bsp/\libucosii_bsp.a(alt_isatty.o)
 .data          0x0000000000011298        0x0 C:/Users/rickert/Documents/GitHub/KBS_ESA_PAINGAME/KBS_ESA_PAINGAME_bsp/\libucosii_bsp.a(alt_load.o)
 .data          0x0000000000011298        0x0 C:/Users/rickert/Documents/GitHub/KBS_ESA_PAINGAME/KBS_ESA_PAINGAME_bsp/\libucosii_bsp.a(alt_lseek.o)
 .data          0x0000000000011298        0x0 C:/Users/rickert/Documents/GitHub/KBS_ESA_PAINGAME/KBS_ESA_PAINGAME_bsp/\libucosii_bsp.a(alt_main.o)
 .data          0x0000000000011298        0x0 C:/Users/rickert/Documents/GitHub/KBS_ESA_PAINGAME/KBS_ESA_PAINGAME_bsp/\libucosii_bsp.a(alt_read.o)
 .data          0x0000000000011298        0x0 C:/Users/rickert/Documents/GitHub/KBS_ESA_PAINGAME/KBS_ESA_PAINGAME_bsp/\libucosii_bsp.a(alt_release_fd.o)
 .data          0x0000000000011298        0x0 C:/Users/rickert/Documents/GitHub/KBS_ESA_PAINGAME/KBS_ESA_PAINGAME_bsp/\libucosii_bsp.a(alt_sbrk.o)
 .data          0x0000000000011298        0x0 C:/Users/rickert/Documents/GitHub/KBS_ESA_PAINGAME/KBS_ESA_PAINGAME_bsp/\libucosii_bsp.a(alt_write.o)
 .data          0x0000000000011298        0x0 C:/Users/rickert/Documents/GitHub/KBS_ESA_PAINGAME/KBS_ESA_PAINGAME_bsp/\libucosii_bsp.a(alt_env_lock.o)
 .data          0x0000000000011298        0x0 C:/Users/rickert/Documents/GitHub/KBS_ESA_PAINGAME/KBS_ESA_PAINGAME_bsp/\libucosii_bsp.a(alt_malloc_lock.o)
 .data          0x0000000000011298        0x0 C:/Users/rickert/Documents/GitHub/KBS_ESA_PAINGAME/KBS_ESA_PAINGAME_bsp/\libucosii_bsp.a(os_core.o)
 .data          0x0000000000011298        0x0 C:/Users/rickert/Documents/GitHub/KBS_ESA_PAINGAME/KBS_ESA_PAINGAME_bsp/\libucosii_bsp.a(os_dbg.o)
 .data          0x0000000000011298        0x0 C:/Users/rickert/Documents/GitHub/KBS_ESA_PAINGAME/KBS_ESA_PAINGAME_bsp/\libucosii_bsp.a(os_flag.o)
 .data          0x0000000000011298        0x0 C:/Users/rickert/Documents/GitHub/KBS_ESA_PAINGAME/KBS_ESA_PAINGAME_bsp/\libucosii_bsp.a(os_mem.o)
 .data          0x0000000000011298        0x0 C:/Users/rickert/Documents/GitHub/KBS_ESA_PAINGAME/KBS_ESA_PAINGAME_bsp/\libucosii_bsp.a(os_q.o)
 .data          0x0000000000011298        0x0 C:/Users/rickert/Documents/GitHub/KBS_ESA_PAINGAME/KBS_ESA_PAINGAME_bsp/\libucosii_bsp.a(os_sem.o)
 .data          0x0000000000011298        0x0 C:/Users/rickert/Documents/GitHub/KBS_ESA_PAINGAME/KBS_ESA_PAINGAME_bsp/\libucosii_bsp.a(os_task.o)
 .data          0x0000000000011298        0x0 C:/Users/rickert/Documents/GitHub/KBS_ESA_PAINGAME/KBS_ESA_PAINGAME_bsp/\libucosii_bsp.a(os_time.o)
 .data          0x0000000000011298     0x13f0 C:/Users/rickert/Documents/GitHub/KBS_ESA_PAINGAME/KBS_ESA_PAINGAME_bsp/\libucosii_bsp.a(alt_sys_init.o)
 .data          0x0000000000012688        0x0 C:/Users/rickert/Documents/GitHub/KBS_ESA_PAINGAME/KBS_ESA_PAINGAME_bsp/\libucosii_bsp.a(altera_avalon_jtag_uart_fd.o)
 .data          0x0000000000012688        0x0 C:/Users/rickert/Documents/GitHub/KBS_ESA_PAINGAME/KBS_ESA_PAINGAME_bsp/\libucosii_bsp.a(altera_avalon_jtag_uart_init.o)
 .data          0x0000000000012688        0x0 C:/Users/rickert/Documents/GitHub/KBS_ESA_PAINGAME/KBS_ESA_PAINGAME_bsp/\libucosii_bsp.a(altera_avalon_jtag_uart_ioctl.o)
 .data          0x0000000000012688        0x0 C:/Users/rickert/Documents/GitHub/KBS_ESA_PAINGAME/KBS_ESA_PAINGAME_bsp/\libucosii_bsp.a(altera_avalon_jtag_uart_read.o)
 .data          0x0000000000012688        0x0 C:/Users/rickert/Documents/GitHub/KBS_ESA_PAINGAME/KBS_ESA_PAINGAME_bsp/\libucosii_bsp.a(altera_avalon_jtag_uart_write.o)
 .data          0x0000000000012688        0x0 C:/Users/rickert/Documents/GitHub/KBS_ESA_PAINGAME/KBS_ESA_PAINGAME_bsp/\libucosii_bsp.a(altera_avalon_timer_sc.o)
 .data          0x0000000000012688        0x0 C:/Users/rickert/Documents/GitHub/KBS_ESA_PAINGAME/KBS_ESA_PAINGAME_bsp/\libucosii_bsp.a(altera_up_avalon_character_lcd.o)
 .data          0x0000000000012688        0x0 C:/Users/rickert/Documents/GitHub/KBS_ESA_PAINGAME/KBS_ESA_PAINGAME_bsp/\libucosii_bsp.a(altera_up_avalon_irda.o)
 .data          0x0000000000012688        0x0 C:/Users/rickert/Documents/GitHub/KBS_ESA_PAINGAME/KBS_ESA_PAINGAME_bsp/\libucosii_bsp.a(altera_up_avalon_parallel_port.o)
 .data          0x0000000000012688        0x0 C:/Users/rickert/Documents/GitHub/KBS_ESA_PAINGAME/KBS_ESA_PAINGAME_bsp/\libucosii_bsp.a(altera_up_avalon_ps2.o)
 .data          0x0000000000012688        0x0 C:/Users/rickert/Documents/GitHub/KBS_ESA_PAINGAME/KBS_ESA_PAINGAME_bsp/\libucosii_bsp.a(altera_up_avalon_rs232.o)
 .data          0x0000000000012688        0x0 C:/Users/rickert/Documents/GitHub/KBS_ESA_PAINGAME/KBS_ESA_PAINGAME_bsp/\libucosii_bsp.a(altera_up_avalon_video_character_buffer_with_dma.o)
 .data          0x0000000000012688        0x0 C:/Users/rickert/Documents/GitHub/KBS_ESA_PAINGAME/KBS_ESA_PAINGAME_bsp/\libucosii_bsp.a(alt_alarm_start.o)
 .data          0x0000000000012688        0x0 C:/Users/rickert/Documents/GitHub/KBS_ESA_PAINGAME/KBS_ESA_PAINGAME_bsp/\libucosii_bsp.a(alt_dcache_flush_all.o)
 .data          0x0000000000012688        0x0 C:/Users/rickert/Documents/GitHub/KBS_ESA_PAINGAME/KBS_ESA_PAINGAME_bsp/\libucosii_bsp.a(alt_dev_llist_insert.o)
 .data          0x0000000000012688        0x0 C:/Users/rickert/Documents/GitHub/KBS_ESA_PAINGAME/KBS_ESA_PAINGAME_bsp/\libucosii_bsp.a(alt_do_ctors.o)
 .data          0x0000000000012688        0x0 C:/Users/rickert/Documents/GitHub/KBS_ESA_PAINGAME/KBS_ESA_PAINGAME_bsp/\libucosii_bsp.a(alt_do_dtors.o)
 .data          0x0000000000012688        0x0 C:/Users/rickert/Documents/GitHub/KBS_ESA_PAINGAME/KBS_ESA_PAINGAME_bsp/\libucosii_bsp.a(alt_find_dev.o)
 .data          0x0000000000012688        0x0 C:/Users/rickert/Documents/GitHub/KBS_ESA_PAINGAME/KBS_ESA_PAINGAME_bsp/\libucosii_bsp.a(alt_icache_flush_all.o)
 .data          0x0000000000012688        0x0 C:/Users/rickert/Documents/GitHub/KBS_ESA_PAINGAME/KBS_ESA_PAINGAME_bsp/\libucosii_bsp.a(alt_io_redirect.o)
 .data          0x0000000000012688        0x0 C:/Users/rickert/Documents/GitHub/KBS_ESA_PAINGAME/KBS_ESA_PAINGAME_bsp/\libucosii_bsp.a(alt_irq_register.o)
 .data          0x0000000000012688        0x0 C:/Users/rickert/Documents/GitHub/KBS_ESA_PAINGAME/KBS_ESA_PAINGAME_bsp/\libucosii_bsp.a(alt_irq_vars.o)
 .data          0x0000000000012688        0x0 C:/Users/rickert/Documents/GitHub/KBS_ESA_PAINGAME/KBS_ESA_PAINGAME_bsp/\libucosii_bsp.a(alt_open.o)
 .data          0x0000000000012688        0x0 C:/Users/rickert/Documents/GitHub/KBS_ESA_PAINGAME/KBS_ESA_PAINGAME_bsp/\libucosii_bsp.a(alt_tick.o)
 .data          0x0000000000012688        0x0 C:/Users/rickert/Documents/GitHub/KBS_ESA_PAINGAME/KBS_ESA_PAINGAME_bsp/\libucosii_bsp.a(altera_nios2_gen2_irq.o)
 .data          0x0000000000012688        0x0 C:/Users/rickert/Documents/GitHub/KBS_ESA_PAINGAME/KBS_ESA_PAINGAME_bsp/\libucosii_bsp.a(os_cpu_a.o)
 .data          0x0000000000012688        0x0 C:/Users/rickert/Documents/GitHub/KBS_ESA_PAINGAME/KBS_ESA_PAINGAME_bsp/\libucosii_bsp.a(os_cpu_c.o)
 .data          0x0000000000012688        0x0 C:/Users/rickert/Documents/GitHub/KBS_ESA_PAINGAME/KBS_ESA_PAINGAME_bsp/\libucosii_bsp.a(alt_find_file.o)
 .data          0x0000000000012688        0x0 C:/Users/rickert/Documents/GitHub/KBS_ESA_PAINGAME/KBS_ESA_PAINGAME_bsp/\libucosii_bsp.a(alt_get_fd.o)
 .data          0x0000000000012688        0x0 C:/Users/rickert/Documents/GitHub/KBS_ESA_PAINGAME/KBS_ESA_PAINGAME_bsp/\libucosii_bsp.a(alt_icache_flush.o)
 .data          0x0000000000012688        0x0 C:/Users/rickert/Documents/GitHub/KBS_ESA_PAINGAME/KBS_ESA_PAINGAME_bsp/\libucosii_bsp.a(alt_irq_entry.o)
 .data          0x0000000000012688        0x0 C:/Users/rickert/Documents/GitHub/KBS_ESA_PAINGAME/KBS_ESA_PAINGAME_bsp/\libucosii_bsp.a(alt_irq_handler.o)
 .data          0x0000000000012688        0x0 C:/Users/rickert/Documents/GitHub/KBS_ESA_PAINGAME/KBS_ESA_PAINGAME_bsp/\libucosii_bsp.a(alt_exception_entry.o)
 .data          0x0000000000012688        0x0 C:/Users/rickert/Documents/GitHub/KBS_ESA_PAINGAME/KBS_ESA_PAINGAME_bsp/\libucosii_bsp.a(alt_instruction_exception_entry.o)
 .data          0x0000000000012688        0x0 c:/altera_lite/15.1/nios2eds/bin/gnu/h-x86_64-mingw32/bin/../lib/gcc/nios2-elf/4.9.2/../../../../../H-x86_64-mingw32/nios2-elf/lib/mhw-mulx\libc.a(lib_a-atexit.o)
 .data          0x0000000000012688        0x0 c:/altera_lite/15.1/nios2eds/bin/gnu/h-x86_64-mingw32/bin/../lib/gcc/nios2-elf/4.9.2/../../../../../H-x86_64-mingw32/nios2-elf/lib/mhw-mulx\libc.a(lib_a-exit.o)
 .data          0x0000000000012688        0x0 c:/altera_lite/15.1/nios2eds/bin/gnu/h-x86_64-mingw32/bin/../lib/gcc/nios2-elf/4.9.2/../../../../../H-x86_64-mingw32/nios2-elf/lib/mhw-mulx\libc.a(lib_a-memcmp.o)
 .data          0x0000000000012688        0x0 c:/altera_lite/15.1/nios2eds/bin/gnu/h-x86_64-mingw32/bin/../lib/gcc/nios2-elf/4.9.2/../../../../../H-x86_64-mingw32/nios2-elf/lib/mhw-mulx\libc.a(lib_a-strcmp.o)
 .data          0x0000000000012688        0x0 c:/altera_lite/15.1/nios2eds/bin/gnu/h-x86_64-mingw32/bin/../lib/gcc/nios2-elf/4.9.2/../../../../../H-x86_64-mingw32/nios2-elf/lib/mhw-mulx\libc.a(lib_a-__atexit.o)
 .data          0x0000000000012688        0x0 c:/altera_lite/15.1/nios2eds/bin/gnu/h-x86_64-mingw32/bin/../lib/gcc/nios2-elf/4.9.2/../../../../../H-x86_64-mingw32/nios2-elf/lib/mhw-mulx\libc.a(lib_a-__call_atexit.o)
 .data          0x0000000000012688        0x0 C:/Users/rickert/Documents/GitHub/KBS_ESA_PAINGAME/KBS_ESA_PAINGAME_bsp/\libucosii_bsp.a(alt_exit.o)
                0x000000000001a688                _gp = ABSOLUTE ((. + 0x8000))
                0x000000000001a688                PROVIDE (gp, _gp)
 *(.rwdata .rwdata.*)
 *(.sdata .sdata.* .gnu.linkonce.s.*)
 .sdata         0x0000000000012688        0x2 obj/default/Contoller.o
                0x0000000000012688                kleur
 *fill*         0x000000000001268a        0x2 
 .sdata         0x000000000001268c        0x8 obj/default/Game.o
                0x000000000001268c                balWit
                0x0000000000012690                first
 .sdata         0x0000000000012694       0x24 obj/default/Menu.o
                0x0000000000012694                gameModeMenu
                0x0000000000012698                xLinks
                0x000000000001269c                xRechts
                0x00000000000126a0                xBoven
                0x00000000000126a4                xOnder
                0x00000000000126a8                xMenu
                0x00000000000126ac                yMenu
                0x00000000000126b0                geel
                0x00000000000126b2                rood
                0x00000000000126b4                eenkeer
 .sdata         0x00000000000126b8        0x4 obj/default/hello_ucosii.o
                0x00000000000126b8                interval_timer_ptr
 .sdata._global_impure_ptr
                0x00000000000126bc        0x4 c:/altera_lite/15.1/nios2eds/bin/gnu/h-x86_64-mingw32/bin/../lib/gcc/nios2-elf/4.9.2/../../../../../H-x86_64-mingw32/nios2-elf/lib/mhw-mulx\libc.a(lib_a-impure.o)
                0x00000000000126bc                _global_impure_ptr
 .sdata._impure_ptr
                0x00000000000126c0        0x4 c:/altera_lite/15.1/nios2eds/bin/gnu/h-x86_64-mingw32/bin/../lib/gcc/nios2-elf/4.9.2/../../../../../H-x86_64-mingw32/nios2-elf/lib/mhw-mulx\libc.a(lib_a-impure.o)
                0x00000000000126c0                _impure_ptr
 .sdata.__malloc_sbrk_base
                0x00000000000126c4        0x4 c:/altera_lite/15.1/nios2eds/bin/gnu/h-x86_64-mingw32/bin/../lib/gcc/nios2-elf/4.9.2/../../../../../H-x86_64-mingw32/nios2-elf/lib/mhw-mulx\libc.a(lib_a-mallocr.o)
                0x00000000000126c4                __malloc_sbrk_base
 .sdata.__malloc_trim_threshold
                0x00000000000126c8        0x4 c:/altera_lite/15.1/nios2eds/bin/gnu/h-x86_64-mingw32/bin/../lib/gcc/nios2-elf/4.9.2/../../../../../H-x86_64-mingw32/nios2-elf/lib/mhw-mulx\libc.a(lib_a-mallocr.o)
                0x00000000000126c8                __malloc_trim_threshold
 .sdata         0x00000000000126cc       0x14 C:/Users/rickert/Documents/GitHub/KBS_ESA_PAINGAME/KBS_ESA_PAINGAME_bsp/\libucosii_bsp.a(alt_dev.o)
                0x00000000000126cc                alt_fs_list
                0x00000000000126d4                alt_dev_list
                0x00000000000126dc                alt_max_fd
 .sdata         0x00000000000126e0        0x4 C:/Users/rickert/Documents/GitHub/KBS_ESA_PAINGAME/KBS_ESA_PAINGAME_bsp/\libucosii_bsp.a(alt_errno.o)
                0x00000000000126e0                alt_errno
 .sdata         0x00000000000126e4        0x4 C:/Users/rickert/Documents/GitHub/KBS_ESA_PAINGAME/KBS_ESA_PAINGAME_bsp/\libucosii_bsp.a(alt_sbrk.o)
 .sdata         0x00000000000126e8        0x4 C:/Users/rickert/Documents/GitHub/KBS_ESA_PAINGAME/KBS_ESA_PAINGAME_bsp/\libucosii_bsp.a(alt_env_lock.o)
 .sdata         0x00000000000126ec        0x4 C:/Users/rickert/Documents/GitHub/KBS_ESA_PAINGAME/KBS_ESA_PAINGAME_bsp/\libucosii_bsp.a(alt_malloc_lock.o)
 .sdata         0x00000000000126f0       0x74 C:/Users/rickert/Documents/GitHub/KBS_ESA_PAINGAME/KBS_ESA_PAINGAME_bsp/\libucosii_bsp.a(os_dbg.o)
                0x00000000000126f0                OSDebugEn
                0x00000000000126f4                OSEndiannessTest
                0x00000000000126f8                OSEventEn
                0x00000000000126fa                OSEventMax
                0x00000000000126fc                OSEventNameSize
                0x00000000000126fe                OSEventSize
                0x0000000000012700                OSEventTblSize
                0x0000000000012702                OSEventMultiEn
                0x0000000000012704                OSFlagEn
                0x0000000000012706                OSFlagGrpSize
                0x0000000000012708                OSFlagNodeSize
                0x000000000001270a                OSFlagWidth
                0x000000000001270c                OSFlagMax
                0x000000000001270e                OSFlagNameSize
                0x0000000000012710                OSLowestPrio
                0x0000000000012712                OSMboxEn
                0x0000000000012714                OSMemEn
                0x0000000000012716                OSMemMax
                0x0000000000012718                OSMemNameSize
                0x000000000001271a                OSMemSize
                0x000000000001271c                OSMemTblSize
                0x000000000001271e                OSMutexEn
                0x0000000000012720                OSPtrSize
                0x0000000000012722                OSQEn
                0x0000000000012724                OSQMax
                0x0000000000012726                OSQSize
                0x0000000000012728                OSRdyTblSize
                0x000000000001272a                OSSemEn
                0x000000000001272c                OSStkWidth
                0x000000000001272e                OSTaskCreateEn
                0x0000000000012730                OSTaskCreateExtEn
                0x0000000000012732                OSTaskDelEn
                0x0000000000012734                OSTaskIdleStkSize
                0x0000000000012736                OSTaskProfileEn
                0x0000000000012738                OSTaskMax
                0x000000000001273a                OSTaskNameSize
                0x000000000001273c                OSTaskStatEn
                0x000000000001273e                OSTaskStatStkSize
                0x0000000000012740                OSTaskStatStkChkEn
                0x0000000000012742                OSTaskSwHookEn
                0x0000000000012744                OSTCBPrioTblMax
                0x0000000000012746                OSTCBSize
                0x0000000000012748                OSTicksPerSec
                0x000000000001274a                OSTimeTickHookEn
                0x000000000001274c                OSVersionNbr
                0x000000000001274e                OSTmrEn
                0x0000000000012750                OSTmrCfgMax
                0x0000000000012752                OSTmrCfgNameSize
                0x0000000000012754                OSTmrCfgWheelSize
                0x0000000000012756                OSTmrCfgTicksPerSec
                0x0000000000012758                OSTmrSize
                0x000000000001275a                OSTmrTblSize
                0x000000000001275c                OSTmrWheelSize
                0x000000000001275e                OSTmrWheelTblSize
                0x0000000000012760                OSDataSize
 .sdata         0x0000000000012764        0x4 C:/Users/rickert/Documents/GitHub/KBS_ESA_PAINGAME/KBS_ESA_PAINGAME_bsp/\libucosii_bsp.a(alt_irq_vars.o)
                0x0000000000012764                alt_priority_mask
 .sdata         0x0000000000012768        0x8 C:/Users/rickert/Documents/GitHub/KBS_ESA_PAINGAME/KBS_ESA_PAINGAME_bsp/\libucosii_bsp.a(alt_tick.o)
                0x0000000000012768                alt_alarm_list
 *(.sdata2 .sdata2.* .gnu.linkonce.s2.*)
                0x0000000000012770                . = ALIGN (0x4)
                0x0000000000012770                _edata = ABSOLUTE (.)
                0x0000000000012770                PROVIDE (edata, ABSOLUTE (.))
                0x0000000000012770                PROVIDE (__ram_rwdata_end, ABSOLUTE (.))
                0x0000000000012770                PROVIDE (__flash_rwdata_start, LOADADDR (.rwdata))

.bss            0x000000000001461c     0xd438
                0x000000000001461c                __bss_start = ABSOLUTE (.)
                0x000000000001461c                PROVIDE (__sbss_start, ABSOLUTE (.))
                0x000000000001461c                PROVIDE (___sbss_start, ABSOLUTE (.))
 *(.dynsbss)
 *(.sbss .sbss.* .gnu.linkonce.sb.*)
 .sbss          0x000000000001461c        0x4 obj/default/Contoller.o
                0x000000000001461c                counter3
 .sbss          0x0000000000014620        0xc obj/default/Contoller.o
                0x0000000000014620                controllerSem
                0x0000000000014624                counter1
                0x0000000000014628                counter2
 .sbss          0x000000000001462c       0x34 obj/default/Game.o
                0x000000000001462c                balZwart
                0x0000000000014630                pixel_buffer_y
                0x0000000000014634                blue_y2
                0x0000000000014638                pixel_buffer_x
                0x000000000001463c                blue_x1
                0x0000000000014640                blue_y1
                0x0000000000014644                ALT_y
                0x0000000000014648                ALT_inc_y
                0x000000000001464c                gameSem
                0x0000000000014650                ALT_x1
                0x0000000000014654                ALT_inc_x
                0x0000000000014658                ALT_x2
                0x000000000001465c                blue_x2
 .sbss          0x0000000000014660       0x14 obj/default/Menu.o
                0x0000000000014660                vorige
                0x0000000000014664                zwart
                0x0000000000014668                last
                0x000000000001466c                changed
                0x0000000000014670                menuSem
 .sbss          0x0000000000014674        0x4 obj/default/hello_ucosii.o
                0x0000000000014674                timeout
 .sbss.__malloc_max_total_mem
                0x0000000000014678        0x4 c:/altera_lite/15.1/nios2eds/bin/gnu/h-x86_64-mingw32/bin/../lib/gcc/nios2-elf/4.9.2/../../../../../H-x86_64-mingw32/nios2-elf/lib/mhw-mulx\libc.a(lib_a-mallocr.o)
                0x0000000000014678                __malloc_max_total_mem
 .sbss.__malloc_max_sbrked_mem
                0x000000000001467c        0x4 c:/altera_lite/15.1/nios2eds/bin/gnu/h-x86_64-mingw32/bin/../lib/gcc/nios2-elf/4.9.2/../../../../../H-x86_64-mingw32/nios2-elf/lib/mhw-mulx\libc.a(lib_a-mallocr.o)
                0x000000000001467c                __malloc_max_sbrked_mem
 .sbss.__malloc_top_pad
                0x0000000000014680        0x4 c:/altera_lite/15.1/nios2eds/bin/gnu/h-x86_64-mingw32/bin/../lib/gcc/nios2-elf/4.9.2/../../../../../H-x86_64-mingw32/nios2-elf/lib/mhw-mulx\libc.a(lib_a-mallocr.o)
                0x0000000000014680                __malloc_top_pad
 .sbss          0x0000000000014684        0x4 c:/altera_lite/15.1/nios2eds/bin/gnu/h-x86_64-mingw32/bin/../lib/gcc/nios2-elf/4.9.2/../../../../../H-x86_64-mingw32/nios2-elf/lib/mhw-mulx\libc.a(lib_a-int_errno.o)
                0x0000000000014684                errno
 .sbss          0x0000000000014688        0x4 C:/Users/rickert/Documents/GitHub/KBS_ESA_PAINGAME/KBS_ESA_PAINGAME_bsp/\libucosii_bsp.a(alt_dev.o)
                0x0000000000014688                alt_fd_list_lock
 .sbss          0x000000000001468c        0xc C:/Users/rickert/Documents/GitHub/KBS_ESA_PAINGAME/KBS_ESA_PAINGAME_bsp/\libucosii_bsp.a(alt_main.o)
                0x000000000001468c                alt_argc
                0x0000000000014690                alt_argv
                0x0000000000014694                alt_envp
 .sbss          0x0000000000014698        0x8 C:/Users/rickert/Documents/GitHub/KBS_ESA_PAINGAME/KBS_ESA_PAINGAME_bsp/\libucosii_bsp.a(alt_env_lock.o)
                0x000000000001469c                alt_envsem
 .sbss          0x00000000000146a0        0x8 C:/Users/rickert/Documents/GitHub/KBS_ESA_PAINGAME/KBS_ESA_PAINGAME_bsp/\libucosii_bsp.a(alt_malloc_lock.o)
                0x00000000000146a4                alt_heapsem
 .sbss          0x00000000000146a8       0x50 C:/Users/rickert/Documents/GitHub/KBS_ESA_PAINGAME/KBS_ESA_PAINGAME_bsp/\libucosii_bsp.a(os_core.o)
                0x00000000000146a8                OSLockNesting
                0x00000000000146a9                OSRunning
                0x00000000000146ac                OSIdleCtr
                0x00000000000146b0                OSPrioHighRdy
                0x00000000000146b1                OSPrioCur
                0x00000000000146b4                OSTCBList
                0x00000000000146b8                OSTickStepState
                0x00000000000146bc                OSCtxSwCtr
                0x00000000000146c0                OSIdleCtrMax
                0x00000000000146c4                OSTCBFreeList
                0x00000000000146c8                OSCPUUsage
                0x00000000000146c9                OSTaskCtr
                0x00000000000146cc                OSMemFreeList
                0x00000000000146d0                OSTCBHighRdy
                0x00000000000146d4                OSQFreeList
                0x00000000000146d8                OSRdyGrp
                0x00000000000146d9                OSRdyTbl
                0x00000000000146dc                OSEventFreeList
                0x00000000000146e0                OSIntNesting
                0x00000000000146e4                OSTCBCur
                0x00000000000146e8                OSTime
                0x00000000000146ec                OSFlagFreeList
                0x00000000000146f0                OSStatRdy
                0x00000000000146f4                OSIdleCtrRun
 .sbss          0x00000000000146f8        0x4 C:/Users/rickert/Documents/GitHub/KBS_ESA_PAINGAME/KBS_ESA_PAINGAME_bsp/\libucosii_bsp.a(alt_irq_vars.o)
                0x00000000000146f8                alt_irq_active
 .sbss          0x00000000000146fc        0x8 C:/Users/rickert/Documents/GitHub/KBS_ESA_PAINGAME/KBS_ESA_PAINGAME_bsp/\libucosii_bsp.a(alt_tick.o)
                0x00000000000146fc                _alt_tick_rate
                0x0000000000014700                _alt_nticks
 .sbss          0x0000000000014704        0x4 C:/Users/rickert/Documents/GitHub/KBS_ESA_PAINGAME/KBS_ESA_PAINGAME_bsp/\libucosii_bsp.a(alt_instruction_exception_entry.o)
                0x0000000000014704                alt_instruction_exception_handler
 *(.sbss2 .sbss2.* .gnu.linkonce.sb2.*)
 *(.scommon)
                0x0000000000014708                PROVIDE (__sbss_end, ABSOLUTE (.))
                0x0000000000014708                PROVIDE (___sbss_end, ABSOLUTE (.))
 *(.dynbss)
 *(.bss .bss.* .gnu.linkonce.b.*)
 .bss           0x0000000000014708        0x0 C:/Users/rickert/Documents/GitHub/KBS_ESA_PAINGAME/KBS_ESA_PAINGAME_bsp//obj/HAL/src/crt0.o
 .bss           0x0000000000014708        0x0 obj/default/Contoller.o
 .bss           0x0000000000014708        0x0 obj/default/Game.o
 .bss           0x0000000000014708        0x0 obj/default/Menu.o
 .bss           0x0000000000014708        0x0 obj/default/hello_ucosii.o
 .bss           0x0000000000014708        0x0 c:/altera_lite/15.1/nios2eds/bin/gnu/h-x86_64-mingw32/bin/../lib/gcc/nios2-elf/4.9.2/../../../../../H-x86_64-mingw32/nios2-elf/lib/mhw-mulx\libc.a(lib_a-puts.o)
 .bss           0x0000000000014708        0x0 c:/altera_lite/15.1/nios2eds/bin/gnu/h-x86_64-mingw32/bin/../lib/gcc/nios2-elf/4.9.2/../../../../../H-x86_64-mingw32/nios2-elf/lib/mhw-mulx\libc.a(lib_a-strlen.o)
 .bss           0x0000000000014708        0x0 c:/altera_lite/15.1/nios2eds/bin/gnu/h-x86_64-mingw32/bin/../lib/gcc/nios2-elf/4.9.2/../../../../../H-x86_64-mingw32/nios2-elf/lib/mhw-mulx\libc.a(lib_a-fvwrite.o)
 .bss           0x0000000000014708        0x0 c:/altera_lite/15.1/nios2eds/bin/gnu/h-x86_64-mingw32/bin/../lib/gcc/nios2-elf/4.9.2/../../../../../H-x86_64-mingw32/nios2-elf/lib/mhw-mulx\libc.a(lib_a-impure.o)
 .bss           0x0000000000014708        0x0 c:/altera_lite/15.1/nios2eds/bin/gnu/h-x86_64-mingw32/bin/../lib/gcc/nios2-elf/4.9.2/../../../../../H-x86_64-mingw32/nios2-elf/lib/mhw-mulx\libc.a(lib_a-mallocr.o)
 .bss.__malloc_current_mallinfo
                0x0000000000014708       0x28 c:/altera_lite/15.1/nios2eds/bin/gnu/h-x86_64-mingw32/bin/../lib/gcc/nios2-elf/4.9.2/../../../../../H-x86_64-mingw32/nios2-elf/lib/mhw-mulx\libc.a(lib_a-mallocr.o)
                0x0000000000014708                __malloc_current_mallinfo
 .bss           0x0000000000014730        0x0 c:/altera_lite/15.1/nios2eds/bin/gnu/h-x86_64-mingw32/bin/../lib/gcc/nios2-elf/4.9.2/../../../../../H-x86_64-mingw32/nios2-elf/lib/mhw-mulx\libc.a(lib_a-memchr.o)
 .bss           0x0000000000014730        0x0 c:/altera_lite/15.1/nios2eds/bin/gnu/h-x86_64-mingw32/bin/../lib/gcc/nios2-elf/4.9.2/../../../../../H-x86_64-mingw32/nios2-elf/lib/mhw-mulx\libc.a(lib_a-memcpy.o)
 .bss           0x0000000000014730        0x0 c:/altera_lite/15.1/nios2eds/bin/gnu/h-x86_64-mingw32/bin/../lib/gcc/nios2-elf/4.9.2/../../../../../H-x86_64-mingw32/nios2-elf/lib/mhw-mulx\libc.a(lib_a-memmove.o)
 .bss           0x0000000000014730        0x0 c:/altera_lite/15.1/nios2eds/bin/gnu/h-x86_64-mingw32/bin/../lib/gcc/nios2-elf/4.9.2/../../../../../H-x86_64-mingw32/nios2-elf/lib/mhw-mulx\libc.a(lib_a-reallocr.o)
 .bss           0x0000000000014730        0x0 c:/altera_lite/15.1/nios2eds/bin/gnu/h-x86_64-mingw32/bin/../lib/gcc/nios2-elf/4.9.2/../../../../../H-x86_64-mingw32/nios2-elf/lib/mhw-mulx\libc.a(lib_a-sbrkr.o)
 .bss           0x0000000000014730        0x0 c:/altera_lite/15.1/nios2eds/bin/gnu/h-x86_64-mingw32/bin/../lib/gcc/nios2-elf/4.9.2/../../../../../H-x86_64-mingw32/nios2-elf/lib/mhw-mulx\libc.a(lib_a-wsetup.o)
 .bss           0x0000000000014730        0x0 c:/altera_lite/15.1/nios2eds/bin/gnu/h-x86_64-mingw32/bin/../lib/gcc/nios2-elf/4.9.2/../../../../../H-x86_64-mingw32/nios2-elf/lib/mhw-mulx\libc.a(lib_a-fflush.o)
 .bss           0x0000000000014730        0x0 c:/altera_lite/15.1/nios2eds/bin/gnu/h-x86_64-mingw32/bin/../lib/gcc/nios2-elf/4.9.2/../../../../../H-x86_64-mingw32/nios2-elf/lib/mhw-mulx\libc.a(lib_a-findfp.o)
 .bss           0x0000000000014730        0x0 c:/altera_lite/15.1/nios2eds/bin/gnu/h-x86_64-mingw32/bin/../lib/gcc/nios2-elf/4.9.2/../../../../../H-x86_64-mingw32/nios2-elf/lib/mhw-mulx\libc.a(lib_a-freer.o)
 .bss           0x0000000000014730        0x0 c:/altera_lite/15.1/nios2eds/bin/gnu/h-x86_64-mingw32/bin/../lib/gcc/nios2-elf/4.9.2/../../../../../H-x86_64-mingw32/nios2-elf/lib/mhw-mulx\libc.a(lib_a-fwalk.o)
 .bss           0x0000000000014730        0x0 c:/altera_lite/15.1/nios2eds/bin/gnu/h-x86_64-mingw32/bin/../lib/gcc/nios2-elf/4.9.2/../../../../../H-x86_64-mingw32/nios2-elf/lib/mhw-mulx\libc.a(lib_a-int_errno.o)
 .bss           0x0000000000014730        0x0 c:/altera_lite/15.1/nios2eds/bin/gnu/h-x86_64-mingw32/bin/../lib/gcc/nios2-elf/4.9.2/../../../../../H-x86_64-mingw32/nios2-elf/lib/mhw-mulx\libc.a(lib_a-makebuf.o)
 .bss           0x0000000000014730        0x0 c:/altera_lite/15.1/nios2eds/bin/gnu/h-x86_64-mingw32/bin/../lib/gcc/nios2-elf/4.9.2/../../../../../H-x86_64-mingw32/nios2-elf/lib/mhw-mulx\libc.a(lib_a-memset.o)
 .bss           0x0000000000014730        0x0 c:/altera_lite/15.1/nios2eds/bin/gnu/h-x86_64-mingw32/bin/../lib/gcc/nios2-elf/4.9.2/../../../../../H-x86_64-mingw32/nios2-elf/lib/mhw-mulx\libc.a(lib_a-stdio.o)
 .bss           0x0000000000014730        0x0 c:/altera_lite/15.1/nios2eds/bin/gnu/h-x86_64-mingw32/bin/../lib/gcc/nios2-elf/4.9.2/../../../../../H-x86_64-mingw32/nios2-elf/lib/mhw-mulx\libc.a(lib_a-writer.o)
 .bss           0x0000000000014730        0x0 c:/altera_lite/15.1/nios2eds/bin/gnu/h-x86_64-mingw32/bin/../lib/gcc/nios2-elf/4.9.2/../../../../../H-x86_64-mingw32/nios2-elf/lib/mhw-mulx\libc.a(closer.o)
 .bss           0x0000000000014730        0x0 c:/altera_lite/15.1/nios2eds/bin/gnu/h-x86_64-mingw32/bin/../lib/gcc/nios2-elf/4.9.2/../../../../../H-x86_64-mingw32/nios2-elf/lib/mhw-mulx\libc.a(lib_a-fclose.o)
 .bss           0x0000000000014730        0x0 c:/altera_lite/15.1/nios2eds/bin/gnu/h-x86_64-mingw32/bin/../lib/gcc/nios2-elf/4.9.2/../../../../../H-x86_64-mingw32/nios2-elf/lib/mhw-mulx\libc.a(lib_a-fstatr.o)
 .bss           0x0000000000014730        0x0 c:/altera_lite/15.1/nios2eds/bin/gnu/h-x86_64-mingw32/bin/../lib/gcc/nios2-elf/4.9.2/../../../../../H-x86_64-mingw32/nios2-elf/lib/mhw-mulx\libc.a(lib_a-isattyr.o)
 .bss           0x0000000000014730        0x0 c:/altera_lite/15.1/nios2eds/bin/gnu/h-x86_64-mingw32/bin/../lib/gcc/nios2-elf/4.9.2/../../../../../H-x86_64-mingw32/nios2-elf/lib/mhw-mulx\libc.a(lib_a-lseekr.o)
 .bss           0x0000000000014730        0x0 c:/altera_lite/15.1/nios2eds/bin/gnu/h-x86_64-mingw32/bin/../lib/gcc/nios2-elf/4.9.2/../../../../../H-x86_64-mingw32/nios2-elf/lib/mhw-mulx\libc.a(lib_a-readr.o)
 .bss           0x0000000000014730        0x0 c:/altera_lite/15.1/nios2eds/bin/gnu/h-x86_64-mingw32/bin/../lib/gcc/nios2-elf/4.9.2/mhw-mulx\libgcc.a(lib2-divmod.o)
 .bss           0x0000000000014730        0x0 C:/Users/rickert/Documents/GitHub/KBS_ESA_PAINGAME/KBS_ESA_PAINGAME_bsp/\libucosii_bsp.a(alt_close.o)